<html>
<body>
<pre>
<h1>µVision Build Log</h1>
<h2>Tool Versions:</h2>
IDE-Version: ¦ÌVision V5.24.2.0
Copyright (C) 2017 ARM Ltd and ARM Germany GmbH. All rights reserved.
License Information: Irving Mok, Microsoft, LIC=JDAPE-PD4GM-PI6J3-T3MJ2-8KHDN-E6BA1
 
Tool Versions:
Toolchain:       MDK-ARM Professional  Version: 5.24.1
Toolchain Path:  C:\Keil_v5\ARM\ARMCC\Bin
C Compiler:      Armcc.exe V5.06 update 5 (build 528)
Assembler:       Armasm.exe V5.06 update 5 (build 528)
Linker/Locator:  ArmLink.exe V5.06 update 5 (build 528)
Library Manager: ArmAr.exe V5.06 update 5 (build 528)
Hex Converter:   FromElf.exe V5.06 update 5 (build 528)
CPU DLL:         SARMCM3.DLL V5.24.1
Dialog DLL:      DARMP1.DLL V1.27.0.0
Target DLL:      Segger\JL2CM3.dll V2.99.26.0
Dialog DLL:      TARMP1.DLL V1.26.0.0
 
<h2>Project:</h2>
C:\AP\GitHub\pmac\applications\lpc17xx_40xx\keil_uvision_projects\nxp_lpcxpresso_1769\lwip\webserver_pmac\webserver_pmac.uvproj
Project File Date:  03/30/2018

<h2>Output:</h2>
*** Using Compiler 'V5.06 update 5 (build 528)', folder: 'C:\Keil_v5\ARM\ARMCC\Bin'
Build Project 'webserver_pmac' - Target 'iflash_nxp_lpcxpresso_1769'
compiling webserver.c...
C:\AP\GitHub\pmac\applications\lpc17xx_40xx\examples\lwip\webserver_pmac\webserver.c(208): warning:  #111-D: statement is unreachable
  	return 0;
..\..\..\..\examples\lwip\webserver_pmac\webserver.c: 1 warning, 0 errors
linking...
Program Size: Code=26136 RO-data=2388 RW-data=176 ZI-data=29216  
After Build - User command #1: C:\Keil_v5\\ARM\BIN\ELFDWT.EXE .\keil_output\iflash_nxp_lpcxpresso_1769\lwip_webserver_iflash_nxp_lpcxpresso_1769.axf BASEADDRESS(0x00000000)
ELFDWT - Signature Creator V1.2.0.0
COPYRIGHT Copyright (C) 2014-2016, ARM Ldt. and  ARM Germany GmbH
*** Updated Signature over Range[32] (0x00000000 - 0x00000018): @0x0000001C = 0xEFFF83EE
*** Processing completed, no Errors.
After Build - User command #2: fromelf --bin -o "C:\AP\GitHub\pmac\applications\lpc17xx_40xx\keil_uvision_projects\nxp_lpcxpresso_1769\lwip\webserver_pmac\keil_output\iflash_nxp_lpcxpresso_1769\lwip_webserver_iflash_nxp_lpcxpresso_1769.bin" "C:\AP\GitHub\pmac\applications\lpc17xx_40xx\keil_uvision_projects\nxp_lpcxpresso_1769\lwip\webserver_pmac\keil_output\iflash_nxp_lpcxpresso_1769\lwip_webserver_iflash_nxp_lpcxpresso_1769.axf"
Warning: Q9931W: Your license for feature Keil will expire in 22 days
Finished: 0 information, 1 warning and 0 error messages.
".\keil_output\iflash_nxp_lpcxpresso_1769\lwip_webserver_iflash_nxp_lpcxpresso_1769.axf" - 0 Error(s), 1 Warning(s).
Build Time Elapsed:  00:00:02
</pre>
</body>
</html>
