Component: ARM Compiler 5.06 update 5 (build 528) Tool: armlink [4d35e2]

==============================================================================

Section Cross References

    echo.o(i.echo_accept) refers to tcp.o(i.tcp_setprio) for tcp_setprio
    echo.o(i.echo_accept) refers to h1_alloc.o(.text) for malloc
    echo.o(i.echo_accept) refers to tcp.o(i.tcp_arg) for tcp_arg
    echo.o(i.echo_accept) refers to tcp.o(i.tcp_recv) for tcp_recv
    echo.o(i.echo_accept) refers to tcp.o(i.tcp_err) for tcp_err
    echo.o(i.echo_accept) refers to tcp.o(i.tcp_poll) for tcp_poll
    echo.o(i.echo_accept) refers to echo.o(i.echo_recv) for echo_recv
    echo.o(i.echo_accept) refers to echo.o(i.echo_error) for echo_error
    echo.o(i.echo_accept) refers to echo.o(i.echo_poll) for echo_poll
    echo.o(i.echo_close) refers to tcp.o(i.tcp_arg) for tcp_arg
    echo.o(i.echo_close) refers to tcp.o(i.tcp_sent) for tcp_sent
    echo.o(i.echo_close) refers to tcp.o(i.tcp_recv) for tcp_recv
    echo.o(i.echo_close) refers to tcp.o(i.tcp_err) for tcp_err
    echo.o(i.echo_close) refers to tcp.o(i.tcp_poll) for tcp_poll
    echo.o(i.echo_close) refers to h1_free.o(.text) for free
    echo.o(i.echo_close) refers to tcp.o(i.tcp_close) for tcp_close
    echo.o(i.echo_error) refers to h1_free.o(.text) for free
    echo.o(i.echo_init) refers to tcp.o(i.tcp_new) for tcp_new
    echo.o(i.echo_init) refers to tcp.o(i.tcp_bind) for tcp_bind
    echo.o(i.echo_init) refers to tcp.o(i.tcp_listen_with_backlog) for tcp_listen_with_backlog
    echo.o(i.echo_init) refers to tcp.o(i.tcp_accept) for tcp_accept
    echo.o(i.echo_init) refers to echo.o(.data) for .data
    echo.o(i.echo_init) refers to ip_addr.o(.constdata) for ip_addr_any
    echo.o(i.echo_init) refers to echo.o(i.echo_accept) for echo_accept
    echo.o(i.echo_poll) refers to tcp.o(i.tcp_sent) for tcp_sent
    echo.o(i.echo_poll) refers to echo.o(i.echo_send) for echo_send
    echo.o(i.echo_poll) refers to echo.o(i.echo_close) for echo_close
    echo.o(i.echo_poll) refers to tcp.o(i.tcp_abort) for tcp_abort
    echo.o(i.echo_poll) refers to echo.o(i.echo_sent) for echo_sent
    echo.o(i.echo_recv) refers to lpc_debug.o(i.assert_loop) for assert_loop
    echo.o(i.echo_recv) refers to pbuf.o(i.pbuf_free) for pbuf_free
    echo.o(i.echo_recv) refers to echo.o(i.echo_close) for echo_close
    echo.o(i.echo_recv) refers to tcp.o(i.tcp_sent) for tcp_sent
    echo.o(i.echo_recv) refers to echo.o(i.echo_send) for echo_send
    echo.o(i.echo_recv) refers to tcp.o(i.tcp_recved) for tcp_recved
    echo.o(i.echo_recv) refers to pbuf.o(i.pbuf_chain) for pbuf_chain
    echo.o(i.echo_recv) refers to echo.o(i.echo_sent) for echo_sent
    echo.o(i.echo_send) refers to tcp_out.o(i.tcp_write) for tcp_write
    echo.o(i.echo_send) refers to pbuf.o(i.pbuf_ref) for pbuf_ref
    echo.o(i.echo_send) refers to pbuf.o(i.pbuf_free) for pbuf_free
    echo.o(i.echo_send) refers to tcp.o(i.tcp_recved) for tcp_recved
    echo.o(i.echo_sent) refers to tcp.o(i.tcp_sent) for tcp_sent
    echo.o(i.echo_sent) refers to echo.o(i.echo_send) for echo_send
    echo.o(i.echo_sent) refers to echo.o(i.echo_close) for echo_close
    webserver.o(i.main) refers to _printf_percent.o(.ARM.Collect$$_printf_percent$$00000000) for _printf_percent
    webserver.o(i.main) refers to _printf_d.o(.ARM.Collect$$_printf_percent$$00000009) for _printf_d
    webserver.o(i.main) refers to _printf_dec.o(.text) for _printf_int_dec
    webserver.o(i.main) refers to _printf_s.o(.ARM.Collect$$_printf_percent$$00000014) for _printf_s
    webserver.o(i.main) refers to _printf_str.o(.text) for _printf_str
    webserver.o(i.main) refers to chip_17xx_40xx.o(i.SystemCoreClockUpdate) for SystemCoreClockUpdate
    webserver.o(i.main) refers to board.o(i.Board_Init) for Board_Init
    webserver.o(i.main) refers to board.o(i.Board_LED_Set) for Board_LED_Set
    webserver.o(i.main) refers to lpc17xx_40xx_systick_arch.o(i.SysTick_Enable) for SysTick_Enable
    webserver.o(i.main) refers to init.o(i.lwip_init) for lwip_init
    webserver.o(i.main) refers to netif.o(i.netif_add) for netif_add
    webserver.o(i.main) refers to netif.o(i.netif_set_default) for netif_set_default
    webserver.o(i.main) refers to netif.o(i.netif_set_up) for netif_set_up
    webserver.o(i.main) refers to httpd.o(i.httpd_init) for httpd_init
    webserver.o(i.main) refers to lpc17xx_40xx_emac.o(i.lpc_enetif_input) for lpc_enetif_input
    webserver.o(i.main) refers to lpc17xx_40xx_emac.o(i.lpc_tx_reclaim) for lpc_tx_reclaim
    webserver.o(i.main) refers to timers.o(i.sys_check_timeouts) for sys_check_timeouts
    webserver.o(i.main) refers to lpc_phy_dp83848.o(i.lpcPHYStsPoll) for lpcPHYStsPoll
    webserver.o(i.main) refers to enet_17xx_40xx.o(i.Chip_ENET_SetFullDuplex) for Chip_ENET_SetFullDuplex
    webserver.o(i.main) refers to enet_17xx_40xx.o(i.Chip_ENET_SetHalfDuplex) for Chip_ENET_SetHalfDuplex
[...]
    .data                                    0x10000010   Section        1  pbuf.o(.data)
    .data                                    0x10000014   Section        4  raw.o(.data)
    raw_pcbs                                 0x10000014   Data           4  raw.o(.data)
    .data                                    0x10000018   Section       36  tcp.o(.data)
    tcp_timer                                0x10000019   Data           1  tcp.o(.data)
    tcp_timer_ctr                            0x1000001a   Data           1  tcp.o(.data)
    tcp_port                                 0x1000001c   Data           2  tcp.o(.data)
    iss                                      0x10000020   Data           4  tcp.o(.data)
    .data                                    0x1000003c   Section       28  tcp_in.o(.data)
    flags                                    0x1000003c   Data           1  tcp_in.o(.data)
    recv_flags                               0x1000003d   Data           1  tcp_in.o(.data)
    tcplen                                   0x1000003e   Data           2  tcp_in.o(.data)
    tcphdr                                   0x10000040   Data           4  tcp_in.o(.data)
    iphdr                                    0x10000044   Data           4  tcp_in.o(.data)
    seqno                                    0x10000048   Data           4  tcp_in.o(.data)
    ackno                                    0x1000004c   Data           4  tcp_in.o(.data)
    recv_data                                0x10000050   Data           4  tcp_in.o(.data)
    .data                                    0x10000058   Section       12  timers.o(.data)
    next_timeout                             0x10000058   Data           4  timers.o(.data)
    timeouts_last_time                       0x1000005c   Data           4  timers.o(.data)
    tcpip_tcp_timer_active                   0x10000060   Data           4  timers.o(.data)
    .data                                    0x10000064   Section        8  udp.o(.data)
    udp_port                                 0x10000064   Data           2  udp.o(.data)
    .data                                    0x1000006c   Section        8  ip_frag.o(.data)
    ip_reass_pbufcount                       0x1000006c   Data           2  ip_frag.o(.data)
    reassdatagrams                           0x10000070   Data           4  ip_frag.o(.data)
    .data                                    0x10000074   Section       20  ip.o(.data)
    ip_id                                    0x10000074   Data           2  ip.o(.data)
    .data                                    0x10000088   Section        1  etharp.o(.data)
    etharp_cached_entry                      0x10000088   Data           1  etharp.o(.data)
    .data                                    0x1000008c   Section        8  lpc17xx_40xx_systick_arch.o(.data)
    saved_period                             0x1000008c   Data           4  lpc17xx_40xx_systick_arch.o(.data)
    systick_timems                           0x10000090   Data           4  lpc17xx_40xx_systick_arch.o(.data)
    .data                                    0x10000094   Section        4  enet_17xx_40xx.o(.data)
    phyAddr                                  0x10000094   Data           4  enet_17xx_40xx.o(.data)
    .data                                    0x10000098   Section        4  chip_17xx_40xx.o(.data)
    .data                                    0x1000009c   Section       16  lpc_phy_dp83848.o(.data)
    physts                                   0x1000009c   Data           4  lpc_phy_dp83848.o(.data)
    olddphysts                               0x100000a0   Data           4  lpc_phy_dp83848.o(.data)
    phyustate                                0x100000a4   Data           4  lpc_phy_dp83848.o(.data)
    pDelayMs                                 0x100000a8   Data           4  lpc_phy_dp83848.o(.data)
    .data                                    0x100000ac   Section        4  board.o(.data)
    .bss                                     0x100000b0   Section       68  webserver.o(.bss)
    tmp_buff                                 0x100000b0   Data          16  webserver.o(.bss)
    lpc_netif                                0x100000c0   Data          52  webserver.o(.bss)
    .bss                                     0x100000f4   Section       20  tcp_in.o(.bss)
    inseg                                    0x100000f4   Data          20  tcp_in.o(.bss)
    .bss                                     0x10000108   Section      200  etharp.o(.bss)
    arp_table                                0x10000108   Data         200  etharp.o(.bss)
    .bss                                     0x100001d0   Section      160  lpc17xx_40xx_emac.o(.bss)
    .bss                                     0x10000270   Section       96  libspace.o(.bss)
    HEAP                                     0x100002d0   Section    24576  keil_startup_lpc17xx_40xx.o(HEAP)
    Heap_Mem                                 0x100002d0   Data       24576  keil_startup_lpc17xx_40xx.o(HEAP)
    STACK                                    0x100062d0   Section     4096  keil_startup_lpc17xx_40xx.o(STACK)
    Stack_Mem                                0x100062d0   Data        4096  keil_startup_lpc17xx_40xx.o(STACK)
    __initial_sp                             0x100072d0   Data           0  keil_startup_lpc17xx_40xx.o(STACK)

    Global Symbols

    Symbol Name                              Value     Ov Type        Size  Object(Section)

    BuildAttributes$$THM_ISAv4$P$D$K$B$S$PE$A:L22UL41UL21$X:L11$S22US41US21$IEEE1$IW$USESV6$~STKCKD$USESV7$~SHL$OTIME$ROPI$EBA8$UX$STANDARDLIB$REQ8$PRES8$EABIv2 0x00000000   Number         0  anon$$obj.o ABSOLUTE
    __ARM_use_no_argv                        0x00000000   Number         0  webserver.o ABSOLUTE
    __Vectors                                0x00000000   Data           4  keil_startup_lpc17xx_40xx.o(RESET)
    __ARM_exceptions_init                     - Undefined Weak Reference
    __alloca_initialize                       - Undefined Weak Reference
    __arm_preinit_                            - Undefined Weak Reference
    __cpp_initialize__aeabi_                  - Undefined Weak Reference
    __cxa_finalize                            - Undefined Weak Reference
    __rt_locale                               - Undefined Weak Reference
    __sigvec_lookup                           - Undefined Weak Reference
    __user_heap_extent                        - Undefined Weak Reference
    _atexit_init                              - Undefined Weak Reference
    _call_atexit_fns                          - Undefined Weak Reference
    _clock_init                               - Undefined Weak Reference
    _fp_trap_init                             - Undefined Weak Reference
    _fp_trap_shutdown                         - Undefined Weak Reference
    _get_lc_collate                           - Undefined Weak Reference
    _get_lc_ctype                             - Undefined Weak Reference
    _get_lc_monetary                          - Undefined Weak Reference
    _get_lc_numeric                           - Undefined Weak Reference
    _get_lc_time                              - Undefined Weak Reference
    _getenv_init                              - Undefined Weak Reference
    _handle_redirection                       - Undefined Weak Reference
    _initio                                   - Undefined Weak Reference
    _mutex_acquire                            - Undefined Weak Reference
    _mutex_free                               - Undefined Weak Reference
    _mutex_release                            - Undefined Weak Reference
    _printf_mbtowc                            - Undefined Weak Reference
    _printf_post_padding                      - Undefined Weak Reference
    _printf_pre_padding                       - Undefined Weak Reference
    _printf_truncate_signed                   - Undefined Weak Reference
    _printf_truncate_unsigned                 - Undefined Weak Reference
    _rand_init                                - Undefined Weak Reference
    _signal_finish                            - Undefined Weak Reference
    _signal_init                              - Undefined Weak Reference
    _terminateio                              - Undefined Weak Reference
    __main                                   0x000000cd   Thumb Code     8  __main.o(!!!main)
    __scatterload                            0x000000d5   Thumb Code     0  __scatter.o(!!!scatter)
    __scatterload_rt2                        0x000000d5   Thumb Code    44  __scatter.o(!!!scatter)
    __scatterload_rt2_thumb_only             0x000000d5   Thumb Code     0  __scatter.o(!!!scatter)
    __scatterload_null                       0x000000e3   Thumb Code     0  __scatter.o(!!!scatter)
    __scatterload_copy                       0x00000109   Thumb Code    26  __scatter_copy.o(!!handler_copy)
    __scatterload_zeroinit                   0x00000125   Thumb Code    28  __scatter_zi.o(!!handler_zi)
    _printf_d                                0x00000141   Thumb Code     0  _printf_d.o(.ARM.Collect$$_printf_percent$$00000009)
    _printf_percent                          0x00000141   Thumb Code     0  _printf_percent.o(.ARM.Collect$$_printf_percent$$00000000)
    _printf_s                                0x00000147   Thumb Code     0  _printf_s.o(.ARM.Collect$$_printf_percent$$00000014)
    _printf_percent_end                      0x0000014d   Thumb Code     0  _printf_percent_end.o(.ARM.Collect$$_printf_percent$$00000017)
    __rt_lib_init                            0x00000151   Thumb Code     0  libinit.o(.ARM.Collect$$libinit$$00000000)
    __rt_lib_init_fp_1                       0x00000153   Thumb Code     0  libinit2.o(.ARM.Collect$$libinit$$00000002)
    __rt_lib_init_heap_2                     0x00000153   Thumb Code     0  libinit2.o(.ARM.Collect$$libinit$$00000005)
    __rt_lib_init_preinit_1                  0x00000153   Thumb Code     0  libinit2.o(.ARM.Collect$$libinit$$00000004)
    __rt_lib_init_alloca_1                   0x0000015b   Thumb Code     0  libinit2.o(.ARM.Collect$$libinit$$0000002E)
    __rt_lib_init_argv_1                     0x0000015b   Thumb Code     0  libinit2.o(.ARM.Collect$$libinit$$0000002C)
    __rt_lib_init_atexit_1                   0x0000015b   Thumb Code     0  libinit2.o(.ARM.Collect$$libinit$$0000001B)
    __rt_lib_init_clock_1                    0x0000015b   Thumb Code     0  libinit2.o(.ARM.Collect$$libinit$$00000021)
    __rt_lib_init_cpp_1                      0x0000015b   Thumb Code     0  libinit2.o(.ARM.Collect$$libinit$$00000032)
    __rt_lib_init_exceptions_1               0x0000015b   Thumb Code     0  libinit2.o(.ARM.Collect$$libinit$$00000030)
    __rt_lib_init_fp_trap_1                  0x0000015b   Thumb Code     0  libinit2.o(.ARM.Collect$$libinit$$0000001F)
    __rt_lib_init_getenv_1                   0x0000015b   Thumb Code     0  libinit2.o(.ARM.Collect$$libinit$$00000023)
    __rt_lib_init_heap_1                     0x0000015b   Thumb Code     0  libinit2.o(.ARM.Collect$$libinit$$0000000A)
    __rt_lib_init_lc_collate_1               0x0000015b   Thumb Code     0  libinit2.o(.ARM.Collect$$libinit$$00000011)
    __rt_lib_init_lc_ctype_1                 0x0000015b   Thumb Code     0  libinit2.o(.ARM.Collect$$libinit$$00000013)
    __rt_lib_init_lc_monetary_1              0x0000015b   Thumb Code     0  libinit2.o(.ARM.Collect$$libinit$$00000015)
    __rt_lib_init_lc_numeric_1               0x0000015b   Thumb Code     0  libinit2.o(.ARM.Collect$$libinit$$00000017)
    __rt_lib_init_lc_time_1                  0x0000015b   Thumb Code     0  libinit2.o(.ARM.Collect$$libinit$$00000019)
    __rt_lib_init_rand_1                     0x0000015b   Thumb Code     0  libinit2.o(.ARM.Collect$$libinit$$0000000E)
    __rt_lib_init_return                     0x0000015b   Thumb Code     0  libinit2.o(.ARM.Collect$$libinit$$00000033)
    __rt_lib_init_signal_1                   0x0000015b   Thumb Code     0  libinit2.o(.ARM.Collect$$libinit$$0000001D)
    __rt_lib_init_stdio_1                    0x0000015b   Thumb Code     0  libinit2.o(.ARM.Collect$$libinit$$00000025)
    __rt_lib_init_user_alloc_1               0x0000015b   Thumb Code     0  libinit2.o(.ARM.Collect$$libinit$$0000000C)
    __rt_lib_shutdown                        0x0000015d   Thumb Code     0  libshutdown.o(.ARM.Collect$$libshutdown$$00000000)
    __rt_lib_shutdown_cpp_1                  0x0000015f   Thumb Code     0  libshutdown2.o(.ARM.Collect$$libshutdown$$00000002)
    __rt_lib_shutdown_fp_trap_1              0x0000015f   Thumb Code     0  libshutdown2.o(.ARM.Collect$$libshutdown$$00000007)
    __rt_lib_shutdown_heap_1                 0x0000015f   Thumb Code     0  libshutdown2.o(.ARM.Collect$$libshutdown$$0000000F)
    __rt_lib_shutdown_return                 0x0000015f   Thumb Code     0  libshutdown2.o(.ARM.Collect$$libshutdown$$00000010)
    __rt_lib_shutdown_signal_1               0x0000015f   Thumb Code     0  libshutdown2.o(.ARM.Collect$$libshutdown$$0000000A)
    __rt_lib_shutdown_stdio_1                0x0000015f   Thumb Code     0  libshutdown2.o(.ARM.Collect$$libshutdown$$00000004)
    __rt_lib_shutdown_user_alloc_1           0x0000015f   Thumb Code     0  libshutdown2.o(.ARM.Collect$$libshutdown$$0000000C)
    __rt_entry                               0x00000161   Thumb Code     0  __rtentry.o(.ARM.Collect$$rtentry$$00000000)
    __rt_entry_presh_1                       0x00000161   Thumb Code     0  __rtentry2.o(.ARM.Collect$$rtentry$$00000002)
    __rt_entry_sh                            0x00000161   Thumb Code     0  __rtentry4.o(.ARM.Collect$$rtentry$$00000004)
    __rt_entry_li                            0x00000167   Thumb Code     0  __rtentry2.o(.ARM.Collect$$rtentry$$0000000A)
    __rt_entry_postsh_1                      0x00000167   Thumb Code     0  __rtentry2.o(.ARM.Collect$$rtentry$$00000009)
    __rt_entry_main                          0x0000016b   Thumb Code     0  __rtentry2.o(.ARM.Collect$$rtentry$$0000000D)
    __rt_entry_postli_1                      0x0000016b   Thumb Code     0  __rtentry2.o(.ARM.Collect$$rtentry$$0000000C)
    __rt_exit                                0x00000173   Thumb Code     0  rtexit.o(.ARM.Collect$$rtexit$$00000000)
    __rt_exit_ls                             0x00000175   Thumb Code     0  rtexit2.o(.ARM.Collect$$rtexit$$00000003)
    __rt_exit_prels_1                        0x00000175   Thumb Code     0  rtexit2.o(.ARM.Collect$$rtexit$$00000002)
    __rt_exit_exit                           0x00000179   Thumb Code     0  rtexit2.o(.ARM.Collect$$rtexit$$00000004)
    Reset_Handler                            0x00000181   Thumb Code     8  keil_startup_lpc17xx_40xx.o(.text)
    _maybe_terminate_alloc                   0x00000181   Thumb Code     0  maybetermalloc1.o(.emb_text)
    NMI_Handler                              0x00000189   Thumb Code     2  keil_startup_lpc17xx_40xx.o(.text)
    HardFault_Handler                        0x0000018b   Thumb Code     2  keil_startup_lpc17xx_40xx.o(.text)
    MemManage_Handler                        0x0000018d   Thumb Code     2  keil_startup_lpc17xx_40xx.o(.text)
    BusFault_Handler                         0x0000018f   Thumb Code     2  keil_startup_lpc17xx_40xx.o(.text)
    UsageFault_Handler                       0x00000191   Thumb Code     2  keil_startup_lpc17xx_40xx.o(.text)
    SVC_Handler                              0x00000193   Thumb Code     2  keil_startup_lpc17xx_40xx.o(.text)
    DebugMon_Handler                         0x00000195   Thumb Code     2  keil_startup_lpc17xx_40xx.o(.text)
    PendSV_Handler                           0x00000197   Thumb Code     2  keil_startup_lpc17xx_40xx.o(.text)
    UnHandled_Vector                         0x0000019b   Thumb Code     2  keil_startup_lpc17xx_40xx.o(.text)
    ADC_IRQHandler                           0x0000019d   Thumb Code     0  keil_startup_lpc17xx_40xx.o(.text)
    BOD_IRQHandler                           0x0000019d   Thumb Code     0  keil_startup_lpc17xx_40xx.o(.text)
    CANActivity_IRQHandler                   0x0000019d   Thumb Code     0  keil_startup_lpc17xx_40xx.o(.text)
    CAN_IRQHandler                           0x0000019d   Thumb Code     0  keil_startup_lpc17xx_40xx.o(.text)
    DMA_IRQHandler                           0x0000019d   Thumb Code     0  keil_startup_lpc17xx_40xx.o(.text)
    EINT0_IRQHandler                         0x0000019d   Thumb Code     0  keil_startup_lpc17xx_40xx.o(.text)
    EINT1_IRQHandler                         0x0000019d   Thumb Code     0  keil_startup_lpc17xx_40xx.o(.text)
    EINT2_IRQHandler                         0x0000019d   Thumb Code     0  keil_startup_lpc17xx_40xx.o(.text)
    EINT3_IRQHandler                         0x0000019d   Thumb Code     0  keil_startup_lpc17xx_40xx.o(.text)
    I2C0_IRQHandler                          0x0000019d   Thumb Code     0  keil_startup_lpc17xx_40xx.o(.text)
    I2C1_IRQHandler                          0x0000019d   Thumb Code     0  keil_startup_lpc17xx_40xx.o(.text)
    I2C2_IRQHandler                          0x0000019d   Thumb Code     0  keil_startup_lpc17xx_40xx.o(.text)
    I2S_IRQHandler                           0x0000019d   Thumb Code     0  keil_startup_lpc17xx_40xx.o(.text)
    MCPWM_IRQHandler                         0x0000019d   Thumb Code     0  keil_startup_lpc17xx_40xx.o(.text)
    PLL0_IRQHandler                          0x0000019d   Thumb Code     0  keil_startup_lpc17xx_40xx.o(.text)
    PLL1_IRQHandler                          0x0000019d   Thumb Code     0  keil_startup_lpc17xx_40xx.o(.text)
    PWM1_IRQHandler                          0x0000019d   Thumb Code     0  keil_startup_lpc17xx_40xx.o(.text)
    QEI_IRQHandler                           0x0000019d   Thumb Code     0  keil_startup_lpc17xx_40xx.o(.text)
    RIT_IRQHandler                           0x0000019d   Thumb Code     0  keil_startup_lpc17xx_40xx.o(.text)
    RTC_IRQHandler                           0x0000019d   Thumb Code     0  keil_startup_lpc17xx_40xx.o(.text)
    SPI_IRQHandler                           0x0000019d   Thumb Code     0  keil_startup_lpc17xx_40xx.o(.text)
    SSP0_IRQHandler                          0x0000019d   Thumb Code     0  keil_startup_lpc17xx_40xx.o(.text)
    SSP1_IRQHandler                          0x0000019d   Thumb Code     0  keil_startup_lpc17xx_40xx.o(.text)
    TIMER0_IRQHandler                        0x0000019d   Thumb Code     0  keil_startup_lpc17xx_40xx.o(.text)
    TIMER1_IRQHandler                        0x0000019d   Thumb Code     0  keil_startup_lpc17xx_40xx.o(.text)
    TIMER2_IRQHandler                        0x0000019d   Thumb Code     0  keil_startup_lpc17xx_40xx.o(.text)
    TIMER3_IRQHandler                        0x0000019d   Thumb Code     0  keil_startup_lpc17xx_40xx.o(.text)
    UART0_IRQHandler                         0x0000019d   Thumb Code     0  keil_startup_lpc17xx_40xx.o(.text)
    UART1_IRQHandler                         0x0000019d   Thumb Code     0  keil_startup_lpc17xx_40xx.o(.text)
    UART2_IRQHandler                         0x0000019d   Thumb Code     0  keil_startup_lpc17xx_40xx.o(.text)
    UART3_IRQHandler                         0x0000019d   Thumb Code     0  keil_startup_lpc17xx_40xx.o(.text)
    USBActivity_IRQHandler                   0x0000019d   Thumb Code     0  keil_startup_lpc17xx_40xx.o(.text)
    USB_IRQHandler                           0x0000019d   Thumb Code     0  keil_startup_lpc17xx_40xx.o(.text)
    WDT_IRQHandler                           0x0000019d   Thumb Code     0  keil_startup_lpc17xx_40xx.o(.text)
    __user_initial_stackheap                 0x000001a1   Thumb Code     0  keil_startup_lpc17xx_40xx.o(.text)
    malloc                                   0x000001c5   Thumb Code    94  h1_alloc.o(.text)
    free                                     0x00000223   Thumb Code    78  h1_free.o(.text)
    __2printf                                0x00000271   Thumb Code    20  noretval__2printf.o(.text)
    __printf                                 0x00000289   Thumb Code   104  __printf.o(.text)
    _printf_str                              0x000002f1   Thumb Code    82  _printf_str.o(.text)
    _printf_int_dec                          0x00000345   Thumb Code   104  _printf_dec.o(.text)
    strchr                                   0x000003bd   Thumb Code    20  strchr.o(.text)
    strstr                                   0x000003d1   Thumb Code    36  strstr.o(.text)
    memcmp                                   0x000003f5   Thumb Code    88  memcmp.o(.text)
    strcpy                                   0x0000044d   Thumb Code    72  strcpy.o(.text)
    strrchr                                  0x00000495   Thumb Code    22  strrchr.o(.text)
    strlen                                   0x000004ab   Thumb Code    62  strlen.o(.text)
    strncmp                                  0x000004e9   Thumb Code   150  strncmp.o(.text)
    strcat                                   0x0000057f   Thumb Code    24  strcat.o(.text)
    __aeabi_memcpy                           0x00000597   Thumb Code     0  rt_memcpy_v6.o(.text)
    __rt_memcpy                              0x00000597   Thumb Code   138  rt_memcpy_v6.o(.text)
    _memcpy_lastbytes                        0x000005fd   Thumb Code     0  rt_memcpy_v6.o(.text)
    __aeabi_memcpy4                          0x00000621   Thumb Code     0  rt_memcpy_w.o(.text)
    __aeabi_memcpy8                          0x00000621   Thumb Code     0  rt_memcpy_w.o(.text)
    __rt_memcpy_w                            0x00000621   Thumb Code   100  rt_memcpy_w.o(.text)
    _memcpy_lastbytes_aligned                0x00000669   Thumb Code     0  rt_memcpy_w.o(.text)
    __aeabi_memclr4                          0x00000685   Thumb Code     0  rt_memclr_w.o(.text)
    __aeabi_memclr8                          0x00000685   Thumb Code     0  rt_memclr_w.o(.text)
    __rt_memclr_w                            0x00000685   Thumb Code    78  rt_memclr_w.o(.text)
    _memset_w                                0x00000689   Thumb Code     0  rt_memclr_w.o(.text)
    strcmp                                   0x000006d5   Thumb Code   128  strcmpv7m.o(.text)
    __use_two_region_memory                  0x00000755   Thumb Code     2  heapauxi.o(.text)
    __rt_heap_escrow                         0x00000757   Thumb Code     2  heapauxi.o(.text)
    __rt_heap_expand                         0x00000759   Thumb Code     2  heapauxi.o(.text)
    __rt_heap_descriptor                     0x0000075d   Thumb Code     8  rt_heap_descriptor_intlibspace.o(.text)
    __use_no_heap                            0x00000765   Thumb Code     2  hguard.o(.text)
    __heap$guard                             0x00000767   Thumb Code     2  hguard.o(.text)
    _terminate_user_alloc                    0x00000769   Thumb Code     2  init_alloc.o(.text)
    _init_user_alloc                         0x0000076b   Thumb Code     2  init_alloc.o(.text)
    __Heap_Full                              0x0000076d   Thumb Code    34  init_alloc.o(.text)
    __Heap_Broken                            0x0000078f   Thumb Code     6  init_alloc.o(.text)
    _init_alloc                              0x00000795   Thumb Code    94  init_alloc.o(.text)
    __Heap_Initialize                        0x000007f3   Thumb Code    10  h1_init.o(.text)
    __Heap_DescSize                          0x000007fd   Thumb Code     4  h1_init.o(.text)
    _printf_int_common                       0x00000801   Thumb Code   178  _printf_intcommon.o(.text)
    _printf_cs_common                        0x000008b3   Thumb Code    20  _printf_char.o(.text)
    _printf_char                             0x000008c7   Thumb Code    16  _printf_char.o(.text)
    _printf_string                           0x000008d7   Thumb Code     8  _printf_char.o(.text)
    _printf_char_file                        0x000008e1   Thumb Code    32  _printf_char_file.o(.text)
    __user_libspace                          0x00000905   Thumb Code     8  libspace.o(.text)
    __user_perproc_libspace                  0x00000905   Thumb Code     0  libspace.o(.text)
    __user_perthread_libspace                0x00000905   Thumb Code     0  libspace.o(.text)
    __Heap_ProvideMemory                     0x0000090d   Thumb Code    52  h1_extend.o(.text)
    _printf_char_common                      0x0000094b   Thumb Code    32  _printf_char_common.o(.text)
    __rt_SIGRTMEM                            0x00000971   Thumb Code    14  defsig_rtmem_outer.o(.text)
    __I$use$semihosting                      0x0000097f   Thumb Code     0  use_no_semi.o(.text)
    __use_no_semihosting_swi                 0x0000097f   Thumb Code     2  use_no_semi.o(.text)
    __semihosting_library_function           0x00000981   Thumb Code     0  indicate_semi.o(.text)
    __user_setup_stackheap                   0x00000981   Thumb Code    74  sys_stackheap_outer.o(.text)
    exit                                     0x000009cb   Thumb Code    18  exit.o(.text)
    __sig_exit                               0x000009dd   Thumb Code    10  defsig_exit.o(.text)
    __rt_SIGRTMEM_inner                      0x000009e9   Thumb Code    22  defsig_rtmem_inner.o(.text)
    __default_signal_display                 0x00000a39   Thumb Code    50  defsig_general.o(.text)
    _ttywrch                                 0x00000a6b   Thumb Code    14  sys_wrch.o(.text)
    Board_Debug_Init                         0x00000a79   Thumb Code    34  board.o(i.Board_Debug_Init)
    Board_ENET_GetMacADDR                    0x00000aa1   Thumb Code    22  board.o(i.Board_ENET_GetMacADDR)
    Board_Init                               0x00000ac1   Thumb Code    34  board.o(i.Board_Init)
    Board_LED_Set                            0x00000ae9   Thumb Code    18  board.o(i.Board_LED_Set)
    Board_SetupClocking                      0x00000b01   Thumb Code    22  board_sysinit.o(i.Board_SetupClocking)
    Board_SetupMuxing                        0x00000b1d   Thumb Code    10  board_sysinit.o(i.Board_SetupMuxing)
    Board_SystemInit                         0x00000b31   Thumb Code    14  board_sysinit.o(i.Board_SystemInit)
    Board_UARTPutChar                        0x00000b41   Thumb Code    12  board.o(i.Board_UARTPutChar)
    Board_UARTPutSTR                         0x00000b51   Thumb Code    20  board.o(i.Board_UARTPutSTR)
    Chip_Clock_DisablePLL                    0x00000b65   Thumb Code    18  clock_17xx_40xx.o(i.Chip_Clock_DisablePLL)
    Chip_Clock_EnablePLL                     0x00000b7d   Thumb Code    18  clock_17xx_40xx.o(i.Chip_Clock_EnablePLL)
    Chip_Clock_EnablePeriphClock             0x00000b95   Thumb Code    16  clock_17xx_40xx.o(i.Chip_Clock_EnablePeriphClock)
    Chip_Clock_GetCPUClockDiv                0x00000bc1   Thumb Code    12  clock_17xx_40xx.o(i.Chip_Clock_GetCPUClockDiv)
    Chip_Clock_GetCPUClockSource             0x00000bd1   Thumb Code    18  clock_17xx_40xx.o(i.Chip_Clock_GetCPUClockSource)
    Chip_Clock_GetMainClockRate              0x00000be9   Thumb Code    32  clock_17xx_40xx.o(i.Chip_Clock_GetMainClockRate)
    Chip_Clock_GetMainPLLOutClockRate        0x00000c09   Thumb Code    50  clock_17xx_40xx.o(i.Chip_Clock_GetMainPLLOutClockRate)
    Chip_Clock_GetPCLKDiv                    0x00000c41   Thumb Code    60  clock_17xx_40xx.o(i.Chip_Clock_GetPCLKDiv)
    Chip_Clock_GetPeripheralClockRate        0x00000c81   Thumb Code    22  clock_17xx_40xx.o(i.Chip_Clock_GetPeripheralClockRate)
    Chip_Clock_GetSYSCLKRate                 0x00000c99   Thumb Code    38  clock_17xx_40xx.o(i.Chip_Clock_GetSYSCLKRate)
    Chip_Clock_GetSystemClockRate            0x00000cd1   Thumb Code    18  clock_17xx_40xx.o(i.Chip_Clock_GetSystemClockRate)
    Chip_Clock_SetCPUClockDiv                0x00000ce5   Thumb Code     8  clock_17xx_40xx.o(i.Chip_Clock_SetCPUClockDiv)
    Chip_Clock_SetupPLL                      0x00000cf1   Thumb Code    32  clock_17xx_40xx.o(i.Chip_Clock_SetupPLL)
    Chip_ENET_FindMIIDiv                     0x00000d15   Thumb Code    36  enet_17xx_40xx.o(i.Chip_ENET_FindMIIDiv)
    Chip_ENET_GetFillDescNum                 0x00000d3d   Thumb Code    26  enet_17xx_40xx.o(i.Chip_ENET_GetFillDescNum)
    Chip_ENET_IncRXConsumeIndex              0x00000d57   Thumb Code    24  enet_17xx_40xx.o(i.Chip_ENET_IncRXConsumeIndex)
    Chip_ENET_IncTXProduceIndex              0x00000d6f   Thumb Code    24  enet_17xx_40xx.o(i.Chip_ENET_IncTXProduceIndex)
    Chip_ENET_Init                           0x00000d87   Thumb Code   114  enet_17xx_40xx.o(i.Chip_ENET_Init)
    Chip_ENET_InitRxDescriptors              0x00000df9   Thumb Code    22  enet_17xx_40xx.o(i.Chip_ENET_InitRxDescriptors)
    Chip_ENET_InitTxDescriptors              0x00000e0f   Thumb Code    22  enet_17xx_40xx.o(i.Chip_ENET_InitTxDescriptors)
    Chip_ENET_ReadMIIData                    0x00000e25   Thumb Code    10  enet_17xx_40xx.o(i.Chip_ENET_ReadMIIData)
    Chip_ENET_SetFullDuplex                  0x00000e2f   Thumb Code    26  enet_17xx_40xx.o(i.Chip_ENET_SetFullDuplex)
    Chip_ENET_SetHalfDuplex                  0x00000e49   Thumb Code    26  enet_17xx_40xx.o(i.Chip_ENET_SetHalfDuplex)
    Chip_ENET_SetupMII                       0x00000e65   Thumb Code    32  enet_17xx_40xx.o(i.Chip_ENET_SetupMII)
    Chip_ENET_StartMIIRead                   0x00000e89   Thumb Code    18  enet_17xx_40xx.o(i.Chip_ENET_StartMIIRead)
    Chip_ENET_StartMIIWrite                  0x00000ea1   Thumb Code    20  enet_17xx_40xx.o(i.Chip_ENET_StartMIIWrite)
    Chip_IOCON_PinMux                        0x00000efb   Thumb Code    50  iocon_17xx_40xx.o(i.Chip_IOCON_PinMux)
    Chip_IOCON_PinMuxSet                     0x00000f2d   Thumb Code    16  iocon_17xx_40xx.o(i.Chip_IOCON_PinMuxSet)
    Chip_IOCON_SetPinMuxing                  0x00000f3d   Thumb Code    40  iocon_17xx_40xx.o(i.Chip_IOCON_SetPinMuxing)
    Chip_SetupXtalClocking                   0x00000f65   Thumb Code   134  sysinit_17xx_40xx.o(i.Chip_SetupXtalClocking)
    Chip_UART_Init                           0x00001051   Thumb Code    52  uart_17xx_40xx.o(i.Chip_UART_Init)
    Chip_UART_SetBaud                        0x00001089   Thumb Code    60  uart_17xx_40xx.o(i.Chip_UART_SetBaud)
    Chip_UART_TXEnable                       0x000010c5   Thumb Code     6  uart_17xx_40xx.o(i.Chip_UART_TXEnable)
    ETH_IRQHandler                           0x000010cb   Thumb Code    14  lpc17xx_40xx_emac.o(i.ETH_IRQHandler)
    SysTick_Enable                           0x000010d9   Thumb Code    50  lpc17xx_40xx_systick_arch.o(i.SysTick_Enable)
    SysTick_Handler                          0x00001119   Thumb Code    12  lpc17xx_40xx_systick_arch.o(i.SysTick_Handler)
    SystemCoreClockUpdate                    0x00001129   Thumb Code    12  chip_17xx_40xx.o(i.SystemCoreClockUpdate)
    SystemInit                               0x00001139   Thumb Code    10  sysinit.o(i.SystemInit)
    _sys_exit                                0x0000114d   Thumb Code     4  board.o(i._sys_exit)
    assert_loop                              0x0000116d   Thumb Code     2  lpc_debug.o(i.assert_loop)
    etharp_output                            0x00001385   Thumb Code   260  etharp.o(i.etharp_output)
    etharp_query                             0x000014e1   Thumb Code   264  etharp.o(i.etharp_query)
    etharp_request                           0x000016b1   Thumb Code    32  etharp.o(i.etharp_request)
    etharp_tmr                               0x00001711   Thumb Code    66  etharp.o(i.etharp_tmr)
    ethernet_input                           0x000017e1   Thumb Code   144  etharp.o(i.ethernet_input)
    ferror                                   0x00001875   Thumb Code     6  board.o(i.ferror)
    fputc                                    0x0000187b   Thumb Code    12  board.o(i.fputc)
    fs_bytes_left                            0x00001887   Thumb Code     4  lwip_fs.o(i.fs_bytes_left)
    fs_close                                 0x0000188b   Thumb Code    12  lwip_fs.o(i.fs_close)
    fs_open                                  0x00001897   Thumb Code     4  lwip_fs.o(i.fs_open)
    fs_open_default                          0x0000189d   Thumb Code    76  lwip_fs.o(i.fs_open_default)
    fs_read                                  0x0000191d   Thumb Code     4  lwip_fs.o(i.fs_read)
    httpd_init                               0x00002039   Thumb Code    76  httpd.o(i.httpd_init)
    icmp_dest_unreach                        0x0000208d   Thumb Code     8  icmp.o(i.icmp_dest_unreach)
    icmp_input                               0x00002095   Thumb Code   272  icmp.o(i.icmp_input)
    icmp_time_exceeded                       0x0000221b   Thumb Code     8  icmp.o(i.icmp_time_exceeded)
    inet_chksum                              0x00002223   Thumb Code    12  inet_chksum.o(i.inet_chksum)
    inet_chksum_pbuf                         0x0000222f   Thumb Code    72  inet_chksum.o(i.inet_chksum_pbuf)
    inet_chksum_pseudo                       0x00002277   Thumb Code   134  inet_chksum.o(i.inet_chksum_pseudo)
    inet_chksum_pseudo_partial               0x000022fd   Thumb Code   166  inet_chksum.o(i.inet_chksum_pseudo_partial)
    ip4_addr_isbroadcast                     0x000023a3   Thumb Code    46  ip_addr.o(i.ip4_addr_isbroadcast)
    ip_frag                                  0x000023d1   Thumb Code   366  ip_frag.o(i.ip_frag)
    ip_input                                 0x0000255d   Thumb Code   340  ip.o(i.ip_input)
    ip_output                                0x000026b9   Thumb Code    62  ip.o(i.ip_output)
    ip_output_if                             0x000026f9   Thumb Code   232  ip.o(i.ip_output_if)
    ip_reass                                 0x000027e5   Thumb Code   418  ip_frag.o(i.ip_reass)
    ip_reass_tmr                             0x00002c0d   Thumb Code    40  ip_frag.o(i.ip_reass_tmr)
    ip_route                                 0x00002c39   Thumb Code    54  ip.o(i.ip_route)
    ipaddr_ntoa_r                            0x00002c79   Thumb Code   118  ip_addr.o(i.ipaddr_ntoa_r)
    lpcPHYStsPoll                            0x00002de1   Thumb Code    68  lpc_phy_dp83848.o(i.lpcPHYStsPoll)
    lpc_enetif_init                          0x00002e29   Thumb Code    82  lpc17xx_40xx_emac.o(i.lpc_enetif_init)
    lpc_enetif_input                         0x00002e91   Thumb Code    58  lpc17xx_40xx_emac.o(i.lpc_enetif_input)
    lpc_phy_init                             0x0000310d   Thumb Code   154  lpc_phy_dp83848.o(i.lpc_phy_init)
    lpc_rx_queue                             0x000031ad   Thumb Code    64  lpc17xx_40xx_emac.o(i.lpc_rx_queue)
    lpc_tx_ready                             0x00003259   Thumb Code    30  lpc17xx_40xx_emac.o(i.lpc_tx_ready)
    lpc_tx_reclaim                           0x00003277   Thumb Code    72  lpc17xx_40xx_emac.o(i.lpc_tx_reclaim)
    lwip_chksum_copy                         0x00003315   Thumb Code    22  inet_chksum.o(i.lwip_chksum_copy)
    lwip_htonl                               0x0000332b   Thumb Code     4  def.o(i.lwip_htonl)
    lwip_htons                               0x0000332f   Thumb Code     4  def.o(i.lwip_htons)
    lwip_init                                0x00003333   Thumb Code    22  init.o(i.lwip_init)
    lwip_ntohl                               0x00003349   Thumb Code     4  def.o(i.lwip_ntohl)
    lwip_ntohs                               0x0000334d   Thumb Code     4  def.o(i.lwip_ntohs)
    main                                     0x0000338d   Thumb Code   312  webserver.o(i.main)
    msDelay                                  0x00003535   Thumb Code    14  lpc17xx_40xx_systick_arch.o(i.msDelay)
    netif_add                                0x00003549   Thumb Code    86  netif.o(i.netif_add)
    netif_init                               0x000035a5   Thumb Code     2  netif.o(i.netif_init)
    netif_set_addr                           0x000035a7   Thumb Code    32  netif.o(i.netif_set_addr)
    netif_set_default                        0x000035c9   Thumb Code     6  netif.o(i.netif_set_default)
    netif_set_gw                             0x000035d5   Thumb Code     8  netif.o(i.netif_set_gw)
    netif_set_ipaddr                         0x000035dd   Thumb Code    96  netif.o(i.netif_set_ipaddr)
    netif_set_link_down                      0x00003645   Thumb Code    18  netif.o(i.netif_set_link_down)
    netif_set_link_up                        0x00003657   Thumb Code    32  netif.o(i.netif_set_link_up)
    netif_set_netmask                        0x00003677   Thumb Code     8  netif.o(i.netif_set_netmask)
    netif_set_up                             0x0000367f   Thumb Code    32  netif.o(i.netif_set_up)
    pbuf_alloc                               0x000036a1   Thumb Code   392  pbuf.o(i.pbuf_alloc)
    pbuf_alloced_custom                      0x00003831   Thumb Code    88  pbuf.o(i.pbuf_alloced_custom)
    pbuf_cat                                 0x00003889   Thumb Code    64  pbuf.o(i.pbuf_cat)
    pbuf_clen                                0x000038c9   Thumb Code    18  pbuf.o(i.pbuf_clen)
    pbuf_copy                                0x000038db   Thumb Code   182  pbuf.o(i.pbuf_copy)
    pbuf_copy_partial                        0x00003991   Thumb Code   106  pbuf.o(i.pbuf_copy_partial)
    pbuf_free                                0x000039fb   Thumb Code   100  pbuf.o(i.pbuf_free)
    pbuf_free_ooseq                          0x00003a61   Thumb Code    34  pbuf.o(i.pbuf_free_ooseq)
    pbuf_header                              0x00003a8d   Thumb Code   108  pbuf.o(i.pbuf_header)
    pbuf_realloc                             0x00003af9   Thumb Code   116  pbuf.o(i.pbuf_realloc)
    pbuf_ref                                 0x00003b6d   Thumb Code    12  pbuf.o(i.pbuf_ref)
    raw_input                                0x00003b79   Thumb Code   128  raw.o(i.raw_input)
    sys_check_timeouts                       0x00003c45   Thumb Code    86  timers.o(i.sys_check_timeouts)
    sys_now                                  0x00003ca5   Thumb Code     6  lpc17xx_40xx_systick_arch.o(i.sys_now)
    sys_timeout                              0x00003cb1   Thumb Code    96  timers.o(i.sys_timeout)
    sys_timeouts_init                        0x00003d19   Thumb Code    36  timers.o(i.sys_timeouts_init)
    tcp_abandon                              0x00003d49   Thumb Code   152  tcp.o(i.tcp_abandon)
    tcp_abort                                0x00003de5   Thumb Code     6  tcp.o(i.tcp_abort)
    tcp_accept                               0x00003deb   Thumb Code     4  tcp.o(i.tcp_accept)
    tcp_alloc                                0x00003df5   Thumb Code   242  tcp.o(i.tcp_alloc)
    tcp_arg                                  0x00003ef9   Thumb Code     4  tcp.o(i.tcp_arg)
    tcp_bind                                 0x00003efd   Thumb Code   122  tcp.o(i.tcp_bind)
    tcp_close                                0x00003f81   Thumb Code    20  tcp.o(i.tcp_close)
    tcp_eff_send_mss                         0x00004171   Thumb Code    32  tcp.o(i.tcp_eff_send_mss)
    tcp_enqueue_flags                        0x00004191   Thumb Code   234  tcp_out.o(i.tcp_enqueue_flags)
    tcp_err                                  0x0000427b   Thumb Code    22  tcp.o(i.tcp_err)
    tcp_fasttmr                              0x00004291   Thumb Code    88  tcp.o(i.tcp_fasttmr)
    tcp_init                                 0x000042ed   Thumb Code     2  tcp.o(i.tcp_init)
    tcp_input                                0x000042f1   Thumb Code   854  tcp_in.o(i.tcp_input)
    tcp_keepalive                            0x00004665   Thumb Code    80  tcp_out.o(i.tcp_keepalive)
    tcp_listen_with_backlog                  0x00004799   Thumb Code   130  tcp.o(i.tcp_listen_with_backlog)
    tcp_new                                  0x00004829   Thumb Code     6  tcp.o(i.tcp_new)
    tcp_next_iss                             0x0000488d   Thumb Code    12  tcp.o(i.tcp_next_iss)
    tcp_output                               0x00004915   Thumb Code   414  tcp_out.o(i.tcp_output)
    tcp_pcb_purge                            0x00004d15   Thumb Code    66  tcp.o(i.tcp_pcb_purge)
    tcp_pcb_remove                           0x00004d59   Thumb Code   114  tcp.o(i.tcp_pcb_remove)
    tcp_poll                                 0x00004dd1   Thumb Code    28  tcp.o(i.tcp_poll)
    tcp_process_refused_data                 0x0000514d   Thumb Code   104  tcp.o(i.tcp_process_refused_data)
    tcp_recv                                 0x0000596d   Thumb Code    22  tcp.o(i.tcp_recv)
    tcp_recv_null                            0x00005983   Thumb Code    36  tcp.o(i.tcp_recv_null)
    tcp_recved                               0x000059a7   Thumb Code    84  tcp.o(i.tcp_recved)
    tcp_rexmit                               0x000059fb   Thumb Code    82  tcp_out.o(i.tcp_rexmit)
    tcp_rexmit_fast                          0x00005a4d   Thumb Code    88  tcp_out.o(i.tcp_rexmit_fast)
    tcp_rexmit_rto                           0x00005aa5   Thumb Code    46  tcp_out.o(i.tcp_rexmit_rto)
    tcp_rst                                  0x00005ad3   Thumb Code   146  tcp_out.o(i.tcp_rst)
    tcp_seg_copy                             0x00005b85   Thumb Code    38  tcp.o(i.tcp_seg_copy)
    tcp_seg_free                             0x00005bb1   Thumb Code    26  tcp.o(i.tcp_seg_free)
    tcp_segs_free                            0x00005bcb   Thumb Code    18  tcp.o(i.tcp_segs_free)
    tcp_send_empty_ack                       0x00005bdd   Thumb Code    92  tcp_out.o(i.tcp_send_empty_ack)
    tcp_send_fin                             0x00005c39   Thumb Code    70  tcp_out.o(i.tcp_send_fin)
    tcp_sent                                 0x00005c7f   Thumb Code    20  tcp.o(i.tcp_sent)
    tcp_setprio                              0x00005c93   Thumb Code     4  tcp.o(i.tcp_setprio)
    tcp_slowtmr                              0x00005c99   Thumb Code   700  tcp.o(i.tcp_slowtmr)
    tcp_timer_needed                         0x00005f65   Thumb Code    36  timers.o(i.tcp_timer_needed)
    tcp_tmr                                  0x00006005   Thumb Code    28  tcp.o(i.tcp_tmr)
    tcp_update_rcv_ann_wnd                   0x00006025   Thumb Code    66  tcp.o(i.tcp_update_rcv_ann_wnd)
    tcp_write                                0x00006067   Thumb Code   992  tcp_out.o(i.tcp_write)
    tcp_zero_window_probe                    0x0000649f   Thumb Code   164  tcp_out.o(i.tcp_zero_window_probe)
    udp_init                                 0x0000657d   Thumb Code     2  udp.o(i.udp_init)
    udp_input                                0x00006581   Thumb Code   344  udp.o(i.udp_input)
    g_psDefaultFilenames                     0x000067d4   Data          40  httpd.o(.constdata)
    memp_sizes                               0x00006990   Data          20  memp.o(.constdata)
    tcp_persist_backoff                      0x000069a4   Data           7  tcp.o(.constdata)
    tcp_state_str                            0x000069ac   Data          44  tcp.o(.constdata)
    tcp_backoff                              0x000069d8   Data          13  tcp.o(.constdata)
    tcp_pcb_lists                            0x000069e8   Data          16  tcp.o(.constdata)
    ip_addr_any                              0x000069f8   Data           4  ip_addr.o(.constdata)
    ethbroadcast                             0x000069fc   Data           6  etharp.o(.constdata)
    ethzero                                  0x00006a02   Data           6  etharp.o(.constdata)
    OscRateIn                                0x00006a18   Data           4  board.o(.constdata)
    RTCOscRateIn                             0x00006a1c   Data           4  board.o(.constdata)
    Region$$Table$$Base                      0x00006f4c   Number         0  anon$$obj.o(Region$$Table)
    Region$$Table$$Limit                     0x00006f6c   Number         0  anon$$obj.o(Region$$Table)
    netif_list                               0x10000008   Data           4  netif.o(.data)
    netif_default                            0x1000000c   Data           4  netif.o(.data)
    pbuf_free_ooseq_pending                  0x10000010   Data           1  pbuf.o(.data)
    tcp_active_pcbs_changed                  0x10000018   Data           1  tcp.o(.data)
    tcp_ticks                                0x10000024   Data           4  tcp.o(.data)
    tcp_bound_pcbs                           0x10000028   Data           4  tcp.o(.data)
    tcp_listen_pcbs                          0x1000002c   Data           4  tcp.o(.data)
    tcp_active_pcbs                          0x10000030   Data           4  tcp.o(.data)
    tcp_tw_pcbs                              0x10000034   Data           4  tcp.o(.data)
    tcp_tmp_pcb                              0x10000038   Data           4  tcp.o(.data)
    tcp_input_pcb                            0x10000054   Data           4  tcp_in.o(.data)
    udp_pcbs                                 0x10000068   Data           4  udp.o(.data)
    current_netif                            0x10000078   Data           4  ip.o(.data)
    current_header                           0x1000007c   Data           4  ip.o(.data)
    current_iphdr_src                        0x10000080   Data           4  ip.o(.data)
    current_iphdr_dest                       0x10000084   Data           4  ip.o(.data)
    SystemCoreClock                          0x10000098   Data           4  chip_17xx_40xx.o(.data)
    __stdout                                 0x100000ac   Data           4  board.o(.data)
    lpc_enetdata                             0x100001d0   Data         160  lpc17xx_40xx_emac.o(.bss)
    __libspace_start                         0x10000270   Data          96  libspace.o(.bss)
    __temporary_stack_top$libspace           0x100002d0   Data           0  libspace.o(.bss)



==============================================================================

Memory Map of the image

  Image Entry point : 0x000000cd

  Load Region LR_IROM1 (Base: 0x00000000, Size: 0x0000701c, Max: 0x00080000, ABSOLUTE)

    Execution Region ER_IROM1 (Exec base: 0x00000000, Load base: 0x00000000, Size: 0x00006f6c, Max: 0x00080000, ABSOLUTE)

    Exec Addr    Load Addr    Size         Type   Attr      Idx    E Section Name        Object

    0x00000000   0x00000000   0x000000cc   Data   RO          528    RESET               keil_startup_lpc17xx_40xx.o
    0x000000cc   0x000000cc   0x00000008   Code   RO         4421  * !!!main             c_w.l(__main.o)
    0x000000d4   0x000000d4   0x00000034   Code   RO         4641    !!!scatter          c_w.l(__scatter.o)
    0x00000108   0x00000108   0x0000001a   Code   RO         4643    !!handler_copy      c_w.l(__scatter_copy.o)
    0x00000122   0x00000122   0x00000002   PAD
    0x00000124   0x00000124   0x0000001c   Code   RO         4645    !!handler_zi        c_w.l(__scatter_zi.o)
    0x00000140   0x00000140   0x00000000   Code   RO         4394    .ARM.Collect$$_printf_percent$$00000000  c_w.l(_printf_percent.o)
    0x00000140   0x00000140   0x00000006   Code   RO         4393    .ARM.Collect$$_printf_percent$$00000009  c_w.l(_printf_d.o)
    0x00000146   0x00000146   0x00000006   Code   RO         4392    .ARM.Collect$$_printf_percent$$00000014  c_w.l(_printf_s.o)
    0x0000014c   0x0000014c   0x00000004   Code   RO         4461    .ARM.Collect$$_printf_percent$$00000017  c_w.l(_printf_percent_end.o)
    0x00000150   0x00000150   0x00000002   Code   RO         4582    .ARM.Collect$$libinit$$00000000  c_w.l(libinit.o)
    0x00000152   0x00000152   0x00000000   Code   RO         4465    .ARM.Collect$$libinit$$00000002  c_w.l(libinit2.o)
    0x00000152   0x00000152   0x00000000   Code   RO         4467    .ARM.Collect$$libinit$$00000004  c_w.l(libinit2.o)
    0x00000152   0x00000152   0x00000008   Code   RO         4468    .ARM.Collect$$libinit$$00000005  c_w.l(libinit2.o)
    0x0000015a   0x0000015a   0x00000000   Code   RO         4470    .ARM.Collect$$libinit$$0000000A  c_w.l(libinit2.o)
    0x0000015a   0x0000015a   0x00000000   Code   RO         4472    .ARM.Collect$$libinit$$0000000C  c_w.l(libinit2.o)
    0x0000015a   0x0000015a   0x00000000   Code   RO         4474    .ARM.Collect$$libinit$$0000000E  c_w.l(libinit2.o)
    0x0000015a   0x0000015a   0x00000000   Code   RO         4477    .ARM.Collect$$libinit$$00000011  c_w.l(libinit2.o)
    0x0000015a   0x0000015a   0x00000000   Code   RO         4479    .ARM.Collect$$libinit$$00000013  c_w.l(libinit2.o)
    0x0000015a   0x0000015a   0x00000000   Code   RO         4481    .ARM.Collect$$libinit$$00000015  c_w.l(libinit2.o)
    0x0000015a   0x0000015a   0x00000000   Code   RO         4483    .ARM.Collect$$libinit$$00000017  c_w.l(libinit2.o)
    0x0000015a   0x0000015a   0x00000000   Code   RO         4485    .ARM.Collect$$libinit$$00000019  c_w.l(libinit2.o)
    0x0000015a   0x0000015a   0x00000000   Code   RO         4487    .ARM.Collect$$libinit$$0000001B  c_w.l(libinit2.o)
    0x0000015a   0x0000015a   0x00000000   Code   RO         4489    .ARM.Collect$$libinit$$0000001D  c_w.l(libinit2.o)
    0x0000015a   0x0000015a   0x00000000   Code   RO         4491    .ARM.Collect$$libinit$$0000001F  c_w.l(libinit2.o)
    0x0000015a   0x0000015a   0x00000000   Code   RO         4493    .ARM.Collect$$libinit$$00000021  c_w.l(libinit2.o)
    0x0000015a   0x0000015a   0x00000000   Code   RO         4495    .ARM.Collect$$libinit$$00000023  c_w.l(libinit2.o)
    0x0000015a   0x0000015a   0x00000000   Code   RO         4497    .ARM.Collect$$libinit$$00000025  c_w.l(libinit2.o)
    0x0000015a   0x0000015a   0x00000000   Code   RO         4501    .ARM.Collect$$libinit$$0000002C  c_w.l(libinit2.o)
    0x0000015a   0x0000015a   0x00000000   Code   RO         4503    .ARM.Collect$$libinit$$0000002E  c_w.l(libinit2.o)
    0x0000015a   0x0000015a   0x00000000   Code   RO         4505    .ARM.Collect$$libinit$$00000030  c_w.l(libinit2.o)
    0x0000015a   0x0000015a   0x00000000   Code   RO         4507    .ARM.Collect$$libinit$$00000032  c_w.l(libinit2.o)
    0x0000015a   0x0000015a   0x00000002   Code   RO         4508    .ARM.Collect$$libinit$$00000033  c_w.l(libinit2.o)
    0x0000015c   0x0000015c   0x00000002   Code   RO         4638    .ARM.Collect$$libshutdown$$00000000  c_w.l(libshutdown.o)
    0x0000015e   0x0000015e   0x00000000   Code   RO         4596    .ARM.Collect$$libshutdown$$00000002  c_w.l(libshutdown2.o)
    0x0000015e   0x0000015e   0x00000000   Code   RO         4598    .ARM.Collect$$libshutdown$$00000004  c_w.l(libshutdown2.o)
    0x0000015e   0x0000015e   0x00000000   Code   RO         4601    .ARM.Collect$$libshutdown$$00000007  c_w.l(libshutdown2.o)
    0x0000015e   0x0000015e   0x00000000   Code   RO         4604    .ARM.Collect$$libshutdown$$0000000A  c_w.l(libshutdown2.o)
    0x0000015e   0x0000015e   0x00000000   Code   RO         4606    .ARM.Collect$$libshutdown$$0000000C  c_w.l(libshutdown2.o)
    0x0000015e   0x0000015e   0x00000000   Code   RO         4609    .ARM.Collect$$libshutdown$$0000000F  c_w.l(libshutdown2.o)
    0x0000015e   0x0000015e   0x00000002   Code   RO         4610    .ARM.Collect$$libshutdown$$00000010  c_w.l(libshutdown2.o)
    0x00000160   0x00000160   0x00000000   Code   RO         4425    .ARM.Collect$$rtentry$$00000000  c_w.l(__rtentry.o)
    0x00000160   0x00000160   0x00000000   Code   RO         4515    .ARM.Collect$$rtentry$$00000002  c_w.l(__rtentry2.o)
    0x00000160   0x00000160   0x00000006   Code   RO         4527    .ARM.Collect$$rtentry$$00000004  c_w.l(__rtentry4.o)
    0x00000166   0x00000166   0x00000000   Code   RO         4517    .ARM.Collect$$rtentry$$00000009  c_w.l(__rtentry2.o)
    0x00000166   0x00000166   0x00000004   Code   RO         4518    .ARM.Collect$$rtentry$$0000000A  c_w.l(__rtentry2.o)
    0x0000016a   0x0000016a   0x00000000   Code   RO         4520    .ARM.Collect$$rtentry$$0000000C  c_w.l(__rtentry2.o)
    0x0000016a   0x0000016a   0x00000008   Code   RO         4521    .ARM.Collect$$rtentry$$0000000D  c_w.l(__rtentry2.o)
    0x00000172   0x00000172   0x00000002   Code   RO         4583    .ARM.Collect$$rtexit$$00000000  c_w.l(rtexit.o)
    0x00000174   0x00000174   0x00000000   Code   RO         4614    .ARM.Collect$$rtexit$$00000002  c_w.l(rtexit2.o)
    0x00000174   0x00000174   0x00000004   Code   RO         4615    .ARM.Collect$$rtexit$$00000003  c_w.l(rtexit2.o)
    0x00000178   0x00000178   0x00000006   Code   RO         4616    .ARM.Collect$$rtexit$$00000004  c_w.l(rtexit2.o)
    0x0000017e   0x0000017e   0x00000002   PAD
    0x00000180   0x00000180   0x00000000   Code   RO         4533    .emb_text           c_w.l(maybetermalloc1.o)
    0x00000180   0x00000180   0x00000044   Code   RO          529    .text               keil_startup_lpc17xx_40xx.o
    0x000001c4   0x000001c4   0x0000005e   Code   RO         4302    .text               c_w.l(h1_alloc.o)
    0x00000222   0x00000222   0x0000004e   Code   RO         4304    .text               c_w.l(h1_free.o)
    0x00000270   0x00000270   0x00000018   Code   RO         4364    .text               c_w.l(noretval__2printf.o)
    0x00000288   0x00000288   0x00000068   Code   RO         4366    .text               c_w.l(__printf.o)
    0x000002f0   0x000002f0   0x00000052   Code   RO         4368    .text               c_w.l(_printf_str.o)
    0x00000342   0x00000342   0x00000002   PAD
    0x00000344   0x00000344   0x00000078   Code   RO         4370    .text               c_w.l(_printf_dec.o)
    0x000003bc   0x000003bc   0x00000014   Code   RO         4395    .text               c_w.l(strchr.o)
    0x000003d0   0x000003d0   0x00000024   Code   RO         4397    .text               c_w.l(strstr.o)
    0x000003f4   0x000003f4   0x00000058   Code   RO         4399    .text               c_w.l(memcmp.o)
    0x0000044c   0x0000044c   0x00000048   Code   RO         4401    .text               c_w.l(strcpy.o)
    0x00000494   0x00000494   0x00000016   Code   RO         4403    .text               c_w.l(strrchr.o)
    0x000004aa   0x000004aa   0x0000003e   Code   RO         4405    .text               c_w.l(strlen.o)
    0x000004e8   0x000004e8   0x00000096   Code   RO         4407    .text               c_w.l(strncmp.o)
    0x0000057e   0x0000057e   0x00000018   Code   RO         4409    .text               c_w.l(strcat.o)
    0x00000596   0x00000596   0x0000008a   Code   RO         4411    .text               c_w.l(rt_memcpy_v6.o)
    0x00000620   0x00000620   0x00000064   Code   RO         4413    .text               c_w.l(rt_memcpy_w.o)
    0x00000684   0x00000684   0x0000004e   Code   RO         4415    .text               c_w.l(rt_memclr_w.o)
    0x000006d2   0x000006d2   0x00000002   PAD
    0x000006d4   0x000006d4   0x00000080   Code   RO         4417    .text               c_w.l(strcmpv7m.o)
    0x00000754   0x00000754   0x00000006   Code   RO         4419    .text               c_w.l(heapauxi.o)
    0x0000075a   0x0000075a   0x00000002   PAD
    0x0000075c   0x0000075c   0x00000008   Code   RO         4433    .text               c_w.l(rt_heap_descriptor_intlibspace.o)
    0x00000764   0x00000764   0x00000004   Code   RO         4435    .text               c_w.l(hguard.o)
    0x00000768   0x00000768   0x0000008a   Code   RO         4437    .text               c_w.l(init_alloc.o)
    0x000007f2   0x000007f2   0x0000000e   Code   RO         4441    .text               c_w.l(h1_init.o)
    0x00000800   0x00000800   0x000000b2   Code   RO         4455    .text               c_w.l(_printf_intcommon.o)
    0x000008b2   0x000008b2   0x0000002c   Code   RO         4457    .text               c_w.l(_printf_char.o)
    0x000008de   0x000008de   0x00000002   PAD
    0x000008e0   0x000008e0   0x00000024   Code   RO         4459    .text               c_w.l(_printf_char_file.o)
    0x00000904   0x00000904   0x00000008   Code   RO         4511    .text               c_w.l(libspace.o)
    0x0000090c   0x0000090c   0x00000034   Code   RO         4535    .text               c_w.l(h1_extend.o)
    0x00000940   0x00000940   0x00000030   Code   RO         4539    .text               c_w.l(_printf_char_common.o)
    0x00000970   0x00000970   0x0000000e   Code   RO         4541    .text               c_w.l(defsig_rtmem_outer.o)
    0x0000097e   0x0000097e   0x00000002   Code   RO         4552    .text               c_w.l(use_no_semi.o)
    0x00000980   0x00000980   0x00000000   Code   RO         4554    .text               c_w.l(indicate_semi.o)
    0x00000980   0x00000980   0x0000004a   Code   RO         4555    .text               c_w.l(sys_stackheap_outer.o)
    0x000009ca   0x000009ca   0x00000012   Code   RO         4563    .text               c_w.l(exit.o)
    0x000009dc   0x000009dc   0x0000000a   Code   RO         4565    .text               c_w.l(defsig_exit.o)
    0x000009e6   0x000009e6   0x00000002   PAD
    0x000009e8   0x000009e8   0x00000050   Code   RO         4571    .text               c_w.l(defsig_rtmem_inner.o)
    0x00000a38   0x00000a38   0x00000032   Code   RO         4591    .text               c_w.l(defsig_general.o)
    0x00000a6a   0x00000a6a   0x0000000e   Code   RO         4611    .text               c_w.l(sys_wrch.o)
    0x00000a78   0x00000a78   0x00000028   Code   RO         4027    i.Board_Debug_Init  board.o
    0x00000aa0   0x00000aa0   0x00000020   Code   RO         4028    i.Board_ENET_GetMacADDR  board.o
    0x00000ac0   0x00000ac0   0x00000028   Code   RO         4030    i.Board_Init        board.o
    0x00000ae8   0x00000ae8   0x00000018   Code   RO         4032    i.Board_LED_Set     board.o
    0x00000b00   0x00000b00   0x0000001c   Code   RO         4259    i.Board_SetupClocking  board_sysinit.o
    0x00000b1c   0x00000b1c   0x00000014   Code   RO         4260    i.Board_SetupMuxing  board_sysinit.o
    0x00000b30   0x00000b30   0x0000000e   Code   RO         4261    i.Board_SystemInit  board_sysinit.o
    0x00000b3e   0x00000b3e   0x00000002   PAD
    0x00000b40   0x00000b40   0x00000010   Code   RO         4040    i.Board_UARTPutChar  board.o
    0x00000b50   0x00000b50   0x00000014   Code   RO         4041    i.Board_UARTPutSTR  board.o
    0x00000b64   0x00000b64   0x00000018   Code   RO         2449    i.Chip_Clock_DisablePLL  clock_17xx_40xx.o
    0x00000b7c   0x00000b7c   0x00000018   Code   RO         2451    i.Chip_Clock_EnablePLL  clock_17xx_40xx.o
    0x00000b94   0x00000b94   0x00000014   Code   RO         2452    i.Chip_Clock_EnablePeriphClock  clock_17xx_40xx.o
    0x00000ba8   0x00000ba8   0x00000018   Code   RO         2453    i.Chip_Clock_FeedPLL  clock_17xx_40xx.o
    0x00000bc0   0x00000bc0   0x00000010   Code   RO         2454    i.Chip_Clock_GetCPUClockDiv  clock_17xx_40xx.o
    0x00000bd0   0x00000bd0   0x00000018   Code   RO         2455    i.Chip_Clock_GetCPUClockSource  clock_17xx_40xx.o
    0x00000be8   0x00000be8   0x00000020   Code   RO         2456    i.Chip_Clock_GetMainClockRate  clock_17xx_40xx.o
    0x00000c08   0x00000c08   0x00000038   Code   RO         2457    i.Chip_Clock_GetMainPLLOutClockRate  clock_17xx_40xx.o
    0x00000c40   0x00000c40   0x00000040   Code   RO         2458    i.Chip_Clock_GetPCLKDiv  clock_17xx_40xx.o
    0x00000c80   0x00000c80   0x00000016   Code   RO         2459    i.Chip_Clock_GetPeripheralClockRate  clock_17xx_40xx.o
    0x00000c96   0x00000c96   0x00000002   PAD
    0x00000c98   0x00000c98   0x00000038   Code   RO         2460    i.Chip_Clock_GetSYSCLKRate  clock_17xx_40xx.o
    0x00000cd0   0x00000cd0   0x00000012   Code   RO         2461    i.Chip_Clock_GetSystemClockRate  clock_17xx_40xx.o
    0x00000ce2   0x00000ce2   0x00000002   PAD
    0x00000ce4   0x00000ce4   0x0000000c   Code   RO         2467    i.Chip_Clock_SetCPUClockDiv  clock_17xx_40xx.o
    0x00000cf0   0x00000cf0   0x00000024   Code   RO         2471    i.Chip_Clock_SetupPLL  clock_17xx_40xx.o
    0x00000d14   0x00000d14   0x00000028   Code   RO         2635    i.Chip_ENET_FindMIIDiv  enet_17xx_40xx.o
    0x00000d3c   0x00000d3c   0x0000001a   Code   RO         2637    i.Chip_ENET_GetFillDescNum  enet_17xx_40xx.o
    0x00000d56   0x00000d56   0x00000018   Code   RO         2638    i.Chip_ENET_IncRXConsumeIndex  enet_17xx_40xx.o
    0x00000d6e   0x00000d6e   0x00000018   Code   RO         2639    i.Chip_ENET_IncTXProduceIndex  enet_17xx_40xx.o
    0x00000d86   0x00000d86   0x00000072   Code   RO         2640    i.Chip_ENET_Init    enet_17xx_40xx.o
    0x00000df8   0x00000df8   0x00000016   Code   RO         2641    i.Chip_ENET_InitRxDescriptors  enet_17xx_40xx.o
    0x00000e0e   0x00000e0e   0x00000016   Code   RO         2642    i.Chip_ENET_InitTxDescriptors  enet_17xx_40xx.o
    0x00000e24   0x00000e24   0x0000000a   Code   RO         2643    i.Chip_ENET_ReadMIIData  enet_17xx_40xx.o
    0x00000e2e   0x00000e2e   0x0000001a   Code   RO         2644    i.Chip_ENET_SetFullDuplex  enet_17xx_40xx.o
    0x00000e48   0x00000e48   0x0000001a   Code   RO         2645    i.Chip_ENET_SetHalfDuplex  enet_17xx_40xx.o
    0x00000e62   0x00000e62   0x00000002   PAD
    0x00000e64   0x00000e64   0x00000024   Code   RO         2646    i.Chip_ENET_SetupMII  enet_17xx_40xx.o
    0x00000e88   0x00000e88   0x00000018   Code   RO         2647    i.Chip_ENET_StartMIIRead  enet_17xx_40xx.o
    0x00000ea0   0x00000ea0   0x00000018   Code   RO         2648    i.Chip_ENET_StartMIIWrite  enet_17xx_40xx.o
    0x00000eb8   0x00000eb8   0x00000010   Code   RO         4047    i.Chip_GPIO_SetPinDIRInput  board.o
    0x00000ec8   0x00000ec8   0x00000016   Code   RO         4048    i.Chip_GPIO_WriteDirBit  board.o
    0x00000ede   0x00000ede   0x0000001c   Code   RO         4049    i.Chip_GPIO_WritePortBit  board.o
    0x00000efa   0x00000efa   0x00000032   Code   RO         3106    i.Chip_IOCON_PinMux  iocon_17xx_40xx.o
    0x00000f2c   0x00000f2c   0x00000010   Code   RO         3107    i.Chip_IOCON_PinMuxSet  iocon_17xx_40xx.o
    0x00000f3c   0x00000f3c   0x00000028   Code   RO         3108    i.Chip_IOCON_SetPinMuxing  iocon_17xx_40xx.o
    0x00000f64   0x00000f64   0x0000008c   Code   RO         3757    i.Chip_SetupXtalClocking  sysinit_17xx_40xx.o
    0x00000ff0   0x00000ff0   0x00000030   Code   RO         3516    i.Chip_UART_GetClkIndex  uart_17xx_40xx.o
    0x00001020   0x00001020   0x00000030   Code   RO         3517    i.Chip_UART_GetClockIndex  uart_17xx_40xx.o
    0x00001050   0x00001050   0x00000038   Code   RO         3519    i.Chip_UART_Init    uart_17xx_40xx.o
    0x00001088   0x00001088   0x0000003c   Code   RO         3527    i.Chip_UART_SetBaud  uart_17xx_40xx.o
    0x000010c4   0x000010c4   0x00000006   Code   RO         3530    i.Chip_UART_TXEnable  uart_17xx_40xx.o
    0x000010ca   0x000010ca   0x0000000e   Code   RO         1969    i.ETH_IRQHandler    lpc17xx_40xx_emac.o
    0x000010d8   0x000010d8   0x00000040   Code   RO         1914    i.SysTick_Enable    lpc17xx_40xx_systick_arch.o
    0x00001118   0x00001118   0x00000010   Code   RO         1916    i.SysTick_Handler   lpc17xx_40xx_systick_arch.o
    0x00001128   0x00001128   0x00000010   Code   RO         3833    i.SystemCoreClockUpdate  chip_17xx_40xx.o
    0x00001138   0x00001138   0x00000014   Code   RO          489    i.SystemInit        sysinit.o
    0x0000114c   0x0000114c   0x00000004   Code   RO         4053    i._sys_exit         board.o
    0x00001150   0x00001150   0x0000001c   Code   RO         1381    i.arp_timer         timers.o
    0x0000116c   0x0000116c   0x00000002   Code   RO         1899    i.assert_loop       lpc_debug.o
    0x0000116e   0x0000116e   0x000000d4   Code   RO         1808    i.etharp_arp_input  etharp.o
    0x00001242   0x00001242   0x00000002   PAD
    0x00001244   0x00001244   0x0000011c   Code   RO         1811    i.etharp_find_entry  etharp.o
    0x00001360   0x00001360   0x00000024   Code   RO         1812    i.etharp_free_entry  etharp.o
    0x00001384   0x00001384   0x00000110   Code   RO         1813    i.etharp_output     etharp.o
    0x00001494   0x00001494   0x0000004c   Code   RO         1814    i.etharp_output_to_arp_index  etharp.o
    0x000014e0   0x000014e0   0x00000110   Code   RO         1815    i.etharp_query      etharp.o
    0x000015f0   0x000015f0   0x000000be   Code   RO         1816    i.etharp_raw        etharp.o
    0x000016ae   0x000016ae   0x00000002   PAD
    0x000016b0   0x000016b0   0x00000024   Code   RO         1817    i.etharp_request    etharp.o
    0x000016d4   0x000016d4   0x0000003c   Code   RO         1818    i.etharp_send_ip    etharp.o
    0x00001710   0x00001710   0x00000048   Code   RO         1819    i.etharp_tmr        etharp.o
    0x00001758   0x00001758   0x00000088   Code   RO         1820    i.etharp_update_arp_entry  etharp.o
    0x000017e0   0x000017e0   0x00000094   Code   RO         1821    i.ethernet_input    etharp.o
    0x00001874   0x00001874   0x00000006   Code   RO         4055    i.ferror            board.o
    0x0000187a   0x0000187a   0x0000000c   Code   RO         4057    i.fputc             board.o
    0x00001886   0x00001886   0x00000004   Code   RO          422    i.fs_bytes_left     lwip_fs.o
    0x0000188a   0x0000188a   0x0000000c   Code   RO          423    i.fs_close          lwip_fs.o
    0x00001896   0x00001896   0x00000004   Code   RO          424    i.fs_open           lwip_fs.o
    0x0000189a   0x0000189a   0x00000002   PAD
    0x0000189c   0x0000189c   0x00000080   Code   RO          425    i.fs_open_default   lwip_fs.o
    0x0000191c   0x0000191c   0x00000004   Code   RO          426    i.fs_read           lwip_fs.o
    0x00001920   0x00001920   0x000000e8   Code   RO          306    i.get_http_headers  httpd.o
    0x00001a08   0x00001a08   0x000000c8   Code   RO          427    i.get_http_headers  lwip_fs.o
    0x00001ad0   0x00001ad0   0x00000070   Code   RO          307    i.http_accept       httpd.o
    0x00001b40   0x00001b40   0x00000054   Code   RO          308    i.http_close_conn   httpd.o
    0x00001b94   0x00001b94   0x0000000a   Code   RO          309    i.http_err          httpd.o
    0x00001b9e   0x00001b9e   0x00000002   PAD
    0x00001ba0   0x00001ba0   0x00000064   Code   RO          310    i.http_find_file    httpd.o
    0x00001c04   0x00001c04   0x00000054   Code   RO          311    i.http_get_404_file  httpd.o
    0x00001c58   0x00001c58   0x00000074   Code   RO          312    i.http_init_file    httpd.o
    0x00001ccc   0x00001ccc   0x000000a8   Code   RO          313    i.http_parse_request  httpd.o
    0x00001d74   0x00001d74   0x00000032   Code   RO          314    i.http_poll         httpd.o
    0x00001da6   0x00001da6   0x0000007c   Code   RO          315    i.http_recv         httpd.o
    0x00001e22   0x00001e22   0x00000194   Code   RO          316    i.http_send_data    httpd.o
    0x00001fb6   0x00001fb6   0x00000016   Code   RO          317    i.http_sent         httpd.o
    0x00001fcc   0x00001fcc   0x00000028   Code   RO          318    i.http_state_free   httpd.o
    0x00001ff4   0x00001ff4   0x00000042   Code   RO          319    i.http_write        httpd.o
    0x00002036   0x00002036   0x00000002   PAD
    0x00002038   0x00002038   0x00000054   Code   RO          320    i.httpd_init        httpd.o
    0x0000208c   0x0000208c   0x00000008   Code   RO         1773    i.icmp_dest_unreach  icmp.o
    0x00002094   0x00002094   0x00000118   Code   RO         1774    i.icmp_input        icmp.o
    0x000021ac   0x000021ac   0x0000006e   Code   RO         1775    i.icmp_send_response  icmp.o
    0x0000221a   0x0000221a   0x00000008   Code   RO         1776    i.icmp_time_exceeded  icmp.o
    0x00002222   0x00002222   0x0000000c   Code   RO         1713    i.inet_chksum       inet_chksum.o
    0x0000222e   0x0000222e   0x00000048   Code   RO         1714    i.inet_chksum_pbuf  inet_chksum.o
    0x00002276   0x00002276   0x00000086   Code   RO         1715    i.inet_chksum_pseudo  inet_chksum.o
    0x000022fc   0x000022fc   0x000000a6   Code   RO         1716    i.inet_chksum_pseudo_partial  inet_chksum.o
    0x000023a2   0x000023a2   0x0000002e   Code   RO         1600    i.ip4_addr_isbroadcast  ip_addr.o
    0x000023d0   0x000023d0   0x00000178   Code   RO         1544    i.ip_frag           ip_frag.o
    0x00002548   0x00002548   0x00000014   Code   RO         1545    i.ip_frag_free_pbuf_custom_ref  ip_frag.o
    0x0000255c   0x0000255c   0x0000015c   Code   RO         1661    i.ip_input          ip.o
    0x000026b8   0x000026b8   0x0000003e   Code   RO         1662    i.ip_output         ip.o
    0x000026f6   0x000026f6   0x00000002   PAD
    0x000026f8   0x000026f8   0x000000ec   Code   RO         1663    i.ip_output_if      ip.o
    0x000027e4   0x000027e4   0x000001ac   Code   RO         1546    i.ip_reass          ip_frag.o
    0x00002990   0x00002990   0x0000011c   Code   RO         1547    i.ip_reass_chain_frag_into_datagram_and_validate  ip_frag.o
    0x00002aac   0x00002aac   0x0000002c   Code   RO         1548    i.ip_reass_dequeue_datagram  ip_frag.o
    0x00002ad8   0x00002ad8   0x000000a4   Code   RO         1549    i.ip_reass_free_complete_datagram  ip_frag.o
    0x00002b7c   0x00002b7c   0x00000074   Code   RO         1550    i.ip_reass_remove_oldest_datagram  ip_frag.o
    0x00002bf0   0x00002bf0   0x0000001c   Code   RO         1382    i.ip_reass_timer    timers.o
    0x00002c0c   0x00002c0c   0x0000002c   Code   RO         1551    i.ip_reass_tmr      ip_frag.o
    0x00002c38   0x00002c38   0x00000040   Code   RO         1664    i.ip_route          ip.o
    0x00002c78   0x00002c78   0x00000076   Code   RO         1605    i.ipaddr_ntoa_r     ip_addr.o
    0x00002cee   0x00002cee   0x0000001c   Code   RO         1552    i.ipfrag_free_pbuf_custom  ip_frag.o
    0x00002d0a   0x00002d0a   0x00000002   PAD
    0x00002d0c   0x00002d0c   0x000000d4   Code   RO         1970    i.low_level_init    lpc17xx_40xx_emac.o
    0x00002de0   0x00002de0   0x00000048   Code   RO         3984    i.lpcPHYStsPoll     lpc_phy_dp83848.o
    0x00002e28   0x00002e28   0x00000068   Code   RO         1973    i.lpc_enetif_init   lpc17xx_40xx_emac.o
    0x00002e90   0x00002e90   0x0000003a   Code   RO         1974    i.lpc_enetif_input  lpc17xx_40xx_emac.o
    0x00002eca   0x00002eca   0x00000012   Code   RO         1975    i.lpc_etharp_output  lpc17xx_40xx_emac.o
    0x00002edc   0x00002edc   0x000000dc   Code   RO         1976    i.lpc_low_level_input  lpc17xx_40xx_emac.o
    0x00002fb8   0x00002fb8   0x00000118   Code   RO         1977    i.lpc_low_level_output  lpc17xx_40xx_emac.o
    0x000030d0   0x000030d0   0x0000003c   Code   RO         3985    i.lpc_mii_write     lpc_phy_dp83848.o
    0x0000310c   0x0000310c   0x000000a0   Code   RO         3986    i.lpc_phy_init      lpc_phy_dp83848.o
    0x000031ac   0x000031ac   0x00000040   Code   RO         1978    i.lpc_rx_queue      lpc17xx_40xx_emac.o
    0x000031ec   0x000031ec   0x0000002a   Code   RO         1979    i.lpc_rx_setup      lpc17xx_40xx_emac.o
    0x00003216   0x00003216   0x00000042   Code   RO         1980    i.lpc_rxqueue_pbuf  lpc17xx_40xx_emac.o
    0x00003258   0x00003258   0x0000001e   Code   RO         1981    i.lpc_tx_ready      lpc17xx_40xx_emac.o
    0x00003276   0x00003276   0x00000048   Code   RO         1982    i.lpc_tx_reclaim    lpc17xx_40xx_emac.o
    0x000032be   0x000032be   0x00000002   PAD
    0x000032c0   0x000032c0   0x00000054   Code   RO         3987    i.lpc_update_phy_sts  lpc_phy_dp83848.o
    0x00003314   0x00003314   0x00000016   Code   RO         1717    i.lwip_chksum_copy  inet_chksum.o
    0x0000332a   0x0000332a   0x00000004   Code   RO          533    i.lwip_htonl        def.o
    0x0000332e   0x0000332e   0x00000004   Code   RO          534    i.lwip_htons        def.o
    0x00003332   0x00003332   0x00000016   Code   RO          577    i.lwip_init         init.o
    0x00003348   0x00003348   0x00000004   Code   RO          535    i.lwip_ntohl        def.o
    0x0000334c   0x0000334c   0x00000004   Code   RO          536    i.lwip_ntohs        def.o
    0x00003350   0x00003350   0x0000003c   Code   RO         1718    i.lwip_standard_chksum  inet_chksum.o
    0x0000338c   0x0000338c   0x000001a8   Code   RO          131    i.main              webserver.o
    0x00003534   0x00003534   0x00000014   Code   RO         1917    i.msDelay           lpc17xx_40xx_systick_arch.o
    0x00003548   0x00003548   0x0000005c   Code   RO          666    i.netif_add         netif.o
    0x000035a4   0x000035a4   0x00000002   Code   RO          668    i.netif_init        netif.o
    0x000035a6   0x000035a6   0x00000020   Code   RO          670    i.netif_set_addr    netif.o
    0x000035c6   0x000035c6   0x00000002   PAD
    0x000035c8   0x000035c8   0x0000000c   Code   RO          671    i.netif_set_default  netif.o
    0x000035d4   0x000035d4   0x00000008   Code   RO          673    i.netif_set_gw      netif.o
    0x000035dc   0x000035dc   0x00000068   Code   RO          674    i.netif_set_ipaddr  netif.o
    0x00003644   0x00003644   0x00000012   Code   RO          675    i.netif_set_link_down  netif.o
    0x00003656   0x00003656   0x00000020   Code   RO          676    i.netif_set_link_up  netif.o
    0x00003676   0x00003676   0x00000008   Code   RO          677    i.netif_set_netmask  netif.o
    0x0000367e   0x0000367e   0x00000020   Code   RO          678    i.netif_set_up      netif.o
    0x0000369e   0x0000369e   0x00000002   PAD
    0x000036a0   0x000036a0   0x00000190   Code   RO          773    i.pbuf_alloc        pbuf.o
    0x00003830   0x00003830   0x00000058   Code   RO          774    i.pbuf_alloced_custom  pbuf.o
    0x00003888   0x00003888   0x00000040   Code   RO          775    i.pbuf_cat          pbuf.o
    0x000038c8   0x000038c8   0x00000012   Code   RO          777    i.pbuf_clen         pbuf.o
    0x000038da   0x000038da   0x000000b6   Code   RO          779    i.pbuf_copy         pbuf.o
    0x00003990   0x00003990   0x0000006a   Code   RO          780    i.pbuf_copy_partial  pbuf.o
    0x000039fa   0x000039fa   0x00000064   Code   RO          783    i.pbuf_free         pbuf.o
    0x00003a5e   0x00003a5e   0x00000002   PAD
    0x00003a60   0x00003a60   0x0000002c   Code   RO          784    i.pbuf_free_ooseq   pbuf.o
    0x00003a8c   0x00003a8c   0x0000006c   Code   RO          786    i.pbuf_header       pbuf.o
    0x00003af8   0x00003af8   0x00000074   Code   RO          789    i.pbuf_realloc      pbuf.o
    0x00003b6c   0x00003b6c   0x0000000c   Code   RO          790    i.pbuf_ref          pbuf.o
    0x00003b78   0x00003b78   0x0000008c   Code   RO          927    i.raw_input         raw.o
    0x00003c04   0x00003c04   0x00000040   Code   RO          321    i.strnstr           httpd.o
    0x00003c44   0x00003c44   0x00000060   Code   RO         1383    i.sys_check_timeouts  timers.o
    0x00003ca4   0x00003ca4   0x0000000c   Code   RO         1918    i.sys_now           lpc17xx_40xx_systick_arch.o
    0x00003cb0   0x00003cb0   0x00000068   Code   RO         1385    i.sys_timeout       timers.o
    0x00003d18   0x00003d18   0x00000030   Code   RO         1386    i.sys_timeouts_init  timers.o
    0x00003d48   0x00003d48   0x0000009c   Code   RO          996    i.tcp_abandon       tcp.o
    0x00003de4   0x00003de4   0x00000006   Code   RO          997    i.tcp_abort         tcp.o
    0x00003dea   0x00003dea   0x00000004   Code   RO          998    i.tcp_accept        tcp.o
    0x00003dee   0x00003dee   0x00000006   Code   RO          999    i.tcp_accept_null   tcp.o
    0x00003df4   0x00003df4   0x00000104   Code   RO         1000    i.tcp_alloc         tcp.o
    0x00003ef8   0x00003ef8   0x00000004   Code   RO         1001    i.tcp_arg           tcp.o
    0x00003efc   0x00003efc   0x00000084   Code   RO         1002    i.tcp_bind          tcp.o
    0x00003f80   0x00003f80   0x00000014   Code   RO         1003    i.tcp_close         tcp.o
    0x00003f94   0x00003f94   0x00000128   Code   RO         1004    i.tcp_close_shutdown  tcp.o
    0x000040bc   0x000040bc   0x000000b4   Code   RO         1279    i.tcp_create_segment  tcp_out.o
    0x00004170   0x00004170   0x00000020   Code   RO         1007    i.tcp_eff_send_mss  tcp.o
    0x00004190   0x00004190   0x000000ea   Code   RO         1280    i.tcp_enqueue_flags  tcp_out.o
    0x0000427a   0x0000427a   0x00000016   Code   RO         1008    i.tcp_err           tcp.o
    0x00004290   0x00004290   0x0000005c   Code   RO         1009    i.tcp_fasttmr       tcp.o
    0x000042ec   0x000042ec   0x00000002   Code   RO         1010    i.tcp_init          tcp.o
    0x000042ee   0x000042ee   0x00000002   PAD
    0x000042f0   0x000042f0   0x00000374   Code   RO         1218    i.tcp_input         tcp_in.o
    0x00004664   0x00004664   0x00000050   Code   RO         1281    i.tcp_keepalive     tcp_out.o
    0x000046b4   0x000046b4   0x000000e4   Code   RO         1219    i.tcp_listen_input  tcp_in.o
    0x00004798   0x00004798   0x00000090   Code   RO         1011    i.tcp_listen_with_backlog  tcp.o
    0x00004828   0x00004828   0x00000006   Code   RO         1012    i.tcp_new           tcp.o
    0x0000482e   0x0000482e   0x00000002   PAD
    0x00004830   0x00004830   0x0000005c   Code   RO         1013    i.tcp_new_port      tcp.o
    0x0000488c   0x0000488c   0x00000010   Code   RO         1014    i.tcp_next_iss      tcp.o
    0x0000489c   0x0000489c   0x00000078   Code   RO         1220    i.tcp_oos_insert_segment  tcp_in.o
    0x00004914   0x00004914   0x000001a4   Code   RO         1282    i.tcp_output        tcp_out.o
    0x00004ab8   0x00004ab8   0x00000078   Code   RO         1283    i.tcp_output_alloc_header  tcp_out.o
    0x00004b30   0x00004b30   0x00000108   Code   RO         1284    i.tcp_output_segment  tcp_out.o
    0x00004c38   0x00004c38   0x00000080   Code   RO         1221    i.tcp_parseopt      tcp_in.o
    0x00004cb8   0x00004cb8   0x0000005c   Code   RO         1285    i.tcp_pbuf_prealloc  tcp_out.o
    0x00004d14   0x00004d14   0x00000042   Code   RO         1015    i.tcp_pcb_purge     tcp.o
    0x00004d56   0x00004d56   0x00000002   PAD
    0x00004d58   0x00004d58   0x00000078   Code   RO         1016    i.tcp_pcb_remove    tcp.o
    0x00004dd0   0x00004dd0   0x0000001c   Code   RO         1017    i.tcp_poll          tcp.o
    0x00004dec   0x00004dec   0x00000360   Code   RO         1222    i.tcp_process       tcp_in.o
    0x0000514c   0x0000514c   0x00000068   Code   RO         1018    i.tcp_process_refused_data  tcp.o
    0x000051b4   0x000051b4   0x000007b8   Code   RO         1223    i.tcp_receive       tcp_in.o
    0x0000596c   0x0000596c   0x00000016   Code   RO         1019    i.tcp_recv          tcp.o
    0x00005982   0x00005982   0x00000024   Code   RO         1020    i.tcp_recv_null     tcp.o
    0x000059a6   0x000059a6   0x00000054   Code   RO         1021    i.tcp_recved        tcp.o
    0x000059fa   0x000059fa   0x00000052   Code   RO         1286    i.tcp_rexmit        tcp_out.o
    0x00005a4c   0x00005a4c   0x00000058   Code   RO         1287    i.tcp_rexmit_fast   tcp_out.o
    0x00005aa4   0x00005aa4   0x0000002e   Code   RO         1288    i.tcp_rexmit_rto    tcp_out.o
    0x00005ad2   0x00005ad2   0x00000092   Code   RO         1289    i.tcp_rst           tcp_out.o
    0x00005b64   0x00005b64   0x0000001e   Code   RO         1290    i.tcp_seg_add_chksum  tcp_out.o
    0x00005b82   0x00005b82   0x00000002   PAD
    0x00005b84   0x00005b84   0x0000002c   Code   RO         1022    i.tcp_seg_copy      tcp.o
    0x00005bb0   0x00005bb0   0x0000001a   Code   RO         1023    i.tcp_seg_free      tcp.o
    0x00005bca   0x00005bca   0x00000012   Code   RO         1024    i.tcp_segs_free     tcp.o
    0x00005bdc   0x00005bdc   0x0000005c   Code   RO         1291    i.tcp_send_empty_ack  tcp_out.o
    0x00005c38   0x00005c38   0x00000046   Code   RO         1292    i.tcp_send_fin      tcp_out.o
    0x00005c7e   0x00005c7e   0x00000014   Code   RO         1025    i.tcp_sent          tcp.o
    0x00005c92   0x00005c92   0x00000004   Code   RO         1026    i.tcp_setprio       tcp.o
    0x00005c96   0x00005c96   0x00000002   PAD
    0x00005c98   0x00005c98   0x000002cc   Code   RO         1028    i.tcp_slowtmr       tcp.o
    0x00005f64   0x00005f64   0x00000034   Code   RO         1388    i.tcp_timer_needed  timers.o
    0x00005f98   0x00005f98   0x0000006c   Code   RO         1224    i.tcp_timewait_input  tcp_in.o
    0x00006004   0x00006004   0x00000020   Code   RO         1029    i.tcp_tmr           tcp.o
    0x00006024   0x00006024   0x00000042   Code   RO         1030    i.tcp_update_rcv_ann_wnd  tcp.o
    0x00006066   0x00006066   0x000003e0   Code   RO         1293    i.tcp_write         tcp_out.o
    0x00006446   0x00006446   0x00000058   Code   RO         1294    i.tcp_write_checks  tcp_out.o
    0x0000649e   0x0000649e   0x000000a4   Code   RO         1295    i.tcp_zero_window_probe  tcp_out.o
    0x00006542   0x00006542   0x00000002   PAD
    0x00006544   0x00006544   0x00000038   Code   RO         1389    i.tcpip_tcp_timer   timers.o
    0x0000657c   0x0000657c   0x00000002   Code   RO         1452    i.udp_init          udp.o
    0x0000657e   0x0000657e   0x00000002   PAD
    0x00006580   0x00006580   0x00000164   Code   RO         1453    i.udp_input         udp.o
    0x000066e4   0x000066e4   0x00000118   Data   RO          322    .constdata          httpd.o
    0x000067fc   0x000067fc   0x00000193   Data   RO          428    .constdata          lwip_fs.o
    0x0000698f   0x0000698f   0x00000001   PAD
    0x00006990   0x00006990   0x00000014   Data   RO          636    .constdata          memp.o
    0x000069a4   0x000069a4   0x00000054   Data   RO         1031    .constdata          tcp.o
    0x000069f8   0x000069f8   0x00000004   Data   RO         1607    .constdata          ip_addr.o
    0x000069fc   0x000069fc   0x0000000c   Data   RO         1823    .constdata          etharp.o
    0x00006a08   0x00006a08   0x0000000f   Data   RO         2649    .constdata          enet_17xx_40xx.o
    0x00006a17   0x00006a17   0x00000001   PAD
    0x00006a18   0x00006a18   0x00000004   Data   RO         4058    .constdata          board.o
    0x00006a1c   0x00006a1c   0x00000004   Data   RO         4059    .constdata          board.o
    0x00006a20   0x00006a20   0x000000a0   Data   RO         4262    .constdata          board_sysinit.o
    0x00006ac0   0x00006ac0   0x00000414   Data   RO          323    .conststring        httpd.o
    0x00006ed4   0x00006ed4   0x00000075   Data   RO         1032    .conststring        tcp.o
    0x00006f49   0x00006f49   0x00000003   PAD
    0x00006f4c   0x00006f4c   0x00000020   Data   RO         4639    Region$$Table       anon$$obj.o


    Execution Region RW_IRAM1 (Exec base: 0x10000000, Load base: 0x00006f6c, Size: 0x000072d0, Max: 0x00008000, ABSOLUTE)

    Exec Addr    Load Addr    Size         Type   Attr      Idx    E Section Name        Object

    0x10000000   0x00006f6c   0x00000004   Data   RW          133    .data               webserver.o
    0x10000004   0x00006f70   0x0000000c   Data   RW          679    .data               netif.o
    0x10000010   0x00006f7c   0x00000001   Data   RW          793    .data               pbuf.o
    0x10000011   0x00006f7d   0x00000003   PAD
    0x10000014   0x00006f80   0x00000004   Data   RW          933    .data               raw.o
    0x10000018   0x00006f84   0x00000024   Data   RW         1033    .data               tcp.o
    0x1000003c   0x00006fa8   0x0000001c   Data   RW         1226    .data               tcp_in.o
    0x10000058   0x00006fc4   0x0000000c   Data   RW         1390    .data               timers.o
    0x10000064   0x00006fd0   0x00000008   Data   RW         1463    .data               udp.o
    0x1000006c   0x00006fd8   0x00000008   Data   RW         1553    .data               ip_frag.o
    0x10000074   0x00006fe0   0x00000014   Data   RW         1665    .data               ip.o
    0x10000088   0x00006ff4   0x00000001   Data   RW         1824    .data               etharp.o
    0x10000089   0x00006ff5   0x00000003   PAD
    0x1000008c   0x00006ff8   0x00000008   Data   RW         1919    .data               lpc17xx_40xx_systick_arch.o
    0x10000094   0x00007000   0x00000004   Data   RW         2650    .data               enet_17xx_40xx.o
    0x10000098   0x00007004   0x00000004   Data   RW         3834    .data               chip_17xx_40xx.o
    0x1000009c   0x00007008   0x00000010   Data   RW         3988    .data               lpc_phy_dp83848.o
    0x100000ac   0x00007018   0x00000004   Data   RW         4061    .data               board.o
    0x100000b0        -       0x00000044   Zero   RW          132    .bss                webserver.o
    0x100000f4        -       0x00000014   Zero   RW         1225    .bss                tcp_in.o
    0x10000108        -       0x000000c8   Zero   RW         1822    .bss                etharp.o
    0x100001d0        -       0x000000a0   Zero   RW         1983    .bss                lpc17xx_40xx_emac.o
    0x10000270        -       0x00000060   Zero   RW         4512    .bss                c_w.l(libspace.o)
    0x100002d0        -       0x00006000   Zero   RW          527    HEAP                keil_startup_lpc17xx_40xx.o
    0x100062d0        -       0x00001000   Zero   RW          526    STACK               keil_startup_lpc17xx_40xx.o


==============================================================================

Image component sizes


      Code (inc. data)   RO Data    RW Data    ZI Data      Debug   Object Name

       260         32          8          4          0      22133   board.o
        62         16        160          0          0       5119   board_sysinit.o
        16          4          0          4          0        954   chip_17xx_40xx.o
       428         68          0          0          0      15069   clock_17xx_40xx.o
        16          0          0          0          0       2818   def.o
         0          0          0          0          0      20405   echo.o
       418         18         15          4          0      24123   enet_17xx_40xx.o
      1794         50         12          1        200      15197   etharp.o
      1760        118       1324          0          0      19244   httpd.o
       406          8          0          0          0       3890   icmp.o
       466          0          0          0          0      10014   inet_chksum.o
        22          0          0          0          0       1404   init.o
       106          0          0          0          0       3013   iocon_17xx_40xx.o
       710         22          0         20          0       8073   ip.o
       164          0          4          0          0      10944   ip_addr.o
      1504         42          0          8          0      11036   ip_frag.o
        68         28        204          0      28672        988   keil_startup_lpc17xx_40xx.o
      1180         40          0          0        160      47690   lpc17xx_40xx_emac.o
       112         30          0          8          0      27286   lpc17xx_40xx_systick_arch.o
         2          0          0          0          0        530   lpc_debug.o
       376         22          0         16          0      14867   lpc_phy_dp83848.o
       352         70        403          0          0       5301   lwip_fs.o
         0          0         20          0          0       1349   memp.o
       340         20          0         12          0      21100   netif.o
      1238         18          0          1          0      21647   pbuf.o
       140         12          0          4          0       1880   raw.o
        20         10          0          0          0       1961   sysinit.o
       140          6          0          0          0       5233   sysinit_17xx_40xx.o
      2676        108        201         36          0      34995   tcp.o
      4308        132          0         28         20      23990   tcp_in.o
      3188         16          0          0          0      19039   tcp_out.o
       412         74          0         12          0       6482   timers.o
       218         32          0          0          0      12032   uart_17xx_40xx.o
       358         12          0          8          0       4817   udp.o
       424        112          0          4         68      47513   webserver.o

    ----------------------------------------------------------------------
     23728       1120       2388        176      29120     472136   Object Totals
         0          0         32          0          0          0   (incl. Generated)
        44          0          5          6          0          0   (incl. Padding)

    ----------------------------------------------------------------------

      Code (inc. data)   RO Data    RW Data    ZI Data      Debug   Library Member Name

         8          0          0          0          0         68   __main.o
       104          0          0          0          0         84   __printf.o
         0          0          0          0          0          0   __rtentry.o
        12          0          0          0          0          0   __rtentry2.o
         6          0          0          0          0          0   __rtentry4.o
        52          8          0          0          0          0   __scatter.o
        26          0          0          0          0          0   __scatter_copy.o
        28          0          0          0          0          0   __scatter_zi.o
        44          0          0          0          0        108   _printf_char.o
        48          6          0          0          0         96   _printf_char_common.o
        36          4          0          0          0         80   _printf_char_file.o
         6          0          0          0          0          0   _printf_d.o
       120         16          0          0          0         92   _printf_dec.o
       178          0          0          0          0         88   _printf_intcommon.o
         0          0          0          0          0          0   _printf_percent.o
         4          0          0          0          0          0   _printf_percent_end.o
         6          0          0          0          0          0   _printf_s.o
        82          0          0          0          0         80   _printf_str.o
        10          0          0          0          0         68   defsig_exit.o
        50          0          0          0          0         88   defsig_general.o
        80         58          0          0          0         76   defsig_rtmem_inner.o
        14          0          0          0          0         80   defsig_rtmem_outer.o
        18          0          0          0          0         80   exit.o
        94          0          0          0          0         80   h1_alloc.o
        52          0          0          0          0         68   h1_extend.o
        78          0          0          0          0         80   h1_free.o
        14          0          0          0          0         84   h1_init.o
         6          0          0          0          0        152   heapauxi.o
         4          0          0          0          0        136   hguard.o
         0          0          0          0          0          0   indicate_semi.o
       138          0          0          0          0        168   init_alloc.o
         2          0          0          0          0          0   libinit.o
        10          0          0          0          0          0   libinit2.o
         2          0          0          0          0          0   libshutdown.o
         2          0          0          0          0          0   libshutdown2.o
         8          4          0          0         96         68   libspace.o
         0          0          0          0          0          0   maybetermalloc1.o
        88          0          0          0          0         76   memcmp.o
        24          4          0          0          0         84   noretval__2printf.o
         8          4          0          0          0         68   rt_heap_descriptor_intlibspace.o
        78          0          0          0          0         80   rt_memclr_w.o
       138          0          0          0          0         68   rt_memcpy_v6.o
       100          0          0          0          0         80   rt_memcpy_w.o
         2          0          0          0          0          0   rtexit.o
        10          0          0          0          0          0   rtexit2.o
        24          0          0          0          0         68   strcat.o
        20          0          0          0          0         68   strchr.o
       128          0          0          0          0         68   strcmpv7m.o
        72          0          0          0          0         80   strcpy.o
        62          0          0          0          0         76   strlen.o
       150          0          0          0          0         80   strncmp.o
        22          0          0          0          0         68   strrchr.o
        36          0          0          0          0         80   strstr.o
        74          0          0          0          0         80   sys_stackheap_outer.o
        14          0          0          0          0         76   sys_wrch.o
         2          0          0          0          0         68   use_no_semi.o

    ----------------------------------------------------------------------
      2408        104          0          0         96       3192   Library Totals
        14          0          0          0          0          0   (incl. Padding)

    ----------------------------------------------------------------------

      Code (inc. data)   RO Data    RW Data    ZI Data      Debug   Library Name

      2394        104          0          0         96       3192   c_w.l

    ----------------------------------------------------------------------
      2408        104          0          0         96       3192   Library Totals

    ----------------------------------------------------------------------

==============================================================================


      Code (inc. data)   RO Data    RW Data    ZI Data      Debug   

     26136       1224       2388        176      29216     462064   Grand Totals
     26136       1224       2388        176      29216     462064   ELF Image Totals
     26136       1224       2388        176          0          0   ROM Totals

==============================================================================

    Total RO  Size (Code + RO Data)                28524 (  27.86kB)
    Total RW  Size (RW Data + ZI Data)             29392 (  28.70kB)
    Total ROM Size (Code + RO Data + RW Data)      28700 (  28.03kB)

==============================================================================

