<!doctype html public "-//w3c//dtd html 4.0 transitional//en">
<html><head>
<title>Static Call Graph - [.\keil_output\iflash_nxp_lpcxpresso_1769\lwip_webserver_iflash_nxp_lpcxpresso_1769.axf]</title></head>
<body><HR>
<H1>Static Call Graph for image .\keil_output\iflash_nxp_lpcxpresso_1769\lwip_webserver_iflash_nxp_lpcxpresso_1769.axf</H1><HR>
<BR><P>#&#060CALLGRAPH&#062# ARM Linker, 5060528: Last Updated: Fri Mar 30 16:39:08 2018
<BR><P>
<H3>Maximum Stack Usage =        512 bytes + Unknown(Functions without stacksize, Cycles, Untraceable Function Pointers)</H3><H3>
Call chain for Maximum Stack Depth:</H3>
ethernet_input &rArr; ip_input &rArr; tcp_input &rArr; tcp_process &rArr; tcp_abort &rArr; tcp_abandon &rArr; tcp_pcb_remove &rArr; tcp_output &rArr; tcp_output_segment &rArr; ip_output &rArr; ip_output_if &rArr; ip_frag &rArr; pbuf_alloc &rArr; malloc &rArr; __Heap_Full &rArr; __Heap_ProvideMemory &rArr; free
<P>
<H3>
Functions with no stack information
</H3><UL>
 <LI><a href="#[78]">__user_initial_stackheap</a>
</UL>
</UL>
<P>
<H3>
Mutually Recursive functions
</H3> <LI><a href="#[a]">NMI_Handler</a>&nbsp;&nbsp;&nbsp;&rArr;&nbsp;&nbsp;&nbsp;<a href="#[a]">NMI_Handler</a><BR>
 <LI><a href="#[b]">HardFault_Handler</a>&nbsp;&nbsp;&nbsp;&rArr;&nbsp;&nbsp;&nbsp;<a href="#[b]">HardFault_Handler</a><BR>
 <LI><a href="#[c]">MemManage_Handler</a>&nbsp;&nbsp;&nbsp;&rArr;&nbsp;&nbsp;&nbsp;<a href="#[c]">MemManage_Handler</a><BR>
 <LI><a href="#[d]">BusFault_Handler</a>&nbsp;&nbsp;&nbsp;&rArr;&nbsp;&nbsp;&nbsp;<a href="#[d]">BusFault_Handler</a><BR>
 <LI><a href="#[e]">UsageFault_Handler</a>&nbsp;&nbsp;&nbsp;&rArr;&nbsp;&nbsp;&nbsp;<a href="#[e]">UsageFault_Handler</a><BR>
 <LI><a href="#[10]">SVC_Handler</a>&nbsp;&nbsp;&nbsp;&rArr;&nbsp;&nbsp;&nbsp;<a href="#[10]">SVC_Handler</a><BR>
 <LI><a href="#[11]">DebugMon_Handler</a>&nbsp;&nbsp;&nbsp;&rArr;&nbsp;&nbsp;&nbsp;<a href="#[11]">DebugMon_Handler</a><BR>
 <LI><a href="#[12]">PendSV_Handler</a>&nbsp;&nbsp;&nbsp;&rArr;&nbsp;&nbsp;&nbsp;<a href="#[12]">PendSV_Handler</a><BR>
 <LI><a href="#[f]">UnHandled_Vector</a>&nbsp;&nbsp;&nbsp;&rArr;&nbsp;&nbsp;&nbsp;<a href="#[f]">UnHandled_Vector</a><BR>
 <LI><a href="#[2a]">ADC_IRQHandler</a>&nbsp;&nbsp;&nbsp;&rArr;&nbsp;&nbsp;&nbsp;<a href="#[2a]">ADC_IRQHandler</a><BR>
 <LI><a href="#[a3]">assert_loop</a>&nbsp;&nbsp;&nbsp;&rArr;&nbsp;&nbsp;&nbsp;<a href="#[a3]">assert_loop</a><BR>
 <LI><a href="#[60]">_sys_exit</a>&nbsp;&nbsp;&nbsp;&rArr;&nbsp;&nbsp;&nbsp;<a href="#[60]">_sys_exit</a><BR>
</UL>
<P>
<H3>
Function Pointers
</H3><UL>
 <LI><a href="#[2a]">ADC_IRQHandler</a> from keil_startup_lpc17xx_40xx.o(.text) referenced from keil_startup_lpc17xx_40xx.o(RESET)
 <LI><a href="#[2b]">BOD_IRQHandler</a> from keil_startup_lpc17xx_40xx.o(.text) referenced from keil_startup_lpc17xx_40xx.o(RESET)
 <LI><a href="#[d]">BusFault_Handler</a> from keil_startup_lpc17xx_40xx.o(.text) referenced from keil_startup_lpc17xx_40xx.o(RESET)
 <LI><a href="#[36]">CANActivity_IRQHandler</a> from keil_startup_lpc17xx_40xx.o(.text) referenced from keil_startup_lpc17xx_40xx.o(RESET)
 <LI><a href="#[2d]">CAN_IRQHandler</a> from keil_startup_lpc17xx_40xx.o(.text) referenced from keil_startup_lpc17xx_40xx.o(RESET)
 <LI><a href="#[2e]">DMA_IRQHandler</a> from keil_startup_lpc17xx_40xx.o(.text) referenced from keil_startup_lpc17xx_40xx.o(RESET)
 <LI><a href="#[11]">DebugMon_Handler</a> from keil_startup_lpc17xx_40xx.o(.text) referenced from keil_startup_lpc17xx_40xx.o(RESET)
 <LI><a href="#[26]">EINT0_IRQHandler</a> from keil_startup_lpc17xx_40xx.o(.text) referenced from keil_startup_lpc17xx_40xx.o(RESET)
 <LI><a href="#[27]">EINT1_IRQHandler</a> from keil_startup_lpc17xx_40xx.o(.text) referenced from keil_startup_lpc17xx_40xx.o(RESET)
 <LI><a href="#[28]">EINT2_IRQHandler</a> from keil_startup_lpc17xx_40xx.o(.text) referenced from keil_startup_lpc17xx_40xx.o(RESET)
 <LI><a href="#[29]">EINT3_IRQHandler</a> from keil_startup_lpc17xx_40xx.o(.text) referenced from keil_startup_lpc17xx_40xx.o(RESET)
 <LI><a href="#[30]">ETH_IRQHandler</a> from lpc17xx_40xx_emac.o(i.ETH_IRQHandler) referenced from keil_startup_lpc17xx_40xx.o(RESET)
 <LI><a href="#[b]">HardFault_Handler</a> from keil_startup_lpc17xx_40xx.o(.text) referenced from keil_startup_lpc17xx_40xx.o(RESET)
 <LI><a href="#[1e]">I2C0_IRQHandler</a> from keil_startup_lpc17xx_40xx.o(.text) referenced from keil_startup_lpc17xx_40xx.o(RESET)
 <LI><a href="#[1f]">I2C1_IRQHandler</a> from keil_startup_lpc17xx_40xx.o(.text) referenced from keil_startup_lpc17xx_40xx.o(RESET)
 <LI><a href="#[20]">I2C2_IRQHandler</a> from keil_startup_lpc17xx_40xx.o(.text) referenced from keil_startup_lpc17xx_40xx.o(RESET)
 <LI><a href="#[2f]">I2S_IRQHandler</a> from keil_startup_lpc17xx_40xx.o(.text) referenced from keil_startup_lpc17xx_40xx.o(RESET)
 <LI><a href="#[32]">MCPWM_IRQHandler</a> from keil_startup_lpc17xx_40xx.o(.text) referenced from keil_startup_lpc17xx_40xx.o(RESET)
 <LI><a href="#[c]">MemManage_Handler</a> from keil_startup_lpc17xx_40xx.o(.text) referenced from keil_startup_lpc17xx_40xx.o(RESET)
 <LI><a href="#[a]">NMI_Handler</a> from keil_startup_lpc17xx_40xx.o(.text) referenced from keil_startup_lpc17xx_40xx.o(RESET)
 <LI><a href="#[24]">PLL0_IRQHandler</a> from keil_startup_lpc17xx_40xx.o(.text) referenced from keil_startup_lpc17xx_40xx.o(RESET)
 <LI><a href="#[34]">PLL1_IRQHandler</a> from keil_startup_lpc17xx_40xx.o(.text) referenced from keil_startup_lpc17xx_40xx.o(RESET)
 <LI><a href="#[1d]">PWM1_IRQHandler</a> from keil_startup_lpc17xx_40xx.o(.text) referenced from keil_startup_lpc17xx_40xx.o(RESET)
 <LI><a href="#[12]">PendSV_Handler</a> from keil_startup_lpc17xx_40xx.o(.text) referenced from keil_startup_lpc17xx_40xx.o(RESET)
 <LI><a href="#[33]">QEI_IRQHandler</a> from keil_startup_lpc17xx_40xx.o(.text) referenced from keil_startup_lpc17xx_40xx.o(RESET)
 <LI><a href="#[31]">RIT_IRQHandler</a> from keil_startup_lpc17xx_40xx.o(.text) referenced from keil_startup_lpc17xx_40xx.o(RESET)
 <LI><a href="#[25]">RTC_IRQHandler</a> from keil_startup_lpc17xx_40xx.o(.text) referenced from keil_startup_lpc17xx_40xx.o(RESET)
 <LI><a href="#[9]">Reset_Handler</a> from keil_startup_lpc17xx_40xx.o(.text) referenced from keil_startup_lpc17xx_40xx.o(RESET)
 <LI><a href="#[21]">SPI_IRQHandler</a> from keil_startup_lpc17xx_40xx.o(.text) referenced from keil_startup_lpc17xx_40xx.o(RESET)
 <LI><a href="#[22]">SSP0_IRQHandler</a> from keil_startup_lpc17xx_40xx.o(.text) referenced from keil_startup_lpc17xx_40xx.o(RESET)
 <LI><a href="#[23]">SSP1_IRQHandler</a> from keil_startup_lpc17xx_40xx.o(.text) referenced from keil_startup_lpc17xx_40xx.o(RESET)
 <LI><a href="#[10]">SVC_Handler</a> from keil_startup_lpc17xx_40xx.o(.text) referenced from keil_startup_lpc17xx_40xx.o(RESET)
 <LI><a href="#[13]">SysTick_Handler</a> from lpc17xx_40xx_systick_arch.o(i.SysTick_Handler) referenced from keil_startup_lpc17xx_40xx.o(RESET)
 <LI><a href="#[37]">SystemInit</a> from sysinit.o(i.SystemInit) referenced from keil_startup_lpc17xx_40xx.o(.text)
 <LI><a href="#[15]">TIMER0_IRQHandler</a> from keil_startup_lpc17xx_40xx.o(.text) referenced from keil_startup_lpc17xx_40xx.o(RESET)
 <LI><a href="#[16]">TIMER1_IRQHandler</a> from keil_startup_lpc17xx_40xx.o(.text) referenced from keil_startup_lpc17xx_40xx.o(RESET)
 <LI><a href="#[17]">TIMER2_IRQHandler</a> from keil_startup_lpc17xx_40xx.o(.text) referenced from keil_startup_lpc17xx_40xx.o(RESET)
 <LI><a href="#[18]">TIMER3_IRQHandler</a> from keil_startup_lpc17xx_40xx.o(.text) referenced from keil_startup_lpc17xx_40xx.o(RESET)
 <LI><a href="#[19]">UART0_IRQHandler</a> from keil_startup_lpc17xx_40xx.o(.text) referenced from keil_startup_lpc17xx_40xx.o(RESET)
 <LI><a href="#[1a]">UART1_IRQHandler</a> from keil_startup_lpc17xx_40xx.o(.text) referenced from keil_startup_lpc17xx_40xx.o(RESET)
 <LI><a href="#[1b]">UART2_IRQHandler</a> from keil_startup_lpc17xx_40xx.o(.text) referenced from keil_startup_lpc17xx_40xx.o(RESET)
 <LI><a href="#[1c]">UART3_IRQHandler</a> from keil_startup_lpc17xx_40xx.o(.text) referenced from keil_startup_lpc17xx_40xx.o(RESET)
 <LI><a href="#[35]">USBActivity_IRQHandler</a> from keil_startup_lpc17xx_40xx.o(.text) referenced from keil_startup_lpc17xx_40xx.o(RESET)
 <LI><a href="#[2c]">USB_IRQHandler</a> from keil_startup_lpc17xx_40xx.o(.text) referenced from keil_startup_lpc17xx_40xx.o(RESET)
 <LI><a href="#[f]">UnHandled_Vector</a> from keil_startup_lpc17xx_40xx.o(.text) referenced 4 times from keil_startup_lpc17xx_40xx.o(RESET)
 <LI><a href="#[e]">UsageFault_Handler</a> from keil_startup_lpc17xx_40xx.o(.text) referenced from keil_startup_lpc17xx_40xx.o(RESET)
 <LI><a href="#[14]">WDT_IRQHandler</a> from keil_startup_lpc17xx_40xx.o(.text) referenced from keil_startup_lpc17xx_40xx.o(RESET)
 <LI><a href="#[4b]">__main</a> from __main.o(!!!main) referenced from keil_startup_lpc17xx_40xx.o(.text)
 <LI><a href="#[3a]">_printf_input_char</a> from _printf_char_common.o(.text) referenced from _printf_char_common.o(.text)
 <LI><a href="#[3b]">arp_timer</a> from timers.o(i.arp_timer) referenced from timers.o(i.arp_timer)
 <LI><a href="#[3b]">arp_timer</a> from timers.o(i.arp_timer) referenced from timers.o(i.sys_timeouts_init)
 <LI><a href="#[46]">ethernet_input</a> from etharp.o(i.ethernet_input) referenced from webserver.o(i.main)
 <LI><a href="#[39]">fputc</a> from board.o(i.fputc) referenced from _printf_char_file.o(.text)
 <LI><a href="#[40]">http_accept</a> from httpd.o(i.http_accept) referenced from httpd.o(i.httpd_init)
 <LI><a href="#[3d]">http_err</a> from httpd.o(i.http_err) referenced from httpd.o(i.http_accept)
 <LI><a href="#[3e]">http_poll</a> from httpd.o(i.http_poll) referenced from httpd.o(i.http_accept)
 <LI><a href="#[3e]">http_poll</a> from httpd.o(i.http_poll) referenced from httpd.o(i.http_close_conn)
 <LI><a href="#[3c]">http_recv</a> from httpd.o(i.http_recv) referenced from httpd.o(i.http_accept)
 <LI><a href="#[3f]">http_sent</a> from httpd.o(i.http_sent) referenced from httpd.o(i.http_accept)
 <LI><a href="#[42]">ip_reass_timer</a> from timers.o(i.ip_reass_timer) referenced from timers.o(i.ip_reass_timer)
 <LI><a href="#[42]">ip_reass_timer</a> from timers.o(i.ip_reass_timer) referenced from timers.o(i.sys_timeouts_init)
 <LI><a href="#[41]">ipfrag_free_pbuf_custom</a> from ip_frag.o(i.ipfrag_free_pbuf_custom) referenced from ip_frag.o(i.ip_frag)
 <LI><a href="#[47]">lpc_enetif_init</a> from lpc17xx_40xx_emac.o(i.lpc_enetif_init) referenced from webserver.o(i.main)
 <LI><a href="#[44]">lpc_etharp_output</a> from lpc17xx_40xx_emac.o(i.lpc_etharp_output) referenced from lpc17xx_40xx_emac.o(i.lpc_enetif_init)
 <LI><a href="#[45]">lpc_low_level_output</a> from lpc17xx_40xx_emac.o(i.lpc_low_level_output) referenced from lpc17xx_40xx_emac.o(i.lpc_enetif_init)
 <LI><a href="#[43]">msDelay</a> from lpc17xx_40xx_systick_arch.o(i.msDelay) referenced from lpc17xx_40xx_emac.o(i.low_level_init)
 <LI><a href="#[49]">tcp_accept_null</a> from tcp.o(i.tcp_accept_null) referenced from tcp.o(i.tcp_listen_with_backlog)
 <LI><a href="#[48]">tcp_recv_null</a> from tcp.o(i.tcp_recv_null) referenced from tcp.o(i.tcp_alloc)
 <LI><a href="#[4a]">tcpip_tcp_timer</a> from timers.o(i.tcpip_tcp_timer) referenced from timers.o(i.tcp_timer_needed)
 <LI><a href="#[4a]">tcpip_tcp_timer</a> from timers.o(i.tcpip_tcp_timer) referenced from timers.o(i.tcpip_tcp_timer)
</UL>
<P>
<H3>
Global Symbols
</H3>
<P><STRONG><a name="[4b]"></a>__main</STRONG> (Thumb, 8 bytes, Stack size 0 bytes, __main.o(!!!main))
<BR><BR>[Calls]<UL><LI><a href="#[4d]">&gt;&gt;</a>&nbsp;&nbsp;&nbsp;__rt_entry
<LI><a href="#[4c]">&gt;&gt;</a>&nbsp;&nbsp;&nbsp;__scatterload
</UL>

<P><STRONG><a name="[4c]"></a>__scatterload</STRONG> (Thumb, 0 bytes, Stack size unknown bytes, __scatter.o(!!!scatter))
<BR><BR>[Called By]<UL><LI><a href="#[4b]">&gt;&gt;</a>&nbsp;&nbsp;&nbsp;__main
</UL>

<P><STRONG><a name="[4e]"></a>__scatterload_rt2</STRONG> (Thumb, 44 bytes, Stack size unknown bytes, __scatter.o(!!!scatter), UNUSED)
<BR><BR>[Calls]<UL><LI><a href="#[4d]">&gt;&gt;</a>&nbsp;&nbsp;&nbsp;__rt_entry
</UL>

<P><STRONG><a name="[152]"></a>__scatterload_rt2_thumb_only</STRONG> (Thumb, 0 bytes, Stack size unknown bytes, __scatter.o(!!!scatter), UNUSED)

<P><STRONG><a name="[153]"></a>__scatterload_null</STRONG> (Thumb, 0 bytes, Stack size unknown bytes, __scatter.o(!!!scatter), UNUSED)

<P><STRONG><a name="[4f]"></a>__scatterload_copy</STRONG> (Thumb, 26 bytes, Stack size unknown bytes, __scatter_copy.o(!!handler_copy), UNUSED)
<BR><BR>[Calls]<UL><LI><a href="#[4f]">&gt;&gt;</a>&nbsp;&nbsp;&nbsp;__scatterload_copy
</UL>
<BR>[Called By]<UL><LI><a href="#[4f]">&gt;&gt;</a>&nbsp;&nbsp;&nbsp;__scatterload_copy
</UL>

<P><STRONG><a name="[154]"></a>__scatterload_zeroinit</STRONG> (Thumb, 28 bytes, Stack size unknown bytes, __scatter_zi.o(!!handler_zi), UNUSED)

<P><STRONG><a name="[50]"></a>_printf_d</STRONG> (Thumb, 0 bytes, Stack size unknown bytes, _printf_d.o(.ARM.Collect$$_printf_percent$$00000009))
<BR><BR>[Stack]<UL><LI>Max Depth = 56 + Unknown Stack Size
<LI>Call Chain = _printf_d &rArr; _printf_int_dec &rArr; _printf_int_common
</UL>
<BR>[Calls]<UL><LI><a href="#[51]">&gt;&gt;</a>&nbsp;&nbsp;&nbsp;_printf_int_dec
</UL>

<P><STRONG><a name="[68]"></a>_printf_percent</STRONG> (Thumb, 0 bytes, Stack size unknown bytes, _printf_percent.o(.ARM.Collect$$_printf_percent$$00000000))
<BR><BR>[Called By]<UL><LI><a href="#[67]">&gt;&gt;</a>&nbsp;&nbsp;&nbsp;__printf
</UL>

<P><STRONG><a name="[52]"></a>_printf_s</STRONG> (Thumb, 0 bytes, Stack size unknown bytes, _printf_s.o(.ARM.Collect$$_printf_percent$$00000014))
<BR><BR>[Stack]<UL><LI>Max Depth = 24 + Unknown Stack Size
<LI>Call Chain = _printf_s &rArr; _printf_string &rArr; _printf_cs_common &rArr; _printf_str
</UL>
<BR>[Calls]<UL><LI><a href="#[53]">&gt;&gt;</a>&nbsp;&nbsp;&nbsp;_printf_string
</UL>

<P><STRONG><a name="[155]"></a>_printf_percent_end</STRONG> (Thumb, 0 bytes, Stack size unknown bytes, _printf_percent_end.o(.ARM.Collect$$_printf_percent$$00000017))

<P><STRONG><a name="[59]"></a>__rt_lib_init</STRONG> (Thumb, 0 bytes, Stack size unknown bytes, libinit.o(.ARM.Collect$$libinit$$00000000))
<BR><BR>[Called By]<UL><LI><a href="#[58]">&gt;&gt;</a>&nbsp;&nbsp;&nbsp;__rt_entry_li
</UL>

<P><STRONG><a name="[156]"></a>__rt_lib_init_fp_1</STRONG> (Thumb, 0 bytes, Stack size unknown bytes, libinit2.o(.ARM.Collect$$libinit$$00000002))

<P><STRONG><a name="[54]"></a>__rt_lib_init_heap_2</STRONG> (Thumb, 0 bytes, Stack size unknown bytes, libinit2.o(.ARM.Collect$$libinit$$00000005))
<BR><BR>[Stack]<UL><LI>Max Depth = 64 + Unknown Stack Size
<LI>Call Chain = __rt_lib_init_heap_2 &rArr; _init_alloc &rArr; __rt_SIGRTMEM &rArr; __rt_SIGRTMEM_inner &rArr; __default_signal_display &rArr; _ttywrch
</UL>
<BR>[Calls]<UL><LI><a href="#[55]">&gt;&gt;</a>&nbsp;&nbsp;&nbsp;_init_alloc
</UL>

<P><STRONG><a name="[157]"></a>__rt_lib_init_preinit_1</STRONG> (Thumb, 0 bytes, Stack size unknown bytes, libinit2.o(.ARM.Collect$$libinit$$00000004))

<P><STRONG><a name="[158]"></a>__rt_lib_init_alloca_1</STRONG> (Thumb, 0 bytes, Stack size unknown bytes, libinit2.o(.ARM.Collect$$libinit$$0000002E))

<P><STRONG><a name="[159]"></a>__rt_lib_init_argv_1</STRONG> (Thumb, 0 bytes, Stack size unknown bytes, libinit2.o(.ARM.Collect$$libinit$$0000002C))

<P><STRONG><a name="[15a]"></a>__rt_lib_init_atexit_1</STRONG> (Thumb, 0 bytes, Stack size unknown bytes, libinit2.o(.ARM.Collect$$libinit$$0000001B))

<P><STRONG><a name="[15b]"></a>__rt_lib_init_clock_1</STRONG> (Thumb, 0 bytes, Stack size unknown bytes, libinit2.o(.ARM.Collect$$libinit$$00000021))

<P><STRONG><a name="[15c]"></a>__rt_lib_init_cpp_1</STRONG> (Thumb, 0 bytes, Stack size unknown bytes, libinit2.o(.ARM.Collect$$libinit$$00000032))

<P><STRONG><a name="[15d]"></a>__rt_lib_init_exceptions_1</STRONG> (Thumb, 0 bytes, Stack size unknown bytes, libinit2.o(.ARM.Collect$$libinit$$00000030))

<P><STRONG><a name="[15e]"></a>__rt_lib_init_fp_trap_1</STRONG> (Thumb, 0 bytes, Stack size unknown bytes, libinit2.o(.ARM.Collect$$libinit$$0000001F))

<P><STRONG><a name="[15f]"></a>__rt_lib_init_getenv_1</STRONG> (Thumb, 0 bytes, Stack size unknown bytes, libinit2.o(.ARM.Collect$$libinit$$00000023))

<P><STRONG><a name="[160]"></a>__rt_lib_init_heap_1</STRONG> (Thumb, 0 bytes, Stack size unknown bytes, libinit2.o(.ARM.Collect$$libinit$$0000000A))

<P><STRONG><a name="[161]"></a>__rt_lib_init_lc_collate_1</STRONG> (Thumb, 0 bytes, Stack size unknown bytes, libinit2.o(.ARM.Collect$$libinit$$00000011))

<P><STRONG><a name="[162]"></a>__rt_lib_init_lc_ctype_1</STRONG> (Thumb, 0 bytes, Stack size unknown bytes, libinit2.o(.ARM.Collect$$libinit$$00000013))

<P><STRONG><a name="[163]"></a>__rt_lib_init_lc_monetary_1</STRONG> (Thumb, 0 bytes, Stack size unknown bytes, libinit2.o(.ARM.Collect$$libinit$$00000015))

<P><STRONG><a name="[164]"></a>__rt_lib_init_lc_numeric_1</STRONG> (Thumb, 0 bytes, Stack size unknown bytes, libinit2.o(.ARM.Collect$$libinit$$00000017))

<P><STRONG><a name="[165]"></a>__rt_lib_init_lc_time_1</STRONG> (Thumb, 0 bytes, Stack size unknown bytes, libinit2.o(.ARM.Collect$$libinit$$00000019))

<P><STRONG><a name="[166]"></a>__rt_lib_init_rand_1</STRONG> (Thumb, 0 bytes, Stack size unknown bytes, libinit2.o(.ARM.Collect$$libinit$$0000000E))

<P><STRONG><a name="[167]"></a>__rt_lib_init_return</STRONG> (Thumb, 0 bytes, Stack size unknown bytes, libinit2.o(.ARM.Collect$$libinit$$00000033))

<P><STRONG><a name="[168]"></a>__rt_lib_init_signal_1</STRONG> (Thumb, 0 bytes, Stack size unknown bytes, libinit2.o(.ARM.Collect$$libinit$$0000001D))

<P><STRONG><a name="[169]"></a>__rt_lib_init_stdio_1</STRONG> (Thumb, 0 bytes, Stack size unknown bytes, libinit2.o(.ARM.Collect$$libinit$$00000025))

<P><STRONG><a name="[16a]"></a>__rt_lib_init_user_alloc_1</STRONG> (Thumb, 0 bytes, Stack size unknown bytes, libinit2.o(.ARM.Collect$$libinit$$0000000C))

<P><STRONG><a name="[5e]"></a>__rt_lib_shutdown</STRONG> (Thumb, 0 bytes, Stack size unknown bytes, libshutdown.o(.ARM.Collect$$libshutdown$$00000000))
<BR><BR>[Called By]<UL><LI><a href="#[5d]">&gt;&gt;</a>&nbsp;&nbsp;&nbsp;__rt_exit_ls
</UL>

<P><STRONG><a name="[16b]"></a>__rt_lib_shutdown_cpp_1</STRONG> (Thumb, 0 bytes, Stack size unknown bytes, libshutdown2.o(.ARM.Collect$$libshutdown$$00000002))

<P><STRONG><a name="[16c]"></a>__rt_lib_shutdown_fp_trap_1</STRONG> (Thumb, 0 bytes, Stack size unknown bytes, libshutdown2.o(.ARM.Collect$$libshutdown$$00000007))

<P><STRONG><a name="[16d]"></a>__rt_lib_shutdown_heap_1</STRONG> (Thumb, 0 bytes, Stack size unknown bytes, libshutdown2.o(.ARM.Collect$$libshutdown$$0000000F))

<P><STRONG><a name="[16e]"></a>__rt_lib_shutdown_return</STRONG> (Thumb, 0 bytes, Stack size unknown bytes, libshutdown2.o(.ARM.Collect$$libshutdown$$00000010))

<P><STRONG><a name="[16f]"></a>__rt_lib_shutdown_signal_1</STRONG> (Thumb, 0 bytes, Stack size unknown bytes, libshutdown2.o(.ARM.Collect$$libshutdown$$0000000A))

<P><STRONG><a name="[170]"></a>__rt_lib_shutdown_stdio_1</STRONG> (Thumb, 0 bytes, Stack size unknown bytes, libshutdown2.o(.ARM.Collect$$libshutdown$$00000004))

<P><STRONG><a name="[171]"></a>__rt_lib_shutdown_user_alloc_1</STRONG> (Thumb, 0 bytes, Stack size unknown bytes, libshutdown2.o(.ARM.Collect$$libshutdown$$0000000C))

<P><STRONG><a name="[4d]"></a>__rt_entry</STRONG> (Thumb, 0 bytes, Stack size unknown bytes, __rtentry.o(.ARM.Collect$$rtentry$$00000000))
<BR><BR>[Called By]<UL><LI><a href="#[4b]">&gt;&gt;</a>&nbsp;&nbsp;&nbsp;__main
<LI><a href="#[4e]">&gt;&gt;</a>&nbsp;&nbsp;&nbsp;__scatterload_rt2
</UL>

<P><STRONG><a name="[172]"></a>__rt_entry_presh_1</STRONG> (Thumb, 0 bytes, Stack size unknown bytes, __rtentry2.o(.ARM.Collect$$rtentry$$00000002))

<P><STRONG><a name="[56]"></a>__rt_entry_sh</STRONG> (Thumb, 0 bytes, Stack size unknown bytes, __rtentry4.o(.ARM.Collect$$rtentry$$00000004))
<BR><BR>[Stack]<UL><LI>Max Depth = 8 + Unknown Stack Size
<LI>Call Chain = __rt_entry_sh &rArr; __user_setup_stackheap
</UL>
<BR>[Calls]<UL><LI><a href="#[57]">&gt;&gt;</a>&nbsp;&nbsp;&nbsp;__user_setup_stackheap
</UL>

<P><STRONG><a name="[58]"></a>__rt_entry_li</STRONG> (Thumb, 0 bytes, Stack size unknown bytes, __rtentry2.o(.ARM.Collect$$rtentry$$0000000A))
<BR><BR>[Calls]<UL><LI><a href="#[59]">&gt;&gt;</a>&nbsp;&nbsp;&nbsp;__rt_lib_init
</UL>

<P><STRONG><a name="[173]"></a>__rt_entry_postsh_1</STRONG> (Thumb, 0 bytes, Stack size unknown bytes, __rtentry2.o(.ARM.Collect$$rtentry$$00000009))

<P><STRONG><a name="[5a]"></a>__rt_entry_main</STRONG> (Thumb, 0 bytes, Stack size unknown bytes, __rtentry2.o(.ARM.Collect$$rtentry$$0000000D))
<BR><BR>[Stack]<UL><LI>Max Depth = 456 + Unknown Stack Size
<LI>Call Chain = __rt_entry_main &rArr; main &rArr; netif_add &rArr; netif_set_addr &rArr; netif_set_ipaddr &rArr; tcp_abort &rArr; tcp_abandon &rArr; tcp_pcb_remove &rArr; tcp_output &rArr; tcp_output_segment &rArr; ip_output &rArr; ip_output_if &rArr; ip_frag &rArr; pbuf_alloc &rArr; malloc &rArr; __Heap_Full &rArr; __Heap_ProvideMemory &rArr; free
</UL>
<BR>[Calls]<UL><LI><a href="#[5b]">&gt;&gt;</a>&nbsp;&nbsp;&nbsp;main
<LI><a href="#[5c]">&gt;&gt;</a>&nbsp;&nbsp;&nbsp;exit
</UL>

<P><STRONG><a name="[174]"></a>__rt_entry_postli_1</STRONG> (Thumb, 0 bytes, Stack size unknown bytes, __rtentry2.o(.ARM.Collect$$rtentry$$0000000C))

<P><STRONG><a name="[79]"></a>__rt_exit</STRONG> (Thumb, 0 bytes, Stack size unknown bytes, rtexit.o(.ARM.Collect$$rtexit$$00000000))
<BR><BR>[Called By]<UL><LI><a href="#[5c]">&gt;&gt;</a>&nbsp;&nbsp;&nbsp;exit
</UL>

<P><STRONG><a name="[5d]"></a>__rt_exit_ls</STRONG> (Thumb, 0 bytes, Stack size unknown bytes, rtexit2.o(.ARM.Collect$$rtexit$$00000003))
<BR><BR>[Calls]<UL><LI><a href="#[5e]">&gt;&gt;</a>&nbsp;&nbsp;&nbsp;__rt_lib_shutdown
</UL>

<P><STRONG><a name="[175]"></a>__rt_exit_prels_1</STRONG> (Thumb, 0 bytes, Stack size unknown bytes, rtexit2.o(.ARM.Collect$$rtexit$$00000002))

<P><STRONG><a name="[5f]"></a>__rt_exit_exit</STRONG> (Thumb, 0 bytes, Stack size unknown bytes, rtexit2.o(.ARM.Collect$$rtexit$$00000004))
<BR><BR>[Calls]<UL><LI><a href="#[60]">&gt;&gt;</a>&nbsp;&nbsp;&nbsp;_sys_exit
</UL>

<P><STRONG><a name="[9]"></a>Reset_Handler</STRONG> (Thumb, 8 bytes, Stack size 0 bytes, keil_startup_lpc17xx_40xx.o(.text))
<BR>[Address Reference Count : 1]<UL><LI> keil_startup_lpc17xx_40xx.o(RESET)
</UL>
<P><STRONG><a name="[176]"></a>_maybe_terminate_alloc</STRONG> (Thumb, 0 bytes, Stack size 0 bytes, maybetermalloc1.o(.emb_text), UNUSED)

<P><STRONG><a name="[a]"></a>NMI_Handler</STRONG> (Thumb, 2 bytes, Stack size 0 bytes, keil_startup_lpc17xx_40xx.o(.text))
<BR><BR>[Calls]<UL><LI><a href="#[a]">&gt;&gt;</a>&nbsp;&nbsp;&nbsp;NMI_Handler
</UL>
<BR>[Called By]<UL><LI><a href="#[a]">&gt;&gt;</a>&nbsp;&nbsp;&nbsp;NMI_Handler
</UL>
<BR>[Address Reference Count : 1]<UL><LI> keil_startup_lpc17xx_40xx.o(RESET)
</UL>
<P><STRONG><a name="[b]"></a>HardFault_Handler</STRONG> (Thumb, 2 bytes, Stack size 0 bytes, keil_startup_lpc17xx_40xx.o(.text))
<BR><BR>[Calls]<UL><LI><a href="#[b]">&gt;&gt;</a>&nbsp;&nbsp;&nbsp;HardFault_Handler
</UL>
<BR>[Called By]<UL><LI><a href="#[b]">&gt;&gt;</a>&nbsp;&nbsp;&nbsp;HardFault_Handler
</UL>
<BR>[Address Reference Count : 1]<UL><LI> keil_startup_lpc17xx_40xx.o(RESET)
</UL>
<P><STRONG><a name="[c]"></a>MemManage_Handler</STRONG> (Thumb, 2 bytes, Stack size 0 bytes, keil_startup_lpc17xx_40xx.o(.text))
<BR><BR>[Calls]<UL><LI><a href="#[c]">&gt;&gt;</a>&nbsp;&nbsp;&nbsp;MemManage_Handler
</UL>
<BR>[Called By]<UL><LI><a href="#[c]">&gt;&gt;</a>&nbsp;&nbsp;&nbsp;MemManage_Handler
</UL>
<BR>[Address Reference Count : 1]<UL><LI> keil_startup_lpc17xx_40xx.o(RESET)
</UL>
<P><STRONG><a name="[d]"></a>BusFault_Handler</STRONG> (Thumb, 2 bytes, Stack size 0 bytes, keil_startup_lpc17xx_40xx.o(.text))
<BR><BR>[Calls]<UL><LI><a href="#[d]">&gt;&gt;</a>&nbsp;&nbsp;&nbsp;BusFault_Handler
</UL>
<BR>[Called By]<UL><LI><a href="#[d]">&gt;&gt;</a>&nbsp;&nbsp;&nbsp;BusFault_Handler
</UL>
<BR>[Address Reference Count : 1]<UL><LI> keil_startup_lpc17xx_40xx.o(RESET)
</UL>
<P><STRONG><a name="[e]"></a>UsageFault_Handler</STRONG> (Thumb, 2 bytes, Stack size 0 bytes, keil_startup_lpc17xx_40xx.o(.text))
<BR><BR>[Calls]<UL><LI><a href="#[e]">&gt;&gt;</a>&nbsp;&nbsp;&nbsp;UsageFault_Handler
</UL>
<BR>[Called By]<UL><LI><a href="#[e]">&gt;&gt;</a>&nbsp;&nbsp;&nbsp;UsageFault_Handler
</UL>
<BR>[Address Reference Count : 1]<UL><LI> keil_startup_lpc17xx_40xx.o(RESET)
</UL>
<P><STRONG><a name="[10]"></a>SVC_Handler</STRONG> (Thumb, 2 bytes, Stack size 0 bytes, keil_startup_lpc17xx_40xx.o(.text))
<BR><BR>[Calls]<UL><LI><a href="#[10]">&gt;&gt;</a>&nbsp;&nbsp;&nbsp;SVC_Handler
</UL>
<BR>[Called By]<UL><LI><a href="#[10]">&gt;&gt;</a>&nbsp;&nbsp;&nbsp;SVC_Handler
</UL>
<BR>[Address Reference Count : 1]<UL><LI> keil_startup_lpc17xx_40xx.o(RESET)
</UL>
<P><STRONG><a name="[11]"></a>DebugMon_Handler</STRONG> (Thumb, 2 bytes, Stack size 0 bytes, keil_startup_lpc17xx_40xx.o(.text))
<BR><BR>[Calls]<UL><LI><a href="#[11]">&gt;&gt;</a>&nbsp;&nbsp;&nbsp;DebugMon_Handler
</UL>
<BR>[Called By]<UL><LI><a href="#[11]">&gt;&gt;</a>&nbsp;&nbsp;&nbsp;DebugMon_Handler
</UL>
<BR>[Address Reference Count : 1]<UL><LI> keil_startup_lpc17xx_40xx.o(RESET)
</UL>
<P><STRONG><a name="[12]"></a>PendSV_Handler</STRONG> (Thumb, 2 bytes, Stack size 0 bytes, keil_startup_lpc17xx_40xx.o(.text))
<BR><BR>[Calls]<UL><LI><a href="#[12]">&gt;&gt;</a>&nbsp;&nbsp;&nbsp;PendSV_Handler
</UL>
<BR>[Called By]<UL><LI><a href="#[12]">&gt;&gt;</a>&nbsp;&nbsp;&nbsp;PendSV_Handler
</UL>
<BR>[Address Reference Count : 1]<UL><LI> keil_startup_lpc17xx_40xx.o(RESET)
</UL>
<P><STRONG><a name="[f]"></a>UnHandled_Vector</STRONG> (Thumb, 2 bytes, Stack size 0 bytes, keil_startup_lpc17xx_40xx.o(.text))
<BR><BR>[Calls]<UL><LI><a href="#[f]">&gt;&gt;</a>&nbsp;&nbsp;&nbsp;UnHandled_Vector
</UL>
<BR>[Called By]<UL><LI><a href="#[f]">&gt;&gt;</a>&nbsp;&nbsp;&nbsp;UnHandled_Vector
</UL>
<BR>[Address Reference Count : 1]<UL><LI> keil_startup_lpc17xx_40xx.o(RESET)
</UL>
<P><STRONG><a name="[2a]"></a>ADC_IRQHandler</STRONG> (Thumb, 0 bytes, Stack size 0 bytes, keil_startup_lpc17xx_40xx.o(.text))
<BR><BR>[Calls]<UL><LI><a href="#[2a]">&gt;&gt;</a>&nbsp;&nbsp;&nbsp;ADC_IRQHandler
</UL>
<BR>[Called By]<UL><LI><a href="#[2a]">&gt;&gt;</a>&nbsp;&nbsp;&nbsp;ADC_IRQHandler
</UL>
<BR>[Address Reference Count : 1]<UL><LI> keil_startup_lpc17xx_40xx.o(RESET)
</UL>
<P><STRONG><a name="[2b]"></a>BOD_IRQHandler</STRONG> (Thumb, 0 bytes, Stack size 0 bytes, keil_startup_lpc17xx_40xx.o(.text))
<BR>[Address Reference Count : 1]<UL><LI> keil_startup_lpc17xx_40xx.o(RESET)
</UL>
<P><STRONG><a name="[36]"></a>CANActivity_IRQHandler</STRONG> (Thumb, 0 bytes, Stack size 0 bytes, keil_startup_lpc17xx_40xx.o(.text))
<BR>[Address Reference Count : 1]<UL><LI> keil_startup_lpc17xx_40xx.o(RESET)
</UL>
<P><STRONG><a name="[2d]"></a>CAN_IRQHandler</STRONG> (Thumb, 0 bytes, Stack size 0 bytes, keil_startup_lpc17xx_40xx.o(.text))
<BR>[Address Reference Count : 1]<UL><LI> keil_startup_lpc17xx_40xx.o(RESET)
</UL>
<P><STRONG><a name="[2e]"></a>DMA_IRQHandler</STRONG> (Thumb, 0 bytes, Stack size 0 bytes, keil_startup_lpc17xx_40xx.o(.text))
<BR>[Address Reference Count : 1]<UL><LI> keil_startup_lpc17xx_40xx.o(RESET)
</UL>
<P><STRONG><a name="[26]"></a>EINT0_IRQHandler</STRONG> (Thumb, 0 bytes, Stack size 0 bytes, keil_startup_lpc17xx_40xx.o(.text))
<BR>[Address Reference Count : 1]<UL><LI> keil_startup_lpc17xx_40xx.o(RESET)
</UL>
<P><STRONG><a name="[27]"></a>EINT1_IRQHandler</STRONG> (Thumb, 0 bytes, Stack size 0 bytes, keil_startup_lpc17xx_40xx.o(.text))
<BR>[Address Reference Count : 1]<UL><LI> keil_startup_lpc17xx_40xx.o(RESET)
</UL>
<P><STRONG><a name="[28]"></a>EINT2_IRQHandler</STRONG> (Thumb, 0 bytes, Stack size 0 bytes, keil_startup_lpc17xx_40xx.o(.text))
<BR>[Address Reference Count : 1]<UL><LI> keil_startup_lpc17xx_40xx.o(RESET)
</UL>
<P><STRONG><a name="[29]"></a>EINT3_IRQHandler</STRONG> (Thumb, 0 bytes, Stack size 0 bytes, keil_startup_lpc17xx_40xx.o(.text))
<BR>[Address Reference Count : 1]<UL><LI> keil_startup_lpc17xx_40xx.o(RESET)
</UL>
<P><STRONG><a name="[1e]"></a>I2C0_IRQHandler</STRONG> (Thumb, 0 bytes, Stack size 0 bytes, keil_startup_lpc17xx_40xx.o(.text))
<BR>[Address Reference Count : 1]<UL><LI> keil_startup_lpc17xx_40xx.o(RESET)
</UL>
<P><STRONG><a name="[1f]"></a>I2C1_IRQHandler</STRONG> (Thumb, 0 bytes, Stack size 0 bytes, keil_startup_lpc17xx_40xx.o(.text))
<BR>[Address Reference Count : 1]<UL><LI> keil_startup_lpc17xx_40xx.o(RESET)
</UL>
<P><STRONG><a name="[20]"></a>I2C2_IRQHandler</STRONG> (Thumb, 0 bytes, Stack size 0 bytes, keil_startup_lpc17xx_40xx.o(.text))
<BR>[Address Reference Count : 1]<UL><LI> keil_startup_lpc17xx_40xx.o(RESET)
</UL>
<P><STRONG><a name="[2f]"></a>I2S_IRQHandler</STRONG> (Thumb, 0 bytes, Stack size 0 bytes, keil_startup_lpc17xx_40xx.o(.text))
<BR>[Address Reference Count : 1]<UL><LI> keil_startup_lpc17xx_40xx.o(RESET)
</UL>
<P><STRONG><a name="[32]"></a>MCPWM_IRQHandler</STRONG> (Thumb, 0 bytes, Stack size 0 bytes, keil_startup_lpc17xx_40xx.o(.text))
<BR>[Address Reference Count : 1]<UL><LI> keil_startup_lpc17xx_40xx.o(RESET)
</UL>
<P><STRONG><a name="[24]"></a>PLL0_IRQHandler</STRONG> (Thumb, 0 bytes, Stack size 0 bytes, keil_startup_lpc17xx_40xx.o(.text))
<BR>[Address Reference Count : 1]<UL><LI> keil_startup_lpc17xx_40xx.o(RESET)
</UL>
<P><STRONG><a name="[34]"></a>PLL1_IRQHandler</STRONG> (Thumb, 0 bytes, Stack size 0 bytes, keil_startup_lpc17xx_40xx.o(.text))
<BR>[Address Reference Count : 1]<UL><LI> keil_startup_lpc17xx_40xx.o(RESET)
</UL>
<P><STRONG><a name="[1d]"></a>PWM1_IRQHandler</STRONG> (Thumb, 0 bytes, Stack size 0 bytes, keil_startup_lpc17xx_40xx.o(.text))
<BR>[Address Reference Count : 1]<UL><LI> keil_startup_lpc17xx_40xx.o(RESET)
</UL>
<P><STRONG><a name="[33]"></a>QEI_IRQHandler</STRONG> (Thumb, 0 bytes, Stack size 0 bytes, keil_startup_lpc17xx_40xx.o(.text))
<BR>[Address Reference Count : 1]<UL><LI> keil_startup_lpc17xx_40xx.o(RESET)
</UL>
<P><STRONG><a name="[31]"></a>RIT_IRQHandler</STRONG> (Thumb, 0 bytes, Stack size 0 bytes, keil_startup_lpc17xx_40xx.o(.text))
<BR>[Address Reference Count : 1]<UL><LI> keil_startup_lpc17xx_40xx.o(RESET)
</UL>
<P><STRONG><a name="[25]"></a>RTC_IRQHandler</STRONG> (Thumb, 0 bytes, Stack size 0 bytes, keil_startup_lpc17xx_40xx.o(.text))
<BR>[Address Reference Count : 1]<UL><LI> keil_startup_lpc17xx_40xx.o(RESET)
</UL>
<P><STRONG><a name="[21]"></a>SPI_IRQHandler</STRONG> (Thumb, 0 bytes, Stack size 0 bytes, keil_startup_lpc17xx_40xx.o(.text))
<BR>[Address Reference Count : 1]<UL><LI> keil_startup_lpc17xx_40xx.o(RESET)
</UL>
<P><STRONG><a name="[22]"></a>SSP0_IRQHandler</STRONG> (Thumb, 0 bytes, Stack size 0 bytes, keil_startup_lpc17xx_40xx.o(.text))
<BR>[Address Reference Count : 1]<UL><LI> keil_startup_lpc17xx_40xx.o(RESET)
</UL>
<P><STRONG><a name="[23]"></a>SSP1_IRQHandler</STRONG> (Thumb, 0 bytes, Stack size 0 bytes, keil_startup_lpc17xx_40xx.o(.text))
<BR>[Address Reference Count : 1]<UL><LI> keil_startup_lpc17xx_40xx.o(RESET)
</UL>
<P><STRONG><a name="[15]"></a>TIMER0_IRQHandler</STRONG> (Thumb, 0 bytes, Stack size 0 bytes, keil_startup_lpc17xx_40xx.o(.text))
<BR>[Address Reference Count : 1]<UL><LI> keil_startup_lpc17xx_40xx.o(RESET)
</UL>
<P><STRONG><a name="[16]"></a>TIMER1_IRQHandler</STRONG> (Thumb, 0 bytes, Stack size 0 bytes, keil_startup_lpc17xx_40xx.o(.text))
<BR>[Address Reference Count : 1]<UL><LI> keil_startup_lpc17xx_40xx.o(RESET)
</UL>
<P><STRONG><a name="[17]"></a>TIMER2_IRQHandler</STRONG> (Thumb, 0 bytes, Stack size 0 bytes, keil_startup_lpc17xx_40xx.o(.text))
<BR>[Address Reference Count : 1]<UL><LI> keil_startup_lpc17xx_40xx.o(RESET)
</UL>
<P><STRONG><a name="[18]"></a>TIMER3_IRQHandler</STRONG> (Thumb, 0 bytes, Stack size 0 bytes, keil_startup_lpc17xx_40xx.o(.text))
<BR>[Address Reference Count : 1]<UL><LI> keil_startup_lpc17xx_40xx.o(RESET)
</UL>
<P><STRONG><a name="[19]"></a>UART0_IRQHandler</STRONG> (Thumb, 0 bytes, Stack size 0 bytes, keil_startup_lpc17xx_40xx.o(.text))
<BR>[Address Reference Count : 1]<UL><LI> keil_startup_lpc17xx_40xx.o(RESET)
</UL>
<P><STRONG><a name="[1a]"></a>UART1_IRQHandler</STRONG> (Thumb, 0 bytes, Stack size 0 bytes, keil_startup_lpc17xx_40xx.o(.text))
<BR>[Address Reference Count : 1]<UL><LI> keil_startup_lpc17xx_40xx.o(RESET)
</UL>
<P><STRONG><a name="[1b]"></a>UART2_IRQHandler</STRONG> (Thumb, 0 bytes, Stack size 0 bytes, keil_startup_lpc17xx_40xx.o(.text))
<BR>[Address Reference Count : 1]<UL><LI> keil_startup_lpc17xx_40xx.o(RESET)
</UL>
<P><STRONG><a name="[1c]"></a>UART3_IRQHandler</STRONG> (Thumb, 0 bytes, Stack size 0 bytes, keil_startup_lpc17xx_40xx.o(.text))
<BR>[Address Reference Count : 1]<UL><LI> keil_startup_lpc17xx_40xx.o(RESET)
</UL>
<P><STRONG><a name="[35]"></a>USBActivity_IRQHandler</STRONG> (Thumb, 0 bytes, Stack size 0 bytes, keil_startup_lpc17xx_40xx.o(.text))
<BR>[Address Reference Count : 1]<UL><LI> keil_startup_lpc17xx_40xx.o(RESET)
</UL>
<P><STRONG><a name="[2c]"></a>USB_IRQHandler</STRONG> (Thumb, 0 bytes, Stack size 0 bytes, keil_startup_lpc17xx_40xx.o(.text))
<BR>[Address Reference Count : 1]<UL><LI> keil_startup_lpc17xx_40xx.o(RESET)
</UL>
<P><STRONG><a name="[14]"></a>WDT_IRQHandler</STRONG> (Thumb, 0 bytes, Stack size 0 bytes, keil_startup_lpc17xx_40xx.o(.text))
<BR>[Address Reference Count : 1]<UL><LI> keil_startup_lpc17xx_40xx.o(RESET)
</UL>
<P><STRONG><a name="[78]"></a>__user_initial_stackheap</STRONG> (Thumb, 0 bytes, Stack size unknown bytes, keil_startup_lpc17xx_40xx.o(.text))
<BR><BR>[Called By]<UL><LI><a href="#[57]">&gt;&gt;</a>&nbsp;&nbsp;&nbsp;__user_setup_stackheap
</UL>

<P><STRONG><a name="[61]"></a>malloc</STRONG> (Thumb, 94 bytes, Stack size 16 bytes, h1_alloc.o(.text))
<BR><BR>[Stack]<UL><LI>Max Depth = 48<LI>Call Chain = malloc &rArr; __Heap_Full &rArr; __Heap_ProvideMemory &rArr; free
</UL>
<BR>[Calls]<UL><LI><a href="#[63]">&gt;&gt;</a>&nbsp;&nbsp;&nbsp;__Heap_Full
<LI><a href="#[62]">&gt;&gt;</a>&nbsp;&nbsp;&nbsp;__rt_heap_descriptor
</UL>
<BR>[Called By]<UL><LI><a href="#[b8]">&gt;&gt;</a>&nbsp;&nbsp;&nbsp;fs_open_default
<LI><a href="#[d4]">&gt;&gt;</a>&nbsp;&nbsp;&nbsp;http_send_data
<LI><a href="#[40]">&gt;&gt;</a>&nbsp;&nbsp;&nbsp;http_accept
<LI><a href="#[de]">&gt;&gt;</a>&nbsp;&nbsp;&nbsp;tcp_listen_with_backlog
<LI><a href="#[a2]">&gt;&gt;</a>&nbsp;&nbsp;&nbsp;sys_timeout
<LI><a href="#[135]">&gt;&gt;</a>&nbsp;&nbsp;&nbsp;tcp_create_segment
<LI><a href="#[14b]">&gt;&gt;</a>&nbsp;&nbsp;&nbsp;tcp_seg_copy
<LI><a href="#[12e]">&gt;&gt;</a>&nbsp;&nbsp;&nbsp;tcp_alloc
<LI><a href="#[b1]">&gt;&gt;</a>&nbsp;&nbsp;&nbsp;pbuf_alloc
<LI><a href="#[f1]">&gt;&gt;</a>&nbsp;&nbsp;&nbsp;ip_reass
<LI><a href="#[eb]">&gt;&gt;</a>&nbsp;&nbsp;&nbsp;ip_frag
</UL>

<P><STRONG><a name="[64]"></a>free</STRONG> (Thumb, 78 bytes, Stack size 16 bytes, h1_free.o(.text))
<BR><BR>[Stack]<UL><LI>Max Depth = 16<LI>Call Chain = free
</UL>
<BR>[Calls]<UL><LI><a href="#[62]">&gt;&gt;</a>&nbsp;&nbsp;&nbsp;__rt_heap_descriptor
</UL>
<BR>[Called By]<UL><LI><a href="#[b7]">&gt;&gt;</a>&nbsp;&nbsp;&nbsp;fs_close
<LI><a href="#[cb]">&gt;&gt;</a>&nbsp;&nbsp;&nbsp;http_state_free
<LI><a href="#[11c]">&gt;&gt;</a>&nbsp;&nbsp;&nbsp;sys_check_timeouts
<LI><a href="#[de]">&gt;&gt;</a>&nbsp;&nbsp;&nbsp;tcp_listen_with_backlog
<LI><a href="#[a7]">&gt;&gt;</a>&nbsp;&nbsp;&nbsp;pbuf_free
<LI><a href="#[f4]">&gt;&gt;</a>&nbsp;&nbsp;&nbsp;tcp_input
<LI><a href="#[14d]">&gt;&gt;</a>&nbsp;&nbsp;&nbsp;tcp_slowtmr
<LI><a href="#[136]">&gt;&gt;</a>&nbsp;&nbsp;&nbsp;tcp_seg_free
<LI><a href="#[12b]">&gt;&gt;</a>&nbsp;&nbsp;&nbsp;tcp_abandon
<LI><a href="#[132]">&gt;&gt;</a>&nbsp;&nbsp;&nbsp;tcp_close_shutdown
<LI><a href="#[f9]">&gt;&gt;</a>&nbsp;&nbsp;&nbsp;ip_reass_dequeue_datagram
<LI><a href="#[ef]">&gt;&gt;</a>&nbsp;&nbsp;&nbsp;ip_frag_free_pbuf_custom_ref
<LI><a href="#[6c]">&gt;&gt;</a>&nbsp;&nbsp;&nbsp;__Heap_ProvideMemory
</UL>

<P><STRONG><a name="[65]"></a>__2printf</STRONG> (Thumb, 20 bytes, Stack size 24 bytes, noretval__2printf.o(.text))
<BR><BR>[Stack]<UL><LI>Max Depth = 128 + Unknown Stack Size
<LI>Call Chain = __2printf &rArr; _printf_char_file &rArr; _printf_char_common &rArr; __printf
</UL>
<BR>[Calls]<UL><LI><a href="#[66]">&gt;&gt;</a>&nbsp;&nbsp;&nbsp;_printf_char_file
</UL>
<BR>[Called By]<UL><LI><a href="#[5b]">&gt;&gt;</a>&nbsp;&nbsp;&nbsp;main
</UL>

<P><STRONG><a name="[67]"></a>__printf</STRONG> (Thumb, 104 bytes, Stack size 24 bytes, __printf.o(.text))
<BR><BR>[Stack]<UL><LI>Max Depth = 24 + Unknown Stack Size
<LI>Call Chain = __printf
</UL>
<BR>[Calls]<UL><LI><a href="#[68]">&gt;&gt;</a>&nbsp;&nbsp;&nbsp;_printf_percent
</UL>
<BR>[Called By]<UL><LI><a href="#[73]">&gt;&gt;</a>&nbsp;&nbsp;&nbsp;_printf_char_common
</UL>

<P><STRONG><a name="[71]"></a>_printf_str</STRONG> (Thumb, 82 bytes, Stack size 16 bytes, _printf_str.o(.text))
<BR><BR>[Stack]<UL><LI>Max Depth = 16<LI>Call Chain = _printf_str
</UL>
<BR>[Called By]<UL><LI><a href="#[70]">&gt;&gt;</a>&nbsp;&nbsp;&nbsp;_printf_cs_common
</UL>

<P><STRONG><a name="[51]"></a>_printf_int_dec</STRONG> (Thumb, 104 bytes, Stack size 24 bytes, _printf_dec.o(.text))
<BR><BR>[Stack]<UL><LI>Max Depth = 56<LI>Call Chain = _printf_int_dec &rArr; _printf_int_common
</UL>
<BR>[Calls]<UL><LI><a href="#[69]">&gt;&gt;</a>&nbsp;&nbsp;&nbsp;_printf_int_common
</UL>
<BR>[Called By]<UL><LI><a href="#[50]">&gt;&gt;</a>&nbsp;&nbsp;&nbsp;_printf_d
</UL>

<P><STRONG><a name="[be]"></a>strchr</STRONG> (Thumb, 20 bytes, Stack size 0 bytes, strchr.o(.text))
<BR><BR>[Called By]<UL><LI><a href="#[cd]">&gt;&gt;</a>&nbsp;&nbsp;&nbsp;http_find_file
<LI><a href="#[bc]">&gt;&gt;</a>&nbsp;&nbsp;&nbsp;get_http_headers
</UL>

<P><STRONG><a name="[bd]"></a>strstr</STRONG> (Thumb, 36 bytes, Stack size 12 bytes, strstr.o(.text))
<BR><BR>[Stack]<UL><LI>Max Depth = 12<LI>Call Chain = strstr
</UL>
<BR>[Called By]<UL><LI><a href="#[ba]">&gt;&gt;</a>&nbsp;&nbsp;&nbsp;get_http_headers
<LI><a href="#[bc]">&gt;&gt;</a>&nbsp;&nbsp;&nbsp;get_http_headers
</UL>

<P><STRONG><a name="[b5]"></a>memcmp</STRONG> (Thumb, 88 bytes, Stack size 8 bytes, memcmp.o(.text))
<BR><BR>[Stack]<UL><LI>Max Depth = 8<LI>Call Chain = memcmp
</UL>
<BR>[Called By]<UL><LI><a href="#[46]">&gt;&gt;</a>&nbsp;&nbsp;&nbsp;ethernet_input
</UL>

<P><STRONG><a name="[c2]"></a>strcpy</STRONG> (Thumb, 72 bytes, Stack size 12 bytes, strcpy.o(.text))
<BR><BR>[Stack]<UL><LI>Max Depth = 12<LI>Call Chain = strcpy
</UL>
<BR>[Called By]<UL><LI><a href="#[ba]">&gt;&gt;</a>&nbsp;&nbsp;&nbsp;get_http_headers
</UL>

<P><STRONG><a name="[c0]"></a>strrchr</STRONG> (Thumb, 22 bytes, Stack size 0 bytes, strrchr.o(.text))
<BR><BR>[Called By]<UL><LI><a href="#[ba]">&gt;&gt;</a>&nbsp;&nbsp;&nbsp;get_http_headers
</UL>

<P><STRONG><a name="[c1]"></a>strlen</STRONG> (Thumb, 62 bytes, Stack size 8 bytes, strlen.o(.text))
<BR><BR>[Stack]<UL><LI>Max Depth = 8<LI>Call Chain = strlen
</UL>
<BR>[Called By]<UL><LI><a href="#[ba]">&gt;&gt;</a>&nbsp;&nbsp;&nbsp;get_http_headers
<LI><a href="#[d1]">&gt;&gt;</a>&nbsp;&nbsp;&nbsp;strnstr
<LI><a href="#[d4]">&gt;&gt;</a>&nbsp;&nbsp;&nbsp;http_send_data
</UL>

<P><STRONG><a name="[d3]"></a>strncmp</STRONG> (Thumb, 150 bytes, Stack size 16 bytes, strncmp.o(.text))
<BR><BR>[Stack]<UL><LI>Max Depth = 16<LI>Call Chain = strncmp
</UL>
<BR>[Called By]<UL><LI><a href="#[d1]">&gt;&gt;</a>&nbsp;&nbsp;&nbsp;strnstr
<LI><a href="#[d2]">&gt;&gt;</a>&nbsp;&nbsp;&nbsp;http_parse_request
</UL>

<P><STRONG><a name="[c3]"></a>strcat</STRONG> (Thumb, 24 bytes, Stack size 0 bytes, strcat.o(.text))
<BR><BR>[Called By]<UL><LI><a href="#[ba]">&gt;&gt;</a>&nbsp;&nbsp;&nbsp;get_http_headers
</UL>

<P><STRONG><a name="[bb]"></a>__aeabi_memcpy</STRONG> (Thumb, 0 bytes, Stack size 0 bytes, rt_memcpy_v6.o(.text))
<BR><BR>[Called By]<UL><LI><a href="#[b8]">&gt;&gt;</a>&nbsp;&nbsp;&nbsp;fs_open_default
<LI><a href="#[112]">&gt;&gt;</a>&nbsp;&nbsp;&nbsp;lwip_chksum_copy
<LI><a href="#[127]">&gt;&gt;</a>&nbsp;&nbsp;&nbsp;pbuf_copy_partial
<LI><a href="#[b2]">&gt;&gt;</a>&nbsp;&nbsp;&nbsp;pbuf_copy
<LI><a href="#[45]">&gt;&gt;</a>&nbsp;&nbsp;&nbsp;lpc_low_level_output
<LI><a href="#[e1]">&gt;&gt;</a>&nbsp;&nbsp;&nbsp;icmp_send_response
<LI><a href="#[f1]">&gt;&gt;</a>&nbsp;&nbsp;&nbsp;ip_reass
<LI><a href="#[eb]">&gt;&gt;</a>&nbsp;&nbsp;&nbsp;ip_frag
<LI><a href="#[fa]">&gt;&gt;</a>&nbsp;&nbsp;&nbsp;ip_reass_free_complete_datagram
</UL>

<P><STRONG><a name="[6a]"></a>__rt_memcpy</STRONG> (Thumb, 138 bytes, Stack size 0 bytes, rt_memcpy_v6.o(.text), UNUSED)
<BR><BR>[Calls]<UL><LI><a href="#[6b]">&gt;&gt;</a>&nbsp;&nbsp;&nbsp;__aeabi_memcpy4
</UL>

<P><STRONG><a name="[177]"></a>_memcpy_lastbytes</STRONG> (Thumb, 0 bytes, Stack size unknown bytes, rt_memcpy_v6.o(.text), UNUSED)

<P><STRONG><a name="[6b]"></a>__aeabi_memcpy4</STRONG> (Thumb, 0 bytes, Stack size 8 bytes, rt_memcpy_w.o(.text))
<BR><BR>[Stack]<UL><LI>Max Depth = 8<LI>Call Chain = __aeabi_memcpy4
</UL>
<BR>[Called By]<UL><LI><a href="#[14b]">&gt;&gt;</a>&nbsp;&nbsp;&nbsp;tcp_seg_copy
<LI><a href="#[6a]">&gt;&gt;</a>&nbsp;&nbsp;&nbsp;__rt_memcpy
</UL>

<P><STRONG><a name="[178]"></a>__aeabi_memcpy8</STRONG> (Thumb, 0 bytes, Stack size 8 bytes, rt_memcpy_w.o(.text), UNUSED)

<P><STRONG><a name="[179]"></a>__rt_memcpy_w</STRONG> (Thumb, 100 bytes, Stack size 8 bytes, rt_memcpy_w.o(.text), UNUSED)

<P><STRONG><a name="[17a]"></a>_memcpy_lastbytes_aligned</STRONG> (Thumb, 0 bytes, Stack size unknown bytes, rt_memcpy_w.o(.text), UNUSED)

<P><STRONG><a name="[b9]"></a>__aeabi_memclr4</STRONG> (Thumb, 0 bytes, Stack size 4 bytes, rt_memclr_w.o(.text))
<BR><BR>[Stack]<UL><LI>Max Depth = 4<LI>Call Chain = __aeabi_memclr4
</UL>
<BR>[Called By]<UL><LI><a href="#[b8]">&gt;&gt;</a>&nbsp;&nbsp;&nbsp;fs_open_default
<LI><a href="#[40]">&gt;&gt;</a>&nbsp;&nbsp;&nbsp;http_accept
<LI><a href="#[12e]">&gt;&gt;</a>&nbsp;&nbsp;&nbsp;tcp_alloc
<LI><a href="#[f1]">&gt;&gt;</a>&nbsp;&nbsp;&nbsp;ip_reass
</UL>

<P><STRONG><a name="[17b]"></a>__aeabi_memclr8</STRONG> (Thumb, 0 bytes, Stack size 4 bytes, rt_memclr_w.o(.text), UNUSED)

<P><STRONG><a name="[17c]"></a>__rt_memclr_w</STRONG> (Thumb, 78 bytes, Stack size 4 bytes, rt_memclr_w.o(.text), UNUSED)

<P><STRONG><a name="[17d]"></a>_memset_w</STRONG> (Thumb, 0 bytes, Stack size unknown bytes, rt_memclr_w.o(.text), UNUSED)

<P><STRONG><a name="[bf]"></a>strcmp</STRONG> (Thumb, 128 bytes, Stack size 0 bytes, strcmpv7m.o(.text))
<BR><BR>[Called By]<UL><LI><a href="#[ba]">&gt;&gt;</a>&nbsp;&nbsp;&nbsp;get_http_headers
<LI><a href="#[bc]">&gt;&gt;</a>&nbsp;&nbsp;&nbsp;get_http_headers
</UL>

<P><STRONG><a name="[17e]"></a>__use_two_region_memory</STRONG> (Thumb, 2 bytes, Stack size 0 bytes, heapauxi.o(.text), UNUSED)

<P><STRONG><a name="[2]"></a>__rt_heap_escrow</STRONG> (Thumb, 2 bytes, Stack size 0 bytes, heapauxi.o(.text), UNUSED)

<P><STRONG><a name="[1]"></a>__rt_heap_expand</STRONG> (Thumb, 2 bytes, Stack size 0 bytes, heapauxi.o(.text), UNUSED)

<P><STRONG><a name="[62]"></a>__rt_heap_descriptor</STRONG> (Thumb, 8 bytes, Stack size 0 bytes, rt_heap_descriptor_intlibspace.o(.text))
<BR><BR>[Called By]<UL><LI><a href="#[55]">&gt;&gt;</a>&nbsp;&nbsp;&nbsp;_init_alloc
<LI><a href="#[64]">&gt;&gt;</a>&nbsp;&nbsp;&nbsp;free
<LI><a href="#[61]">&gt;&gt;</a>&nbsp;&nbsp;&nbsp;malloc
</UL>

<P><STRONG><a name="[17f]"></a>__use_no_heap</STRONG> (Thumb, 2 bytes, Stack size 0 bytes, hguard.o(.text), UNUSED)

<P><STRONG><a name="[180]"></a>__heap$guard</STRONG> (Thumb, 2 bytes, Stack size 0 bytes, hguard.o(.text), UNUSED)

<P><STRONG><a name="[7]"></a>_terminate_user_alloc</STRONG> (Thumb, 2 bytes, Stack size 0 bytes, init_alloc.o(.text), UNUSED)

<P><STRONG><a name="[5]"></a>_init_user_alloc</STRONG> (Thumb, 2 bytes, Stack size 0 bytes, init_alloc.o(.text), UNUSED)

<P><STRONG><a name="[63]"></a>__Heap_Full</STRONG> (Thumb, 34 bytes, Stack size 16 bytes, init_alloc.o(.text))
<BR><BR>[Stack]<UL><LI>Max Depth = 32<LI>Call Chain = __Heap_Full &rArr; __Heap_ProvideMemory &rArr; free
</UL>
<BR>[Calls]<UL><LI><a href="#[6c]">&gt;&gt;</a>&nbsp;&nbsp;&nbsp;__Heap_ProvideMemory
</UL>
<BR>[Called By]<UL><LI><a href="#[61]">&gt;&gt;</a>&nbsp;&nbsp;&nbsp;malloc
</UL>

<P><STRONG><a name="[6d]"></a>__Heap_Broken</STRONG> (Thumb, 6 bytes, Stack size 0 bytes, init_alloc.o(.text), UNUSED)
<BR><BR>[Calls]<UL><LI><a href="#[6e]">&gt;&gt;</a>&nbsp;&nbsp;&nbsp;__rt_SIGRTMEM
</UL>

<P><STRONG><a name="[55]"></a>_init_alloc</STRONG> (Thumb, 94 bytes, Stack size 24 bytes, init_alloc.o(.text))
<BR><BR>[Stack]<UL><LI>Max Depth = 64<LI>Call Chain = _init_alloc &rArr; __rt_SIGRTMEM &rArr; __rt_SIGRTMEM_inner &rArr; __default_signal_display &rArr; _ttywrch
</UL>
<BR>[Calls]<UL><LI><a href="#[6e]">&gt;&gt;</a>&nbsp;&nbsp;&nbsp;__rt_SIGRTMEM
<LI><a href="#[6c]">&gt;&gt;</a>&nbsp;&nbsp;&nbsp;__Heap_ProvideMemory
<LI><a href="#[6f]">&gt;&gt;</a>&nbsp;&nbsp;&nbsp;__Heap_Initialize
<LI><a href="#[62]">&gt;&gt;</a>&nbsp;&nbsp;&nbsp;__rt_heap_descriptor
</UL>
<BR>[Called By]<UL><LI><a href="#[54]">&gt;&gt;</a>&nbsp;&nbsp;&nbsp;__rt_lib_init_heap_2
</UL>

<P><STRONG><a name="[6f]"></a>__Heap_Initialize</STRONG> (Thumb, 10 bytes, Stack size 0 bytes, h1_init.o(.text))
<BR><BR>[Called By]<UL><LI><a href="#[55]">&gt;&gt;</a>&nbsp;&nbsp;&nbsp;_init_alloc
</UL>

<P><STRONG><a name="[3]"></a>__Heap_DescSize</STRONG> (Thumb, 4 bytes, Stack size 0 bytes, h1_init.o(.text), UNUSED)

<P><STRONG><a name="[69]"></a>_printf_int_common</STRONG> (Thumb, 178 bytes, Stack size 32 bytes, _printf_intcommon.o(.text))
<BR><BR>[Stack]<UL><LI>Max Depth = 32<LI>Call Chain = _printf_int_common
</UL>
<BR>[Called By]<UL><LI><a href="#[51]">&gt;&gt;</a>&nbsp;&nbsp;&nbsp;_printf_int_dec
</UL>

<P><STRONG><a name="[70]"></a>_printf_cs_common</STRONG> (Thumb, 20 bytes, Stack size 8 bytes, _printf_char.o(.text))
<BR><BR>[Stack]<UL><LI>Max Depth = 24<LI>Call Chain = _printf_cs_common &rArr; _printf_str
</UL>
<BR>[Calls]<UL><LI><a href="#[71]">&gt;&gt;</a>&nbsp;&nbsp;&nbsp;_printf_str
</UL>
<BR>[Called By]<UL><LI><a href="#[53]">&gt;&gt;</a>&nbsp;&nbsp;&nbsp;_printf_string
<LI><a href="#[72]">&gt;&gt;</a>&nbsp;&nbsp;&nbsp;_printf_char
</UL>

<P><STRONG><a name="[72]"></a>_printf_char</STRONG> (Thumb, 16 bytes, Stack size 0 bytes, _printf_char.o(.text), UNUSED)
<BR><BR>[Calls]<UL><LI><a href="#[70]">&gt;&gt;</a>&nbsp;&nbsp;&nbsp;_printf_cs_common
</UL>

<P><STRONG><a name="[53]"></a>_printf_string</STRONG> (Thumb, 8 bytes, Stack size 0 bytes, _printf_char.o(.text))
<BR><BR>[Stack]<UL><LI>Max Depth = 24<LI>Call Chain = _printf_string &rArr; _printf_cs_common &rArr; _printf_str
</UL>
<BR>[Calls]<UL><LI><a href="#[70]">&gt;&gt;</a>&nbsp;&nbsp;&nbsp;_printf_cs_common
</UL>
<BR>[Called By]<UL><LI><a href="#[52]">&gt;&gt;</a>&nbsp;&nbsp;&nbsp;_printf_s
</UL>

<P><STRONG><a name="[66]"></a>_printf_char_file</STRONG> (Thumb, 32 bytes, Stack size 16 bytes, _printf_char_file.o(.text))
<BR><BR>[Stack]<UL><LI>Max Depth = 104 + Unknown Stack Size
<LI>Call Chain = _printf_char_file &rArr; _printf_char_common &rArr; __printf
</UL>
<BR>[Calls]<UL><LI><a href="#[73]">&gt;&gt;</a>&nbsp;&nbsp;&nbsp;_printf_char_common
<LI><a href="#[74]">&gt;&gt;</a>&nbsp;&nbsp;&nbsp;ferror
</UL>
<BR>[Called By]<UL><LI><a href="#[65]">&gt;&gt;</a>&nbsp;&nbsp;&nbsp;__2printf
</UL>

<P><STRONG><a name="[181]"></a>__user_libspace</STRONG> (Thumb, 8 bytes, Stack size 0 bytes, libspace.o(.text), UNUSED)

<P><STRONG><a name="[77]"></a>__user_perproc_libspace</STRONG> (Thumb, 0 bytes, Stack size 0 bytes, libspace.o(.text))
<BR><BR>[Called By]<UL><LI><a href="#[57]">&gt;&gt;</a>&nbsp;&nbsp;&nbsp;__user_setup_stackheap
</UL>

<P><STRONG><a name="[182]"></a>__user_perthread_libspace</STRONG> (Thumb, 0 bytes, Stack size 0 bytes, libspace.o(.text), UNUSED)

<P><STRONG><a name="[6c]"></a>__Heap_ProvideMemory</STRONG> (Thumb, 52 bytes, Stack size 0 bytes, h1_extend.o(.text))
<BR><BR>[Stack]<UL><LI>Max Depth = 16<LI>Call Chain = __Heap_ProvideMemory &rArr; free
</UL>
<BR>[Calls]<UL><LI><a href="#[64]">&gt;&gt;</a>&nbsp;&nbsp;&nbsp;free
</UL>
<BR>[Called By]<UL><LI><a href="#[55]">&gt;&gt;</a>&nbsp;&nbsp;&nbsp;_init_alloc
<LI><a href="#[63]">&gt;&gt;</a>&nbsp;&nbsp;&nbsp;__Heap_Full
</UL>

<P><STRONG><a name="[73]"></a>_printf_char_common</STRONG> (Thumb, 32 bytes, Stack size 64 bytes, _printf_char_common.o(.text))
<BR><BR>[Stack]<UL><LI>Max Depth = 88 + Unknown Stack Size
<LI>Call Chain = _printf_char_common &rArr; __printf
</UL>
<BR>[Calls]<UL><LI><a href="#[67]">&gt;&gt;</a>&nbsp;&nbsp;&nbsp;__printf
</UL>
<BR>[Called By]<UL><LI><a href="#[66]">&gt;&gt;</a>&nbsp;&nbsp;&nbsp;_printf_char_file
</UL>

<P><STRONG><a name="[6e]"></a>__rt_SIGRTMEM</STRONG> (Thumb, 14 bytes, Stack size 8 bytes, defsig_rtmem_outer.o(.text))
<BR><BR>[Stack]<UL><LI>Max Depth = 40<LI>Call Chain = __rt_SIGRTMEM &rArr; __rt_SIGRTMEM_inner &rArr; __default_signal_display &rArr; _ttywrch
</UL>
<BR>[Calls]<UL><LI><a href="#[75]">&gt;&gt;</a>&nbsp;&nbsp;&nbsp;__rt_SIGRTMEM_inner
<LI><a href="#[76]">&gt;&gt;</a>&nbsp;&nbsp;&nbsp;__sig_exit
</UL>
<BR>[Called By]<UL><LI><a href="#[55]">&gt;&gt;</a>&nbsp;&nbsp;&nbsp;_init_alloc
<LI><a href="#[6d]">&gt;&gt;</a>&nbsp;&nbsp;&nbsp;__Heap_Broken
</UL>

<P><STRONG><a name="[183]"></a>__I$use$semihosting</STRONG> (Thumb, 0 bytes, Stack size 0 bytes, use_no_semi.o(.text), UNUSED)

<P><STRONG><a name="[184]"></a>__use_no_semihosting_swi</STRONG> (Thumb, 2 bytes, Stack size 0 bytes, use_no_semi.o(.text), UNUSED)

<P><STRONG><a name="[185]"></a>__semihosting_library_function</STRONG> (Thumb, 0 bytes, Stack size 8 bytes, indicate_semi.o(.text), UNUSED)

<P><STRONG><a name="[57]"></a>__user_setup_stackheap</STRONG> (Thumb, 74 bytes, Stack size 8 bytes, sys_stackheap_outer.o(.text))
<BR><BR>[Stack]<UL><LI>Max Depth = 8 + Unknown Stack Size
<LI>Call Chain = __user_setup_stackheap
</UL>
<BR>[Calls]<UL><LI><a href="#[78]">&gt;&gt;</a>&nbsp;&nbsp;&nbsp;__user_initial_stackheap
<LI><a href="#[77]">&gt;&gt;</a>&nbsp;&nbsp;&nbsp;__user_perproc_libspace
</UL>
<BR>[Called By]<UL><LI><a href="#[56]">&gt;&gt;</a>&nbsp;&nbsp;&nbsp;__rt_entry_sh
</UL>

<P><STRONG><a name="[5c]"></a>exit</STRONG> (Thumb, 18 bytes, Stack size 8 bytes, exit.o(.text))
<BR><BR>[Stack]<UL><LI>Max Depth = 8 + Unknown Stack Size
<LI>Call Chain = exit
</UL>
<BR>[Calls]<UL><LI><a href="#[79]">&gt;&gt;</a>&nbsp;&nbsp;&nbsp;__rt_exit
</UL>
<BR>[Called By]<UL><LI><a href="#[5a]">&gt;&gt;</a>&nbsp;&nbsp;&nbsp;__rt_entry_main
</UL>

<P><STRONG><a name="[76]"></a>__sig_exit</STRONG> (Thumb, 10 bytes, Stack size 0 bytes, defsig_exit.o(.text))
<BR><BR>[Calls]<UL><LI><a href="#[60]">&gt;&gt;</a>&nbsp;&nbsp;&nbsp;_sys_exit
</UL>
<BR>[Called By]<UL><LI><a href="#[6e]">&gt;&gt;</a>&nbsp;&nbsp;&nbsp;__rt_SIGRTMEM
</UL>

<P><STRONG><a name="[75]"></a>__rt_SIGRTMEM_inner</STRONG> (Thumb, 22 bytes, Stack size 8 bytes, defsig_rtmem_inner.o(.text))
<BR><BR>[Stack]<UL><LI>Max Depth = 32<LI>Call Chain = __rt_SIGRTMEM_inner &rArr; __default_signal_display &rArr; _ttywrch
</UL>
<BR>[Calls]<UL><LI><a href="#[7a]">&gt;&gt;</a>&nbsp;&nbsp;&nbsp;__default_signal_display
</UL>
<BR>[Called By]<UL><LI><a href="#[6e]">&gt;&gt;</a>&nbsp;&nbsp;&nbsp;__rt_SIGRTMEM
</UL>

<P><STRONG><a name="[7a]"></a>__default_signal_display</STRONG> (Thumb, 50 bytes, Stack size 16 bytes, defsig_general.o(.text))
<BR><BR>[Stack]<UL><LI>Max Depth = 24<LI>Call Chain = __default_signal_display &rArr; _ttywrch
</UL>
<BR>[Calls]<UL><LI><a href="#[7b]">&gt;&gt;</a>&nbsp;&nbsp;&nbsp;_ttywrch
</UL>
<BR>[Called By]<UL><LI><a href="#[75]">&gt;&gt;</a>&nbsp;&nbsp;&nbsp;__rt_SIGRTMEM_inner
</UL>

<P><STRONG><a name="[7b]"></a>_ttywrch</STRONG> (Thumb, 14 bytes, Stack size 8 bytes, sys_wrch.o(.text))
<BR><BR>[Stack]<UL><LI>Max Depth = 8<LI>Call Chain = _ttywrch
</UL>
<BR>[Called By]<UL><LI><a href="#[7a]">&gt;&gt;</a>&nbsp;&nbsp;&nbsp;__default_signal_display
</UL>

<P><STRONG><a name="[7c]"></a>Board_Debug_Init</STRONG> (Thumb, 34 bytes, Stack size 8 bytes, board.o(i.Board_Debug_Init))
<BR><BR>[Stack]<UL><LI>Max Depth = 44<LI>Call Chain = Board_Debug_Init &rArr; Chip_UART_SetBaud &rArr; Chip_Clock_GetPeripheralClockRate &rArr; Chip_Clock_GetSystemClockRate &rArr; Chip_Clock_GetMainClockRate &rArr; Chip_Clock_GetMainPLLOutClockRate
</UL>
<BR>[Calls]<UL><LI><a href="#[7f]">&gt;&gt;</a>&nbsp;&nbsp;&nbsp;Chip_UART_TXEnable
<LI><a href="#[7e]">&gt;&gt;</a>&nbsp;&nbsp;&nbsp;Chip_UART_SetBaud
<LI><a href="#[7d]">&gt;&gt;</a>&nbsp;&nbsp;&nbsp;Chip_UART_Init
</UL>
<BR>[Called By]<UL><LI><a href="#[80]">&gt;&gt;</a>&nbsp;&nbsp;&nbsp;Board_Init
</UL>

<P><STRONG><a name="[105]"></a>Board_ENET_GetMacADDR</STRONG> (Thumb, 22 bytes, Stack size 12 bytes, board.o(i.Board_ENET_GetMacADDR))
<BR><BR>[Stack]<UL><LI>Max Depth = 12<LI>Call Chain = Board_ENET_GetMacADDR
</UL>
<BR>[Called By]<UL><LI><a href="#[47]">&gt;&gt;</a>&nbsp;&nbsp;&nbsp;lpc_enetif_init
</UL>

<P><STRONG><a name="[80]"></a>Board_Init</STRONG> (Thumb, 34 bytes, Stack size 8 bytes, board.o(i.Board_Init))
<BR><BR>[Stack]<UL><LI>Max Depth = 52<LI>Call Chain = Board_Init &rArr; Board_Debug_Init &rArr; Chip_UART_SetBaud &rArr; Chip_Clock_GetPeripheralClockRate &rArr; Chip_Clock_GetSystemClockRate &rArr; Chip_Clock_GetMainClockRate &rArr; Chip_Clock_GetMainPLLOutClockRate
</UL>
<BR>[Calls]<UL><LI><a href="#[81]">&gt;&gt;</a>&nbsp;&nbsp;&nbsp;Chip_Clock_EnablePeriphClock
<LI><a href="#[7c]">&gt;&gt;</a>&nbsp;&nbsp;&nbsp;Board_Debug_Init
<LI><a href="#[82]">&gt;&gt;</a>&nbsp;&nbsp;&nbsp;Chip_GPIO_WriteDirBit
</UL>
<BR>[Called By]<UL><LI><a href="#[5b]">&gt;&gt;</a>&nbsp;&nbsp;&nbsp;main
</UL>

<P><STRONG><a name="[83]"></a>Board_LED_Set</STRONG> (Thumb, 18 bytes, Stack size 0 bytes, board.o(i.Board_LED_Set))
<BR><BR>[Calls]<UL><LI><a href="#[84]">&gt;&gt;</a>&nbsp;&nbsp;&nbsp;Chip_GPIO_WritePortBit
</UL>
<BR>[Called By]<UL><LI><a href="#[5b]">&gt;&gt;</a>&nbsp;&nbsp;&nbsp;main
</UL>

<P><STRONG><a name="[85]"></a>Board_SetupClocking</STRONG> (Thumb, 22 bytes, Stack size 8 bytes, board_sysinit.o(i.Board_SetupClocking))
<BR><BR>[Stack]<UL><LI>Max Depth = 16<LI>Call Chain = Board_SetupClocking &rArr; Chip_SetupXtalClocking
</UL>
<BR>[Calls]<UL><LI><a href="#[86]">&gt;&gt;</a>&nbsp;&nbsp;&nbsp;Chip_SetupXtalClocking
</UL>
<BR>[Called By]<UL><LI><a href="#[89]">&gt;&gt;</a>&nbsp;&nbsp;&nbsp;Board_SystemInit
</UL>

<P><STRONG><a name="[87]"></a>Board_SetupMuxing</STRONG> (Thumb, 10 bytes, Stack size 0 bytes, board_sysinit.o(i.Board_SetupMuxing))
<BR><BR>[Stack]<UL><LI>Max Depth = 48<LI>Call Chain = Board_SetupMuxing &rArr; Chip_IOCON_SetPinMuxing &rArr; Chip_IOCON_PinMuxSet &rArr; Chip_IOCON_PinMux
</UL>
<BR>[Calls]<UL><LI><a href="#[88]">&gt;&gt;</a>&nbsp;&nbsp;&nbsp;Chip_IOCON_SetPinMuxing
</UL>
<BR>[Called By]<UL><LI><a href="#[89]">&gt;&gt;</a>&nbsp;&nbsp;&nbsp;Board_SystemInit
</UL>

<P><STRONG><a name="[89]"></a>Board_SystemInit</STRONG> (Thumb, 14 bytes, Stack size 8 bytes, board_sysinit.o(i.Board_SystemInit))
<BR><BR>[Stack]<UL><LI>Max Depth = 56<LI>Call Chain = Board_SystemInit &rArr; Board_SetupMuxing &rArr; Chip_IOCON_SetPinMuxing &rArr; Chip_IOCON_PinMuxSet &rArr; Chip_IOCON_PinMux
</UL>
<BR>[Calls]<UL><LI><a href="#[87]">&gt;&gt;</a>&nbsp;&nbsp;&nbsp;Board_SetupMuxing
<LI><a href="#[85]">&gt;&gt;</a>&nbsp;&nbsp;&nbsp;Board_SetupClocking
</UL>
<BR>[Called By]<UL><LI><a href="#[37]">&gt;&gt;</a>&nbsp;&nbsp;&nbsp;SystemInit
</UL>

<P><STRONG><a name="[8b]"></a>Board_UARTPutChar</STRONG> (Thumb, 12 bytes, Stack size 0 bytes, board.o(i.Board_UARTPutChar))
<BR><BR>[Called By]<UL><LI><a href="#[8a]">&gt;&gt;</a>&nbsp;&nbsp;&nbsp;Board_UARTPutSTR
<LI><a href="#[39]">&gt;&gt;</a>&nbsp;&nbsp;&nbsp;fputc
</UL>

<P><STRONG><a name="[8a]"></a>Board_UARTPutSTR</STRONG> (Thumb, 20 bytes, Stack size 4 bytes, board.o(i.Board_UARTPutSTR))
<BR><BR>[Stack]<UL><LI>Max Depth = 4<LI>Call Chain = Board_UARTPutSTR
</UL>
<BR>[Calls]<UL><LI><a href="#[8b]">&gt;&gt;</a>&nbsp;&nbsp;&nbsp;Board_UARTPutChar
</UL>
<BR>[Called By]<UL><LI><a href="#[b8]">&gt;&gt;</a>&nbsp;&nbsp;&nbsp;fs_open_default
</UL>

<P><STRONG><a name="[8c]"></a>Chip_Clock_DisablePLL</STRONG> (Thumb, 18 bytes, Stack size 0 bytes, clock_17xx_40xx.o(i.Chip_Clock_DisablePLL))
<BR><BR>[Calls]<UL><LI><a href="#[8d]">&gt;&gt;</a>&nbsp;&nbsp;&nbsp;Chip_Clock_FeedPLL
</UL>
<BR>[Called By]<UL><LI><a href="#[86]">&gt;&gt;</a>&nbsp;&nbsp;&nbsp;Chip_SetupXtalClocking
</UL>

<P><STRONG><a name="[8e]"></a>Chip_Clock_EnablePLL</STRONG> (Thumb, 18 bytes, Stack size 0 bytes, clock_17xx_40xx.o(i.Chip_Clock_EnablePLL))
<BR><BR>[Calls]<UL><LI><a href="#[8d]">&gt;&gt;</a>&nbsp;&nbsp;&nbsp;Chip_Clock_FeedPLL
</UL>
<BR>[Called By]<UL><LI><a href="#[86]">&gt;&gt;</a>&nbsp;&nbsp;&nbsp;Chip_SetupXtalClocking
</UL>

<P><STRONG><a name="[81]"></a>Chip_Clock_EnablePeriphClock</STRONG> (Thumb, 16 bytes, Stack size 0 bytes, clock_17xx_40xx.o(i.Chip_Clock_EnablePeriphClock))
<BR><BR>[Called By]<UL><LI><a href="#[80]">&gt;&gt;</a>&nbsp;&nbsp;&nbsp;Board_Init
<LI><a href="#[99]">&gt;&gt;</a>&nbsp;&nbsp;&nbsp;Chip_ENET_Init
<LI><a href="#[7d]">&gt;&gt;</a>&nbsp;&nbsp;&nbsp;Chip_UART_Init
</UL>

<P><STRONG><a name="[96]"></a>Chip_Clock_GetCPUClockDiv</STRONG> (Thumb, 12 bytes, Stack size 0 bytes, clock_17xx_40xx.o(i.Chip_Clock_GetCPUClockDiv))
<BR><BR>[Called By]<UL><LI><a href="#[94]">&gt;&gt;</a>&nbsp;&nbsp;&nbsp;Chip_Clock_GetSystemClockRate
</UL>

<P><STRONG><a name="[90]"></a>Chip_Clock_GetCPUClockSource</STRONG> (Thumb, 18 bytes, Stack size 0 bytes, clock_17xx_40xx.o(i.Chip_Clock_GetCPUClockSource))
<BR><BR>[Called By]<UL><LI><a href="#[8f]">&gt;&gt;</a>&nbsp;&nbsp;&nbsp;Chip_Clock_GetMainClockRate
</UL>

<P><STRONG><a name="[8f]"></a>Chip_Clock_GetMainClockRate</STRONG> (Thumb, 32 bytes, Stack size 4 bytes, clock_17xx_40xx.o(i.Chip_Clock_GetMainClockRate))
<BR><BR>[Stack]<UL><LI>Max Depth = 8<LI>Call Chain = Chip_Clock_GetMainClockRate &rArr; Chip_Clock_GetMainPLLOutClockRate
</UL>
<BR>[Calls]<UL><LI><a href="#[92]">&gt;&gt;</a>&nbsp;&nbsp;&nbsp;Chip_Clock_GetSYSCLKRate
<LI><a href="#[91]">&gt;&gt;</a>&nbsp;&nbsp;&nbsp;Chip_Clock_GetMainPLLOutClockRate
<LI><a href="#[90]">&gt;&gt;</a>&nbsp;&nbsp;&nbsp;Chip_Clock_GetCPUClockSource
</UL>
<BR>[Called By]<UL><LI><a href="#[94]">&gt;&gt;</a>&nbsp;&nbsp;&nbsp;Chip_Clock_GetSystemClockRate
</UL>

<P><STRONG><a name="[91]"></a>Chip_Clock_GetMainPLLOutClockRate</STRONG> (Thumb, 50 bytes, Stack size 4 bytes, clock_17xx_40xx.o(i.Chip_Clock_GetMainPLLOutClockRate))
<BR><BR>[Stack]<UL><LI>Max Depth = 4<LI>Call Chain = Chip_Clock_GetMainPLLOutClockRate
</UL>
<BR>[Calls]<UL><LI><a href="#[92]">&gt;&gt;</a>&nbsp;&nbsp;&nbsp;Chip_Clock_GetSYSCLKRate
</UL>
<BR>[Called By]<UL><LI><a href="#[8f]">&gt;&gt;</a>&nbsp;&nbsp;&nbsp;Chip_Clock_GetMainClockRate
</UL>

<P><STRONG><a name="[95]"></a>Chip_Clock_GetPCLKDiv</STRONG> (Thumb, 60 bytes, Stack size 0 bytes, clock_17xx_40xx.o(i.Chip_Clock_GetPCLKDiv))
<BR><BR>[Called By]<UL><LI><a href="#[93]">&gt;&gt;</a>&nbsp;&nbsp;&nbsp;Chip_Clock_GetPeripheralClockRate
</UL>

<P><STRONG><a name="[93]"></a>Chip_Clock_GetPeripheralClockRate</STRONG> (Thumb, 22 bytes, Stack size 8 bytes, clock_17xx_40xx.o(i.Chip_Clock_GetPeripheralClockRate))
<BR><BR>[Stack]<UL><LI>Max Depth = 20<LI>Call Chain = Chip_Clock_GetPeripheralClockRate &rArr; Chip_Clock_GetSystemClockRate &rArr; Chip_Clock_GetMainClockRate &rArr; Chip_Clock_GetMainPLLOutClockRate
</UL>
<BR>[Calls]<UL><LI><a href="#[94]">&gt;&gt;</a>&nbsp;&nbsp;&nbsp;Chip_Clock_GetSystemClockRate
<LI><a href="#[95]">&gt;&gt;</a>&nbsp;&nbsp;&nbsp;Chip_Clock_GetPCLKDiv
</UL>
<BR>[Called By]<UL><LI><a href="#[7e]">&gt;&gt;</a>&nbsp;&nbsp;&nbsp;Chip_UART_SetBaud
</UL>

<P><STRONG><a name="[92]"></a>Chip_Clock_GetSYSCLKRate</STRONG> (Thumb, 38 bytes, Stack size 0 bytes, clock_17xx_40xx.o(i.Chip_Clock_GetSYSCLKRate))
<BR><BR>[Called By]<UL><LI><a href="#[91]">&gt;&gt;</a>&nbsp;&nbsp;&nbsp;Chip_Clock_GetMainPLLOutClockRate
<LI><a href="#[8f]">&gt;&gt;</a>&nbsp;&nbsp;&nbsp;Chip_Clock_GetMainClockRate
</UL>

<P><STRONG><a name="[94]"></a>Chip_Clock_GetSystemClockRate</STRONG> (Thumb, 18 bytes, Stack size 4 bytes, clock_17xx_40xx.o(i.Chip_Clock_GetSystemClockRate))
<BR><BR>[Stack]<UL><LI>Max Depth = 12<LI>Call Chain = Chip_Clock_GetSystemClockRate &rArr; Chip_Clock_GetMainClockRate &rArr; Chip_Clock_GetMainPLLOutClockRate
</UL>
<BR>[Calls]<UL><LI><a href="#[8f]">&gt;&gt;</a>&nbsp;&nbsp;&nbsp;Chip_Clock_GetMainClockRate
<LI><a href="#[96]">&gt;&gt;</a>&nbsp;&nbsp;&nbsp;Chip_Clock_GetCPUClockDiv
</UL>
<BR>[Called By]<UL><LI><a href="#[a0]">&gt;&gt;</a>&nbsp;&nbsp;&nbsp;SystemCoreClockUpdate
<LI><a href="#[93]">&gt;&gt;</a>&nbsp;&nbsp;&nbsp;Chip_Clock_GetPeripheralClockRate
<LI><a href="#[98]">&gt;&gt;</a>&nbsp;&nbsp;&nbsp;Chip_ENET_FindMIIDiv
</UL>

<P><STRONG><a name="[9d]"></a>Chip_Clock_SetCPUClockDiv</STRONG> (Thumb, 8 bytes, Stack size 0 bytes, clock_17xx_40xx.o(i.Chip_Clock_SetCPUClockDiv))
<BR><BR>[Called By]<UL><LI><a href="#[86]">&gt;&gt;</a>&nbsp;&nbsp;&nbsp;Chip_SetupXtalClocking
</UL>

<P><STRONG><a name="[97]"></a>Chip_Clock_SetupPLL</STRONG> (Thumb, 32 bytes, Stack size 0 bytes, clock_17xx_40xx.o(i.Chip_Clock_SetupPLL))
<BR><BR>[Calls]<UL><LI><a href="#[8d]">&gt;&gt;</a>&nbsp;&nbsp;&nbsp;Chip_Clock_FeedPLL
</UL>
<BR>[Called By]<UL><LI><a href="#[86]">&gt;&gt;</a>&nbsp;&nbsp;&nbsp;Chip_SetupXtalClocking
</UL>

<P><STRONG><a name="[98]"></a>Chip_ENET_FindMIIDiv</STRONG> (Thumb, 36 bytes, Stack size 16 bytes, enet_17xx_40xx.o(i.Chip_ENET_FindMIIDiv))
<BR><BR>[Stack]<UL><LI>Max Depth = 28<LI>Call Chain = Chip_ENET_FindMIIDiv &rArr; Chip_Clock_GetSystemClockRate &rArr; Chip_Clock_GetMainClockRate &rArr; Chip_Clock_GetMainPLLOutClockRate
</UL>
<BR>[Calls]<UL><LI><a href="#[94]">&gt;&gt;</a>&nbsp;&nbsp;&nbsp;Chip_Clock_GetSystemClockRate
</UL>
<BR>[Called By]<UL><LI><a href="#[fc]">&gt;&gt;</a>&nbsp;&nbsp;&nbsp;low_level_init
</UL>

<P><STRONG><a name="[110]"></a>Chip_ENET_GetFillDescNum</STRONG> (Thumb, 26 bytes, Stack size 0 bytes, enet_17xx_40xx.o(i.Chip_ENET_GetFillDescNum))
<BR><BR>[Called By]<UL><LI><a href="#[10b]">&gt;&gt;</a>&nbsp;&nbsp;&nbsp;lpc_tx_ready
</UL>

<P><STRONG><a name="[109]"></a>Chip_ENET_IncRXConsumeIndex</STRONG> (Thumb, 24 bytes, Stack size 0 bytes, enet_17xx_40xx.o(i.Chip_ENET_IncRXConsumeIndex))
<BR><BR>[Called By]<UL><LI><a href="#[107]">&gt;&gt;</a>&nbsp;&nbsp;&nbsp;lpc_low_level_input
</UL>

<P><STRONG><a name="[10c]"></a>Chip_ENET_IncTXProduceIndex</STRONG> (Thumb, 24 bytes, Stack size 0 bytes, enet_17xx_40xx.o(i.Chip_ENET_IncTXProduceIndex))
<BR><BR>[Called By]<UL><LI><a href="#[45]">&gt;&gt;</a>&nbsp;&nbsp;&nbsp;lpc_low_level_output
</UL>

<P><STRONG><a name="[99]"></a>Chip_ENET_Init</STRONG> (Thumb, 114 bytes, Stack size 16 bytes, enet_17xx_40xx.o(i.Chip_ENET_Init))
<BR><BR>[Stack]<UL><LI>Max Depth = 16<LI>Call Chain = Chip_ENET_Init
</UL>
<BR>[Calls]<UL><LI><a href="#[81]">&gt;&gt;</a>&nbsp;&nbsp;&nbsp;Chip_Clock_EnablePeriphClock
</UL>
<BR>[Called By]<UL><LI><a href="#[fc]">&gt;&gt;</a>&nbsp;&nbsp;&nbsp;low_level_init
</UL>

<P><STRONG><a name="[10f]"></a>Chip_ENET_InitRxDescriptors</STRONG> (Thumb, 22 bytes, Stack size 0 bytes, enet_17xx_40xx.o(i.Chip_ENET_InitRxDescriptors))
<BR><BR>[Called By]<UL><LI><a href="#[100]">&gt;&gt;</a>&nbsp;&nbsp;&nbsp;lpc_rx_setup
</UL>

<P><STRONG><a name="[ff]"></a>Chip_ENET_InitTxDescriptors</STRONG> (Thumb, 22 bytes, Stack size 0 bytes, enet_17xx_40xx.o(i.Chip_ENET_InitTxDescriptors))
<BR><BR>[Called By]<UL><LI><a href="#[fc]">&gt;&gt;</a>&nbsp;&nbsp;&nbsp;low_level_init
</UL>

<P><STRONG><a name="[103]"></a>Chip_ENET_ReadMIIData</STRONG> (Thumb, 10 bytes, Stack size 0 bytes, enet_17xx_40xx.o(i.Chip_ENET_ReadMIIData))
<BR><BR>[Called By]<UL><LI><a href="#[101]">&gt;&gt;</a>&nbsp;&nbsp;&nbsp;lpcPHYStsPoll
<LI><a href="#[fe]">&gt;&gt;</a>&nbsp;&nbsp;&nbsp;lpc_phy_init
</UL>

<P><STRONG><a name="[11d]"></a>Chip_ENET_SetFullDuplex</STRONG> (Thumb, 26 bytes, Stack size 0 bytes, enet_17xx_40xx.o(i.Chip_ENET_SetFullDuplex))
<BR><BR>[Called By]<UL><LI><a href="#[5b]">&gt;&gt;</a>&nbsp;&nbsp;&nbsp;main
</UL>

<P><STRONG><a name="[11e]"></a>Chip_ENET_SetHalfDuplex</STRONG> (Thumb, 26 bytes, Stack size 0 bytes, enet_17xx_40xx.o(i.Chip_ENET_SetHalfDuplex))
<BR><BR>[Called By]<UL><LI><a href="#[5b]">&gt;&gt;</a>&nbsp;&nbsp;&nbsp;main
</UL>

<P><STRONG><a name="[fd]"></a>Chip_ENET_SetupMII</STRONG> (Thumb, 32 bytes, Stack size 0 bytes, enet_17xx_40xx.o(i.Chip_ENET_SetupMII))
<BR><BR>[Called By]<UL><LI><a href="#[fc]">&gt;&gt;</a>&nbsp;&nbsp;&nbsp;low_level_init
</UL>

<P><STRONG><a name="[102]"></a>Chip_ENET_StartMIIRead</STRONG> (Thumb, 18 bytes, Stack size 0 bytes, enet_17xx_40xx.o(i.Chip_ENET_StartMIIRead))
<BR><BR>[Called By]<UL><LI><a href="#[101]">&gt;&gt;</a>&nbsp;&nbsp;&nbsp;lpcPHYStsPoll
<LI><a href="#[fe]">&gt;&gt;</a>&nbsp;&nbsp;&nbsp;lpc_phy_init
</UL>

<P><STRONG><a name="[10e]"></a>Chip_ENET_StartMIIWrite</STRONG> (Thumb, 20 bytes, Stack size 0 bytes, enet_17xx_40xx.o(i.Chip_ENET_StartMIIWrite))
<BR><BR>[Called By]<UL><LI><a href="#[10d]">&gt;&gt;</a>&nbsp;&nbsp;&nbsp;lpc_mii_write
</UL>

<P><STRONG><a name="[9c]"></a>Chip_IOCON_PinMux</STRONG> (Thumb, 50 bytes, Stack size 16 bytes, iocon_17xx_40xx.o(i.Chip_IOCON_PinMux))
<BR><BR>[Stack]<UL><LI>Max Depth = 16<LI>Call Chain = Chip_IOCON_PinMux
</UL>
<BR>[Called By]<UL><LI><a href="#[9b]">&gt;&gt;</a>&nbsp;&nbsp;&nbsp;Chip_IOCON_PinMuxSet
</UL>

<P><STRONG><a name="[9b]"></a>Chip_IOCON_PinMuxSet</STRONG> (Thumb, 16 bytes, Stack size 12 bytes, iocon_17xx_40xx.o(i.Chip_IOCON_PinMuxSet))
<BR><BR>[Stack]<UL><LI>Max Depth = 28<LI>Call Chain = Chip_IOCON_PinMuxSet &rArr; Chip_IOCON_PinMux
</UL>
<BR>[Calls]<UL><LI><a href="#[9c]">&gt;&gt;</a>&nbsp;&nbsp;&nbsp;Chip_IOCON_PinMux
</UL>
<BR>[Called By]<UL><LI><a href="#[88]">&gt;&gt;</a>&nbsp;&nbsp;&nbsp;Chip_IOCON_SetPinMuxing
</UL>

<P><STRONG><a name="[88]"></a>Chip_IOCON_SetPinMuxing</STRONG> (Thumb, 40 bytes, Stack size 20 bytes, iocon_17xx_40xx.o(i.Chip_IOCON_SetPinMuxing))
<BR><BR>[Stack]<UL><LI>Max Depth = 48<LI>Call Chain = Chip_IOCON_SetPinMuxing &rArr; Chip_IOCON_PinMuxSet &rArr; Chip_IOCON_PinMux
</UL>
<BR>[Calls]<UL><LI><a href="#[9b]">&gt;&gt;</a>&nbsp;&nbsp;&nbsp;Chip_IOCON_PinMuxSet
</UL>
<BR>[Called By]<UL><LI><a href="#[87]">&gt;&gt;</a>&nbsp;&nbsp;&nbsp;Board_SetupMuxing
</UL>

<P><STRONG><a name="[86]"></a>Chip_SetupXtalClocking</STRONG> (Thumb, 134 bytes, Stack size 8 bytes, sysinit_17xx_40xx.o(i.Chip_SetupXtalClocking))
<BR><BR>[Stack]<UL><LI>Max Depth = 8<LI>Call Chain = Chip_SetupXtalClocking
</UL>
<BR>[Calls]<UL><LI><a href="#[97]">&gt;&gt;</a>&nbsp;&nbsp;&nbsp;Chip_Clock_SetupPLL
<LI><a href="#[9d]">&gt;&gt;</a>&nbsp;&nbsp;&nbsp;Chip_Clock_SetCPUClockDiv
<LI><a href="#[8e]">&gt;&gt;</a>&nbsp;&nbsp;&nbsp;Chip_Clock_EnablePLL
<LI><a href="#[8c]">&gt;&gt;</a>&nbsp;&nbsp;&nbsp;Chip_Clock_DisablePLL
</UL>
<BR>[Called By]<UL><LI><a href="#[85]">&gt;&gt;</a>&nbsp;&nbsp;&nbsp;Board_SetupClocking
</UL>

<P><STRONG><a name="[7d]"></a>Chip_UART_Init</STRONG> (Thumb, 52 bytes, Stack size 8 bytes, uart_17xx_40xx.o(i.Chip_UART_Init))
<BR><BR>[Stack]<UL><LI>Max Depth = 8<LI>Call Chain = Chip_UART_Init
</UL>
<BR>[Calls]<UL><LI><a href="#[81]">&gt;&gt;</a>&nbsp;&nbsp;&nbsp;Chip_Clock_EnablePeriphClock
<LI><a href="#[9e]">&gt;&gt;</a>&nbsp;&nbsp;&nbsp;Chip_UART_GetClockIndex
</UL>
<BR>[Called By]<UL><LI><a href="#[7c]">&gt;&gt;</a>&nbsp;&nbsp;&nbsp;Board_Debug_Init
</UL>

<P><STRONG><a name="[7e]"></a>Chip_UART_SetBaud</STRONG> (Thumb, 60 bytes, Stack size 16 bytes, uart_17xx_40xx.o(i.Chip_UART_SetBaud))
<BR><BR>[Stack]<UL><LI>Max Depth = 36<LI>Call Chain = Chip_UART_SetBaud &rArr; Chip_Clock_GetPeripheralClockRate &rArr; Chip_Clock_GetSystemClockRate &rArr; Chip_Clock_GetMainClockRate &rArr; Chip_Clock_GetMainPLLOutClockRate
</UL>
<BR>[Calls]<UL><LI><a href="#[93]">&gt;&gt;</a>&nbsp;&nbsp;&nbsp;Chip_Clock_GetPeripheralClockRate
<LI><a href="#[9f]">&gt;&gt;</a>&nbsp;&nbsp;&nbsp;Chip_UART_GetClkIndex
</UL>
<BR>[Called By]<UL><LI><a href="#[7c]">&gt;&gt;</a>&nbsp;&nbsp;&nbsp;Board_Debug_Init
</UL>

<P><STRONG><a name="[7f]"></a>Chip_UART_TXEnable</STRONG> (Thumb, 6 bytes, Stack size 0 bytes, uart_17xx_40xx.o(i.Chip_UART_TXEnable))
<BR><BR>[Called By]<UL><LI><a href="#[7c]">&gt;&gt;</a>&nbsp;&nbsp;&nbsp;Board_Debug_Init
</UL>

<P><STRONG><a name="[30]"></a>ETH_IRQHandler</STRONG> (Thumb, 14 bytes, Stack size 0 bytes, lpc17xx_40xx_emac.o(i.ETH_IRQHandler))
<BR>[Address Reference Count : 1]<UL><LI> keil_startup_lpc17xx_40xx.o(RESET)
</UL>
<P><STRONG><a name="[118]"></a>SysTick_Enable</STRONG> (Thumb, 50 bytes, Stack size 0 bytes, lpc17xx_40xx_systick_arch.o(i.SysTick_Enable))
<BR><BR>[Called By]<UL><LI><a href="#[5b]">&gt;&gt;</a>&nbsp;&nbsp;&nbsp;main
</UL>

<P><STRONG><a name="[13]"></a>SysTick_Handler</STRONG> (Thumb, 12 bytes, Stack size 0 bytes, lpc17xx_40xx_systick_arch.o(i.SysTick_Handler))
<BR>[Address Reference Count : 1]<UL><LI> keil_startup_lpc17xx_40xx.o(RESET)
</UL>
<P><STRONG><a name="[a0]"></a>SystemCoreClockUpdate</STRONG> (Thumb, 12 bytes, Stack size 8 bytes, chip_17xx_40xx.o(i.SystemCoreClockUpdate))
<BR><BR>[Stack]<UL><LI>Max Depth = 20<LI>Call Chain = SystemCoreClockUpdate &rArr; Chip_Clock_GetSystemClockRate &rArr; Chip_Clock_GetMainClockRate &rArr; Chip_Clock_GetMainPLLOutClockRate
</UL>
<BR>[Calls]<UL><LI><a href="#[94]">&gt;&gt;</a>&nbsp;&nbsp;&nbsp;Chip_Clock_GetSystemClockRate
</UL>
<BR>[Called By]<UL><LI><a href="#[5b]">&gt;&gt;</a>&nbsp;&nbsp;&nbsp;main
</UL>

<P><STRONG><a name="[37]"></a>SystemInit</STRONG> (Thumb, 10 bytes, Stack size 0 bytes, sysinit.o(i.SystemInit))
<BR><BR>[Stack]<UL><LI>Max Depth = 56<LI>Call Chain = SystemInit &rArr; Board_SystemInit &rArr; Board_SetupMuxing &rArr; Chip_IOCON_SetPinMuxing &rArr; Chip_IOCON_PinMuxSet &rArr; Chip_IOCON_PinMux
</UL>
<BR>[Calls]<UL><LI><a href="#[89]">&gt;&gt;</a>&nbsp;&nbsp;&nbsp;Board_SystemInit
</UL>
<BR>[Address Reference Count : 1]<UL><LI> keil_startup_lpc17xx_40xx.o(.text)
</UL>
<P><STRONG><a name="[60]"></a>_sys_exit</STRONG> (Thumb, 4 bytes, Stack size 0 bytes, board.o(i._sys_exit))
<BR><BR>[Calls]<UL><LI><a href="#[60]">&gt;&gt;</a>&nbsp;&nbsp;&nbsp;_sys_exit
</UL>
<BR>[Called By]<UL><LI><a href="#[60]">&gt;&gt;</a>&nbsp;&nbsp;&nbsp;_sys_exit
<LI><a href="#[5f]">&gt;&gt;</a>&nbsp;&nbsp;&nbsp;__rt_exit_exit
<LI><a href="#[76]">&gt;&gt;</a>&nbsp;&nbsp;&nbsp;__sig_exit
</UL>

<P><STRONG><a name="[a3]"></a>assert_loop</STRONG> (Thumb, 2 bytes, Stack size 0 bytes, lpc_debug.o(i.assert_loop))
<BR><BR>[Calls]<UL><LI><a href="#[a3]">&gt;&gt;</a>&nbsp;&nbsp;&nbsp;assert_loop
</UL>
<BR>[Called By]<UL><LI><a href="#[d5]">&gt;&gt;</a>&nbsp;&nbsp;&nbsp;tcp_output
<LI><a href="#[d7]">&gt;&gt;</a>&nbsp;&nbsp;&nbsp;http_write
<LI><a href="#[d4]">&gt;&gt;</a>&nbsp;&nbsp;&nbsp;http_send_data
<LI><a href="#[3c]">&gt;&gt;</a>&nbsp;&nbsp;&nbsp;http_recv
<LI><a href="#[d2]">&gt;&gt;</a>&nbsp;&nbsp;&nbsp;http_parse_request
<LI><a href="#[d0]">&gt;&gt;</a>&nbsp;&nbsp;&nbsp;http_init_file
<LI><a href="#[40]">&gt;&gt;</a>&nbsp;&nbsp;&nbsp;http_accept
<LI><a href="#[119]">&gt;&gt;</a>&nbsp;&nbsp;&nbsp;netif_add
<LI><a href="#[47]">&gt;&gt;</a>&nbsp;&nbsp;&nbsp;lpc_enetif_init
<LI><a href="#[db]">&gt;&gt;</a>&nbsp;&nbsp;&nbsp;httpd_init
<LI><a href="#[46]">&gt;&gt;</a>&nbsp;&nbsp;&nbsp;ethernet_input
<LI><a href="#[da]">&gt;&gt;</a>&nbsp;&nbsp;&nbsp;tcp_write
<LI><a href="#[c9]">&gt;&gt;</a>&nbsp;&nbsp;&nbsp;tcp_sent
<LI><a href="#[d6]">&gt;&gt;</a>&nbsp;&nbsp;&nbsp;tcp_recved
<LI><a href="#[c6]">&gt;&gt;</a>&nbsp;&nbsp;&nbsp;tcp_recv
<LI><a href="#[c8]">&gt;&gt;</a>&nbsp;&nbsp;&nbsp;tcp_poll
<LI><a href="#[de]">&gt;&gt;</a>&nbsp;&nbsp;&nbsp;tcp_listen_with_backlog
<LI><a href="#[c7]">&gt;&gt;</a>&nbsp;&nbsp;&nbsp;tcp_err
<LI><a href="#[dd]">&gt;&gt;</a>&nbsp;&nbsp;&nbsp;tcp_bind
<LI><a href="#[a7]">&gt;&gt;</a>&nbsp;&nbsp;&nbsp;pbuf_free
<LI><a href="#[a3]">&gt;&gt;</a>&nbsp;&nbsp;&nbsp;assert_loop
<LI><a href="#[a2]">&gt;&gt;</a>&nbsp;&nbsp;&nbsp;sys_timeout
<LI><a href="#[e6]">&gt;&gt;</a>&nbsp;&nbsp;&nbsp;ip_output
<LI><a href="#[ea]">&gt;&gt;</a>&nbsp;&nbsp;&nbsp;inet_chksum_pseudo_partial
<LI><a href="#[150]">&gt;&gt;</a>&nbsp;&nbsp;&nbsp;tcp_write_checks
<LI><a href="#[146]">&gt;&gt;</a>&nbsp;&nbsp;&nbsp;tcp_pbuf_prealloc
<LI><a href="#[145]">&gt;&gt;</a>&nbsp;&nbsp;&nbsp;tcp_output_segment
<LI><a href="#[141]">&gt;&gt;</a>&nbsp;&nbsp;&nbsp;tcp_output_alloc_header
<LI><a href="#[135]">&gt;&gt;</a>&nbsp;&nbsp;&nbsp;tcp_create_segment
<LI><a href="#[f4]">&gt;&gt;</a>&nbsp;&nbsp;&nbsp;tcp_input
<LI><a href="#[147]">&gt;&gt;</a>&nbsp;&nbsp;&nbsp;tcp_receive
<LI><a href="#[13f]">&gt;&gt;</a>&nbsp;&nbsp;&nbsp;tcp_process
<LI><a href="#[12d]">&gt;&gt;</a>&nbsp;&nbsp;&nbsp;tcp_rst
<LI><a href="#[139]">&gt;&gt;</a>&nbsp;&nbsp;&nbsp;tcp_enqueue_flags
<LI><a href="#[14a]">&gt;&gt;</a>&nbsp;&nbsp;&nbsp;tcp_update_rcv_ann_wnd
<LI><a href="#[14d]">&gt;&gt;</a>&nbsp;&nbsp;&nbsp;tcp_slowtmr
<LI><a href="#[12c]">&gt;&gt;</a>&nbsp;&nbsp;&nbsp;tcp_pcb_remove
<LI><a href="#[12b]">&gt;&gt;</a>&nbsp;&nbsp;&nbsp;tcp_abandon
<LI><a href="#[132]">&gt;&gt;</a>&nbsp;&nbsp;&nbsp;tcp_close_shutdown
<LI><a href="#[e5]">&gt;&gt;</a>&nbsp;&nbsp;&nbsp;ip_output_if
<LI><a href="#[f0]">&gt;&gt;</a>&nbsp;&nbsp;&nbsp;pbuf_realloc
<LI><a href="#[ab]">&gt;&gt;</a>&nbsp;&nbsp;&nbsp;pbuf_header
<LI><a href="#[127]">&gt;&gt;</a>&nbsp;&nbsp;&nbsp;pbuf_copy_partial
<LI><a href="#[b2]">&gt;&gt;</a>&nbsp;&nbsp;&nbsp;pbuf_copy
<LI><a href="#[ee]">&gt;&gt;</a>&nbsp;&nbsp;&nbsp;pbuf_cat
<LI><a href="#[ed]">&gt;&gt;</a>&nbsp;&nbsp;&nbsp;pbuf_alloced_custom
<LI><a href="#[b1]">&gt;&gt;</a>&nbsp;&nbsp;&nbsp;pbuf_alloc
<LI><a href="#[108]">&gt;&gt;</a>&nbsp;&nbsp;&nbsp;lpc_rx_queue
<LI><a href="#[45]">&gt;&gt;</a>&nbsp;&nbsp;&nbsp;lpc_low_level_output
<LI><a href="#[af]">&gt;&gt;</a>&nbsp;&nbsp;&nbsp;etharp_query
<LI><a href="#[aa]">&gt;&gt;</a>&nbsp;&nbsp;&nbsp;etharp_output
<LI><a href="#[a5]">&gt;&gt;</a>&nbsp;&nbsp;&nbsp;etharp_update_arp_entry
<LI><a href="#[ad]">&gt;&gt;</a>&nbsp;&nbsp;&nbsp;etharp_send_ip
<LI><a href="#[b4]">&gt;&gt;</a>&nbsp;&nbsp;&nbsp;etharp_raw
<LI><a href="#[ae]">&gt;&gt;</a>&nbsp;&nbsp;&nbsp;etharp_output_to_arp_index
<LI><a href="#[a8]">&gt;&gt;</a>&nbsp;&nbsp;&nbsp;etharp_find_entry
<LI><a href="#[a4]">&gt;&gt;</a>&nbsp;&nbsp;&nbsp;etharp_arp_input
<LI><a href="#[e1]">&gt;&gt;</a>&nbsp;&nbsp;&nbsp;icmp_send_response
<LI><a href="#[e2]">&gt;&gt;</a>&nbsp;&nbsp;&nbsp;icmp_input
<LI><a href="#[eb]">&gt;&gt;</a>&nbsp;&nbsp;&nbsp;ip_frag
<LI><a href="#[41]">&gt;&gt;</a>&nbsp;&nbsp;&nbsp;ipfrag_free_pbuf_custom
<LI><a href="#[fa]">&gt;&gt;</a>&nbsp;&nbsp;&nbsp;ip_reass_free_complete_datagram
<LI><a href="#[f9]">&gt;&gt;</a>&nbsp;&nbsp;&nbsp;ip_reass_dequeue_datagram
<LI><a href="#[f8]">&gt;&gt;</a>&nbsp;&nbsp;&nbsp;ip_reass_chain_frag_into_datagram_and_validate
<LI><a href="#[ef]">&gt;&gt;</a>&nbsp;&nbsp;&nbsp;ip_frag_free_pbuf_custom_ref
<LI><a href="#[f3]">&gt;&gt;</a>&nbsp;&nbsp;&nbsp;udp_input
</UL>

<P><STRONG><a name="[aa]"></a>etharp_output</STRONG> (Thumb, 260 bytes, Stack size 32 bytes, etharp.o(i.etharp_output))
<BR><BR>[Stack]<UL><LI>Max Depth = 240<LI>Call Chain = etharp_output &rArr; etharp_query &rArr; etharp_request &rArr; etharp_raw &rArr; pbuf_alloc &rArr; malloc &rArr; __Heap_Full &rArr; __Heap_ProvideMemory &rArr; free
</UL>
<BR>[Calls]<UL><LI><a href="#[a3]">&gt;&gt;</a>&nbsp;&nbsp;&nbsp;assert_loop
<LI><a href="#[ac]">&gt;&gt;</a>&nbsp;&nbsp;&nbsp;ip4_addr_isbroadcast
<LI><a href="#[ab]">&gt;&gt;</a>&nbsp;&nbsp;&nbsp;pbuf_header
<LI><a href="#[af]">&gt;&gt;</a>&nbsp;&nbsp;&nbsp;etharp_query
<LI><a href="#[ad]">&gt;&gt;</a>&nbsp;&nbsp;&nbsp;etharp_send_ip
<LI><a href="#[ae]">&gt;&gt;</a>&nbsp;&nbsp;&nbsp;etharp_output_to_arp_index
</UL>
<BR>[Called By]<UL><LI><a href="#[44]">&gt;&gt;</a>&nbsp;&nbsp;&nbsp;lpc_etharp_output
</UL>

<P><STRONG><a name="[af]"></a>etharp_query</STRONG> (Thumb, 264 bytes, Stack size 56 bytes, etharp.o(i.etharp_query))
<BR><BR>[Stack]<UL><LI>Max Depth = 208<LI>Call Chain = etharp_query &rArr; etharp_request &rArr; etharp_raw &rArr; pbuf_alloc &rArr; malloc &rArr; __Heap_Full &rArr; __Heap_ProvideMemory &rArr; free
</UL>
<BR>[Calls]<UL><LI><a href="#[b3]">&gt;&gt;</a>&nbsp;&nbsp;&nbsp;pbuf_ref
<LI><a href="#[a7]">&gt;&gt;</a>&nbsp;&nbsp;&nbsp;pbuf_free
<LI><a href="#[a3]">&gt;&gt;</a>&nbsp;&nbsp;&nbsp;assert_loop
<LI><a href="#[ac]">&gt;&gt;</a>&nbsp;&nbsp;&nbsp;ip4_addr_isbroadcast
<LI><a href="#[b2]">&gt;&gt;</a>&nbsp;&nbsp;&nbsp;pbuf_copy
<LI><a href="#[b1]">&gt;&gt;</a>&nbsp;&nbsp;&nbsp;pbuf_alloc
<LI><a href="#[b0]">&gt;&gt;</a>&nbsp;&nbsp;&nbsp;etharp_request
<LI><a href="#[ad]">&gt;&gt;</a>&nbsp;&nbsp;&nbsp;etharp_send_ip
<LI><a href="#[a8]">&gt;&gt;</a>&nbsp;&nbsp;&nbsp;etharp_find_entry
</UL>
<BR>[Called By]<UL><LI><a href="#[aa]">&gt;&gt;</a>&nbsp;&nbsp;&nbsp;etharp_output
</UL>

<P><STRONG><a name="[b0]"></a>etharp_request</STRONG> (Thumb, 32 bytes, Stack size 24 bytes, etharp.o(i.etharp_request))
<BR><BR>[Stack]<UL><LI>Max Depth = 152<LI>Call Chain = etharp_request &rArr; etharp_raw &rArr; pbuf_alloc &rArr; malloc &rArr; __Heap_Full &rArr; __Heap_ProvideMemory &rArr; free
</UL>
<BR>[Calls]<UL><LI><a href="#[b4]">&gt;&gt;</a>&nbsp;&nbsp;&nbsp;etharp_raw
</UL>
<BR>[Called By]<UL><LI><a href="#[11b]">&gt;&gt;</a>&nbsp;&nbsp;&nbsp;netif_set_up
<LI><a href="#[11f]">&gt;&gt;</a>&nbsp;&nbsp;&nbsp;netif_set_link_up
<LI><a href="#[af]">&gt;&gt;</a>&nbsp;&nbsp;&nbsp;etharp_query
<LI><a href="#[ae]">&gt;&gt;</a>&nbsp;&nbsp;&nbsp;etharp_output_to_arp_index
</UL>

<P><STRONG><a name="[a1]"></a>etharp_tmr</STRONG> (Thumb, 66 bytes, Stack size 16 bytes, etharp.o(i.etharp_tmr))
<BR><BR>[Stack]<UL><LI>Max Depth = 64<LI>Call Chain = etharp_tmr &rArr; etharp_free_entry &rArr; pbuf_free &rArr; free
</UL>
<BR>[Calls]<UL><LI><a href="#[a9]">&gt;&gt;</a>&nbsp;&nbsp;&nbsp;etharp_free_entry
</UL>
<BR>[Called By]<UL><LI><a href="#[3b]">&gt;&gt;</a>&nbsp;&nbsp;&nbsp;arp_timer
</UL>

<P><STRONG><a name="[46]"></a>ethernet_input</STRONG> (Thumb, 144 bytes, Stack size 16 bytes, etharp.o(i.ethernet_input))
<BR><BR>[Stack]<UL><LI>Max Depth = 512<LI>Call Chain = ethernet_input &rArr; ip_input &rArr; tcp_input &rArr; tcp_process &rArr; tcp_abort &rArr; tcp_abandon &rArr; tcp_pcb_remove &rArr; tcp_output &rArr; tcp_output_segment &rArr; ip_output &rArr; ip_output_if &rArr; ip_frag &rArr; pbuf_alloc &rArr; malloc &rArr; __Heap_Full &rArr; __Heap_ProvideMemory &rArr; free
</UL>
<BR>[Calls]<UL><LI><a href="#[a7]">&gt;&gt;</a>&nbsp;&nbsp;&nbsp;pbuf_free
<LI><a href="#[a3]">&gt;&gt;</a>&nbsp;&nbsp;&nbsp;assert_loop
<LI><a href="#[ab]">&gt;&gt;</a>&nbsp;&nbsp;&nbsp;pbuf_header
<LI><a href="#[a4]">&gt;&gt;</a>&nbsp;&nbsp;&nbsp;etharp_arp_input
<LI><a href="#[b6]">&gt;&gt;</a>&nbsp;&nbsp;&nbsp;ip_input
<LI><a href="#[b5]">&gt;&gt;</a>&nbsp;&nbsp;&nbsp;memcmp
</UL>
<BR>[Address Reference Count : 1]<UL><LI> webserver.o(i.main)
</UL>
<P><STRONG><a name="[74]"></a>ferror</STRONG> (Thumb, 6 bytes, Stack size 0 bytes, board.o(i.ferror))
<BR><BR>[Called By]<UL><LI><a href="#[66]">&gt;&gt;</a>&nbsp;&nbsp;&nbsp;_printf_char_file
</UL>

<P><STRONG><a name="[39]"></a>fputc</STRONG> (Thumb, 12 bytes, Stack size 4 bytes, board.o(i.fputc))
<BR><BR>[Stack]<UL><LI>Max Depth = 4<LI>Call Chain = fputc
</UL>
<BR>[Calls]<UL><LI><a href="#[8b]">&gt;&gt;</a>&nbsp;&nbsp;&nbsp;Board_UARTPutChar
</UL>
<BR>[Address Reference Count : 1]<UL><LI> _printf_char_file.o(.text)
</UL>
<P><STRONG><a name="[d8]"></a>fs_bytes_left</STRONG> (Thumb, 4 bytes, Stack size 0 bytes, lwip_fs.o(i.fs_bytes_left))
<BR><BR>[Called By]<UL><LI><a href="#[d4]">&gt;&gt;</a>&nbsp;&nbsp;&nbsp;http_send_data
</UL>

<P><STRONG><a name="[b7]"></a>fs_close</STRONG> (Thumb, 12 bytes, Stack size 0 bytes, lwip_fs.o(i.fs_close))
<BR><BR>[Stack]<UL><LI>Max Depth = 16<LI>Call Chain = fs_close &rArr; free
</UL>
<BR>[Calls]<UL><LI><a href="#[64]">&gt;&gt;</a>&nbsp;&nbsp;&nbsp;free
</UL>
<BR>[Called By]<UL><LI><a href="#[cb]">&gt;&gt;</a>&nbsp;&nbsp;&nbsp;http_state_free
</UL>

<P><STRONG><a name="[ce]"></a>fs_open</STRONG> (Thumb, 4 bytes, Stack size 0 bytes, lwip_fs.o(i.fs_open))
<BR><BR>[Called By]<UL><LI><a href="#[cf]">&gt;&gt;</a>&nbsp;&nbsp;&nbsp;http_get_404_file
[...]
<LI><a href="#[f5]">&gt;&gt;</a>&nbsp;&nbsp;&nbsp;ip_route
</UL>
<BR>[Called By]<UL><LI><a href="#[d5]">&gt;&gt;</a>&nbsp;&nbsp;&nbsp;tcp_output
</UL>

<P><STRONG><a name="[146]"></a>tcp_pbuf_prealloc</STRONG> (Thumb, 92 bytes, Stack size 24 bytes, tcp_out.o(i.tcp_pbuf_prealloc))
<BR><BR>[Stack]<UL><LI>Max Depth = 112<LI>Call Chain = tcp_pbuf_prealloc &rArr; pbuf_alloc &rArr; malloc &rArr; __Heap_Full &rArr; __Heap_ProvideMemory &rArr; free
</UL>
<BR>[Calls]<UL><LI><a href="#[a3]">&gt;&gt;</a>&nbsp;&nbsp;&nbsp;assert_loop
<LI><a href="#[b1]">&gt;&gt;</a>&nbsp;&nbsp;&nbsp;pbuf_alloc
</UL>
<BR>[Called By]<UL><LI><a href="#[da]">&gt;&gt;</a>&nbsp;&nbsp;&nbsp;tcp_write
</UL>

<P><STRONG><a name="[151]"></a>tcp_seg_add_chksum</STRONG> (Thumb, 30 bytes, Stack size 8 bytes, tcp_out.o(i.tcp_seg_add_chksum))
<BR><BR>[Stack]<UL><LI>Max Depth = 8<LI>Call Chain = tcp_seg_add_chksum
</UL>
<BR>[Called By]<UL><LI><a href="#[da]">&gt;&gt;</a>&nbsp;&nbsp;&nbsp;tcp_write
</UL>

<P><STRONG><a name="[150]"></a>tcp_write_checks</STRONG> (Thumb, 88 bytes, Stack size 8 bytes, tcp_out.o(i.tcp_write_checks))
<BR><BR>[Stack]<UL><LI>Max Depth = 8<LI>Call Chain = tcp_write_checks
</UL>
<BR>[Calls]<UL><LI><a href="#[a3]">&gt;&gt;</a>&nbsp;&nbsp;&nbsp;assert_loop
</UL>
<BR>[Called By]<UL><LI><a href="#[da]">&gt;&gt;</a>&nbsp;&nbsp;&nbsp;tcp_write
</UL>

<P><STRONG><a name="[3b]"></a>arp_timer</STRONG> (Thumb, 22 bytes, Stack size 8 bytes, timers.o(i.arp_timer))
<BR><BR>[Stack]<UL><LI>Max Depth = 72<LI>Call Chain = arp_timer &rArr; etharp_tmr &rArr; etharp_free_entry &rArr; pbuf_free &rArr; free
</UL>
<BR>[Calls]<UL><LI><a href="#[a1]">&gt;&gt;</a>&nbsp;&nbsp;&nbsp;etharp_tmr
<LI><a href="#[a2]">&gt;&gt;</a>&nbsp;&nbsp;&nbsp;sys_timeout
</UL>
<BR>[Address Reference Count : 2]<UL><LI> timers.o(i.arp_timer)
<LI> timers.o(i.sys_timeouts_init)
</UL>
<P><STRONG><a name="[42]"></a>ip_reass_timer</STRONG> (Thumb, 22 bytes, Stack size 8 bytes, timers.o(i.ip_reass_timer))
<BR><BR>[Stack]<UL><LI>Max Depth = 352<LI>Call Chain = ip_reass_timer &rArr; ip_reass_tmr &rArr; ip_reass_free_complete_datagram &rArr; icmp_time_exceeded &rArr; icmp_send_response &rArr; ip_output &rArr; ip_output_if &rArr; ip_frag &rArr; pbuf_alloc &rArr; malloc &rArr; __Heap_Full &rArr; __Heap_ProvideMemory &rArr; free
</UL>
<BR>[Calls]<UL><LI><a href="#[fb]">&gt;&gt;</a>&nbsp;&nbsp;&nbsp;ip_reass_tmr
<LI><a href="#[a2]">&gt;&gt;</a>&nbsp;&nbsp;&nbsp;sys_timeout
</UL>
<BR>[Address Reference Count : 2]<UL><LI> timers.o(i.ip_reass_timer)
<LI> timers.o(i.sys_timeouts_init)
</UL>
<P><STRONG><a name="[4a]"></a>tcpip_tcp_timer</STRONG> (Thumb, 40 bytes, Stack size 8 bytes, timers.o(i.tcpip_tcp_timer))
<BR><BR>[Stack]<UL><LI>Max Depth = 400<LI>Call Chain = tcpip_tcp_timer &rArr; tcp_tmr &rArr; tcp_fasttmr &rArr; tcp_process_refused_data &rArr; tcp_recv_null &rArr; tcp_recved &rArr; tcp_output &rArr; tcp_output_segment &rArr; ip_output &rArr; ip_output_if &rArr; ip_frag &rArr; pbuf_alloc &rArr; malloc &rArr; __Heap_Full &rArr; __Heap_ProvideMemory &rArr; free
</UL>
<BR>[Calls]<UL><LI><a href="#[a2]">&gt;&gt;</a>&nbsp;&nbsp;&nbsp;sys_timeout
<LI><a href="#[14f]">&gt;&gt;</a>&nbsp;&nbsp;&nbsp;tcp_tmr
</UL>
<BR>[Address Reference Count : 2]<UL><LI> timers.o(i.tcp_timer_needed)
<LI> timers.o(i.tcpip_tcp_timer)
</UL>
<P><STRONG><a name="[ef]"></a>ip_frag_free_pbuf_custom_ref</STRONG> (Thumb, 20 bytes, Stack size 8 bytes, ip_frag.o(i.ip_frag_free_pbuf_custom_ref))
<BR><BR>[Stack]<UL><LI>Max Depth = 24<LI>Call Chain = ip_frag_free_pbuf_custom_ref &rArr; free
</UL>
<BR>[Calls]<UL><LI><a href="#[a3]">&gt;&gt;</a>&nbsp;&nbsp;&nbsp;assert_loop
<LI><a href="#[64]">&gt;&gt;</a>&nbsp;&nbsp;&nbsp;free
</UL>
<BR>[Called By]<UL><LI><a href="#[eb]">&gt;&gt;</a>&nbsp;&nbsp;&nbsp;ip_frag
<LI><a href="#[41]">&gt;&gt;</a>&nbsp;&nbsp;&nbsp;ipfrag_free_pbuf_custom
</UL>

<P><STRONG><a name="[f8]"></a>ip_reass_chain_frag_into_datagram_and_validate</STRONG> (Thumb, 280 bytes, Stack size 32 bytes, ip_frag.o(i.ip_reass_chain_frag_into_datagram_and_validate))
<BR><BR>[Stack]<UL><LI>Max Depth = 64<LI>Call Chain = ip_reass_chain_frag_into_datagram_and_validate &rArr; pbuf_free &rArr; free
</UL>
<BR>[Calls]<UL><LI><a href="#[ec]">&gt;&gt;</a>&nbsp;&nbsp;&nbsp;lwip_ntohs
<LI><a href="#[a7]">&gt;&gt;</a>&nbsp;&nbsp;&nbsp;pbuf_free
<LI><a href="#[a3]">&gt;&gt;</a>&nbsp;&nbsp;&nbsp;assert_loop
<LI><a href="#[f6]">&gt;&gt;</a>&nbsp;&nbsp;&nbsp;pbuf_clen
</UL>
<BR>[Called By]<UL><LI><a href="#[f1]">&gt;&gt;</a>&nbsp;&nbsp;&nbsp;ip_reass
</UL>

<P><STRONG><a name="[f9]"></a>ip_reass_dequeue_datagram</STRONG> (Thumb, 40 bytes, Stack size 16 bytes, ip_frag.o(i.ip_reass_dequeue_datagram))
<BR><BR>[Stack]<UL><LI>Max Depth = 32<LI>Call Chain = ip_reass_dequeue_datagram &rArr; free
</UL>
<BR>[Calls]<UL><LI><a href="#[a3]">&gt;&gt;</a>&nbsp;&nbsp;&nbsp;assert_loop
<LI><a href="#[64]">&gt;&gt;</a>&nbsp;&nbsp;&nbsp;free
</UL>
<BR>[Called By]<UL><LI><a href="#[f1]">&gt;&gt;</a>&nbsp;&nbsp;&nbsp;ip_reass
<LI><a href="#[fa]">&gt;&gt;</a>&nbsp;&nbsp;&nbsp;ip_reass_free_complete_datagram
</UL>

<P><STRONG><a name="[fa]"></a>ip_reass_free_complete_datagram</STRONG> (Thumb, 160 bytes, Stack size 32 bytes, ip_frag.o(i.ip_reass_free_complete_datagram))
<BR><BR>[Stack]<UL><LI>Max Depth = 328<LI>Call Chain = ip_reass_free_complete_datagram &rArr; icmp_time_exceeded &rArr; icmp_send_response &rArr; ip_output &rArr; ip_output_if &rArr; ip_frag &rArr; pbuf_alloc &rArr; malloc &rArr; __Heap_Full &rArr; __Heap_ProvideMemory &rArr; free
</UL>
<BR>[Calls]<UL><LI><a href="#[a7]">&gt;&gt;</a>&nbsp;&nbsp;&nbsp;pbuf_free
<LI><a href="#[a3]">&gt;&gt;</a>&nbsp;&nbsp;&nbsp;assert_loop
<LI><a href="#[f6]">&gt;&gt;</a>&nbsp;&nbsp;&nbsp;pbuf_clen
<LI><a href="#[e7]">&gt;&gt;</a>&nbsp;&nbsp;&nbsp;icmp_time_exceeded
<LI><a href="#[f9]">&gt;&gt;</a>&nbsp;&nbsp;&nbsp;ip_reass_dequeue_datagram
<LI><a href="#[bb]">&gt;&gt;</a>&nbsp;&nbsp;&nbsp;__aeabi_memcpy
</UL>
<BR>[Called By]<UL><LI><a href="#[fb]">&gt;&gt;</a>&nbsp;&nbsp;&nbsp;ip_reass_tmr
<LI><a href="#[f7]">&gt;&gt;</a>&nbsp;&nbsp;&nbsp;ip_reass_remove_oldest_datagram
</UL>

<P><STRONG><a name="[f7]"></a>ip_reass_remove_oldest_datagram</STRONG> (Thumb, 110 bytes, Stack size 24 bytes, ip_frag.o(i.ip_reass_remove_oldest_datagram))
<BR><BR>[Stack]<UL><LI>Max Depth = 352<LI>Call Chain = ip_reass_remove_oldest_datagram &rArr; ip_reass_free_complete_datagram &rArr; icmp_time_exceeded &rArr; icmp_send_response &rArr; ip_output &rArr; ip_output_if &rArr; ip_frag &rArr; pbuf_alloc &rArr; malloc &rArr; __Heap_Full &rArr; __Heap_ProvideMemory &rArr; free
</UL>
<BR>[Calls]<UL><LI><a href="#[fa]">&gt;&gt;</a>&nbsp;&nbsp;&nbsp;ip_reass_free_complete_datagram
</UL>
<BR>[Called By]<UL><LI><a href="#[f1]">&gt;&gt;</a>&nbsp;&nbsp;&nbsp;ip_reass
</UL>

<P><STRONG><a name="[41]"></a>ipfrag_free_pbuf_custom</STRONG> (Thumb, 28 bytes, Stack size 8 bytes, ip_frag.o(i.ipfrag_free_pbuf_custom))
<BR><BR>[Stack]<UL><LI>Max Depth = 40<LI>Call Chain = ipfrag_free_pbuf_custom &rArr; pbuf_free &rArr; free
</UL>
<BR>[Calls]<UL><LI><a href="#[a7]">&gt;&gt;</a>&nbsp;&nbsp;&nbsp;pbuf_free
<LI><a href="#[a3]">&gt;&gt;</a>&nbsp;&nbsp;&nbsp;assert_loop
<LI><a href="#[ef]">&gt;&gt;</a>&nbsp;&nbsp;&nbsp;ip_frag_free_pbuf_custom_ref
</UL>
<BR>[Address Reference Count : 1]<UL><LI> ip_frag.o(i.ip_frag)
</UL>
<P><STRONG><a name="[e8]"></a>lwip_standard_chksum</STRONG> (Thumb, 60 bytes, Stack size 8 bytes, inet_chksum.o(i.lwip_standard_chksum))
<BR><BR>[Stack]<UL><LI>Max Depth = 8<LI>Call Chain = lwip_standard_chksum
</UL>
<BR>[Calls]<UL><LI><a href="#[a6]">&gt;&gt;</a>&nbsp;&nbsp;&nbsp;lwip_htons
</UL>
<BR>[Called By]<UL><LI><a href="#[ea]">&gt;&gt;</a>&nbsp;&nbsp;&nbsp;inet_chksum_pseudo_partial
<LI><a href="#[e4]">&gt;&gt;</a>&nbsp;&nbsp;&nbsp;inet_chksum
<LI><a href="#[e9]">&gt;&gt;</a>&nbsp;&nbsp;&nbsp;inet_chksum_pseudo
<LI><a href="#[112]">&gt;&gt;</a>&nbsp;&nbsp;&nbsp;lwip_chksum_copy
<LI><a href="#[e3]">&gt;&gt;</a>&nbsp;&nbsp;&nbsp;inet_chksum_pbuf
</UL>

<P><STRONG><a name="[e1]"></a>icmp_send_response</STRONG> (Thumb, 110 bytes, Stack size 40 bytes, icmp.o(i.icmp_send_response))
<BR><BR>[Stack]<UL><LI>Max Depth = 296<LI>Call Chain = icmp_send_response &rArr; ip_output &rArr; ip_output_if &rArr; ip_frag &rArr; pbuf_alloc &rArr; malloc &rArr; __Heap_Full &rArr; __Heap_ProvideMemory &rArr; free
</UL>
<BR>[Calls]<UL><LI><a href="#[a7]">&gt;&gt;</a>&nbsp;&nbsp;&nbsp;pbuf_free
<LI><a href="#[a3]">&gt;&gt;</a>&nbsp;&nbsp;&nbsp;assert_loop
<LI><a href="#[e6]">&gt;&gt;</a>&nbsp;&nbsp;&nbsp;ip_output
<LI><a href="#[e4]">&gt;&gt;</a>&nbsp;&nbsp;&nbsp;inet_chksum
<LI><a href="#[b1]">&gt;&gt;</a>&nbsp;&nbsp;&nbsp;pbuf_alloc
<LI><a href="#[bb]">&gt;&gt;</a>&nbsp;&nbsp;&nbsp;__aeabi_memcpy
</UL>
<BR>[Called By]<UL><LI><a href="#[e7]">&gt;&gt;</a>&nbsp;&nbsp;&nbsp;icmp_time_exceeded
<LI><a href="#[e0]">&gt;&gt;</a>&nbsp;&nbsp;&nbsp;icmp_dest_unreach
</UL>

<P><STRONG><a name="[a4]"></a>etharp_arp_input</STRONG> (Thumb, 212 bytes, Stack size 40 bytes, etharp.o(i.etharp_arp_input))
<BR><BR>[Stack]<UL><LI>Max Depth = 176<LI>Call Chain = etharp_arp_input &rArr; etharp_update_arp_entry &rArr; etharp_find_entry &rArr; etharp_free_entry &rArr; pbuf_free &rArr; free
</UL>
<BR>[Calls]<UL><LI><a href="#[a6]">&gt;&gt;</a>&nbsp;&nbsp;&nbsp;lwip_htons
<LI><a href="#[a7]">&gt;&gt;</a>&nbsp;&nbsp;&nbsp;pbuf_free
<LI><a href="#[a3]">&gt;&gt;</a>&nbsp;&nbsp;&nbsp;assert_loop
<LI><a href="#[a5]">&gt;&gt;</a>&nbsp;&nbsp;&nbsp;etharp_update_arp_entry
</UL>
<BR>[Called By]<UL><LI><a href="#[46]">&gt;&gt;</a>&nbsp;&nbsp;&nbsp;ethernet_input
</UL>

<P><STRONG><a name="[a8]"></a>etharp_find_entry</STRONG> (Thumb, 280 bytes, Stack size 64 bytes, etharp.o(i.etharp_find_entry))
<BR><BR>[Stack]<UL><LI>Max Depth = 112<LI>Call Chain = etharp_find_entry &rArr; etharp_free_entry &rArr; pbuf_free &rArr; free
</UL>
<BR>[Calls]<UL><LI><a href="#[a3]">&gt;&gt;</a>&nbsp;&nbsp;&nbsp;assert_loop
<LI><a href="#[a9]">&gt;&gt;</a>&nbsp;&nbsp;&nbsp;etharp_free_entry
</UL>
<BR>[Called By]<UL><LI><a href="#[af]">&gt;&gt;</a>&nbsp;&nbsp;&nbsp;etharp_query
<LI><a href="#[a5]">&gt;&gt;</a>&nbsp;&nbsp;&nbsp;etharp_update_arp_entry
</UL>

<P><STRONG><a name="[a9]"></a>etharp_free_entry</STRONG> (Thumb, 32 bytes, Stack size 16 bytes, etharp.o(i.etharp_free_entry))
<BR><BR>[Stack]<UL><LI>Max Depth = 48<LI>Call Chain = etharp_free_entry &rArr; pbuf_free &rArr; free
</UL>
<BR>[Calls]<UL><LI><a href="#[a7]">&gt;&gt;</a>&nbsp;&nbsp;&nbsp;pbuf_free
</UL>
<BR>[Called By]<UL><LI><a href="#[a1]">&gt;&gt;</a>&nbsp;&nbsp;&nbsp;etharp_tmr
<LI><a href="#[a8]">&gt;&gt;</a>&nbsp;&nbsp;&nbsp;etharp_find_entry
</UL>

<P><STRONG><a name="[ae]"></a>etharp_output_to_arp_index</STRONG> (Thumb, 72 bytes, Stack size 16 bytes, etharp.o(i.etharp_output_to_arp_index))
<BR><BR>[Stack]<UL><LI>Max Depth = 168<LI>Call Chain = etharp_output_to_arp_index &rArr; etharp_request &rArr; etharp_raw &rArr; pbuf_alloc &rArr; malloc &rArr; __Heap_Full &rArr; __Heap_ProvideMemory &rArr; free
</UL>
<BR>[Calls]<UL><LI><a href="#[a3]">&gt;&gt;</a>&nbsp;&nbsp;&nbsp;assert_loop
<LI><a href="#[b0]">&gt;&gt;</a>&nbsp;&nbsp;&nbsp;etharp_request
<LI><a href="#[ad]">&gt;&gt;</a>&nbsp;&nbsp;&nbsp;etharp_send_ip
</UL>
<BR>[Called By]<UL><LI><a href="#[aa]">&gt;&gt;</a>&nbsp;&nbsp;&nbsp;etharp_output
</UL>

<P><STRONG><a name="[b4]"></a>etharp_raw</STRONG> (Thumb, 190 bytes, Stack size 40 bytes, etharp.o(i.etharp_raw))
<BR><BR>[Stack]<UL><LI>Max Depth = 128<LI>Call Chain = etharp_raw &rArr; pbuf_alloc &rArr; malloc &rArr; __Heap_Full &rArr; __Heap_ProvideMemory &rArr; free
</UL>
<BR>[Calls]<UL><LI><a href="#[a6]">&gt;&gt;</a>&nbsp;&nbsp;&nbsp;lwip_htons
<LI><a href="#[a7]">&gt;&gt;</a>&nbsp;&nbsp;&nbsp;pbuf_free
<LI><a href="#[a3]">&gt;&gt;</a>&nbsp;&nbsp;&nbsp;assert_loop
<LI><a href="#[b1]">&gt;&gt;</a>&nbsp;&nbsp;&nbsp;pbuf_alloc
</UL>
<BR>[Called By]<UL><LI><a href="#[b0]">&gt;&gt;</a>&nbsp;&nbsp;&nbsp;etharp_request
</UL>

<P><STRONG><a name="[ad]"></a>etharp_send_ip</STRONG> (Thumb, 60 bytes, Stack size 24 bytes, etharp.o(i.etharp_send_ip))
<BR><BR>[Stack]<UL><LI>Max Depth = 24<LI>Call Chain = etharp_send_ip
</UL>
<BR>[Calls]<UL><LI><a href="#[a3]">&gt;&gt;</a>&nbsp;&nbsp;&nbsp;assert_loop
</UL>
<BR>[Called By]<UL><LI><a href="#[af]">&gt;&gt;</a>&nbsp;&nbsp;&nbsp;etharp_query
<LI><a href="#[aa]">&gt;&gt;</a>&nbsp;&nbsp;&nbsp;etharp_output
<LI><a href="#[a5]">&gt;&gt;</a>&nbsp;&nbsp;&nbsp;etharp_update_arp_entry
<LI><a href="#[ae]">&gt;&gt;</a>&nbsp;&nbsp;&nbsp;etharp_output_to_arp_index
</UL>

<P><STRONG><a name="[a5]"></a>etharp_update_arp_entry</STRONG> (Thumb, 132 bytes, Stack size 24 bytes, etharp.o(i.etharp_update_arp_entry))
<BR><BR>[Stack]<UL><LI>Max Depth = 136<LI>Call Chain = etharp_update_arp_entry &rArr; etharp_find_entry &rArr; etharp_free_entry &rArr; pbuf_free &rArr; free
</UL>
<BR>[Calls]<UL><LI><a href="#[a7]">&gt;&gt;</a>&nbsp;&nbsp;&nbsp;pbuf_free
<LI><a href="#[a3]">&gt;&gt;</a>&nbsp;&nbsp;&nbsp;assert_loop
<LI><a href="#[ac]">&gt;&gt;</a>&nbsp;&nbsp;&nbsp;ip4_addr_isbroadcast
<LI><a href="#[ad]">&gt;&gt;</a>&nbsp;&nbsp;&nbsp;etharp_send_ip
<LI><a href="#[a8]">&gt;&gt;</a>&nbsp;&nbsp;&nbsp;etharp_find_entry
</UL>
<BR>[Called By]<UL><LI><a href="#[a4]">&gt;&gt;</a>&nbsp;&nbsp;&nbsp;etharp_arp_input
</UL>

<P><STRONG><a name="[fc]"></a>low_level_init</STRONG> (Thumb, 202 bytes, Stack size 24 bytes, lpc17xx_40xx_emac.o(i.low_level_init))
<BR><BR>[Stack]<UL><LI>Max Depth = 144<LI>Call Chain = low_level_init &rArr; lpc_rx_setup &rArr; lpc_rx_queue &rArr; pbuf_alloc &rArr; malloc &rArr; __Heap_Full &rArr; __Heap_ProvideMemory &rArr; free
</UL>
<BR>[Calls]<UL><LI><a href="#[fe]">&gt;&gt;</a>&nbsp;&nbsp;&nbsp;lpc_phy_init
<LI><a href="#[fd]">&gt;&gt;</a>&nbsp;&nbsp;&nbsp;Chip_ENET_SetupMII
<LI><a href="#[ff]">&gt;&gt;</a>&nbsp;&nbsp;&nbsp;Chip_ENET_InitTxDescriptors
<LI><a href="#[99]">&gt;&gt;</a>&nbsp;&nbsp;&nbsp;Chip_ENET_Init
<LI><a href="#[98]">&gt;&gt;</a>&nbsp;&nbsp;&nbsp;Chip_ENET_FindMIIDiv
<LI><a href="#[100]">&gt;&gt;</a>&nbsp;&nbsp;&nbsp;lpc_rx_setup
</UL>
<BR>[Called By]<UL><LI><a href="#[47]">&gt;&gt;</a>&nbsp;&nbsp;&nbsp;lpc_enetif_init
</UL>

<P><STRONG><a name="[44]"></a>lpc_etharp_output</STRONG> (Thumb, 18 bytes, Stack size 0 bytes, lpc17xx_40xx_emac.o(i.lpc_etharp_output))
<BR><BR>[Stack]<UL><LI>Max Depth = 240<LI>Call Chain = lpc_etharp_output &rArr; etharp_output &rArr; etharp_query &rArr; etharp_request &rArr; etharp_raw &rArr; pbuf_alloc &rArr; malloc &rArr; __Heap_Full &rArr; __Heap_ProvideMemory &rArr; free
</UL>
<BR>[Calls]<UL><LI><a href="#[aa]">&gt;&gt;</a>&nbsp;&nbsp;&nbsp;etharp_output
</UL>
<BR>[Address Reference Count : 1]<UL><LI> lpc17xx_40xx_emac.o(i.lpc_enetif_init)
</UL>
<P><STRONG><a name="[107]"></a>lpc_low_level_input</STRONG> (Thumb, 220 bytes, Stack size 24 bytes, lpc17xx_40xx_emac.o(i.lpc_low_level_input))
<BR><BR>[Stack]<UL><LI>Max Depth = 144<LI>Call Chain = lpc_low_level_input &rArr; lpc_rx_setup &rArr; lpc_rx_queue &rArr; pbuf_alloc &rArr; malloc &rArr; __Heap_Full &rArr; __Heap_ProvideMemory &rArr; free
</UL>
<BR>[Calls]<UL><LI><a href="#[a7]">&gt;&gt;</a>&nbsp;&nbsp;&nbsp;pbuf_free
<LI><a href="#[109]">&gt;&gt;</a>&nbsp;&nbsp;&nbsp;Chip_ENET_IncRXConsumeIndex
<LI><a href="#[108]">&gt;&gt;</a>&nbsp;&nbsp;&nbsp;lpc_rx_queue
<LI><a href="#[10a]">&gt;&gt;</a>&nbsp;&nbsp;&nbsp;lpc_rxqueue_pbuf
<LI><a href="#[100]">&gt;&gt;</a>&nbsp;&nbsp;&nbsp;lpc_rx_setup
</UL>
<BR>[Called By]<UL><LI><a href="#[106]">&gt;&gt;</a>&nbsp;&nbsp;&nbsp;lpc_enetif_input
</UL>

<P><STRONG><a name="[45]"></a>lpc_low_level_output</STRONG> (Thumb, 272 bytes, Stack size 32 bytes, lpc17xx_40xx_emac.o(i.lpc_low_level_output))
<BR><BR>[Stack]<UL><LI>Max Depth = 120<LI>Call Chain = lpc_low_level_output &rArr; pbuf_alloc &rArr; malloc &rArr; __Heap_Full &rArr; __Heap_ProvideMemory &rArr; free
</UL>
<BR>[Calls]<UL><LI><a href="#[b3]">&gt;&gt;</a>&nbsp;&nbsp;&nbsp;pbuf_ref
<LI><a href="#[a3]">&gt;&gt;</a>&nbsp;&nbsp;&nbsp;assert_loop
<LI><a href="#[f6]">&gt;&gt;</a>&nbsp;&nbsp;&nbsp;pbuf_clen
<LI><a href="#[b1]">&gt;&gt;</a>&nbsp;&nbsp;&nbsp;pbuf_alloc
<LI><a href="#[10c]">&gt;&gt;</a>&nbsp;&nbsp;&nbsp;Chip_ENET_IncTXProduceIndex
<LI><a href="#[10b]">&gt;&gt;</a>&nbsp;&nbsp;&nbsp;lpc_tx_ready
<LI><a href="#[43]">&gt;&gt;</a>&nbsp;&nbsp;&nbsp;msDelay
<LI><a href="#[bb]">&gt;&gt;</a>&nbsp;&nbsp;&nbsp;__aeabi_memcpy
</UL>
<BR>[Address Reference Count : 1]<UL><LI> lpc17xx_40xx_emac.o(i.lpc_enetif_init)
</UL>
<P><STRONG><a name="[100]"></a>lpc_rx_setup</STRONG> (Thumb, 42 bytes, Stack size 8 bytes, lpc17xx_40xx_emac.o(i.lpc_rx_setup))
<BR><BR>[Stack]<UL><LI>Max Depth = 120<LI>Call Chain = lpc_rx_setup &rArr; lpc_rx_queue &rArr; pbuf_alloc &rArr; malloc &rArr; __Heap_Full &rArr; __Heap_ProvideMemory &rArr; free
</UL>
<BR>[Calls]<UL><LI><a href="#[10f]">&gt;&gt;</a>&nbsp;&nbsp;&nbsp;Chip_ENET_InitRxDescriptors
<LI><a href="#[108]">&gt;&gt;</a>&nbsp;&nbsp;&nbsp;lpc_rx_queue
</UL>
<BR>[Called By]<UL><LI><a href="#[107]">&gt;&gt;</a>&nbsp;&nbsp;&nbsp;lpc_low_level_input
<LI><a href="#[fc]">&gt;&gt;</a>&nbsp;&nbsp;&nbsp;low_level_init
</UL>

<P><STRONG><a name="[10a]"></a>lpc_rxqueue_pbuf</STRONG> (Thumb, 66 bytes, Stack size 8 bytes, lpc17xx_40xx_emac.o(i.lpc_rxqueue_pbuf))
<BR><BR>[Stack]<UL><LI>Max Depth = 8<LI>Call Chain = lpc_rxqueue_pbuf
</UL>
<BR>[Called By]<UL><LI><a href="#[108]">&gt;&gt;</a>&nbsp;&nbsp;&nbsp;lpc_rx_queue
<LI><a href="#[107]">&gt;&gt;</a>&nbsp;&nbsp;&nbsp;lpc_low_level_input
</UL>

<P><STRONG><a name="[8d]"></a>Chip_Clock_FeedPLL</STRONG> (Thumb, 18 bytes, Stack size 0 bytes, clock_17xx_40xx.o(i.Chip_Clock_FeedPLL))
<BR><BR>[Called By]<UL><LI><a href="#[97]">&gt;&gt;</a>&nbsp;&nbsp;&nbsp;Chip_Clock_SetupPLL
<LI><a href="#[8e]">&gt;&gt;</a>&nbsp;&nbsp;&nbsp;Chip_Clock_EnablePLL
<LI><a href="#[8c]">&gt;&gt;</a>&nbsp;&nbsp;&nbsp;Chip_Clock_DisablePLL
</UL>

<P><STRONG><a name="[9f]"></a>Chip_UART_GetClkIndex</STRONG> (Thumb, 34 bytes, Stack size 0 bytes, uart_17xx_40xx.o(i.Chip_UART_GetClkIndex))
<BR><BR>[Called By]<UL><LI><a href="#[7e]">&gt;&gt;</a>&nbsp;&nbsp;&nbsp;Chip_UART_SetBaud
</UL>

<P><STRONG><a name="[9e]"></a>Chip_UART_GetClockIndex</STRONG> (Thumb, 34 bytes, Stack size 0 bytes, uart_17xx_40xx.o(i.Chip_UART_GetClockIndex))
<BR><BR>[Called By]<UL><LI><a href="#[7d]">&gt;&gt;</a>&nbsp;&nbsp;&nbsp;Chip_UART_Init
</UL>

<P><STRONG><a name="[10d]"></a>lpc_mii_write</STRONG> (Thumb, 54 bytes, Stack size 24 bytes, lpc_phy_dp83848.o(i.lpc_mii_write))
<BR><BR>[Stack]<UL><LI>Max Depth = 24<LI>Call Chain = lpc_mii_write
</UL>
<BR>[Calls]<UL><LI><a href="#[10e]">&gt;&gt;</a>&nbsp;&nbsp;&nbsp;Chip_ENET_StartMIIWrite
</UL>
<BR>[Called By]<UL><LI><a href="#[fe]">&gt;&gt;</a>&nbsp;&nbsp;&nbsp;lpc_phy_init
</UL>

<P><STRONG><a name="[104]"></a>lpc_update_phy_sts</STRONG> (Thumb, 78 bytes, Stack size 0 bytes, lpc_phy_dp83848.o(i.lpc_update_phy_sts))
<BR><BR>[Called By]<UL><LI><a href="#[101]">&gt;&gt;</a>&nbsp;&nbsp;&nbsp;lpcPHYStsPoll
</UL>

<P><STRONG><a name="[9a]"></a>Chip_GPIO_SetPinDIRInput</STRONG> (Thumb, 16 bytes, Stack size 0 bytes, board.o(i.Chip_GPIO_SetPinDIRInput))
<BR><BR>[Called By]<UL><LI><a href="#[82]">&gt;&gt;</a>&nbsp;&nbsp;&nbsp;Chip_GPIO_WriteDirBit
</UL>

<P><STRONG><a name="[82]"></a>Chip_GPIO_WriteDirBit</STRONG> (Thumb, 22 bytes, Stack size 0 bytes, board.o(i.Chip_GPIO_WriteDirBit))
<BR><BR>[Calls]<UL><LI><a href="#[9a]">&gt;&gt;</a>&nbsp;&nbsp;&nbsp;Chip_GPIO_SetPinDIRInput
</UL>
<BR>[Called By]<UL><LI><a href="#[80]">&gt;&gt;</a>&nbsp;&nbsp;&nbsp;Board_Init
</UL>

<P><STRONG><a name="[84]"></a>Chip_GPIO_WritePortBit</STRONG> (Thumb, 28 bytes, Stack size 0 bytes, board.o(i.Chip_GPIO_WritePortBit))
<BR><BR>[Called By]<UL><LI><a href="#[83]">&gt;&gt;</a>&nbsp;&nbsp;&nbsp;Board_LED_Set
</UL>

<P><STRONG><a name="[3a]"></a>_printf_input_char</STRONG> (Thumb, 10 bytes, Stack size 0 bytes, _printf_char_common.o(.text))
<BR>[Address Reference Count : 1]<UL><LI> _printf_char_common.o(.text)
</UL><P>
<H3>
Undefined Global Symbols
</H3><HR></body></html>
