<html>
<body>
<pre>
<h1>µVision Build Log</h1>
<h2>Tool Versions:</h2>
IDE-Version: ¦ÌVision V5.24.2.0
Copyright (C) 2017 ARM Ltd and ARM Germany GmbH. All rights reserved.
License Information: Irving Mok, Microsoft, LIC=IC9SC-R073T-PKPLB-KBESU-PS14X-VPYUS
 
Tool Versions:
Toolchain:       MDK-ARM Professional  Version: 5.24.1
Toolchain Path:  C:\Keil_v5\ARM\ARMCC\Bin
C Compiler:      Armcc.exe V5.06 update 5 (build 528)
Assembler:       Armasm.exe V5.06 update 5 (build 528)
Linker/Locator:  ArmLink.exe V5.06 update 5 (build 528)
Library Manager: ArmAr.exe V5.06 update 5 (build 528)
Hex Converter:   FromElf.exe V5.06 update 5 (build 528)
CPU DLL:         SARMCM3.DLL V5.24.1
Dialog DLL:      DARMP1.DLL V1.27.0.0
Target DLL:      CMSIS_AGDI.dll V1.28.3.0
Dialog DLL:      TARMP1.DLL V1.26.0.0
 
<h2>Project:</h2>
C:\AP\pmac201804230309_0425_1\applications\lpc17xx_40xx\keil_uvision_projects\nxp_lpcxpresso_1769\lwip\webserver_freertos_pmac\webserver_freertos_pmac.uvproj
Project File Date:  04/26/2018

<h2>Output:</h2>
*** Using Compiler 'V5.06 update 5 (build 528)', folder: 'C:\Keil_v5\ARM\ARMCC\Bin'
Build Project 'webserver_freertos_pmac' - Target 'iflash_nxp_lpcxpresso_1769'
compiling sysinit.c...
compiling lwip_fs.c...
compiling webserver_freertos.c...
C:\AP\pmac201804230309_0425_1\applications\lpc17xx_40xx\examples\lwip\webserver_freertos_pmac\webserver_freertos.c(222): warning:  #550-D: variable "tmp"  was set but never used
  	uint8_t tmp,idx;
C:\AP\pmac201804230309_0425_1\applications\lpc17xx_40xx\examples\lwip\webserver_freertos_pmac\webserver_freertos.c(222): warning:  #177-D: variable "idx"  was declared but never referenced
  	uint8_t tmp,idx;
C:\AP\pmac201804230309_0425_1\applications\lpc17xx_40xx\examples\lwip\webserver_freertos_pmac\webserver_freertos.c(252): warning:  #177-D: variable "tmp"  was declared but never referenced
  	uint8_t tmp,idx;
C:\AP\pmac201804230309_0425_1\applications\lpc17xx_40xx\examples\lwip\webserver_freertos_pmac\webserver_freertos.c(252): warning:  #177-D: variable "idx"  was declared but never referenced
  	uint8_t tmp,idx;
C:\AP\pmac201804230309_0425_1\applications\lpc17xx_40xx\examples\lwip\webserver_freertos_pmac\webserver_freertos.c(327): warning:  #550-D: variable "tmp"  was set but never used
  	uint8_t tmp;
C:\AP\pmac201804230309_0425_1\applications\lpc17xx_40xx\examples\lwip\webserver_freertos_pmac\webserver_freertos.c(329): warning:  #177-D: variable "addrbuf"  was declared but never referenced
   unsigned char addrbuf[2];
C:\AP\pmac201804230309_0425_1\applications\lpc17xx_40xx\examples\lwip\webserver_freertos_pmac\webserver_freertos.c(332): warning:  #177-D: variable "idx"  was declared but never referenced
  	unsigned int  idx;	
C:\AP\pmac201804230309_0425_1\applications\lpc17xx_40xx\examples\lwip\webserver_freertos_pmac\webserver_freertos.c(353): warning:  #550-D: variable "tmp"  was set but never used
  	uint8_t tmp;
C:\AP\pmac201804230309_0425_1\applications\lpc17xx_40xx\examples\lwip\webserver_freertos_pmac\webserver_freertos.c(358): warning:  #177-D: variable "idx"  was declared but never referenced
  	unsigned int  idx;	
C:\AP\pmac201804230309_0425_1\applications\lpc17xx_40xx\examples\lwip\webserver_freertos_pmac\webserver_freertos.c(398): warning:  #550-D: variable "tmp"  was set but never used
  	uint8_t tmp;
..\..\..\..\examples\lwip\webserver_freertos_pmac\webserver_freertos.c: 10 warnings, 0 errors
compiling netconn_fs.c...
C:\AP\pmac201804230309_0425_1\applications\lpc17xx_40xx\examples\lwip\webserver_freertos_pmac\netconn_fs.c(86): warning:  #550-D: variable "req_ver"  was set but never used
  	uint32_t req_ver;
..\..\..\..\examples\lwip\webserver_freertos_pmac\netconn_fs.c: 1 warning, 0 errors
compiling tcpserver.c...
C:\AP\pmac201804230309_0425_1\applications\lpc17xx_40xx\examples\lwip\webserver_freertos_pmac\tcpserver\tcpserver.c(112): warning:  #1293-D: assignment in condition
  	else if((idxcrc[1]=ethbufRx[ethbufRx[0]-2])&&(idxcrc[0]=ethbufRx[ethbufRx[0]-1]))
C:\AP\pmac201804230309_0425_1\applications\lpc17xx_40xx\examples\lwip\webserver_freertos_pmac\tcpserver\tcpserver.c(112): warning:  #1293-D: assignment in condition
  	else if((idxcrc[1]=ethbufRx[ethbufRx[0]-2])&&(idxcrc[0]=ethbufRx[ethbufRx[0]-1]))
C:\AP\pmac201804230309_0425_1\applications\lpc17xx_40xx\examples\lwip\webserver_freertos_pmac\tcpserver\tcpserver.c(99): warning:  #177-D: variable "u16i"  was declared but never referenced
  	unsigned short u16i=0,idx,crcflag,cmdrxlen,cmdrxreg,cmdrxwrlen;
C:\AP\pmac201804230309_0425_1\applications\lpc17xx_40xx\examples\lwip\webserver_freertos_pmac\tcpserver\tcpserver.c(99): warning:  #550-D: variable "idx"  was set but never used
  	unsigned short u16i=0,idx,crcflag,cmdrxlen,cmdrxreg,cmdrxwrlen;
C:\AP\pmac201804230309_0425_1\applications\lpc17xx_40xx\examples\lwip\webserver_freertos_pmac\tcpserver\tcpserver.c(99): warning:  #550-D: variable "cmdrxlen"  was set but never used
  	unsigned short u16i=0,idx,crcflag,cmdrxlen,cmdrxreg,cmdrxwrlen;
C:\AP\pmac201804230309_0425_1\applications\lpc17xx_40xx\examples\lwip\webserver_freertos_pmac\tcpserver\tcpserver.c(100): warning:  #177-D: variable "outupdate"  was declared but never referenced
  	unsigned char ethcmd=0,outupdate,u8i;
C:\AP\pmac201804230309_0425_1\applications\lpc17xx_40xx\examples\lwip\webserver_freertos_pmac\tcpserver\tcpserver.c(100): warning:  #177-D: variable "u8i"  was declared but never referenced
  	unsigned char ethcmd=0,outupdate,u8i;
C:\AP\pmac201804230309_0425_1\applications\lpc17xx_40xx\examples\lwip\webserver_freertos_pmac\tcpserver\tcpserver.c(313): warning:  #177-D: variable "newconn"  was declared but never referenced
    struct netconn *conn, *newconn;
C:\AP\pmac201804230309_0425_1\applications\lpc17xx_40xx\examples\lwip\webserver_freertos_pmac\tcpserver\tcpserver.c(316): warning:  #177-D: variable "client_idx"  was declared but never referenced
  	unsigned int client_idx=0;
..\..\..\..\examples\lwip\webserver_freertos_pmac\tcpserver\tcpserver.c: 9 warnings, 0 errors
compiling SmartTerminal.C...
C:\AP\pmac201804230309_0425_1\software\applications\SmartTerminal.C(14): warning:  #177-D: variable "bval"  was declared but never referenced
  	   unsigned char bval;
C:\AP\pmac201804230309_0425_1\software\applications\SmartTerminal.C(15): warning:  #177-D: variable "u8i"  was declared but never referenced
  	   unsigned char u8i;
C:\AP\pmac201804230309_0425_1\software\applications\SmartTerminal.C(16): warning:  #177-D: variable "n"  was declared but never referenced
  	   unsigned int  n;
C:\AP\pmac201804230309_0425_1\software\applications\SmartTerminal.C(45): warning:  #177-D: variable "doflag"  was declared but never referenced
  	   static unsigned char doflag;
C:\AP\pmac201804230309_0425_1\software\applications\SmartTerminal.C(46): warning:  #177-D: variable "i"  was declared but never referenced
  	   unsigned char i;
C:\AP\pmac201804230309_0425_1\software\applications\SmartTerminal.C(48): warning:  #177-D: variable "bflag"  was declared but never referenced
  	   unsigned char bflag;
..\..\..\..\..\..\software\applications\SmartTerminal.C: 6 warnings, 0 errors
compiling port.c...
compiling heap_3.c...
compiling queue.c...
compiling list.c...
compiling FreeRTOSCommonHooks.c...
compiling tasks.c...
compiling udp.c...
compiling tcp_out.c...
compiling timers.c...
compiling tcp_in.c...
compiling stats.c...
compiling tcp.c...
compiling raw.c...
compiling sys.c...
compiling netif.c...
compiling mem.c...
compiling pbuf.c...
compiling memp.c...
compiling dns.c...
compiling dhcp.c...
compiling def.c...
compiling init.c...
compiling ip_addr.c...
compiling ip_frag.c...
compiling ip.c...
compiling inet_chksum.c...
compiling inet.c...
compiling igmp.c...
compiling autoip.c...
compiling icmp.c...
compiling sockets.c...
compiling etharp.c...
compiling netifapi.c...
compiling tcpip.c...
compiling netdb.c...
compiling api_msg.c...
compiling err.c...
compiling api_lib.c...
compiling lpc17xx_40xx_systick_arch.c...
compiling lpc_debug.c...
compiling sys_arch_freertos.c...
C:\AP\pmac201804230309_0425_1\software\lwip\lpclwip\arch\sys_arch_freertos.c(89): warning:  #550-D: variable "ulMessagesWaiting"  was set but never used
  unsigned long ulMessagesWaiting;
..\..\..\..\..\..\software\lwip\lpclwip\arch\sys_arch_freertos.c: 1 warning, 0 errors
compiling lpc17xx_40xx_emac.c...
compiling netbuf.c...
compiling board.c...
C:\AP\pmac201804230309_0425_1\software\lpc_core\lpc_board\boards_17xx\nxp_lpcxpresso_1769\board.c(269): warning:  #188-D: enumerated type mixed with another type
  	Chip_Clock_SetPCLKDiv(SYSCTL_PCLK_TIMER0,2);
..\..\..\..\..\..\software\lpc_core\lpc_board\boards_17xx\nxp_lpcxpresso_1769\board.c: 1 warning, 0 errors
compiling board_sysinit.c...
compiling lpc_phy_ip101gr.c...
linking...
Program Size: Code=41420 RO-data=2628 RW-data=400 ZI-data=45520  
After Build - User command #1: C:\Keil_v5\\ARM\BIN\ELFDWT.EXE .\keil_output\iflash_nxp_lpcxpresso_1769\webserver_freertos_iflash_nxp_lpcxpresso_1769.axf BASEADDRESS(0x00000000)
ELFDWT - Signature Creator V1.2.0.0
COPYRIGHT Copyright (C) 2014-2016, ARM Ldt. and  ARM Germany GmbH
*** Updated Signature over Range[32] (0x00000000 - 0x00000018): @0x0000001C = 0xDFF7FE36
*** Processing completed, no Errors.
After Build - User command #2: fromelf --bin -o "C:\AP\pmac201804230309_0425_1\applications\lpc17xx_40xx\keil_uvision_projects\nxp_lpcxpresso_1769\lwip\webserver_freertos_pmac\keil_output\iflash_nxp_lpcxpresso_1769\webserver_freertos_iflash_nxp_lpcxpresso_1769.bin" "C:\AP\pmac201804230309_0425_1\applications\lpc17xx_40xx\keil_uvision_projects\nxp_lpcxpresso_1769\lwip\webserver_freertos_pmac\keil_output\iflash_nxp_lpcxpresso_1769\webserver_freertos_iflash_nxp_lpcxpresso_1769.axf"
".\keil_output\iflash_nxp_lpcxpresso_1769\webserver_freertos_iflash_nxp_lpcxpresso_1769.axf" - 0 Error(s), 28 Warning(s).
Build Time Elapsed:  00:00:15
</pre>
</body>
</html>
