Component: ARM Compiler 5.06 update 5 (build 528) Tool: armlink [4d35e2]

==============================================================================

Section Cross References

    webserver_freertos.o(i.DataLoad) refers to i2c_17xx_40xx.o(i.Chip_I2C_MasterSend) for Chip_I2C_MasterSend
    webserver_freertos.o(i.DataLoad) refers to i2c_17xx_40xx.o(i.Chip_I2C_MasterRead) for Chip_I2C_MasterRead
    webserver_freertos.o(i.DataLoad) refers to rt_memcpy_v6.o(.text) for __aeabi_memcpy
    webserver_freertos.o(i.DataLoad) refers to webserver_freertos.o(.bss) for .bss
    webserver_freertos.o(i.DataLoad) refers to webserver_freertos.o(.data) for .data
    webserver_freertos.o(i.DataSave) refers to rt_memcpy_v6.o(.text) for __aeabi_memcpy
    webserver_freertos.o(i.DataSave) refers to i2c_17xx_40xx.o(i.Chip_I2C_MasterSend) for Chip_I2C_MasterSend
    webserver_freertos.o(i.DataSave) refers to webserver_freertos.o(.bss) for .bss
    webserver_freertos.o(i.DataSave) refers to webserver_freertos.o(.data) for .data
    webserver_freertos.o(i.main) refers to chip_17xx_40xx.o(i.SystemCoreClockUpdate) for SystemCoreClockUpdate
    webserver_freertos.o(i.main) refers to board.o(i.Board_Init) for Board_Init
    webserver_freertos.o(i.main) refers to i2c_17xx_40xx.o(i.Chip_I2C_MasterSend) for Chip_I2C_MasterSend
    webserver_freertos.o(i.main) refers to i2c_17xx_40xx.o(i.Chip_I2C_MasterRead) for Chip_I2C_MasterRead
    webserver_freertos.o(i.main) refers to tasks.o(i.xTaskGenericCreate) for xTaskGenericCreate
    webserver_freertos.o(i.main) refers to tasks.o(i.vTaskStartScheduler) for vTaskStartScheduler
    webserver_freertos.o(i.main) refers to webserver_freertos.o(.bss) for .bss
    webserver_freertos.o(i.main) refers to webserver_freertos.o(.data) for .data
    webserver_freertos.o(i.main) refers to webserver_freertos.o(i.vSetupIFTask) for vSetupIFTask
    webserver_freertos.o(i.main) refers to webserver_freertos.o(i.vAppFuncTask) for vAppFuncTask
    webserver_freertos.o(i.main) refers to webserver_freertos.o(i.vPowerFuncTask) for vPowerFuncTask
    webserver_freertos.o(i.msDelay) refers to tasks.o(i.vTaskDelay) for vTaskDelay
    webserver_freertos.o(i.vAppFuncTask) refers to webserver_freertos.o(i.DataLoad) for DataLoad
    webserver_freertos.o(i.vAppFuncTask) refers to smartterminal.o(i.UserystemInit) for UserystemInit
    webserver_freertos.o(i.vAppFuncTask) refers to i2c_17xx_40xx.o(i.Chip_I2C_MasterSend) for Chip_I2C_MasterSend
    webserver_freertos.o(i.vAppFuncTask) refers to i2c_17xx_40xx.o(i.Chip_I2C_MasterRead) for Chip_I2C_MasterRead
    webserver_freertos.o(i.vAppFuncTask) refers to webserver_freertos.o(i.DataSave) for DataSave
    webserver_freertos.o(i.vAppFuncTask) refers to smartterminal.o(i.SystemRunChk) for SystemRunChk
    webserver_freertos.o(i.vAppFuncTask) refers to tasks.o(i.vTaskDelay) for vTaskDelay
    webserver_freertos.o(i.vAppFuncTask) refers to webserver_freertos.o(.bss) for .bss
    webserver_freertos.o(i.vAppFuncTask) refers to webserver_freertos.o(.data) for .data
    webserver_freertos.o(i.vPowerFuncTask) refers to timer_17xx_40xx.o(i.Chip_TIMER_Reset) for Chip_TIMER_Reset
    webserver_freertos.o(i.vPowerFuncTask) refers to board.o(i.Board_GPIOOutput_Toggle) for Board_GPIOOutput_Toggle
    webserver_freertos.o(i.vPowerFuncTask) refers to tasks.o(i.vTaskDelay) for vTaskDelay
    webserver_freertos.o(i.vPowerFuncTask) refers to webserver_freertos.o(i.NVIC_EnableIRQ) for NVIC_EnableIRQ
    webserver_freertos.o(i.vPowerFuncTask) refers to board.o(.data) for timerLst
    webserver_freertos.o(i.vSetupIFTask) refers to _printf_percent.o(.ARM.Collect$$_printf_percent$$00000000) for _printf_percent
    webserver_freertos.o(i.vSetupIFTask) refers to _printf_s.o(.ARM.Collect$$_printf_percent$$00000014) for _printf_s
    webserver_freertos.o(i.vSetupIFTask) refers to _printf_str.o(.text) for _printf_str
    webserver_freertos.o(i.vSetupIFTask) refers to board.o(i.Board_UARTPutSTR) for Board_UARTPutSTR
    webserver_freertos.o(i.vSetupIFTask) refers to tcpip.o(i.tcpip_init) for tcpip_init
    webserver_freertos.o(i.vSetupIFTask) refers to webserver_freertos.o(i.msDelay) for msDelay
    webserver_freertos.o(i.vSetupIFTask) refers to rt_memclr_w.o(.text) for __aeabi_memclr4
    webserver_freertos.o(i.vSetupIFTask) refers to netif.o(i.netif_add) for netif_add
    webserver_freertos.o(i.vSetupIFTask) refers to netif.o(i.netif_set_default) for netif_set_default
    webserver_freertos.o(i.vSetupIFTask) refers to netif.o(i.netif_set_up) for netif_set_up
    webserver_freertos.o(i.vSetupIFTask) refers to webserver_freertos.o(i.NVIC_EnableIRQ) for NVIC_EnableIRQ
    webserver_freertos.o(i.vSetupIFTask) refers to netconn_fs.o(i.http_server_netconn_init) for http_server_netconn_init
    webserver_freertos.o(i.vSetupIFTask) refers to tcpserver.o(i.tcpserver_init) for tcpserver_init
    webserver_freertos.o(i.vSetupIFTask) refers to lpc_phy_ip101gr.o(i.lpcPHYStsPoll) for lpcPHYStsPoll
[...]
    lwip_ntohs                               0x00004bd5   Thumb Code     4  def.o(i.lwip_ntohs)
    main                                     0x00004c19   Thumb Code   224  webserver_freertos.o(i.main)
    msDelay                                  0x00004d31   Thumb Code    14  webserver_freertos.o(i.msDelay)
    netbuf_data                              0x00004d3f   Thumb Code    44  netbuf.o(i.netbuf_data)
    netbuf_delete                            0x00004d6b   Thumb Code    32  netbuf.o(i.netbuf_delete)
    netbuf_next                              0x00004d8b   Thumb Code    36  netbuf.o(i.netbuf_next)
    netconn_accept                           0x00004daf   Thumb Code   120  api_lib.o(i.netconn_accept)
    netconn_alloc                            0x00004e29   Thumb Code   122  api_msg.o(i.netconn_alloc)
    netconn_bind                             0x00004ea9   Thumb Code    64  api_lib.o(i.netconn_bind)
    netconn_close                            0x00004eed   Thumb Code     6  api_lib.o(i.netconn_close)
    netconn_connect                          0x00004f39   Thumb Code    64  api_lib.o(i.netconn_connect)
    netconn_delete                           0x00004f7d   Thumb Code    32  api_lib.o(i.netconn_delete)
    netconn_free                             0x0000502f   Thumb Code    50  api_msg.o(i.netconn_free)
    netconn_listen_with_backlog              0x00005061   Thumb Code    58  api_lib.o(i.netconn_listen_with_backlog)
    netconn_new_with_proto_and_callback      0x000050a1   Thumb Code    98  api_lib.o(i.netconn_new_with_proto_and_callback)
    netconn_recv                             0x00005109   Thumb Code   144  api_lib.o(i.netconn_recv)
    netconn_write_partly                     0x00005275   Thumb Code   156  api_lib.o(i.netconn_write_partly)
    netif_add                                0x00005315   Thumb Code    86  netif.o(i.netif_add)
    netif_init                               0x00005371   Thumb Code     2  netif.o(i.netif_init)
    netif_set_addr                           0x00005373   Thumb Code    32  netif.o(i.netif_set_addr)
    netif_set_default                        0x00005395   Thumb Code     6  netif.o(i.netif_set_default)
    netif_set_gw                             0x000053a1   Thumb Code     8  netif.o(i.netif_set_gw)
    netif_set_ipaddr                         0x000053a9   Thumb Code    96  netif.o(i.netif_set_ipaddr)
    netif_set_link_down                      0x00005411   Thumb Code    18  netif.o(i.netif_set_link_down)
    netif_set_link_up                        0x00005423   Thumb Code    32  netif.o(i.netif_set_link_up)
    netif_set_netmask                        0x00005443   Thumb Code     8  netif.o(i.netif_set_netmask)
    netif_set_up                             0x0000544b   Thumb Code    32  netif.o(i.netif_set_up)
    pbuf_alloc                               0x0000546d   Thumb Code   390  pbuf.o(i.pbuf_alloc)
    pbuf_alloced_custom                      0x000055f9   Thumb Code    88  pbuf.o(i.pbuf_alloced_custom)
    pbuf_cat                                 0x00005651   Thumb Code    64  pbuf.o(i.pbuf_cat)
    pbuf_clen                                0x00005691   Thumb Code    18  pbuf.o(i.pbuf_clen)
    pbuf_copy                                0x000056a3   Thumb Code   182  pbuf.o(i.pbuf_copy)
    pbuf_copy_partial                        0x00005759   Thumb Code   106  pbuf.o(i.pbuf_copy_partial)
    pbuf_free                                0x000057c5   Thumb Code   116  pbuf.o(i.pbuf_free)
    pbuf_header                              0x0000586d   Thumb Code   110  pbuf.o(i.pbuf_header)
    pbuf_realloc                             0x0000591d   Thumb Code   116  pbuf.o(i.pbuf_realloc)
    pbuf_ref                                 0x00005991   Thumb Code    26  pbuf.o(i.pbuf_ref)
    pvPortMalloc                             0x00005c37   Thumb Code    30  heap_3.o(i.pvPortMalloc)
    pxPortInitialiseStack                    0x00005c55   Thumb Code    28  port.o(i.pxPortInitialiseStack)
    raw_bind                                 0x00005c75   Thumb Code    10  raw.o(i.raw_bind)
    raw_connect                              0x00005c7f   Thumb Code    10  raw.o(i.raw_connect)
    raw_input                                0x00005c89   Thumb Code   128  raw.o(i.raw_input)
    raw_new                                  0x00005d15   Thumb Code    40  raw.o(i.raw_new)
    raw_recv                                 0x00005d45   Thumb Code     6  raw.o(i.raw_recv)
    raw_remove                               0x00005d4d   Thumb Code    36  raw.o(i.raw_remove)
    sys_arch_mbox_fetch                      0x00005ff9   Thumb Code    92  sys_arch_freertos.o(i.sys_arch_mbox_fetch)
    sys_arch_mbox_tryfetch                   0x00006055   Thumb Code    30  sys_arch_freertos.o(i.sys_arch_mbox_tryfetch)
    sys_arch_protect                         0x00006073   Thumb Code    10  sys_arch_freertos.o(i.sys_arch_protect)
    sys_arch_sem_wait                        0x0000607d   Thumb Code    78  sys_arch_freertos.o(i.sys_arch_sem_wait)
    sys_arch_unprotect                       0x000060cb   Thumb Code     4  sys_arch_freertos.o(i.sys_arch_unprotect)
    sys_init                                 0x000060cf   Thumb Code     2  sys_arch_freertos.o(i.sys_init)
    sys_mbox_free                            0x000060d1   Thumb Code    20  sys_arch_freertos.o(i.sys_mbox_free)
    sys_mbox_new                             0x000060e5   Thumb Code    30  sys_arch_freertos.o(i.sys_mbox_new)
    sys_mbox_post                            0x00006103   Thumb Code    26  sys_arch_freertos.o(i.sys_mbox_post)
    sys_mbox_trypost                         0x0000611d   Thumb Code    28  sys_arch_freertos.o(i.sys_mbox_trypost)
    sys_mutex_lock                           0x00006139   Thumb Code    26  sys_arch_freertos.o(i.sys_mutex_lock)
    sys_mutex_new                            0x00006153   Thumb Code    24  sys_arch_freertos.o(i.sys_mutex_new)
    sys_mutex_unlock                         0x0000616b   Thumb Code    12  sys_arch_freertos.o(i.sys_mutex_unlock)
    sys_now                                  0x00006177   Thumb Code     4  sys_arch_freertos.o(i.sys_now)
    sys_sem_free                             0x0000617b   Thumb Code     6  sys_arch_freertos.o(i.sys_sem_free)
    sys_sem_new                              0x00006181   Thumb Code    56  sys_arch_freertos.o(i.sys_sem_new)
    sys_sem_signal                           0x000061b9   Thumb Code    12  sys_arch_freertos.o(i.sys_sem_signal)
    sys_thread_new                           0x000061c5   Thumb Code    48  sys_arch_freertos.o(i.sys_thread_new)
    sys_timeout                              0x000061f5   Thumb Code    96  timers.o(i.sys_timeout)
    sys_timeouts_init                        0x0000625d   Thumb Code    30  timers.o(i.sys_timeouts_init)
    sys_timeouts_mbox_fetch                  0x00006285   Thumb Code    90  timers.o(i.sys_timeouts_mbox_fetch)
    sys_untimeout                            0x000062e5   Thumb Code    66  timers.o(i.sys_untimeout)
    tcp_abandon                              0x0000632d   Thumb Code   152  tcp.o(i.tcp_abandon)
    tcp_abort                                0x000063c9   Thumb Code     6  tcp.o(i.tcp_abort)
    tcp_accept                               0x000063cf   Thumb Code     4  tcp.o(i.tcp_accept)
    tcp_alloc                                0x000063d9   Thumb Code   238  tcp.o(i.tcp_alloc)
    tcp_arg                                  0x000064d9   Thumb Code     4  tcp.o(i.tcp_arg)
    tcp_bind                                 0x000064dd   Thumb Code   126  tcp.o(i.tcp_bind)
    tcp_close                                0x00006565   Thumb Code    20  tcp.o(i.tcp_close)
    tcp_connect                              0x000066a1   Thumb Code   242  tcp.o(i.tcp_connect)
    tcp_eff_send_mss                         0x0000684d   Thumb Code    32  tcp.o(i.tcp_eff_send_mss)
    tcp_enqueue_flags                        0x0000686d   Thumb Code   234  tcp_out.o(i.tcp_enqueue_flags)
    tcp_err                                  0x00006957   Thumb Code    22  tcp.o(i.tcp_err)
    tcp_fasttmr                              0x0000696d   Thumb Code    90  tcp.o(i.tcp_fasttmr)
    tcp_init                                 0x000069cd   Thumb Code     2  tcp.o(i.tcp_init)
    tcp_input                                0x000069d1   Thumb Code   866  tcp_in.o(i.tcp_input)
    tcp_keepalive                            0x00006d51   Thumb Code    80  tcp_out.o(i.tcp_keepalive)
    tcp_listen_with_backlog                  0x00006e85   Thumb Code   130  tcp.o(i.tcp_listen_with_backlog)
    tcp_new                                  0x00006f15   Thumb Code     6  tcp.o(i.tcp_new)
    tcp_next_iss                             0x00006f79   Thumb Code    12  tcp.o(i.tcp_next_iss)
    tcp_output                               0x00007001   Thumb Code   412  tcp_out.o(i.tcp_output)
    tcp_pcb_purge                            0x000073fd   Thumb Code    66  tcp.o(i.tcp_pcb_purge)
    tcp_pcb_remove                           0x00007441   Thumb Code   112  tcp.o(i.tcp_pcb_remove)
    tcp_poll                                 0x000074b5   Thumb Code    28  tcp.o(i.tcp_poll)
    tcp_process_refused_data                 0x00007825   Thumb Code   106  tcp.o(i.tcp_process_refused_data)
    tcp_recv                                 0x0000805d   Thumb Code    22  tcp.o(i.tcp_recv)
    tcp_recv_null                            0x00008073   Thumb Code    36  tcp.o(i.tcp_recv_null)
    tcp_recved                               0x00008097   Thumb Code    84  tcp.o(i.tcp_recved)
    tcp_rexmit                               0x000080eb   Thumb Code    82  tcp_out.o(i.tcp_rexmit)
    tcp_rexmit_fast                          0x0000813d   Thumb Code    88  tcp_out.o(i.tcp_rexmit_fast)
    tcp_rexmit_rto                           0x00008195   Thumb Code    46  tcp_out.o(i.tcp_rexmit_rto)
    tcp_rst                                  0x000081c3   Thumb Code   146  tcp_out.o(i.tcp_rst)
    tcp_seg_copy                             0x00008275   Thumb Code    38  tcp.o(i.tcp_seg_copy)
    tcp_seg_free                             0x000082a1   Thumb Code    26  tcp.o(i.tcp_seg_free)
    tcp_segs_free                            0x000082bb   Thumb Code    18  tcp.o(i.tcp_segs_free)
    tcp_send_empty_ack                       0x000082cd   Thumb Code    92  tcp_out.o(i.tcp_send_empty_ack)
    tcp_send_fin                             0x00008329   Thumb Code    68  tcp_out.o(i.tcp_send_fin)
    tcp_sent                                 0x0000836d   Thumb Code    20  tcp.o(i.tcp_sent)
    tcp_shutdown                             0x00008381   Thumb Code    78  tcp.o(i.tcp_shutdown)
    tcp_slowtmr                              0x000083d1   Thumb Code   694  tcp.o(i.tcp_slowtmr)
    tcp_timer_needed                         0x00008699   Thumb Code    36  timers.o(i.tcp_timer_needed)
    tcp_tmr                                  0x00008739   Thumb Code    28  tcp.o(i.tcp_tmr)
    tcp_update_rcv_ann_wnd                   0x00008759   Thumb Code    66  tcp.o(i.tcp_update_rcv_ann_wnd)
    tcp_write                                0x0000879b   Thumb Code  1018  tcp_out.o(i.tcp_write)
    tcp_zero_window_probe                    0x00008bed   Thumb Code   160  tcp_out.o(i.tcp_zero_window_probe)
    tcpip_apimsg                             0x00008f45   Thumb Code    54  tcpip.o(i.tcpip_apimsg)
    tcpip_callback_with_block                0x00008f81   Thumb Code    90  tcpip.o(i.tcpip_callback_with_block)
    tcpip_init                               0x00008fe5   Thumb Code    48  tcpip.o(i.tcpip_init)
    tcpip_input                              0x00009035   Thumb Code    70  tcpip.o(i.tcpip_input)
    tcpserver_init                           0x0000913d   Thumb Code    20  tcpserver.o(i.tcpserver_init)
    udp_bind                                 0x00009169   Thumb Code   172  udp.o(i.udp_bind)
    udp_connect                              0x00009219   Thumb Code    70  udp.o(i.udp_connect)
    udp_init                                 0x00009265   Thumb Code     2  udp.o(i.udp_init)
    udp_input                                0x00009269   Thumb Code   366  udp.o(i.udp_input)
    udp_new                                  0x000093e5   Thumb Code    28  udp.o(i.udp_new)
    udp_recv                                 0x00009405   Thumb Code     6  udp.o(i.udp_recv)
    udp_remove                               0x0000940d   Thumb Code    36  udp.o(i.udp_remove)
    uxListRemove                             0x00009435   Thumb Code    36  list.o(i.uxListRemove)
    uxQueueMessagesWaiting                   0x00009459   Thumb Code    18  queue.o(i.uxQueueMessagesWaiting)
    vApplicationIdleHook                     0x000094d5   Thumb Code     4  freertoscommonhooks.o(i.vApplicationIdleHook)
    vApplicationMallocFailedHook             0x000094d9   Thumb Code    12  freertoscommonhooks.o(i.vApplicationMallocFailedHook)
    vApplicationStackOverflowHook            0x0000950d   Thumb Code    12  freertoscommonhooks.o(i.vApplicationStackOverflowHook)
    vListInitialise                          0x00009549   Thumb Code    22  list.o(i.vListInitialise)
    vListInitialiseItem                      0x0000955f   Thumb Code     6  list.o(i.vListInitialiseItem)
    vListInsert                              0x00009565   Thumb Code    48  list.o(i.vListInsert)
    vListInsertEnd                           0x00009595   Thumb Code    24  list.o(i.vListInsertEnd)
    vPortEnterCritical                       0x000095d5   Thumb Code    24  port.o(i.vPortEnterCritical)
    vPortExitCritical                        0x000095f1   Thumb Code    16  port.o(i.vPortExitCritical)
    vPortFree                                0x00009605   Thumb Code    26  heap_3.o(i.vPortFree)
    vPortSetupTimerInterrupt                 0x00009621   Thumb Code    26  port.o(i.vPortSetupTimerInterrupt)
    vPortYield                               0x00009641   Thumb Code    18  port.o(i.vPortYield)
    vQueueDelete                             0x0000969d   Thumb Code    24  queue.o(i.vQueueDelete)
    vQueueUnregisterQueue                    0x000096b5   Thumb Code    30  queue.o(i.vQueueUnregisterQueue)
    vTaskDelay                               0x0000990d   Thumb Code    48  tasks.o(i.vTaskDelay)
    vTaskMissedYield                         0x00009941   Thumb Code     8  tasks.o(i.vTaskMissedYield)
    vTaskPlaceOnEventList                    0x0000994d   Thumb Code    52  tasks.o(i.vTaskPlaceOnEventList)
    vTaskPriorityDisinherit                  0x00009989   Thumb Code    64  tasks.o(i.vTaskPriorityDisinherit)
    vTaskPriorityInherit                     0x000099d1   Thumb Code    92  tasks.o(i.vTaskPriorityInherit)
    vTaskSetTimeOutState                     0x00009a35   Thumb Code    12  tasks.o(i.vTaskSetTimeOutState)
    vTaskStartScheduler                      0x00009a45   Thumb Code    50  tasks.o(i.vTaskStartScheduler)
    vTaskSuspendAll                          0x00009a89   Thumb Code    10  tasks.o(i.vTaskSuspendAll)
    vTaskSwitchContext                       0x00009a99   Thumb Code    96  tasks.o(i.vTaskSwitchContext)
    xPortStartScheduler                      0x00009b6d   Thumb Code    38  port.o(i.xPortStartScheduler)
    xQueueCreateCountingSemaphore            0x00009b9d   Thumb Code    20  queue.o(i.xQueueCreateCountingSemaphore)
    xQueueCreateMutex                        0x00009bb1   Thumb Code    74  queue.o(i.xQueueCreateMutex)
    xQueueGenericCreate                      0x00009bfb   Thumb Code    72  queue.o(i.xQueueGenericCreate)
    xQueueGenericReceive                     0x00009c43   Thumb Code   258  queue.o(i.xQueueGenericReceive)
    xQueueGenericReset                       0x00009d45   Thumb Code    96  queue.o(i.xQueueGenericReset)
    xQueueGenericSend                        0x00009da5   Thumb Code   214  queue.o(i.xQueueGenericSend)
    xQueueGenericSendFromISR                 0x00009e7b   Thumb Code    98  queue.o(i.xQueueGenericSendFromISR)
    xTaskCheckForTimeOut                     0x00009edd   Thumb Code    66  tasks.o(i.xTaskCheckForTimeOut)
    xTaskGenericCreate                       0x00009f25   Thumb Code   352  tasks.o(i.xTaskGenericCreate)
    xTaskGetCurrentTaskHandle                0x0000a08d   Thumb Code     6  tasks.o(i.xTaskGetCurrentTaskHandle)
    xTaskGetTickCount                        0x0000a099   Thumb Code    18  tasks.o(i.xTaskGetTickCount)
    xTaskIncrementTick                       0x0000a0b1   Thumb Code   188  tasks.o(i.xTaskIncrementTick)
    xTaskRemoveFromEventList                 0x0000a175   Thumb Code    82  tasks.o(i.xTaskRemoveFromEventList)
    xTaskResumeAll                           0x0000a1d1   Thumb Code   148  tasks.o(i.xTaskResumeAll)
    _get_lc_ctype                            0x0000a26d   Thumb Code    44  lc_ctype_c.o(locale$$code)
    tcp_persist_backoff                      0x0000a508   Data           7  tcp.o(.constdata)
    tcp_state_str                            0x0000a510   Data          44  tcp.o(.constdata)
    tcp_backoff                              0x0000a53c   Data          13  tcp.o(.constdata)
    tcp_pcb_lists                            0x0000a54c   Data          16  tcp.o(.constdata)
    memp_sizes                               0x0000a55c   Data          28  memp.o(.constdata)
    ethbroadcast                             0x0000a578   Data           6  etharp.o(.constdata)
    ethzero                                  0x0000a57e   Data           6  etharp.o(.constdata)
    OscRateIn                                0x0000a598   Data           4  board.o(.constdata)
    RTCOscRateIn                             0x0000a59c   Data           4  board.o(.constdata)
    Region$$Table$$Base                      0x0000aad0   Number         0  anon$$obj.o(Region$$Table)
    Region$$Table$$Limit                     0x0000ab00   Number         0  anon$$obj.o(Region$$Table)
    __ctype                                  0x0000ab0d   Data           0  lc_ctype_c.o(locale$$data)
    ip_rdy                                   0x2007c001   Data           1  webserver_freertos.o(.data)
    tempTxData                               0x2007c002   Data           4  webserver_freertos.o(.data)
    tempRxData                               0x2007c006   Data           4  webserver_freertos.o(.data)
    DataSaveCnt                              0x2007c00c   Data           4  webserver_freertos.o(.data)
    lpc_client_ipaddr                        0x2007c014   Data           4  webserver_freertos.o(.data)
    broadcastflag                            0x2007c018   Data           1  webserver_freertos.o(.data)
    lpc_sever_ipaddr                         0x2007c01c   Data           4  webserver_freertos.o(.data)
    rxtxflag                                 0x2007c020   Data           1  tcpserver.o(.data)
    itxlen                                   0x2007c022   Data           2  tcpserver.o(.data)
    u8sever_port                             0x2007c024   Data           4  tcpserver.o(.data)
    SwitchDlyOpenCnt                         0x2007c02c   Data           4  smartterminal.o(.data)
    pxCurrentTCB                             0x2007c038   Data           4  tasks.o(.data)
    udp_pcbs                                 0x2007c074   Data           4  udp.o(.data)
    tcp_input_pcb                            0x2007c098   Data           4  tcp_in.o(.data)
    tcp_active_pcbs_changed                  0x2007c09c   Data           1  tcp.o(.data)
    tcp_ticks                                0x2007c0a8   Data           4  tcp.o(.data)
    tcp_bound_pcbs                           0x2007c0ac   Data           4  tcp.o(.data)
    tcp_listen_pcbs                          0x2007c0b0   Data           4  tcp.o(.data)
    tcp_active_pcbs                          0x2007c0b4   Data           4  tcp.o(.data)
    tcp_tw_pcbs                              0x2007c0b8   Data           4  tcp.o(.data)
    tcp_tmp_pcb                              0x2007c0bc   Data           4  tcp.o(.data)
    pbuf_free_ooseq_pending                  0x2007c0c4   Data           1  pbuf.o(.data)
    netif_list                               0x2007c0cc   Data           4  netif.o(.data)
    netif_default                            0x2007c0d0   Data           4  netif.o(.data)
    current_netif                            0x2007c0e0   Data           4  ip.o(.data)
    current_header                           0x2007c0e4   Data           4  ip.o(.data)
    current_iphdr_src                        0x2007c0e8   Data           4  ip.o(.data)
    current_iphdr_dest                       0x2007c0ec   Data           4  ip.o(.data)
    SystemCoreClock                          0x2007c158   Data           4  chip_17xx_40xx.o(.data)
    timerCnt                                 0x2007c15d   Data           1  board.o(.data)
    timerCur                                 0x2007c160   Data           4  board.o(.data)
    timerLst                                 0x2007c164   Data           4  board.o(.data)
    timerFreq                                0x2007c16c   Data           4  board.o(.data)
    GPIOsVal                                 0x2007c170   Data           8  board.o(.data)
    __stdout                                 0x2007c178   Data           4  board.o(.data)
    eepTxData                                0x2007c190   Data         260  webserver_freertos.o(.bss)
    eepRxData                                0x2007c294   Data         256  webserver_freertos.o(.bss)
    lpc_netif                                0x2007c3d4   Data          52  webserver_freertos.o(.bss)
    sysGrpREG                                0x2007c408   Data        2000  webserver_freertos.o(.bss)
    ethbufRx                                 0x2007cbd8   Data        2048  webserver_freertos.o(.bss)
    ethbufTx                                 0x2007d3d8   Data        2048  webserver_freertos.o(.bss)
    xQueueRegistry                           0x2007dfd8   Data          80  queue.o(.bss)
    lpc_enetdata                             0x2007e1d0   Data         180  lpc17xx_40xx_emac.o(.bss)
    __libspace_start                         0x2007e2fc   Data          96  libspace.o(.bss)
    __temporary_stack_top$libspace           0x2007e35c   Data           0  libspace.o(.bss)



==============================================================================

Memory Map of the image

  Image Entry point : 0x000000cd

  Load Region LR_IROM1 (Base: 0x00000000, Size: 0x0000ada0, Max: 0x00080000, ABSOLUTE, COMPRESSED[0x0000ac40])

    Execution Region ER_IROM1 (Exec base: 0x00000000, Load base: 0x00000000, Size: 0x0000ac10, Max: 0x00080000, ABSOLUTE)

    Exec Addr    Load Addr    Size         Type   Attr      Idx    E Section Name        Object

    0x00000000   0x00000000   0x000000cc   Data   RO          529    RESET               keil_startup_lpc17xx_40xx.o
    0x000000cc   0x000000cc   0x00000008   Code   RO         5832  * !!!main             c_w.l(__main.o)
    0x000000d4   0x000000d4   0x00000034   Code   RO         6076    !!!scatter          c_w.l(__scatter.o)
    0x00000108   0x00000108   0x0000005a   Code   RO         6074    !!dczerorl2         c_w.l(__dczerorl2.o)
    0x00000162   0x00000162   0x00000002   PAD
    0x00000164   0x00000164   0x0000001c   Code   RO         6078    !!handler_zi        c_w.l(__scatter_zi.o)
    0x00000180   0x00000180   0x00000000   Code   RO         5799    .ARM.Collect$$_printf_percent$$00000000  c_w.l(_printf_percent.o)
    0x00000180   0x00000180   0x00000006   Code   RO         5798    .ARM.Collect$$_printf_percent$$00000009  c_w.l(_printf_d.o)
    0x00000186   0x00000186   0x00000006   Code   RO         5797    .ARM.Collect$$_printf_percent$$00000014  c_w.l(_printf_s.o)
    0x0000018c   0x0000018c   0x00000004   Code   RO         5872    .ARM.Collect$$_printf_percent$$00000017  c_w.l(_printf_percent_end.o)
    0x00000190   0x00000190   0x00000002   Code   RO         6007    .ARM.Collect$$libinit$$00000000  c_w.l(libinit.o)
    0x00000192   0x00000192   0x00000000   Code   RO         5884    .ARM.Collect$$libinit$$00000002  c_w.l(libinit2.o)
    0x00000192   0x00000192   0x00000000   Code   RO         5886    .ARM.Collect$$libinit$$00000004  c_w.l(libinit2.o)
    0x00000192   0x00000192   0x00000008   Code   RO         5887    .ARM.Collect$$libinit$$00000005  c_w.l(libinit2.o)
    0x0000019a   0x0000019a   0x00000000   Code   RO         5889    .ARM.Collect$$libinit$$0000000A  c_w.l(libinit2.o)
    0x0000019a   0x0000019a   0x00000000   Code   RO         5891    .ARM.Collect$$libinit$$0000000C  c_w.l(libinit2.o)
    0x0000019a   0x0000019a   0x00000000   Code   RO         5893    .ARM.Collect$$libinit$$0000000E  c_w.l(libinit2.o)
    0x0000019a   0x0000019a   0x00000006   Code   RO         5894    .ARM.Collect$$libinit$$0000000F  c_w.l(libinit2.o)
    0x000001a0   0x000001a0   0x00000000   Code   RO         5896    .ARM.Collect$$libinit$$00000011  c_w.l(libinit2.o)
    0x000001a0   0x000001a0   0x0000000c   Code   RO         5897    .ARM.Collect$$libinit$$00000012  c_w.l(libinit2.o)
    0x000001ac   0x000001ac   0x00000000   Code   RO         5898    .ARM.Collect$$libinit$$00000013  c_w.l(libinit2.o)
    0x000001ac   0x000001ac   0x00000000   Code   RO         5900    .ARM.Collect$$libinit$$00000015  c_w.l(libinit2.o)
    0x000001ac   0x000001ac   0x00000000   Code   RO         5902    .ARM.Collect$$libinit$$00000017  c_w.l(libinit2.o)
    0x000001ac   0x000001ac   0x00000000   Code   RO         5904    .ARM.Collect$$libinit$$00000019  c_w.l(libinit2.o)
    0x000001ac   0x000001ac   0x00000000   Code   RO         5906    .ARM.Collect$$libinit$$0000001B  c_w.l(libinit2.o)
    0x000001ac   0x000001ac   0x00000000   Code   RO         5908    .ARM.Collect$$libinit$$0000001D  c_w.l(libinit2.o)
    0x000001ac   0x000001ac   0x00000000   Code   RO         5910    .ARM.Collect$$libinit$$0000001F  c_w.l(libinit2.o)
    0x000001ac   0x000001ac   0x00000000   Code   RO         5912    .ARM.Collect$$libinit$$00000021  c_w.l(libinit2.o)
    0x000001ac   0x000001ac   0x00000000   Code   RO         5914    .ARM.Collect$$libinit$$00000023  c_w.l(libinit2.o)
    0x000001ac   0x000001ac   0x00000000   Code   RO         5916    .ARM.Collect$$libinit$$00000025  c_w.l(libinit2.o)
    0x000001ac   0x000001ac   0x00000000   Code   RO         5920    .ARM.Collect$$libinit$$0000002C  c_w.l(libinit2.o)
    0x000001ac   0x000001ac   0x00000000   Code   RO         5922    .ARM.Collect$$libinit$$0000002E  c_w.l(libinit2.o)
    0x000001ac   0x000001ac   0x00000000   Code   RO         5924    .ARM.Collect$$libinit$$00000030  c_w.l(libinit2.o)
    0x000001ac   0x000001ac   0x00000000   Code   RO         5926    .ARM.Collect$$libinit$$00000032  c_w.l(libinit2.o)
    0x000001ac   0x000001ac   0x00000002   Code   RO         5927    .ARM.Collect$$libinit$$00000033  c_w.l(libinit2.o)
    0x000001ae   0x000001ae   0x00000002   Code   RO         6071    .ARM.Collect$$libshutdown$$00000000  c_w.l(libshutdown.o)
    0x000001b0   0x000001b0   0x00000000   Code   RO         6029    .ARM.Collect$$libshutdown$$00000002  c_w.l(libshutdown2.o)
    0x000001b0   0x000001b0   0x00000000   Code   RO         6031    .ARM.Collect$$libshutdown$$00000004  c_w.l(libshutdown2.o)
    0x000001b0   0x000001b0   0x00000000   Code   RO         6034    .ARM.Collect$$libshutdown$$00000007  c_w.l(libshutdown2.o)
    0x000001b0   0x000001b0   0x00000000   Code   RO         6037    .ARM.Collect$$libshutdown$$0000000A  c_w.l(libshutdown2.o)
    0x000001b0   0x000001b0   0x00000000   Code   RO         6039    .ARM.Collect$$libshutdown$$0000000C  c_w.l(libshutdown2.o)
    0x000001b0   0x000001b0   0x00000000   Code   RO         6042    .ARM.Collect$$libshutdown$$0000000F  c_w.l(libshutdown2.o)
    0x000001b0   0x000001b0   0x00000002   Code   RO         6043    .ARM.Collect$$libshutdown$$00000010  c_w.l(libshutdown2.o)
    0x000001b2   0x000001b2   0x00000000   Code   RO         5836    .ARM.Collect$$rtentry$$00000000  c_w.l(__rtentry.o)
    0x000001b2   0x000001b2   0x00000000   Code   RO         5934    .ARM.Collect$$rtentry$$00000002  c_w.l(__rtentry2.o)
    0x000001b2   0x000001b2   0x00000006   Code   RO         5946    .ARM.Collect$$rtentry$$00000004  c_w.l(__rtentry4.o)
    0x000001b8   0x000001b8   0x00000000   Code   RO         5936    .ARM.Collect$$rtentry$$00000009  c_w.l(__rtentry2.o)
    0x000001b8   0x000001b8   0x00000004   Code   RO         5937    .ARM.Collect$$rtentry$$0000000A  c_w.l(__rtentry2.o)
    0x000001bc   0x000001bc   0x00000000   Code   RO         5939    .ARM.Collect$$rtentry$$0000000C  c_w.l(__rtentry2.o)
    0x000001bc   0x000001bc   0x00000008   Code   RO         5940    .ARM.Collect$$rtentry$$0000000D  c_w.l(__rtentry2.o)
    0x000001c4   0x000001c4   0x00000002   Code   RO         6008    .ARM.Collect$$rtexit$$00000000  c_w.l(rtexit.o)
    0x000001c6   0x000001c6   0x00000000   Code   RO         6047    .ARM.Collect$$rtexit$$00000002  c_w.l(rtexit2.o)
    0x000001c6   0x000001c6   0x00000004   Code   RO         6048    .ARM.Collect$$rtexit$$00000003  c_w.l(rtexit2.o)
    0x000001ca   0x000001ca   0x00000006   Code   RO         6049    .ARM.Collect$$rtexit$$00000004  c_w.l(rtexit2.o)
    0x000001d0   0x000001d0   0x0000008a   Code   RO          639    .emb_text           port.o
    0x0000025a   0x0000025a   0x00000002   PAD
    0x0000025c   0x0000025c   0x00000000   Code   RO         5952    .emb_text           c_w.l(maybetermalloc1.o)
    0x0000025c   0x0000025c   0x00000044   Code   RO          530    .text               keil_startup_lpc17xx_40xx.o
    0x000002a0   0x000002a0   0x0000005e   Code   RO         5707    .text               c_w.l(h1_alloc.o)
    0x000002fe   0x000002fe   0x0000004e   Code   RO         5709    .text               c_w.l(h1_free.o)
    0x0000034c   0x0000034c   0x00000018   Code   RO         5769    .text               c_w.l(noretval__2printf.o)
    0x00000364   0x00000364   0x00000068   Code   RO         5771    .text               c_w.l(__printf.o)
    0x000003cc   0x000003cc   0x00000052   Code   RO         5773    .text               c_w.l(_printf_str.o)
    0x0000041e   0x0000041e   0x00000002   PAD
    0x00000420   0x00000420   0x00000078   Code   RO         5775    .text               c_w.l(_printf_dec.o)
    0x00000498   0x00000498   0x0000003c   Code   RO         5800    .text               c_w.l(__0sscanf.o)
    0x000004d4   0x000004d4   0x0000014c   Code   RO         5802    .text               c_w.l(_scanf_int.o)
    0x00000620   0x00000620   0x00000014   Code   RO         5804    .text               c_w.l(strchr.o)
    0x00000634   0x00000634   0x00000024   Code   RO         5806    .text               c_w.l(strstr.o)
    0x00000658   0x00000658   0x00000058   Code   RO         5808    .text               c_w.l(memcmp.o)
    0x000006b0   0x000006b0   0x00000048   Code   RO         5810    .text               c_w.l(strcpy.o)
    0x000006f8   0x000006f8   0x00000016   Code   RO         5812    .text               c_w.l(strrchr.o)
    0x0000070e   0x0000070e   0x0000003e   Code   RO         5814    .text               c_w.l(strlen.o)
    0x0000074c   0x0000074c   0x00000096   Code   RO         5816    .text               c_w.l(strncmp.o)
    0x000007e2   0x000007e2   0x00000018   Code   RO         5818    .text               c_w.l(strcat.o)
    0x000007fa   0x000007fa   0x0000008a   Code   RO         5820    .text               c_w.l(rt_memcpy_v6.o)
    0x00000884   0x00000884   0x00000064   Code   RO         5822    .text               c_w.l(rt_memcpy_w.o)
    0x000008e8   0x000008e8   0x00000010   Code   RO         5824    .text               c_w.l(aeabi_memset.o)
    0x000008f8   0x000008f8   0x0000004e   Code   RO         5826    .text               c_w.l(rt_memclr_w.o)
    0x00000946   0x00000946   0x00000002   PAD
    0x00000948   0x00000948   0x00000080   Code   RO         5828    .text               c_w.l(strcmpv7m.o)
    0x000009c8   0x000009c8   0x00000006   Code   RO         5830    .text               c_w.l(heapauxi.o)
    0x000009ce   0x000009ce   0x00000002   PAD
    0x000009d0   0x000009d0   0x00000008   Code   RO         5844    .text               c_w.l(rt_heap_descriptor_intlibspace.o)
    0x000009d8   0x000009d8   0x00000004   Code   RO         5846    .text               c_w.l(hguard.o)
    0x000009dc   0x000009dc   0x0000008a   Code   RO         5848    .text               c_w.l(init_alloc.o)
    0x00000a66   0x00000a66   0x0000000e   Code   RO         5852    .text               c_w.l(h1_init.o)
    0x00000a74   0x00000a74   0x000000b2   Code   RO         5866    .text               c_w.l(_printf_intcommon.o)
    0x00000b26   0x00000b26   0x0000002c   Code   RO         5868    .text               c_w.l(_printf_char.o)
    0x00000b52   0x00000b52   0x00000002   PAD
    0x00000b54   0x00000b54   0x00000024   Code   RO         5870    .text               c_w.l(_printf_char_file.o)
    0x00000b78   0x00000b78   0x0000001c   Code   RO         5873    .text               c_w.l(_chval.o)
    0x00000b94   0x00000b94   0x0000002c   Code   RO         5875    .text               c_w.l(scanf_char.o)
    0x00000bc0   0x00000bc0   0x00000040   Code   RO         5877    .text               c_w.l(_sgetc.o)
    0x00000c00   0x00000c00   0x00000044   Code   RO         5879    .text               c_w.l(rt_memclr.o)
    0x00000c44   0x00000c44   0x00000008   Code   RO         5930    .text               c_w.l(libspace.o)
    0x00000c4c   0x00000c4c   0x00000034   Code   RO         5954    .text               c_w.l(h1_extend.o)
    0x00000c80   0x00000c80   0x00000012   Code   RO         5958    .text               c_w.l(isspace.o)
    0x00000c92   0x00000c92   0x00000002   PAD
    0x00000c94   0x00000c94   0x00000030   Code   RO         5960    .text               c_w.l(_printf_char_common.o)
    0x00000cc4   0x00000cc4   0x00000374   Code   RO         5962    .text               c_w.l(_scanf.o)
    0x00001038   0x00001038   0x0000000e   Code   RO         5964    .text               c_w.l(defsig_rtmem_outer.o)
    0x00001046   0x00001046   0x00000002   Code   RO         5975    .text               c_w.l(use_no_semi.o)
    0x00001048   0x00001048   0x00000000   Code   RO         5977    .text               c_w.l(indicate_semi.o)
    0x00001048   0x00001048   0x0000004a   Code   RO         5978    .text               c_w.l(sys_stackheap_outer.o)
    0x00001092   0x00001092   0x00000002   PAD
    0x00001094   0x00001094   0x00000010   Code   RO         5980    .text               c_w.l(rt_ctype_table.o)
    0x000010a4   0x000010a4   0x00000012   Code   RO         5988    .text               c_w.l(exit.o)
    0x000010b6   0x000010b6   0x0000000a   Code   RO         5990    .text               c_w.l(defsig_exit.o)
    0x000010c0   0x000010c0   0x00000050   Code   RO         5996    .text               c_w.l(defsig_rtmem_inner.o)
    0x00001110   0x00001110   0x00000008   Code   RO         6013    .text               c_w.l(rt_locale_intlibspace.o)
    0x00001118   0x00001118   0x00000032   Code   RO         6024    .text               c_w.l(defsig_general.o)
    0x0000114a   0x0000114a   0x0000000e   Code   RO         6044    .text               c_w.l(sys_wrch.o)
    0x00001158   0x00001158   0x00000028   Code   RO         5363    i.Board_Debug_Init  board.o
    0x00001180   0x00001180   0x00000020   Code   RO         5364    i.Board_ENET_GetMacADDR  board.o
    0x000011a0   0x000011a0   0x00000018   Code   RO         5365    i.Board_GPIOInput_DIROut  board.o
    0x000011b8   0x000011b8   0x00000018   Code   RO         5366    i.Board_GPIOInput_State  board.o
    0x000011d0   0x000011d0   0x00000018   Code   RO         5367    i.Board_GPIOOutput_DIROut  board.o
    0x000011e8   0x000011e8   0x0000001c   Code   RO         5368    i.Board_GPIOOutput_Set  board.o
    0x00001204   0x00001204   0x00000018   Code   RO         5369    i.Board_GPIOOutput_State  board.o
    0x0000121c   0x0000121c   0x00000016   Code   RO         5370    i.Board_GPIOOutput_Toggle  board.o
    0x00001232   0x00001232   0x00000002   PAD
    0x00001234   0x00001234   0x0000002c   Code   RO         5372    i.Board_I2C_Init    board.o
    0x00001260   0x00001260   0x000000e0   Code   RO         5373    i.Board_Init        board.o
    0x00001340   0x00001340   0x00000010   Code   RO         5375    i.Board_SPI_DeassertSSEL  board.o
    0x00001350   0x00001350   0x00000044   Code   RO         5376    i.Board_SPI_Init    board.o
    0x00001394   0x00001394   0x00000044   Code   RO         5377    i.Board_SSP1_Init   board.o
    0x000013d8   0x000013d8   0x0000001c   Code   RO         5623    i.Board_SetupClocking  board_sysinit.o
    0x000013f4   0x000013f4   0x00000014   Code   RO         5624    i.Board_SetupMuxing  board_sysinit.o
    0x00001408   0x00001408   0x0000000e   Code   RO         5625    i.Board_SystemInit  board_sysinit.o
    0x00001416   0x00001416   0x00000002   PAD
    0x00001418   0x00001418   0x00000010   Code   RO         5379    i.Board_UARTPutChar  board.o
    0x00001428   0x00001428   0x00000014   Code   RO         5380    i.Board_UARTPutSTR  board.o
    0x0000143c   0x0000143c   0x00000018   Code   RO         3832    i.Chip_Clock_DisablePLL  clock_17xx_40xx.o
    0x00001454   0x00001454   0x00000018   Code   RO         3834    i.Chip_Clock_EnablePLL  clock_17xx_40xx.o
    0x0000146c   0x0000146c   0x00000014   Code   RO         3835    i.Chip_Clock_EnablePeriphClock  clock_17xx_40xx.o
    0x00001480   0x00001480   0x00000018   Code   RO         3836    i.Chip_Clock_FeedPLL  clock_17xx_40xx.o
    0x00001498   0x00001498   0x00000010   Code   RO         3837    i.Chip_Clock_GetCPUClockDiv  clock_17xx_40xx.o
    0x000014a8   0x000014a8   0x00000018   Code   RO         3838    i.Chip_Clock_GetCPUClockSource  clock_17xx_40xx.o
    0x000014c0   0x000014c0   0x00000020   Code   RO         3839    i.Chip_Clock_GetMainClockRate  clock_17xx_40xx.o
    0x000014e0   0x000014e0   0x00000038   Code   RO         3840    i.Chip_Clock_GetMainPLLOutClockRate  clock_17xx_40xx.o
    0x00001518   0x00001518   0x00000040   Code   RO         3841    i.Chip_Clock_GetPCLKDiv  clock_17xx_40xx.o
    0x00001558   0x00001558   0x00000016   Code   RO         3842    i.Chip_Clock_GetPeripheralClockRate  clock_17xx_40xx.o
    0x0000156e   0x0000156e   0x00000002   PAD
    0x00001570   0x00001570   0x00000038   Code   RO         3843    i.Chip_Clock_GetSYSCLKRate  clock_17xx_40xx.o
    0x000015a8   0x000015a8   0x00000012   Code   RO         3844    i.Chip_Clock_GetSystemClockRate  clock_17xx_40xx.o
    0x000015ba   0x000015ba   0x00000002   PAD
    0x000015bc   0x000015bc   0x0000000c   Code   RO         3850    i.Chip_Clock_SetCPUClockDiv  clock_17xx_40xx.o
    0x000015c8   0x000015c8   0x00000028   Code   RO         3852    i.Chip_Clock_SetPCLKDiv  clock_17xx_40xx.o
    0x000015f0   0x000015f0   0x00000024   Code   RO         3854    i.Chip_Clock_SetupPLL  clock_17xx_40xx.o
    0x00001614   0x00001614   0x00000028   Code   RO         4017    i.Chip_ENET_FindMIIDiv  enet_17xx_40xx.o
    0x0000163c   0x0000163c   0x0000001a   Code   RO         4019    i.Chip_ENET_GetFillDescNum  enet_17xx_40xx.o
    0x00001656   0x00001656   0x00000018   Code   RO         4020    i.Chip_ENET_IncRXConsumeIndex  enet_17xx_40xx.o
    0x0000166e   0x0000166e   0x00000018   Code   RO         4021    i.Chip_ENET_IncTXProduceIndex  enet_17xx_40xx.o
    0x00001686   0x00001686   0x00000072   Code   RO         4022    i.Chip_ENET_Init    enet_17xx_40xx.o
    0x000016f8   0x000016f8   0x00000016   Code   RO         4023    i.Chip_ENET_InitRxDescriptors  enet_17xx_40xx.o
    0x0000170e   0x0000170e   0x00000016   Code   RO         4024    i.Chip_ENET_InitTxDescriptors  enet_17xx_40xx.o
    0x00001724   0x00001724   0x00000014   Code   RO         3254    i.Chip_ENET_IsRxEmpty  lpc17xx_40xx_emac.o
    0x00001738   0x00001738   0x0000000a   Code   RO         4025    i.Chip_ENET_ReadMIIData  enet_17xx_40xx.o
    0x00001742   0x00001742   0x0000001a   Code   RO         4026    i.Chip_ENET_SetFullDuplex  enet_17xx_40xx.o
    0x0000175c   0x0000175c   0x0000001a   Code   RO         4027    i.Chip_ENET_SetHalfDuplex  enet_17xx_40xx.o
    0x00001776   0x00001776   0x00000002   PAD
    0x00001778   0x00001778   0x00000024   Code   RO         4028    i.Chip_ENET_SetupMII  enet_17xx_40xx.o
    0x0000179c   0x0000179c   0x00000018   Code   RO         4029    i.Chip_ENET_StartMIIRead  enet_17xx_40xx.o
    0x000017b4   0x000017b4   0x00000018   Code   RO         4030    i.Chip_ENET_StartMIIWrite  enet_17xx_40xx.o
    0x000017cc   0x000017cc   0x00000010   Code   RO         5382    i.Chip_GPIO_ReadPortBit  board.o
    0x000017dc   0x000017dc   0x00000010   Code   RO         5383    i.Chip_GPIO_SetPinDIRInput  board.o
    0x000017ec   0x000017ec   0x00000010   Code   RO         5384    i.Chip_GPIO_SetPinDIROutput  board.o
    0x000017fc   0x000017fc   0x0000000a   Code   RO         5385    i.Chip_GPIO_WriteDirBit  board.o
    0x00001806   0x00001806   0x0000001c   Code   RO         5386    i.Chip_GPIO_WritePortBit  board.o
    0x00001822   0x00001822   0x00000002   PAD
    0x00001824   0x00001824   0x00000020   Code   RO         4265    i.Chip_I2C_EventHandler  i2c_17xx_40xx.o
    0x00001844   0x00001844   0x00000034   Code   RO         4266    i.Chip_I2C_EventHandlerPolling  i2c_17xx_40xx.o
    0x00001878   0x00001878   0x00000020   Code   RO         4269    i.Chip_I2C_Init     i2c_17xx_40xx.o
    0x00001898   0x00001898   0x00000020   Code   RO         4270    i.Chip_I2C_IsMasterActive  i2c_17xx_40xx.o
    0x000018b8   0x000018b8   0x00000018   Code   RO         4271    i.Chip_I2C_IsStateChanged  i2c_17xx_40xx.o
    0x000018d0   0x000018d0   0x00000030   Code   RO         4273    i.Chip_I2C_MasterRead  i2c_17xx_40xx.o
    0x00001900   0x00001900   0x00000030   Code   RO         4274    i.Chip_I2C_MasterSend  i2c_17xx_40xx.o
    0x00001930   0x00001930   0x00000030   Code   RO         4275    i.Chip_I2C_MasterStateHandler  i2c_17xx_40xx.o
    0x00001960   0x00001960   0x00000064   Code   RO         4276    i.Chip_I2C_MasterTransfer  i2c_17xx_40xx.o
    0x000019c4   0x000019c4   0x0000002c   Code   RO         4277    i.Chip_I2C_SetClockRate  i2c_17xx_40xx.o
    0x000019f0   0x000019f0   0x00000024   Code   RO         4278    i.Chip_I2C_SetMasterEventHandler  i2c_17xx_40xx.o
    0x00001a14   0x00001a14   0x00000068   Code   RO         4280    i.Chip_I2C_SlaveStateHandler  i2c_17xx_40xx.o
    0x00001a7c   0x00001a7c   0x00000032   Code   RO         4488    i.Chip_IOCON_PinMux  iocon_17xx_40xx.o
    0x00001aae   0x00001aae   0x00000010   Code   RO         4489    i.Chip_IOCON_PinMuxSet  iocon_17xx_40xx.o
    0x00001abe   0x00001abe   0x00000028   Code   RO         4490    i.Chip_IOCON_SetPinMuxing  iocon_17xx_40xx.o
    0x00001ae6   0x00001ae6   0x00000002   PAD
    0x00001ae8   0x00001ae8   0x0000008c   Code   RO         5139    i.Chip_SetupXtalClocking  sysinit_17xx_40xx.o
    0x00001b74   0x00001b74   0x0000000e   Code   RO         4853    i.Chip_TIMER_Init   timer_17xx_40xx.o
    0x00001b82   0x00001b82   0x00000018   Code   RO         4854    i.Chip_TIMER_Reset  timer_17xx_40xx.o
    0x00001b9a   0x00001b9a   0x00000002   PAD
    0x00001b9c   0x00001b9c   0x00000030   Code   RO         4855    i.Chip_Timer_GetClockIndex  timer_17xx_40xx.o
    0x00001bcc   0x00001bcc   0x00000030   Code   RO         4898    i.Chip_UART_GetClkIndex  uart_17xx_40xx.o
    0x00001bfc   0x00001bfc   0x00000030   Code   RO         4899    i.Chip_UART_GetClockIndex  uart_17xx_40xx.o
    0x00001c2c   0x00001c2c   0x00000038   Code   RO         4901    i.Chip_UART_Init    uart_17xx_40xx.o
    0x00001c64   0x00001c64   0x0000003a   Code   RO         4909    i.Chip_UART_SetBaud  uart_17xx_40xx.o
    0x00001c9e   0x00001c9e   0x00000006   Code   RO         4912    i.Chip_UART_TXEnable  uart_17xx_40xx.o
    0x00001ca4   0x00001ca4   0x00000068   Code   RO            3    i.DataLoad          webserver_freertos.o
    0x00001d0c   0x00001d0c   0x00000064   Code   RO            4    i.DataSave          webserver_freertos.o
    0x00001d70   0x00001d70   0x00000058   Code   RO         3255    i.ETH_IRQHandler    lpc17xx_40xx_emac.o
    0x00001dc8   0x00001dc8   0x00000004   Code   RO          396    i.GetHTTP_Header    lwip_fs.o
    0x00001dcc   0x00001dcc   0x00000020   Code   RO         5387    i.I2C0_IRQHandler   board.o
    0x00001dec   0x00001dec   0x00000016   Code   RO         5388    i.NVIC_DisableIRQ   board.o
    0x00001e02   0x00001e02   0x00000016   Code   RO            5    i.NVIC_EnableIRQ    webserver_freertos.o
    0x00001e18   0x00001e18   0x00000016   Code   RO         5389    i.NVIC_EnableIRQ    board.o
    0x00001e2e   0x00001e2e   0x00000002   PAD
    0x00001e30   0x00001e30   0x00000024   Code   RO          640    i.SysTick_Handler   port.o
    0x00001e54   0x00001e54   0x00000010   Code   RO         5215    i.SystemCoreClockUpdate  chip_17xx_40xx.o
    0x00001e64   0x00001e64   0x00000014   Code   RO          339    i.SystemInit        sysinit.o
    0x00001e78   0x00001e78   0x00000260   Code   RO          582    i.SystemRunChk      smartterminal.o
    0x000020d8   0x000020d8   0x000000a4   Code   RO         5391    i.TIMER0_IRQHandler  board.o
    0x0000217c   0x0000217c   0x00000024   Code   RO          583    i.UserystemInit     smartterminal.o
    0x000021a0   0x000021a0   0x00000004   Code   RO         5392    i._sys_exit         board.o
    0x000021a4   0x000021a4   0x00000092   Code   RO         2772    i.accept_function   api_msg.o
    0x00002236   0x00002236   0x00000002   PAD
    0x00002238   0x00002238   0x0000001c   Code   RO         1361    i.arp_timer         timers.o
    0x00002254   0x00002254   0x00000002   Code   RO         3388    i.assert_loop       lpc_debug.o
    0x00002256   0x00002256   0x00000044   Code   RO         5394    i.crc_16            board.o
    0x0000229a   0x0000229a   0x0000005c   Code   RO         2773    i.do_bind           api_msg.o
    0x000022f6   0x000022f6   0x00000070   Code   RO         2774    i.do_close          api_msg.o
    0x00002366   0x00002366   0x00000002   PAD
    0x00002368   0x00002368   0x00000124   Code   RO         2775    i.do_close_internal  api_msg.o
    0x0000248c   0x0000248c   0x0000009c   Code   RO         2776    i.do_connect        api_msg.o
    0x00002528   0x00002528   0x00000086   Code   RO         2777    i.do_connected      api_msg.o
    0x000025ae   0x000025ae   0x000000b4   Code   RO         2778    i.do_delconn        api_msg.o
    0x00002662   0x00002662   0x00000002   PAD
    0x00002664   0x00002664   0x000000a0   Code   RO         2781    i.do_listen         api_msg.o
    0x00002704   0x00002704   0x00000020   Code   RO         2782    i.do_newconn        api_msg.o
    0x00002724   0x00002724   0x00000042   Code   RO         2783    i.do_recv           api_msg.o
    0x00002766   0x00002766   0x00000062   Code   RO         2785    i.do_write          api_msg.o
    0x000027c8   0x000027c8   0x00000174   Code   RO         2786    i.do_writemore      api_msg.o
    0x0000293c   0x0000293c   0x000000ac   Code   RO         2787    i.err_tcp           api_msg.o
    0x000029e8   0x000029e8   0x000000d0   Code   RO         2568    i.etharp_arp_input  etharp.o
    0x00002ab8   0x00002ab8   0x0000012c   Code   RO         2571    i.etharp_find_entry  etharp.o
    0x00002be4   0x00002be4   0x00000024   Code   RO         2572    i.etharp_free_entry  etharp.o
    0x00002c08   0x00002c08   0x00000114   Code   RO         2573    i.etharp_output     etharp.o
    0x00002d1c   0x00002d1c   0x0000004c   Code   RO         2574    i.etharp_output_to_arp_index  etharp.o
    0x00002d68   0x00002d68   0x0000010c   Code   RO         2575    i.etharp_query      etharp.o
    0x00002e74   0x00002e74   0x000000be   Code   RO         2576    i.etharp_raw        etharp.o
    0x00002f32   0x00002f32   0x00000002   PAD
    0x00002f34   0x00002f34   0x00000024   Code   RO         2577    i.etharp_request    etharp.o
    0x00002f58   0x00002f58   0x0000003c   Code   RO         2578    i.etharp_send_ip    etharp.o
    0x00002f94   0x00002f94   0x00000048   Code   RO         2579    i.etharp_tmr        etharp.o
    0x00002fdc   0x00002fdc   0x00000088   Code   RO         2580    i.etharp_update_arp_entry  etharp.o
    0x00003064   0x00003064   0x00000068   Code   RO          536    i.ethdata_broadcast  tcpserver.o
    0x000030cc   0x000030cc   0x00000164   Code   RO          537    i.ethdata_decode    tcpserver.o
    0x00003230   0x00003230   0x00000094   Code   RO         2581    i.ethernet_input    etharp.o
    0x000032c4   0x000032c4   0x00000006   Code   RO         5395    i.ferror            board.o
    0x000032ca   0x000032ca   0x0000000c   Code   RO         5397    i.fputc             board.o
    0x000032d6   0x000032d6   0x0000000c   Code   RO          398    i.fs_close          lwip_fs.o
    0x000032e2   0x000032e2   0x00000004   Code   RO          399    i.fs_open           lwip_fs.o
    0x000032e6   0x000032e6   0x00000004   Code   RO          401    i.fs_read           lwip_fs.o
    0x000032ea   0x000032ea   0x00000002   PAD
    0x000032ec   0x000032ec   0x0000000c   Code   RO         4281    i.getClkRate        i2c_17xx_40xx.o
    0x000032f8   0x000032f8   0x0000002e   Code   RO         4282    i.getSlaveIndex     i2c_17xx_40xx.o
    0x00003326   0x00003326   0x00000002   PAD
    0x00003328   0x00003328   0x000000c8   Code   RO          402    i.get_http_headers  lwip_fs.o
    0x000033f0   0x000033f0   0x000000b0   Code   RO         4283    i.handleMasterXferState  i2c_17xx_40xx.o
    0x000034a0   0x000034a0   0x00000098   Code   RO         4284    i.handleSlaveXferState  i2c_17xx_40xx.o
    0x00003538   0x00003538   0x0000002c   Code   RO          470    i.http_server_netconn_init  netconn_fs.o
    0x00003564   0x00003564   0x00000178   Code   RO          471    i.http_server_netconn_serve  netconn_fs.o
    0x000036dc   0x000036dc   0x000000d8   Code   RO          472    i.http_server_netconn_thread  netconn_fs.o
    0x000037b4   0x000037b4   0x00000054   Code   RO         5398    i.i2c_set_mode      board.o
    0x00003808   0x00003808   0x00000008   Code   RO         2533    i.icmp_dest_unreach  icmp.o
    0x00003810   0x00003810   0x00000118   Code   RO         2534    i.icmp_input        icmp.o
    0x00003928   0x00003928   0x0000006e   Code   RO         2535    i.icmp_send_response  icmp.o
    0x00003996   0x00003996   0x00000008   Code   RO         2536    i.icmp_time_exceeded  icmp.o
    0x0000399e   0x0000399e   0x0000000c   Code   RO         2477    i.inet_chksum       inet_chksum.o
    0x000039aa   0x000039aa   0x00000048   Code   RO         2478    i.inet_chksum_pbuf  inet_chksum.o
    0x000039f2   0x000039f2   0x00000086   Code   RO         2479    i.inet_chksum_pseudo  inet_chksum.o
    0x00003a78   0x00003a78   0x000000a4   Code   RO         2480    i.inet_chksum_pseudo_partial  inet_chksum.o
    0x00003b1c   0x00003b1c   0x0000002e   Code   RO         2371    i.ip4_addr_isbroadcast  ip_addr.o
    0x00003b4a   0x00003b4a   0x00000002   PAD
    0x00003b4c   0x00003b4c   0x00000174   Code   RO         2315    i.ip_frag           ip_frag.o
    0x00003cc0   0x00003cc0   0x00000014   Code   RO         2316    i.ip_frag_free_pbuf_custom_ref  ip_frag.o
    0x00003cd4   0x00003cd4   0x00000164   Code   RO         2425    i.ip_input          ip.o
    0x00003e38   0x00003e38   0x0000003e   Code   RO         2426    i.ip_output         ip.o
    0x00003e76   0x00003e76   0x00000002   PAD
    0x00003e78   0x00003e78   0x000000ec   Code   RO         2427    i.ip_output_if      ip.o
    0x00003f64   0x00003f64   0x00000194   Code   RO         2317    i.ip_reass          ip_frag.o
    0x000040f8   0x000040f8   0x00000124   Code   RO         2318    i.ip_reass_chain_frag_into_datagram_and_validate  ip_frag.o
    0x0000421c   0x0000421c   0x0000002c   Code   RO         2319    i.ip_reass_dequeue_datagram  ip_frag.o
    0x00004248   0x00004248   0x000000a4   Code   RO         2320    i.ip_reass_free_complete_datagram  ip_frag.o
    0x000042ec   0x000042ec   0x0000006c   Code   RO         2321    i.ip_reass_remove_oldest_datagram  ip_frag.o
    0x00004358   0x00004358   0x0000001c   Code   RO         1362    i.ip_reass_timer    timers.o
    0x00004374   0x00004374   0x0000002c   Code   RO         2322    i.ip_reass_tmr      ip_frag.o
    0x000043a0   0x000043a0   0x00000040   Code   RO         2428    i.ip_route          ip.o
    0x000043e0   0x000043e0   0x00000078   Code   RO         2376    i.ipaddr_ntoa_r     ip_addr.o
    0x00004458   0x00004458   0x0000001c   Code   RO         2323    i.ipfrag_free_pbuf_custom  ip_frag.o
    0x00004474   0x00004474   0x00000014   Code   RO         4285    i.isSlaveAddrMatching  i2c_17xx_40xx.o
    0x00004488   0x00004488   0x0000005a   Code   RO         4286    i.lookupSlaveIndex  i2c_17xx_40xx.o
    0x000044e2   0x000044e2   0x00000002   PAD
    0x000044e4   0x000044e4   0x000000b4   Code   RO         3256    i.low_level_init    lpc17xx_40xx_emac.o
    0x00004598   0x00004598   0x00000070   Code   RO         5662    i.lpcPHYStsPoll     lpc_phy_ip101gr.o
    0x00004608   0x00004608   0x000000f8   Code   RO         3259    i.lpc_enetif_init   lpc17xx_40xx_emac.o
    0x00004700   0x00004700   0x0000003a   Code   RO         3260    i.lpc_enetif_input  lpc17xx_40xx_emac.o
    0x0000473a   0x0000473a   0x00000012   Code   RO         3261    i.lpc_etharp_output  lpc17xx_40xx_emac.o
    0x0000474c   0x0000474c   0x000000dc   Code   RO         3262    i.lpc_low_level_input  lpc17xx_40xx_emac.o
    0x00004828   0x00004828   0x00000138   Code   RO         3263    i.lpc_low_level_output  lpc17xx_40xx_emac.o
    0x00004960   0x00004960   0x0000003c   Code   RO         5663    i.lpc_mii_write     lpc_phy_ip101gr.o
    0x0000499c   0x0000499c   0x0000008c   Code   RO         5664    i.lpc_phy_init      lpc_phy_ip101gr.o
    0x00004a28   0x00004a28   0x00000040   Code   RO         3264    i.lpc_rx_queue      lpc17xx_40xx_emac.o
    0x00004a68   0x00004a68   0x0000002a   Code   RO         3265    i.lpc_rx_setup      lpc17xx_40xx_emac.o
    0x00004a92   0x00004a92   0x00000042   Code   RO         3266    i.lpc_rxqueue_pbuf  lpc17xx_40xx_emac.o
    0x00004ad4   0x00004ad4   0x0000001e   Code   RO         3267    i.lpc_tx_ready      lpc17xx_40xx_emac.o
    0x00004af2   0x00004af2   0x00000002   PAD
    0x00004af4   0x00004af4   0x0000006c   Code   RO         3268    i.lpc_tx_reclaim    lpc17xx_40xx_emac.o
    0x00004b60   0x00004b60   0x00000038   Code   RO         3269    i.lpc_tx_setup      lpc17xx_40xx_emac.o
    0x00004b98   0x00004b98   0x00000016   Code   RO         2481    i.lwip_chksum_copy  inet_chksum.o
    0x00004bae   0x00004bae   0x00000004   Code   RO         2285    i.lwip_htonl        def.o
    0x00004bb2   0x00004bb2   0x00000004   Code   RO         2286    i.lwip_htons        def.o
    0x00004bb6   0x00004bb6   0x0000001a   Code   RO         2249    i.lwip_init         init.o
    0x00004bd0   0x00004bd0   0x00000004   Code   RO         2287    i.lwip_ntohl        def.o
    0x00004bd4   0x00004bd4   0x00000004   Code   RO         2288    i.lwip_ntohs        def.o
    0x00004bd8   0x00004bd8   0x0000003e   Code   RO         2482    i.lwip_standard_chksum  inet_chksum.o
    0x00004c16   0x00004c16   0x00000002   PAD
    0x00004c18   0x00004c18   0x00000118   Code   RO            6    i.main              webserver_freertos.o
    0x00004d30   0x00004d30   0x0000000e   Code   RO            7    i.msDelay           webserver_freertos.o
    0x00004d3e   0x00004d3e   0x0000002c   Code   RO         3402    i.netbuf_data       netbuf.o
    0x00004d6a   0x00004d6a   0x00000020   Code   RO         3403    i.netbuf_delete     netbuf.o
    0x00004d8a   0x00004d8a   0x00000024   Code   RO         3407    i.netbuf_next       netbuf.o
    0x00004dae   0x00004dae   0x00000078   Code   RO         2951    i.netconn_accept    api_lib.o
    0x00004e26   0x00004e26   0x00000002   PAD
    0x00004e28   0x00004e28   0x00000080   Code   RO         2788    i.netconn_alloc     api_msg.o
    0x00004ea8   0x00004ea8   0x00000044   Code   RO         2952    i.netconn_bind      api_lib.o
    0x00004eec   0x00004eec   0x00000006   Code   RO         2953    i.netconn_close     api_lib.o
    0x00004ef2   0x00004ef2   0x00000002   PAD
    0x00004ef4   0x00004ef4   0x00000044   Code   RO         2954    i.netconn_close_shutdown  api_lib.o
    0x00004f38   0x00004f38   0x00000044   Code   RO         2955    i.netconn_connect   api_lib.o
    0x00004f7c   0x00004f7c   0x00000024   Code   RO         2956    i.netconn_delete    api_lib.o
    0x00004fa0   0x00004fa0   0x0000008e   Code   RO         2789    i.netconn_drain     api_msg.o
    0x0000502e   0x0000502e   0x00000032   Code   RO         2790    i.netconn_free      api_msg.o
    0x00005060   0x00005060   0x00000040   Code   RO         2959    i.netconn_listen_with_backlog  api_lib.o
    0x000050a0   0x000050a0   0x00000068   Code   RO         2960    i.netconn_new_with_proto_and_callback  api_lib.o
    0x00005108   0x00005108   0x00000094   Code   RO         2961    i.netconn_recv      api_lib.o
    0x0000519c   0x0000519c   0x000000d8   Code   RO         2962    i.netconn_recv_data  api_lib.o
    0x00005274   0x00005274   0x000000a0   Code   RO         2968    i.netconn_write_partly  api_lib.o
    0x00005314   0x00005314   0x0000005c   Code   RO         2100    i.netif_add         netif.o
    0x00005370   0x00005370   0x00000002   Code   RO         2102    i.netif_init        netif.o
    0x00005372   0x00005372   0x00000020   Code   RO         2104    i.netif_set_addr    netif.o
    0x00005392   0x00005392   0x00000002   PAD
    0x00005394   0x00005394   0x0000000c   Code   RO         2105    i.netif_set_default  netif.o
    0x000053a0   0x000053a0   0x00000008   Code   RO         2107    i.netif_set_gw      netif.o
    0x000053a8   0x000053a8   0x00000068   Code   RO         2108    i.netif_set_ipaddr  netif.o
    0x00005410   0x00005410   0x00000012   Code   RO         2109    i.netif_set_link_down  netif.o
    0x00005422   0x00005422   0x00000020   Code   RO         2110    i.netif_set_link_up  netif.o
    0x00005442   0x00005442   0x00000008   Code   RO         2111    i.netif_set_netmask  netif.o
    0x0000544a   0x0000544a   0x00000020   Code   RO         2112    i.netif_set_up      netif.o
    0x0000546a   0x0000546a   0x00000002   PAD
    0x0000546c   0x0000546c   0x0000018c   Code   RO         1933    i.pbuf_alloc        pbuf.o
    0x000055f8   0x000055f8   0x00000058   Code   RO         1934    i.pbuf_alloced_custom  pbuf.o
    0x00005650   0x00005650   0x00000040   Code   RO         1935    i.pbuf_cat          pbuf.o
    0x00005690   0x00005690   0x00000012   Code   RO         1937    i.pbuf_clen         pbuf.o
    0x000056a2   0x000056a2   0x000000b6   Code   RO         1939    i.pbuf_copy         pbuf.o
    0x00005758   0x00005758   0x0000006a   Code   RO         1940    i.pbuf_copy_partial  pbuf.o
    0x000057c2   0x000057c2   0x00000002   PAD
    0x000057c4   0x000057c4   0x00000074   Code   RO         1943    i.pbuf_free         pbuf.o
    0x00005838   0x00005838   0x00000034   Code   RO         1944    i.pbuf_free_ooseq_callback  pbuf.o
    0x0000586c   0x0000586c   0x0000006e   Code   RO         1946    i.pbuf_header       pbuf.o
    0x000058da   0x000058da   0x00000002   PAD
    0x000058dc   0x000058dc   0x00000040   Code   RO         1949    i.pbuf_pool_is_empty  pbuf.o
    0x0000591c   0x0000591c   0x00000074   Code   RO         1950    i.pbuf_realloc      pbuf.o
    0x00005990   0x00005990   0x0000001a   Code   RO         1951    i.pbuf_ref          pbuf.o
    0x000059aa   0x000059aa   0x00000002   PAD
    0x000059ac   0x000059ac   0x00000090   Code   RO         2791    i.pcb_new           api_msg.o
    0x00005a3c   0x00005a3c   0x0000005c   Code   RO         2792    i.poll_tcp          api_msg.o
    0x00005a98   0x00005a98   0x00000034   Code   RO          956    i.prvAddCurrentTaskToDelayedList  tasks.o
    0x00005acc   0x00005acc   0x00000054   Code   RO          957    i.prvCheckTasksWaitingTermination  tasks.o
    0x00005b20   0x00005b20   0x00000028   Code   RO          748    i.prvCopyDataFromQueue  queue.o
    0x00005b48   0x00005b48   0x00000068   Code   RO          749    i.prvCopyDataToQueue  queue.o
    0x00005bb0   0x00005bb0   0x0000001c   Code   RO          958    i.prvIdleTask       tasks.o
    0x00005bcc   0x00005bcc   0x00000006   Code   RO          641    i.prvTaskExitError  port.o
    0x00005bd2   0x00005bd2   0x00000064   Code   RO          750    i.prvUnlockQueue    queue.o
    0x00005c36   0x00005c36   0x0000001e   Code   RO          722    i.pvPortMalloc      heap_3.o
    0x00005c54   0x00005c54   0x00000020   Code   RO          642    i.pxPortInitialiseStack  port.o
    0x00005c74   0x00005c74   0x0000000a   Code   RO         1872    i.raw_bind          raw.o
    0x00005c7e   0x00005c7e   0x0000000a   Code   RO         1873    i.raw_connect       raw.o
    0x00005c88   0x00005c88   0x0000008c   Code   RO         1874    i.raw_input         raw.o
    0x00005d14   0x00005d14   0x00000030   Code   RO         1875    i.raw_new           raw.o
    0x00005d44   0x00005d44   0x00000006   Code   RO         1876    i.raw_recv          raw.o
    0x00005d4a   0x00005d4a   0x00000002   PAD
    0x00005d4c   0x00005d4c   0x00000028   Code   RO         1877    i.raw_remove        raw.o
    0x00005d74   0x00005d74   0x00000078   Code   RO         2793    i.recv_raw          api_msg.o
    0x00005dec   0x00005dec   0x00000080   Code   RO         2794    i.recv_tcp          api_msg.o
    0x00005e6c   0x00005e6c   0x00000088   Code   RO         2795    i.recv_udp          api_msg.o
    0x00005ef4   0x00005ef4   0x0000005c   Code   RO         2796    i.sent_tcp          api_msg.o
    0x00005f50   0x00005f50   0x00000044   Code   RO         2797    i.setup_tcp         api_msg.o
    0x00005f94   0x00005f94   0x00000064   Code   RO         5665    i.smsc_update_phy_sts  lpc_phy_ip101gr.o
    0x00005ff8   0x00005ff8   0x0000005c   Code   RO         3108    i.sys_arch_mbox_fetch  sys_arch_freertos.o
    0x00006054   0x00006054   0x0000001e   Code   RO         3109    i.sys_arch_mbox_tryfetch  sys_arch_freertos.o
    0x00006072   0x00006072   0x0000000a   Code   RO         3110    i.sys_arch_protect  sys_arch_freertos.o
    0x0000607c   0x0000607c   0x0000004e   Code   RO         3111    i.sys_arch_sem_wait  sys_arch_freertos.o
    0x000060ca   0x000060ca   0x00000004   Code   RO         3112    i.sys_arch_unprotect  sys_arch_freertos.o
    0x000060ce   0x000060ce   0x00000002   Code   RO         3114    i.sys_init          sys_arch_freertos.o
    0x000060d0   0x000060d0   0x00000014   Code   RO         3115    i.sys_mbox_free     sys_arch_freertos.o
    0x000060e4   0x000060e4   0x0000001e   Code   RO         3116    i.sys_mbox_new      sys_arch_freertos.o
    0x00006102   0x00006102   0x0000001a   Code   RO         3117    i.sys_mbox_post     sys_arch_freertos.o
    0x0000611c   0x0000611c   0x0000001c   Code   RO         3118    i.sys_mbox_trypost  sys_arch_freertos.o
    0x00006138   0x00006138   0x0000001a   Code   RO         3120    i.sys_mutex_lock    sys_arch_freertos.o
    0x00006152   0x00006152   0x00000018   Code   RO         3121    i.sys_mutex_new     sys_arch_freertos.o
    0x0000616a   0x0000616a   0x0000000c   Code   RO         3122    i.sys_mutex_unlock  sys_arch_freertos.o
    0x00006176   0x00006176   0x00000004   Code   RO         3123    i.sys_now           sys_arch_freertos.o
    0x0000617a   0x0000617a   0x00000006   Code   RO         3124    i.sys_sem_free      sys_arch_freertos.o
    0x00006180   0x00006180   0x00000038   Code   RO         3125    i.sys_sem_new       sys_arch_freertos.o
    0x000061b8   0x000061b8   0x0000000c   Code   RO         3126    i.sys_sem_signal    sys_arch_freertos.o
    0x000061c4   0x000061c4   0x00000030   Code   RO         3127    i.sys_thread_new    sys_arch_freertos.o
    0x000061f4   0x000061f4   0x00000068   Code   RO         1363    i.sys_timeout       timers.o
    0x0000625c   0x0000625c   0x00000028   Code   RO         1364    i.sys_timeouts_init  timers.o
    0x00006284   0x00006284   0x00000060   Code   RO         1365    i.sys_timeouts_mbox_fetch  timers.o
    0x000062e4   0x000062e4   0x00000048   Code   RO         1366    i.sys_untimeout     timers.o
    0x0000632c   0x0000632c   0x0000009c   Code   RO         1616    i.tcp_abandon       tcp.o
    0x000063c8   0x000063c8   0x00000006   Code   RO         1617    i.tcp_abort         tcp.o
    0x000063ce   0x000063ce   0x00000004   Code   RO         1618    i.tcp_accept        tcp.o
    0x000063d2   0x000063d2   0x00000006   Code   RO         1619    i.tcp_accept_null   tcp.o
    0x000063d8   0x000063d8   0x00000100   Code   RO         1620    i.tcp_alloc         tcp.o
    0x000064d8   0x000064d8   0x00000004   Code   RO         1621    i.tcp_arg           tcp.o
    0x000064dc   0x000064dc   0x00000088   Code   RO         1622    i.tcp_bind          tcp.o
    0x00006564   0x00006564   0x00000014   Code   RO         1623    i.tcp_close         tcp.o
    0x00006578   0x00006578   0x00000128   Code   RO         1624    i.tcp_close_shutdown  tcp.o
    0x000066a0   0x000066a0   0x000000f8   Code   RO         1625    i.tcp_connect       tcp.o
    0x00006798   0x00006798   0x000000b4   Code   RO         1458    i.tcp_create_segment  tcp_out.o
    0x0000684c   0x0000684c   0x00000020   Code   RO         1627    i.tcp_eff_send_mss  tcp.o
    0x0000686c   0x0000686c   0x000000ea   Code   RO         1459    i.tcp_enqueue_flags  tcp_out.o
    0x00006956   0x00006956   0x00000016   Code   RO         1628    i.tcp_err           tcp.o
    0x0000696c   0x0000696c   0x00000060   Code   RO         1629    i.tcp_fasttmr       tcp.o
    0x000069cc   0x000069cc   0x00000002   Code   RO         1630    i.tcp_init          tcp.o
    0x000069ce   0x000069ce   0x00000002   PAD
    0x000069d0   0x000069d0   0x00000380   Code   RO         1563    i.tcp_input         tcp_in.o
    0x00006d50   0x00006d50   0x00000050   Code   RO         1460    i.tcp_keepalive     tcp_out.o
    0x00006da0   0x00006da0   0x000000e4   Code   RO         1564    i.tcp_listen_input  tcp_in.o
    0x00006e84   0x00006e84   0x00000090   Code   RO         1631    i.tcp_listen_with_backlog  tcp.o
    0x00006f14   0x00006f14   0x00000006   Code   RO         1632    i.tcp_new           tcp.o
    0x00006f1a   0x00006f1a   0x00000002   PAD
    0x00006f1c   0x00006f1c   0x0000005c   Code   RO         1633    i.tcp_new_port      tcp.o
    0x00006f78   0x00006f78   0x00000010   Code   RO         1634    i.tcp_next_iss      tcp.o
    0x00006f88   0x00006f88   0x00000078   Code   RO         1565    i.tcp_oos_insert_segment  tcp_in.o
    0x00007000   0x00007000   0x000001a0   Code   RO         1461    i.tcp_output        tcp_out.o
    0x000071a0   0x000071a0   0x00000078   Code   RO         1462    i.tcp_output_alloc_header  tcp_out.o
    0x00007218   0x00007218   0x00000108   Code   RO         1463    i.tcp_output_segment  tcp_out.o
    0x00007320   0x00007320   0x00000080   Code   RO         1566    i.tcp_parseopt      tcp_in.o
    0x000073a0   0x000073a0   0x0000005c   Code   RO         1464    i.tcp_pbuf_prealloc  tcp_out.o
    0x000073fc   0x000073fc   0x00000042   Code   RO         1635    i.tcp_pcb_purge     tcp.o
    0x0000743e   0x0000743e   0x00000002   PAD
    0x00007440   0x00007440   0x00000074   Code   RO         1636    i.tcp_pcb_remove    tcp.o
    0x000074b4   0x000074b4   0x0000001c   Code   RO         1637    i.tcp_poll          tcp.o
    0x000074d0   0x000074d0   0x00000354   Code   RO         1567    i.tcp_process       tcp_in.o
    0x00007824   0x00007824   0x0000006a   Code   RO         1638    i.tcp_process_refused_data  tcp.o
    0x0000788e   0x0000788e   0x00000002   PAD
    0x00007890   0x00007890   0x000007cc   Code   RO         1568    i.tcp_receive       tcp_in.o
    0x0000805c   0x0000805c   0x00000016   Code   RO         1639    i.tcp_recv          tcp.o
    0x00008072   0x00008072   0x00000024   Code   RO         1640    i.tcp_recv_null     tcp.o
    0x00008096   0x00008096   0x00000054   Code   RO         1641    i.tcp_recved        tcp.o
    0x000080ea   0x000080ea   0x00000052   Code   RO         1465    i.tcp_rexmit        tcp_out.o
    0x0000813c   0x0000813c   0x00000058   Code   RO         1466    i.tcp_rexmit_fast   tcp_out.o
    0x00008194   0x00008194   0x0000002e   Code   RO         1467    i.tcp_rexmit_rto    tcp_out.o
    0x000081c2   0x000081c2   0x00000092   Code   RO         1468    i.tcp_rst           tcp_out.o
    0x00008254   0x00008254   0x0000001e   Code   RO         1469    i.tcp_seg_add_chksum  tcp_out.o
    0x00008272   0x00008272   0x00000002   PAD
    0x00008274   0x00008274   0x0000002c   Code   RO         1642    i.tcp_seg_copy      tcp.o
    0x000082a0   0x000082a0   0x0000001a   Code   RO         1643    i.tcp_seg_free      tcp.o
    0x000082ba   0x000082ba   0x00000012   Code   RO         1644    i.tcp_segs_free     tcp.o
    0x000082cc   0x000082cc   0x0000005c   Code   RO         1470    i.tcp_send_empty_ack  tcp_out.o
    0x00008328   0x00008328   0x00000044   Code   RO         1471    i.tcp_send_fin      tcp_out.o
    0x0000836c   0x0000836c   0x00000014   Code   RO         1645    i.tcp_sent          tcp.o
    0x00008380   0x00008380   0x0000004e   Code   RO         1647    i.tcp_shutdown      tcp.o
    0x000083ce   0x000083ce   0x00000002   PAD
    0x000083d0   0x000083d0   0x000002c8   Code   RO         1648    i.tcp_slowtmr       tcp.o
    0x00008698   0x00008698   0x00000034   Code   RO         1367    i.tcp_timer_needed  timers.o
    0x000086cc   0x000086cc   0x0000006c   Code   RO         1569    i.tcp_timewait_input  tcp_in.o
    0x00008738   0x00008738   0x00000020   Code   RO         1649    i.tcp_tmr           tcp.o
    0x00008758   0x00008758   0x00000042   Code   RO         1650    i.tcp_update_rcv_ann_wnd  tcp.o
    0x0000879a   0x0000879a   0x000003fa   Code   RO         1472    i.tcp_write         tcp_out.o
    0x00008b94   0x00008b94   0x00000058   Code   RO         1473    i.tcp_write_checks  tcp_out.o
    0x00008bec   0x00008bec   0x000000a0   Code   RO         1474    i.tcp_zero_window_probe  tcp_out.o
    0x00008c8c   0x00008c8c   0x000002b8   Code   RO          538    i.tcpclient_thread  tcpserver.o
    0x00008f44   0x00008f44   0x0000003c   Code   RO         2664    i.tcpip_apimsg      tcpip.o
    0x00008f80   0x00008f80   0x00000064   Code   RO         2665    i.tcpip_callback_with_block  tcpip.o
    0x00008fe4   0x00008fe4   0x00000048   Code   RO         2668    i.tcpip_init        tcpip.o
    0x0000902c   0x0000902c   0x00000006   Code   RO            8    i.tcpip_init_done_signal  webserver_freertos.o
    0x00009032   0x00009032   0x00000002   PAD
    0x00009034   0x00009034   0x00000050   Code   RO         2669    i.tcpip_input       tcpip.o
    0x00009084   0x00009084   0x00000038   Code   RO         1368    i.tcpip_tcp_timer   timers.o
    0x000090bc   0x000090bc   0x00000080   Code   RO         2670    i.tcpip_thread      tcpip.o
    0x0000913c   0x0000913c   0x0000002c   Code   RO          539    i.tcpserver_init    tcpserver.o
    0x00009168   0x00009168   0x000000b0   Code   RO         1234    i.udp_bind          udp.o
    0x00009218   0x00009218   0x0000004c   Code   RO         1235    i.udp_connect       udp.o
    0x00009264   0x00009264   0x00000002   Code   RO         1237    i.udp_init          udp.o
    0x00009266   0x00009266   0x00000002   PAD
    0x00009268   0x00009268   0x0000017c   Code   RO         1238    i.udp_input         udp.o
    0x000093e4   0x000093e4   0x00000020   Code   RO         1239    i.udp_new           udp.o
    0x00009404   0x00009404   0x00000006   Code   RO         1240    i.udp_recv          udp.o
    0x0000940a   0x0000940a   0x00000002   PAD
    0x0000940c   0x0000940c   0x00000028   Code   RO         1241    i.udp_remove        udp.o
    0x00009434   0x00009434   0x00000024   Code   RO          912    i.uxListRemove      list.o
    0x00009458   0x00009458   0x00000012   Code   RO          753    i.uxQueueMessagesWaiting  queue.o
    0x0000946a   0x0000946a   0x00000002   PAD
    0x0000946c   0x0000946c   0x00000068   Code   RO            9    i.vAppFuncTask      webserver_freertos.o
    0x000094d4   0x000094d4   0x00000004   Code   RO         1190    i.vApplicationIdleHook  freertoscommonhooks.o
    0x000094d8   0x000094d8   0x00000034   Code   RO         1191    i.vApplicationMallocFailedHook  freertoscommonhooks.o
    0x0000950c   0x0000950c   0x0000003c   Code   RO         1192    i.vApplicationStackOverflowHook  freertoscommonhooks.o
    0x00009548   0x00009548   0x00000016   Code   RO          913    i.vListInitialise   list.o
    0x0000955e   0x0000955e   0x00000006   Code   RO          914    i.vListInitialiseItem  list.o
    0x00009564   0x00009564   0x00000030   Code   RO          915    i.vListInsert       list.o
    0x00009594   0x00009594   0x00000018   Code   RO          916    i.vListInsertEnd    list.o
    0x000095ac   0x000095ac   0x00000026   Code   RO         3270    i.vPacketReceiveTask  lpc17xx_40xx_emac.o
    0x000095d2   0x000095d2   0x00000002   PAD
    0x000095d4   0x000095d4   0x0000001c   Code   RO          644    i.vPortEnterCritical  port.o
    0x000095f0   0x000095f0   0x00000014   Code   RO          645    i.vPortExitCritical  port.o
    0x00009604   0x00009604   0x0000001a   Code   RO          723    i.vPortFree         heap_3.o
    0x0000961e   0x0000961e   0x00000002   PAD
    0x00009620   0x00009620   0x00000020   Code   RO          646    i.vPortSetupTimerInterrupt  port.o
    0x00009640   0x00009640   0x00000018   Code   RO          647    i.vPortYield        port.o
    0x00009658   0x00009658   0x00000044   Code   RO           10    i.vPowerFuncTask    webserver_freertos.o
    0x0000969c   0x0000969c   0x00000018   Code   RO          757    i.vQueueDelete      queue.o
    0x000096b4   0x000096b4   0x00000024   Code   RO          759    i.vQueueUnregisterQueue  queue.o
    0x000096d8   0x000096d8   0x00000234   Code   RO           11    i.vSetupIFTask      webserver_freertos.o
    0x0000990c   0x0000990c   0x00000034   Code   RO          966    i.vTaskDelay        tasks.o
    0x00009940   0x00009940   0x0000000c   Code   RO          970    i.vTaskMissedYield  tasks.o
    0x0000994c   0x0000994c   0x0000003c   Code   RO          971    i.vTaskPlaceOnEventList  tasks.o
    0x00009988   0x00009988   0x00000048   Code   RO          972    i.vTaskPriorityDisinherit  tasks.o
    0x000099d0   0x000099d0   0x00000064   Code   RO          973    i.vTaskPriorityInherit  tasks.o
    0x00009a34   0x00009a34   0x00000010   Code   RO          977    i.vTaskSetTimeOutState  tasks.o
    0x00009a44   0x00009a44   0x00000044   Code   RO          978    i.vTaskStartScheduler  tasks.o
    0x00009a88   0x00009a88   0x00000010   Code   RO          980    i.vTaskSuspendAll   tasks.o
    0x00009a98   0x00009a98   0x00000068   Code   RO          981    i.vTaskSwitchContext  tasks.o
    0x00009b00   0x00009b00   0x0000006c   Code   RO         3271    i.vTransmitCleanupTask  lpc17xx_40xx_emac.o
    0x00009b6c   0x00009b6c   0x00000030   Code   RO          648    i.xPortStartScheduler  port.o
    0x00009b9c   0x00009b9c   0x00000014   Code   RO          760    i.xQueueCreateCountingSemaphore  queue.o
    0x00009bb0   0x00009bb0   0x0000004a   Code   RO          761    i.xQueueCreateMutex  queue.o
    0x00009bfa   0x00009bfa   0x00000048   Code   RO          762    i.xQueueGenericCreate  queue.o
    0x00009c42   0x00009c42   0x00000102   Code   RO          763    i.xQueueGenericReceive  queue.o
    0x00009d44   0x00009d44   0x00000060   Code   RO          764    i.xQueueGenericReset  queue.o
    0x00009da4   0x00009da4   0x000000d6   Code   RO          765    i.xQueueGenericSend  queue.o
    0x00009e7a   0x00009e7a   0x00000062   Code   RO          766    i.xQueueGenericSendFromISR  queue.o
    0x00009edc   0x00009edc   0x00000048   Code   RO          982    i.xTaskCheckForTimeOut  tasks.o
    0x00009f24   0x00009f24   0x00000168   Code   RO          983    i.xTaskGenericCreate  tasks.o
    0x0000a08c   0x0000a08c   0x0000000c   Code   RO          984    i.xTaskGetCurrentTaskHandle  tasks.o
    0x0000a098   0x0000a098   0x00000018   Code   RO          985    i.xTaskGetTickCount  tasks.o
    0x0000a0b0   0x0000a0b0   0x000000c4   Code   RO          987    i.xTaskIncrementTick  tasks.o
    0x0000a174   0x0000a174   0x0000005c   Code   RO          989    i.xTaskRemoveFromEventList  tasks.o
    0x0000a1d0   0x0000a1d0   0x0000009c   Code   RO          990    i.xTaskResumeAll    tasks.o
    0x0000a26c   0x0000a26c   0x0000002c   Code   RO         6020    locale$$code        c_w.l(lc_ctype_c.o)
    0x0000a298   0x0000a298   0x0000019f   Data   RO          403    .constdata          lwip_fs.o
    0x0000a437   0x0000a437   0x000000d0   Data   RO          474    .constdata          netconn_fs.o
    0x0000a507   0x0000a507   0x00000001   PAD
    0x0000a508   0x0000a508   0x00000054   Data   RO         1651    .constdata          tcp.o
    0x0000a55c   0x0000a55c   0x0000001c   Data   RO         2195    .constdata          memp.o
    0x0000a578   0x0000a578   0x0000000c   Data   RO         2583    .constdata          etharp.o
    0x0000a584   0x0000a584   0x0000000f   Data   RO         4031    .constdata          enet_17xx_40xx.o
    0x0000a593   0x0000a593   0x00000003   Data   RO         4288    .constdata          i2c_17xx_40xx.o
    0x0000a596   0x0000a596   0x00000002   PAD
    0x0000a598   0x0000a598   0x00000004   Data   RO         5399    .constdata          board.o
    0x0000a59c   0x0000a59c   0x00000004   Data   RO         5400    .constdata          board.o
    0x0000a5a0   0x0000a5a0   0x0000001e   Data   RO         5401    .constdata          board.o
    0x0000a5be   0x0000a5be   0x00000002   PAD
    0x0000a5c0   0x0000a5c0   0x000000a4   Data   RO         5626    .constdata          board_sysinit.o
    0x0000a664   0x0000a664   0x000003f4   Data   RO          404    .conststring        lwip_fs.o
    0x0000aa58   0x0000aa58   0x00000075   Data   RO         1652    .conststring        tcp.o
    0x0000aacd   0x0000aacd   0x00000003   PAD
    0x0000aad0   0x0000aad0   0x00000030   Data   RO         6072    Region$$Table       anon$$obj.o
    0x0000ab00   0x0000ab00   0x00000110   Data   RO         6019    locale$$data        c_w.l(lc_ctype_c.o)


    Execution Region RW_IRAM1 (Exec base: 0x10000000, Load base: 0x0000ac10, Size: 0x00008000, Max: 0x00008000, ABSOLUTE)

    Exec Addr    Load Addr    Size         Type   Attr      Idx    E Section Name        Object

    0x10000000        -       0x00008000   Zero   RW          528    HEAP                keil_startup_lpc17xx_40xx.o


    Execution Region RW_IRAM2 (Exec base: 0x2007c000, Load base: 0x0000ac10, Size: 0x00003360, Max: 0x00008000, ABSOLUTE, COMPRESSED[0x00000030])

    Exec Addr    Load Addr    Size         Type   Attr      Idx    E Section Name        Object

    0x2007c000   COMPRESSED   0x00000018   Data   RW           15    .data               webserver_freertos.o
    0x2007c018   COMPRESSED   0x00000001   Data   RW           16    .data               webserver_freertos.o
    0x2007c019   COMPRESSED   0x00000003   PAD
    0x2007c01c   COMPRESSED   0x00000004   Data   RW           17    .data               webserver_freertos.o
    0x2007c020   COMPRESSED   0x00000008   Data   RW          540    .data               tcpserver.o
    0x2007c028   COMPRESSED   0x0000000c   Data   RW          584    .data               smartterminal.o
    0x2007c034   COMPRESSED   0x00000004   Data   RW          649    .data               port.o
    0x2007c038   COMPRESSED   0x00000038   Data   RW          993    .data               tasks.o
    0x2007c070   COMPRESSED   0x00000008   Data   RW         1248    .data               udp.o
    0x2007c078   COMPRESSED   0x00000008   Data   RW         1369    .data               timers.o
    0x2007c080   COMPRESSED   0x0000001c   Data   RW         1571    .data               tcp_in.o
    0x2007c09c   COMPRESSED   0x00000024   Data   RW         1653    .data               tcp.o
    0x2007c0c0   COMPRESSED   0x00000004   Data   RW         1880    .data               raw.o
    0x2007c0c4   COMPRESSED   0x00000001   Data   RW         1954    .data               pbuf.o
    0x2007c0c5   COMPRESSED   0x00000003   PAD
    0x2007c0c8   COMPRESSED   0x0000000c   Data   RW         2113    .data               netif.o
    0x2007c0d4   COMPRESSED   0x00000008   Data   RW         2324    .data               ip_frag.o
    0x2007c0dc   COMPRESSED   0x00000014   Data   RW         2429    .data               ip.o
    0x2007c0f0   COMPRESSED   0x00000001   Data   RW         2584    .data               etharp.o
    0x2007c0f1   COMPRESSED   0x00000003   PAD
    0x2007c0f4   COMPRESSED   0x0000000c   Data   RW         2674    .data               tcpip.o
    0x2007c100   COMPRESSED   0x00000004   Data   RW         4032    .data               enet_17xx_40xx.o
    0x2007c104   COMPRESSED   0x00000054   Data   RW         4289    .data               i2c_17xx_40xx.o
    0x2007c158   COMPRESSED   0x00000004   Data   RW         5216    .data               chip_17xx_40xx.o
    0x2007c15c   COMPRESSED   0x0000001c   Data   RW         5402    .data               board.o
    0x2007c178   COMPRESSED   0x00000004   Data   RW         5404    .data               board.o
    0x2007c17c   COMPRESSED   0x00000014   Data   RW         5666    .data               lpc_phy_ip101gr.o
    0x2007c190        -       0x00000a48   Zero   RW           12    .bss                webserver_freertos.o
    0x2007cbd8        -       0x00000800   Zero   RW           13    .bss                webserver_freertos.o
    0x2007d3d8        -       0x00000800   Zero   RW           14    .bss                webserver_freertos.o
    0x2007dbd8        -       0x00000400   Zero   RW          473    .bss                netconn_fs.o
    0x2007dfd8        -       0x00000050   Zero   RW          773    .bss                queue.o
    0x2007e028        -       0x000000c8   Zero   RW          992    .bss                tasks.o
    0x2007e0f0        -       0x00000014   Zero   RW         1570    .bss                tcp_in.o
    0x2007e104        -       0x000000c8   Zero   RW         2582    .bss                etharp.o
    0x2007e1cc   COMPRESSED   0x00000004   PAD
    0x2007e1d0        -       0x000000b4   Zero   RW         3272    .bss                lpc17xx_40xx_emac.o
    0x2007e284        -       0x00000078   Zero   RW         4287    .bss                i2c_17xx_40xx.o
    0x2007e2fc        -       0x00000060   Zero   RW         5931    .bss                c_w.l(libspace.o)
    0x2007e35c   COMPRESSED   0x00000004   PAD
    0x2007e360        -       0x00001000   Zero   RW          527    STACK               keil_startup_lpc17xx_40xx.o


==============================================================================

Image component sizes


      Code (inc. data)   RO Data    RW Data    ZI Data      Debug   Object Name

      1058         42          0          0          0      21220   api_lib.o
      3112         72          0          0          0      32295   api_msg.o
      1174        166         38         32          0      62114   board.o
        62         16        164          0          0       5247   board_sysinit.o
        16          4          0          4          0        998   chip_17xx_40xx.o
       468         74          0          0          0      16015   clock_17xx_40xx.o
        16          0          0          0          0       2892   def.o
       418         18         15          4          0      24367   enet_17xx_40xx.o
      1806         54         12          1        200      15361   etharp.o
       116         88          0          0          0       1918   freertoscommonhooks.o
        56          0          0          0          0       1467   heap_3.o
      1096         84          3         84        120      16674   i2c_17xx_40xx.o
       406          8          0          0          0       4002   icmp.o
       466          0          0          0          0       6002   inet_chksum.o
        26          0          0          0          0        600   init.o
       106          0          0          0          0       3065   iocon_17xx_40xx.o
       718         24          0         20          0       8113   ip.o
       166          0          0          0          0       8646   ip_addr.o
      1476         40          0          8          0      10900   ip_frag.o
        68         28        204          0      36864       1008   keil_startup_lpc17xx_40xx.o
       136          0          0          0          0       3918   list.o
      1656         88          0          0        180      27603   lpc17xx_40xx_emac.o
         2          0          0          0          0        550   lpc_debug.o
       412         24          0         20          0      14899   lpc_phy_ip101gr.o
       224         18       1427          0          0       7880   lwip_fs.o
         0          0         28          0          0       1389   memp.o
       112          0          0          0          0       4000   netbuf.o
       636        174        208          0       1024      14323   netconn_fs.o
       340         20          0         12          0      10097   netif.o
      1338         26          0          1          0      21841   pbuf.o
       364         52          0          4          0       8493   port.o
      1154          6          0          0         80      13878   queue.o
       254         24          0          4          0       6055   raw.o
       644         10          0         12          0       2178   smartterminal.o
       508          0          0          0          0      13921   sys_arch_freertos.o
        20         10          0          0          0       5989   sysinit.o
       140          4          0          0          0       5285   sysinit_17xx_40xx.o
      1576        136          0         56        200      19220   tasks.o
      2996        116        201         36          0      42345   tcp.o
      4328        136          0         28         20      19187   tcp_in.o
      3204         14          0          0          0      19447   tcp_out.o
       440         62          0         12          0       4930   tcpip.o
      1200        418          0          8          0      10050   tcpserver.o
        86         14          0          0          0       2649   timer_17xx_40xx.o
       476         74          0          8          0      17576   timers.o
       216         32          0          0          0      12200   uart_17xx_40xx.o
       712         32          0          8          0      15740   udp.o
      1262        358          0         29       6728     102983   webserver_freertos.o

    ----------------------------------------------------------------------
     37348       2566       2356        400      45420     671530   Object Totals
         0          0         48          0          0          0   (incl. Generated)
        82          0          8          9          4          0   (incl. Padding)

    ----------------------------------------------------------------------

      Code (inc. data)   RO Data    RW Data    ZI Data      Debug   Library Member Name

        60          8          0          0          0         84   __0sscanf.o
        90          0          0          0          0          0   __dczerorl2.o
         8          0          0          0          0         68   __main.o
       104          0          0          0          0         84   __printf.o
         0          0          0          0          0          0   __rtentry.o
        12          0          0          0          0          0   __rtentry2.o
         6          0          0          0          0          0   __rtentry4.o
        52          8          0          0          0          0   __scatter.o
        28          0          0          0          0          0   __scatter_zi.o
        28          0          0          0          0         68   _chval.o
        44          0          0          0          0        108   _printf_char.o
        48          6          0          0          0         96   _printf_char_common.o
        36          4          0          0          0         80   _printf_char_file.o
         6          0          0          0          0          0   _printf_d.o
       120         16          0          0          0         92   _printf_dec.o
       178          0          0          0          0         88   _printf_intcommon.o
         0          0          0          0          0          0   _printf_percent.o
         4          0          0          0          0          0   _printf_percent_end.o
         6          0          0          0          0          0   _printf_s.o
        82          0          0          0          0         80   _printf_str.o
       884          6          0          0          0        100   _scanf.o
       332          0          0          0          0         96   _scanf_int.o
        64          0          0          0          0         84   _sgetc.o
        16          0          0          0          0         68   aeabi_memset.o
        10          0          0          0          0         68   defsig_exit.o
        50          0          0          0          0         88   defsig_general.o
        80         58          0          0          0         76   defsig_rtmem_inner.o
        14          0          0          0          0         80   defsig_rtmem_outer.o
        18          0          0          0          0         80   exit.o
        94          0          0          0          0         80   h1_alloc.o
        52          0          0          0          0         68   h1_extend.o
        78          0          0          0          0         80   h1_free.o
        14          0          0          0          0         84   h1_init.o
         6          0          0          0          0        152   heapauxi.o
         4          0          0          0          0        136   hguard.o
         0          0          0          0          0          0   indicate_semi.o
       138          0          0          0          0        168   init_alloc.o
        18          0          0          0          0         76   isspace.o
        44         10        272          0          0         76   lc_ctype_c.o
         2          0          0          0          0          0   libinit.o
        28          0          0          0          0          0   libinit2.o
         2          0          0          0          0          0   libshutdown.o
         2          0          0          0          0          0   libshutdown2.o
         8          4          0          0         96         68   libspace.o
         0          0          0          0          0          0   maybetermalloc1.o
        88          0          0          0          0         76   memcmp.o
        24          4          0          0          0         84   noretval__2printf.o
        16          4          0          0          0         76   rt_ctype_table.o
         8          4          0          0          0         68   rt_heap_descriptor_intlibspace.o
         8          4          0          0          0         68   rt_locale_intlibspace.o
        68          0          0          0          0         68   rt_memclr.o
        78          0          0          0          0         80   rt_memclr_w.o
       138          0          0          0          0         68   rt_memcpy_v6.o
       100          0          0          0          0         80   rt_memcpy_w.o
         2          0          0          0          0          0   rtexit.o
        10          0          0          0          0          0   rtexit2.o
        44          8          0          0          0         84   scanf_char.o
        24          0          0          0          0         68   strcat.o
        20          0          0          0          0         68   strchr.o
       128          0          0          0          0         68   strcmpv7m.o
        72          0          0          0          0         80   strcpy.o
        62          0          0          0          0         76   strlen.o
       150          0          0          0          0         80   strncmp.o
        22          0          0          0          0         68   strrchr.o
        36          0          0          0          0         80   strstr.o
        74          0          0          0          0         80   sys_stackheap_outer.o
        14          0          0          0          0         76   sys_wrch.o
         2          0          0          0          0         68   use_no_semi.o

    ----------------------------------------------------------------------
      4072        144        272          0        100       4140   Library Totals
        14          0          0          0          4          0   (incl. Padding)

    ----------------------------------------------------------------------

      Code (inc. data)   RO Data    RW Data    ZI Data      Debug   Library Name

      4058        144        272          0         96       4140   c_w.l

    ----------------------------------------------------------------------
      4072        144        272          0        100       4140   Library Totals

    ----------------------------------------------------------------------

==============================================================================


      Code (inc. data)   RO Data    RW Data    ZI Data      Debug   

     41420       2710       2628        400      45520     653306   Grand Totals
     41420       2710       2628         48      45520     653306   ELF Image Totals (compressed)
     41420       2710       2628         48          0          0   ROM Totals

==============================================================================

    Total RO  Size (Code + RO Data)                44048 (  43.02kB)
    Total RW  Size (RW Data + ZI Data)             45920 (  44.84kB)
    Total ROM Size (Code + RO Data + RW Data)      44096 (  43.06kB)

==============================================================================

