<!doctype html public "-//w3c//dtd html 4.0 transitional//en">
<html><head>
<title>Static Call Graph - [.\keil_output\iflash_nxp_lpcxpresso_1769\webserver_freertos_iflash_nxp_lpcxpresso_1769.axf]</title></head>
<body><HR>
<H1>Static Call Graph for image .\keil_output\iflash_nxp_lpcxpresso_1769\webserver_freertos_iflash_nxp_lpcxpresso_1769.axf</H1><HR>
<BR><P>#&#060CALLGRAPH&#062# ARM Linker, 5060528: Last Updated: Thu Apr 26 22:07:34 2018
<BR><P>
<H3>Maximum Stack Usage =        648 bytes + Unknown(Functions without stacksize, Cycles, Untraceable Function Pointers)</H3><H3>
Call chain for Maximum Stack Depth:</H3>
tcpip_thread &rArr; ethernet_input &rArr; ip_input &rArr; tcp_input &rArr; tcp_process &rArr; tcp_abort &rArr; tcp_abandon &rArr; tcp_pcb_remove &rArr; tcp_output &rArr; tcp_send_empty_ack &rArr; ip_output &rArr; ip_output_if &rArr; ip_frag &rArr; pbuf_alloc &rArr; pbuf_pool_is_empty &rArr; tcpip_callback_with_block &rArr; sys_mbox_post &rArr; xQueueGenericSend &rArr; xTaskResumeAll &rArr; xTaskIncrementTick
<P>
<H3>
Functions with no stack information
</H3><UL>
 <LI><a href="#[a5]">__user_initial_stackheap</a>
</UL>
</UL>
<P>
<H3>
Mutually Recursive functions
</H3> <LI><a href="#[b]">NMI_Handler</a>&nbsp;&nbsp;&nbsp;&rArr;&nbsp;&nbsp;&nbsp;<a href="#[b]">NMI_Handler</a><BR>
 <LI><a href="#[c]">HardFault_Handler</a>&nbsp;&nbsp;&nbsp;&rArr;&nbsp;&nbsp;&nbsp;<a href="#[c]">HardFault_Handler</a><BR>
 <LI><a href="#[d]">MemManage_Handler</a>&nbsp;&nbsp;&nbsp;&rArr;&nbsp;&nbsp;&nbsp;<a href="#[d]">MemManage_Handler</a><BR>
 <LI><a href="#[e]">BusFault_Handler</a>&nbsp;&nbsp;&nbsp;&rArr;&nbsp;&nbsp;&nbsp;<a href="#[e]">BusFault_Handler</a><BR>
 <LI><a href="#[f]">UsageFault_Handler</a>&nbsp;&nbsp;&nbsp;&rArr;&nbsp;&nbsp;&nbsp;<a href="#[f]">UsageFault_Handler</a><BR>
 <LI><a href="#[12]">DebugMon_Handler</a>&nbsp;&nbsp;&nbsp;&rArr;&nbsp;&nbsp;&nbsp;<a href="#[12]">DebugMon_Handler</a><BR>
 <LI><a href="#[10]">UnHandled_Vector</a>&nbsp;&nbsp;&nbsp;&rArr;&nbsp;&nbsp;&nbsp;<a href="#[10]">UnHandled_Vector</a><BR>
 <LI><a href="#[2b]">ADC_IRQHandler</a>&nbsp;&nbsp;&nbsp;&rArr;&nbsp;&nbsp;&nbsp;<a href="#[2b]">ADC_IRQHandler</a><BR>
 <LI><a href="#[105]">assert_loop</a>&nbsp;&nbsp;&nbsp;&rArr;&nbsp;&nbsp;&nbsp;<a href="#[105]">assert_loop</a><BR>
 <LI><a href="#[10a]">netconn_drain</a>&nbsp;&nbsp;&nbsp;&rArr;&nbsp;&nbsp;&nbsp;<a href="#[10a]">netconn_drain</a><BR>
 <LI><a href="#[82]">_sys_exit</a>&nbsp;&nbsp;&nbsp;&rArr;&nbsp;&nbsp;&nbsp;<a href="#[82]">_sys_exit</a><BR>
</UL>
<P>
<H3>
Function Pointers
</H3><UL>
 <LI><a href="#[2b]">ADC_IRQHandler</a> from keil_startup_lpc17xx_40xx.o(.text) referenced from keil_startup_lpc17xx_40xx.o(RESET)
 <LI><a href="#[2c]">BOD_IRQHandler</a> from keil_startup_lpc17xx_40xx.o(.text) referenced from keil_startup_lpc17xx_40xx.o(RESET)
 <LI><a href="#[e]">BusFault_Handler</a> from keil_startup_lpc17xx_40xx.o(.text) referenced from keil_startup_lpc17xx_40xx.o(RESET)
 <LI><a href="#[37]">CANActivity_IRQHandler</a> from keil_startup_lpc17xx_40xx.o(.text) referenced from keil_startup_lpc17xx_40xx.o(RESET)
 <LI><a href="#[2e]">CAN_IRQHandler</a> from keil_startup_lpc17xx_40xx.o(.text) referenced from keil_startup_lpc17xx_40xx.o(RESET)
 <LI><a href="#[9]">Chip_I2C_EventHandler</a> from i2c_17xx_40xx.o(i.Chip_I2C_EventHandler) referenced 6 times from i2c_17xx_40xx.o(.data)
 <LI><a href="#[9]">Chip_I2C_EventHandler</a> from i2c_17xx_40xx.o(i.Chip_I2C_EventHandler) referenced from board.o(i.i2c_set_mode)
 <LI><a href="#[48]">Chip_I2C_EventHandlerPolling</a> from i2c_17xx_40xx.o(i.Chip_I2C_EventHandlerPolling) referenced from board.o(i.i2c_set_mode)
 <LI><a href="#[2f]">DMA_IRQHandler</a> from keil_startup_lpc17xx_40xx.o(.text) referenced from keil_startup_lpc17xx_40xx.o(RESET)
 <LI><a href="#[12]">DebugMon_Handler</a> from keil_startup_lpc17xx_40xx.o(.text) referenced from keil_startup_lpc17xx_40xx.o(RESET)
 <LI><a href="#[27]">EINT0_IRQHandler</a> from keil_startup_lpc17xx_40xx.o(.text) referenced from keil_startup_lpc17xx_40xx.o(RESET)
 <LI><a href="#[28]">EINT1_IRQHandler</a> from keil_startup_lpc17xx_40xx.o(.text) referenced from keil_startup_lpc17xx_40xx.o(RESET)
 <LI><a href="#[29]">EINT2_IRQHandler</a> from keil_startup_lpc17xx_40xx.o(.text) referenced from keil_startup_lpc17xx_40xx.o(RESET)
 <LI><a href="#[2a]">EINT3_IRQHandler</a> from keil_startup_lpc17xx_40xx.o(.text) referenced from keil_startup_lpc17xx_40xx.o(RESET)
 <LI><a href="#[31]">ETH_IRQHandler</a> from lpc17xx_40xx_emac.o(i.ETH_IRQHandler) referenced from keil_startup_lpc17xx_40xx.o(RESET)
 <LI><a href="#[c]">HardFault_Handler</a> from keil_startup_lpc17xx_40xx.o(.text) referenced from keil_startup_lpc17xx_40xx.o(RESET)
 <LI><a href="#[1f]">I2C0_IRQHandler</a> from board.o(i.I2C0_IRQHandler) referenced from keil_startup_lpc17xx_40xx.o(RESET)
 <LI><a href="#[20]">I2C1_IRQHandler</a> from keil_startup_lpc17xx_40xx.o(.text) referenced from keil_startup_lpc17xx_40xx.o(RESET)
 <LI><a href="#[21]">I2C2_IRQHandler</a> from keil_startup_lpc17xx_40xx.o(.text) referenced from keil_startup_lpc17xx_40xx.o(RESET)
 <LI><a href="#[30]">I2S_IRQHandler</a> from keil_startup_lpc17xx_40xx.o(.text) referenced from keil_startup_lpc17xx_40xx.o(RESET)
 <LI><a href="#[33]">MCPWM_IRQHandler</a> from keil_startup_lpc17xx_40xx.o(.text) referenced from keil_startup_lpc17xx_40xx.o(RESET)
 <LI><a href="#[d]">MemManage_Handler</a> from keil_startup_lpc17xx_40xx.o(.text) referenced from keil_startup_lpc17xx_40xx.o(RESET)
 <LI><a href="#[b]">NMI_Handler</a> from keil_startup_lpc17xx_40xx.o(.text) referenced from keil_startup_lpc17xx_40xx.o(RESET)
 <LI><a href="#[25]">PLL0_IRQHandler</a> from keil_startup_lpc17xx_40xx.o(.text) referenced from keil_startup_lpc17xx_40xx.o(RESET)
 <LI><a href="#[35]">PLL1_IRQHandler</a> from keil_startup_lpc17xx_40xx.o(.text) referenced from keil_startup_lpc17xx_40xx.o(RESET)
 <LI><a href="#[1e]">PWM1_IRQHandler</a> from keil_startup_lpc17xx_40xx.o(.text) referenced from keil_startup_lpc17xx_40xx.o(RESET)
 <LI><a href="#[13]">PendSV_Handler</a> from port.o(.emb_text) referenced from keil_startup_lpc17xx_40xx.o(RESET)
 <LI><a href="#[34]">QEI_IRQHandler</a> from keil_startup_lpc17xx_40xx.o(.text) referenced from keil_startup_lpc17xx_40xx.o(RESET)
 <LI><a href="#[32]">RIT_IRQHandler</a> from keil_startup_lpc17xx_40xx.o(.text) referenced from keil_startup_lpc17xx_40xx.o(RESET)
 <LI><a href="#[26]">RTC_IRQHandler</a> from keil_startup_lpc17xx_40xx.o(.text) referenced from keil_startup_lpc17xx_40xx.o(RESET)
 <LI><a href="#[a]">Reset_Handler</a> from keil_startup_lpc17xx_40xx.o(.text) referenced from keil_startup_lpc17xx_40xx.o(RESET)
 <LI><a href="#[22]">SPI_IRQHandler</a> from keil_startup_lpc17xx_40xx.o(.text) referenced from keil_startup_lpc17xx_40xx.o(RESET)
 <LI><a href="#[23]">SSP0_IRQHandler</a> from keil_startup_lpc17xx_40xx.o(.text) referenced from keil_startup_lpc17xx_40xx.o(RESET)
 <LI><a href="#[24]">SSP1_IRQHandler</a> from keil_startup_lpc17xx_40xx.o(.text) referenced from keil_startup_lpc17xx_40xx.o(RESET)
 <LI><a href="#[11]">SVC_Handler</a> from port.o(.emb_text) referenced from keil_startup_lpc17xx_40xx.o(RESET)
 <LI><a href="#[14]">SysTick_Handler</a> from port.o(i.SysTick_Handler) referenced from keil_startup_lpc17xx_40xx.o(RESET)
 <LI><a href="#[38]">SystemInit</a> from sysinit.o(i.SystemInit) referenced from keil_startup_lpc17xx_40xx.o(.text)
 <LI><a href="#[16]">TIMER0_IRQHandler</a> from board.o(i.TIMER0_IRQHandler) referenced from keil_startup_lpc17xx_40xx.o(RESET)
 <LI><a href="#[17]">TIMER1_IRQHandler</a> from keil_startup_lpc17xx_40xx.o(.text) referenced from keil_startup_lpc17xx_40xx.o(RESET)
 <LI><a href="#[18]">TIMER2_IRQHandler</a> from keil_startup_lpc17xx_40xx.o(.text) referenced from keil_startup_lpc17xx_40xx.o(RESET)
 <LI><a href="#[19]">TIMER3_IRQHandler</a> from keil_startup_lpc17xx_40xx.o(.text) referenced from keil_startup_lpc17xx_40xx.o(RESET)
 <LI><a href="#[1a]">UART0_IRQHandler</a> from keil_startup_lpc17xx_40xx.o(.text) referenced from keil_startup_lpc17xx_40xx.o(RESET)
 <LI><a href="#[1b]">UART1_IRQHandler</a> from keil_startup_lpc17xx_40xx.o(.text) referenced from keil_startup_lpc17xx_40xx.o(RESET)
 <LI><a href="#[1c]">UART2_IRQHandler</a> from keil_startup_lpc17xx_40xx.o(.text) referenced from keil_startup_lpc17xx_40xx.o(RESET)
 <LI><a href="#[1d]">UART3_IRQHandler</a> from keil_startup_lpc17xx_40xx.o(.text) referenced from keil_startup_lpc17xx_40xx.o(RESET)
 <LI><a href="#[36]">USBActivity_IRQHandler</a> from keil_startup_lpc17xx_40xx.o(.text) referenced from keil_startup_lpc17xx_40xx.o(RESET)
 <LI><a href="#[2d]">USB_IRQHandler</a> from keil_startup_lpc17xx_40xx.o(.text) referenced from keil_startup_lpc17xx_40xx.o(RESET)
 <LI><a href="#[10]">UnHandled_Vector</a> from keil_startup_lpc17xx_40xx.o(.text) referenced 4 times from keil_startup_lpc17xx_40xx.o(RESET)
 <LI><a href="#[f]">UsageFault_Handler</a> from keil_startup_lpc17xx_40xx.o(.text) referenced from keil_startup_lpc17xx_40xx.o(RESET)
 <LI><a href="#[15]">WDT_IRQHandler</a> from keil_startup_lpc17xx_40xx.o(.text) referenced from keil_startup_lpc17xx_40xx.o(RESET)
 <LI><a href="#[6b]">__main</a> from __main.o(!!!main) referenced from keil_startup_lpc17xx_40xx.o(.text)
 <LI><a href="#[40]">_get_lc_ctype</a> from lc_ctype_c.o(locale$$code) referenced from rt_ctype_table.o(.text)
 <LI><a href="#[3f]">_printf_input_char</a> from _printf_char_common.o(.text) referenced from _printf_char_common.o(.text)
 <LI><a href="#[3b]">_sbackspace</a> from _sgetc.o(.text) referenced from __0sscanf.o(.text)
 <LI><a href="#[3d]">_scanf_char_input</a> from scanf_char.o(.text) referenced from scanf_char.o(.text)
 <LI><a href="#[3a]">_sgetc</a> from _sgetc.o(.text) referenced from __0sscanf.o(.text)
 <LI><a href="#[46]">accept_function</a> from api_msg.o(i.accept_function) referenced from api_msg.o(i.do_listen)
 <LI><a href="#[41]">arp_timer</a> from timers.o(i.arp_timer) referenced from timers.o(i.arp_timer)
 <LI><a href="#[41]">arp_timer</a> from timers.o(i.arp_timer) referenced from timers.o(i.sys_timeouts_init)
 <LI><a href="#[53]">do_bind</a> from api_msg.o(i.do_bind) referenced from api_lib.o(i.netconn_bind)
 <LI><a href="#[54]">do_close</a> from api_msg.o(i.do_close) referenced from api_lib.o(i.netconn_close_shutdown)
 <LI><a href="#[55]">do_connect</a> from api_msg.o(i.do_connect) referenced from api_lib.o(i.netconn_connect)
 <LI><a href="#[45]">do_connected</a> from api_msg.o(i.do_connected) referenced from api_msg.o(i.do_connect)
 <LI><a href="#[56]">do_delconn</a> from api_msg.o(i.do_delconn) referenced from api_lib.o(i.netconn_delete)
 <LI><a href="#[57]">do_listen</a> from api_msg.o(i.do_listen) referenced from api_lib.o(i.netconn_listen_with_backlog)
 <LI><a href="#[58]">do_newconn</a> from api_msg.o(i.do_newconn) referenced from api_lib.o(i.netconn_new_with_proto_and_callback)
 <LI><a href="#[59]">do_recv</a> from api_msg.o(i.do_recv) referenced from api_lib.o(i.netconn_recv_data)
 <LI><a href="#[5a]">do_write</a> from api_msg.o(i.do_write) referenced from api_lib.o(i.netconn_write_partly)
 <LI><a href="#[44]">err_tcp</a> from api_msg.o(i.err_tcp) referenced from api_msg.o(i.do_close_internal)
 <LI><a href="#[44]">err_tcp</a> from api_msg.o(i.err_tcp) referenced from api_msg.o(i.setup_tcp)
 <LI><a href="#[3c]">fputc</a> from board.o(i.fputc) referenced from _printf_char_file.o(.text)
 <LI><a href="#[47]">http_server_netconn_thread</a> from netconn_fs.o(i.http_server_netconn_thread) referenced from netconn_fs.o(i.http_server_netconn_init)
 <LI><a href="#[4a]">ip_reass_timer</a> from timers.o(i.ip_reass_timer) referenced from timers.o(i.ip_reass_timer)
 <LI><a href="#[4a]">ip_reass_timer</a> from timers.o(i.ip_reass_timer) referenced from timers.o(i.sys_timeouts_init)
 <LI><a href="#[49]">ipfrag_free_pbuf_custom</a> from ip_frag.o(i.ipfrag_free_pbuf_custom) referenced from ip_frag.o(i.ip_frag)
 <LI><a href="#[3e]">isspace</a> from isspace.o(.text) referenced from scanf_char.o(.text)
 <LI><a href="#[67]">lpc_enetif_init</a> from lpc17xx_40xx_emac.o(i.lpc_enetif_init) referenced from webserver_freertos.o(i.vSetupIFTask)
 <LI><a href="#[4c]">lpc_etharp_output</a> from lpc17xx_40xx_emac.o(i.lpc_etharp_output) referenced from lpc17xx_40xx_emac.o(i.lpc_enetif_init)
 <LI><a href="#[4d]">lpc_low_level_output</a> from lpc17xx_40xx_emac.o(i.lpc_low_level_output) referenced from lpc17xx_40xx_emac.o(i.lpc_enetif_init)
 <LI><a href="#[4b]">msDelay</a> from webserver_freertos.o(i.msDelay) referenced from lpc17xx_40xx_emac.o(i.low_level_init)
 <LI><a href="#[69]">netif_set_link_down</a> from netif.o(i.netif_set_link_down) referenced from webserver_freertos.o(i.vSetupIFTask)
 <LI><a href="#[68]">netif_set_link_up</a> from netif.o(i.netif_set_link_up) referenced from webserver_freertos.o(i.vSetupIFTask)
 <LI><a href="#[5b]">pbuf_free_ooseq_callback</a> from pbuf.o(i.pbuf_free_ooseq_callback) referenced from pbuf.o(i.pbuf_pool_is_empty)
 <LI><a href="#[43]">poll_tcp</a> from api_msg.o(i.poll_tcp) referenced from api_msg.o(i.do_close_internal)
 <LI><a href="#[43]">poll_tcp</a> from api_msg.o(i.poll_tcp) referenced from api_msg.o(i.setup_tcp)
 <LI><a href="#[6a]">prvIdleTask</a> from tasks.o(i.prvIdleTask) referenced from tasks.o(i.vTaskStartScheduler)
 <LI><a href="#[5e]">prvTaskExitError</a> from port.o(i.prvTaskExitError) referenced from port.o(i.pxPortInitialiseStack)
 <LI><a href="#[5c]">recv_raw</a> from api_msg.o(i.recv_raw) referenced from api_msg.o(i.pcb_new)
 <LI><a href="#[5f]">recv_tcp</a> from api_msg.o(i.recv_tcp) referenced from api_msg.o(i.setup_tcp)
 <LI><a href="#[5d]">recv_udp</a> from api_msg.o(i.recv_udp) referenced from api_msg.o(i.pcb_new)
 <LI><a href="#[42]">sent_tcp</a> from api_msg.o(i.sent_tcp) referenced from api_msg.o(i.do_close_internal)
 <LI><a href="#[42]">sent_tcp</a> from api_msg.o(i.sent_tcp) referenced from api_msg.o(i.setup_tcp)
 <LI><a href="#[61]">tcp_accept_null</a> from tcp.o(i.tcp_accept_null) referenced from tcp.o(i.tcp_listen_with_backlog)
 <LI><a href="#[60]">tcp_recv_null</a> from tcp.o(i.tcp_recv_null) referenced from tcp.o(i.tcp_alloc)
 <LI><a href="#[64]">tcpclient_thread</a> from tcpserver.o(i.tcpclient_thread) referenced from tcpserver.o(i.tcpserver_init)
 <LI><a href="#[65]">tcpip_init_done_signal</a> from webserver_freertos.o(i.tcpip_init_done_signal) referenced from webserver_freertos.o(i.vSetupIFTask)
 <LI><a href="#[66]">tcpip_input</a> from tcpip.o(i.tcpip_input) referenced from webserver_freertos.o(i.vSetupIFTask)
 <LI><a href="#[62]">tcpip_tcp_timer</a> from timers.o(i.tcpip_tcp_timer) referenced from timers.o(i.tcp_timer_needed)
 <LI><a href="#[62]">tcpip_tcp_timer</a> from timers.o(i.tcpip_tcp_timer) referenced from timers.o(i.tcpip_tcp_timer)
 <LI><a href="#[63]">tcpip_thread</a> from tcpip.o(i.tcpip_thread) referenced from tcpip.o(i.tcpip_init)
 <LI><a href="#[51]">vAppFuncTask</a> from webserver_freertos.o(i.vAppFuncTask) referenced from webserver_freertos.o(i.main)
 <LI><a href="#[4e]">vPacketReceiveTask</a> from lpc17xx_40xx_emac.o(i.vPacketReceiveTask) referenced from lpc17xx_40xx_emac.o(i.lpc_enetif_init)
 <LI><a href="#[52]">vPowerFuncTask</a> from webserver_freertos.o(i.vPowerFuncTask) referenced from webserver_freertos.o(i.main)
 <LI><a href="#[50]">vSetupIFTask</a> from webserver_freertos.o(i.vSetupIFTask) referenced from webserver_freertos.o(i.main)
 <LI><a href="#[4f]">vTransmitCleanupTask</a> from lpc17xx_40xx_emac.o(i.vTransmitCleanupTask) referenced from lpc17xx_40xx_emac.o(i.lpc_enetif_init)
</UL>
<P>
<H3>
Global Symbols
</H3>
<P><STRONG><a name="[6b]"></a>__main</STRONG> (Thumb, 8 bytes, Stack size 0 bytes, __main.o(!!!main))
<BR><BR>[Calls]<UL><LI><a href="#[6d]">&gt;&gt;</a>&nbsp;&nbsp;&nbsp;__rt_entry
<LI><a href="#[6c]">&gt;&gt;</a>&nbsp;&nbsp;&nbsp;__scatterload
</UL>

<P><STRONG><a name="[6c]"></a>__scatterload</STRONG> (Thumb, 0 bytes, Stack size unknown bytes, __scatter.o(!!!scatter))
<BR><BR>[Called By]<UL><LI><a href="#[6b]">&gt;&gt;</a>&nbsp;&nbsp;&nbsp;__main
</UL>

<P><STRONG><a name="[6e]"></a>__scatterload_rt2</STRONG> (Thumb, 44 bytes, Stack size unknown bytes, __scatter.o(!!!scatter), UNUSED)
<BR><BR>[Calls]<UL><LI><a href="#[6d]">&gt;&gt;</a>&nbsp;&nbsp;&nbsp;__rt_entry
</UL>

<P><STRONG><a name="[206]"></a>__scatterload_rt2_thumb_only</STRONG> (Thumb, 0 bytes, Stack size unknown bytes, __scatter.o(!!!scatter), UNUSED)

<P><STRONG><a name="[207]"></a>__scatterload_null</STRONG> (Thumb, 0 bytes, Stack size unknown bytes, __scatter.o(!!!scatter), UNUSED)

<P><STRONG><a name="[208]"></a>__decompress</STRONG> (Thumb, 90 bytes, Stack size unknown bytes, __dczerorl2.o(!!dczerorl2), UNUSED)

<P><STRONG><a name="[209]"></a>__decompress1</STRONG> (Thumb, 0 bytes, Stack size unknown bytes, __dczerorl2.o(!!dczerorl2), UNUSED)

<P><STRONG><a name="[20a]"></a>__scatterload_zeroinit</STRONG> (Thumb, 28 bytes, Stack size unknown bytes, __scatter_zi.o(!!handler_zi), UNUSED)

<P><STRONG><a name="[6f]"></a>_printf_d</STRONG> (Thumb, 0 bytes, Stack size unknown bytes, _printf_d.o(.ARM.Collect$$_printf_percent$$00000009))
<BR><BR>[Stack]<UL><LI>Max Depth = 56 + Unknown Stack Size
<LI>Call Chain = _printf_d &rArr; _printf_int_dec &rArr; _printf_int_common
</UL>
<BR>[Calls]<UL><LI><a href="#[70]">&gt;&gt;</a>&nbsp;&nbsp;&nbsp;_printf_int_dec
</UL>

<P><STRONG><a name="[8b]"></a>_printf_percent</STRONG> (Thumb, 0 bytes, Stack size unknown bytes, _printf_percent.o(.ARM.Collect$$_printf_percent$$00000000))
<BR><BR>[Called By]<UL><LI><a href="#[8a]">&gt;&gt;</a>&nbsp;&nbsp;&nbsp;__printf
</UL>

<P><STRONG><a name="[71]"></a>_printf_s</STRONG> (Thumb, 0 bytes, Stack size unknown bytes, _printf_s.o(.ARM.Collect$$_printf_percent$$00000014))
<BR><BR>[Stack]<UL><LI>Max Depth = 24 + Unknown Stack Size
<LI>Call Chain = _printf_s &rArr; _printf_string &rArr; _printf_cs_common &rArr; _printf_str
</UL>
<BR>[Calls]<UL><LI><a href="#[72]">&gt;&gt;</a>&nbsp;&nbsp;&nbsp;_printf_string
</UL>

<P><STRONG><a name="[20b]"></a>_printf_percent_end</STRONG> (Thumb, 0 bytes, Stack size unknown bytes, _printf_percent_end.o(.ARM.Collect$$_printf_percent$$00000017))

<P><STRONG><a name="[7b]"></a>__rt_lib_init</STRONG> (Thumb, 0 bytes, Stack size unknown bytes, libinit.o(.ARM.Collect$$libinit$$00000000))
<BR><BR>[Called By]<UL><LI><a href="#[7a]">&gt;&gt;</a>&nbsp;&nbsp;&nbsp;__rt_entry_li
</UL>

<P><STRONG><a name="[20c]"></a>__rt_lib_init_fp_1</STRONG> (Thumb, 0 bytes, Stack size unknown bytes, libinit2.o(.ARM.Collect$$libinit$$00000002))

<P><STRONG><a name="[73]"></a>__rt_lib_init_heap_2</STRONG> (Thumb, 0 bytes, Stack size unknown bytes, libinit2.o(.ARM.Collect$$libinit$$00000005))
<BR><BR>[Stack]<UL><LI>Max Depth = 64 + Unknown Stack Size
<LI>Call Chain = __rt_lib_init_heap_2 &rArr; _init_alloc &rArr; __rt_SIGRTMEM &rArr; __rt_SIGRTMEM_inner &rArr; __default_signal_display &rArr; _ttywrch
</UL>
<BR>[Calls]<UL><LI><a href="#[74]">&gt;&gt;</a>&nbsp;&nbsp;&nbsp;_init_alloc
</UL>

<P><STRONG><a name="[20d]"></a>__rt_lib_init_preinit_1</STRONG> (Thumb, 0 bytes, Stack size unknown bytes, libinit2.o(.ARM.Collect$$libinit$$00000004))

<P><STRONG><a name="[20e]"></a>__rt_lib_init_heap_1</STRONG> (Thumb, 0 bytes, Stack size unknown bytes, libinit2.o(.ARM.Collect$$libinit$$0000000A))

<P><STRONG><a name="[75]"></a>__rt_lib_init_lc_common</STRONG> (Thumb, 0 bytes, Stack size unknown bytes, libinit2.o(.ARM.Collect$$libinit$$0000000F))
<BR><BR>[Calls]<UL><LI><a href="#[76]">&gt;&gt;</a>&nbsp;&nbsp;&nbsp;__rt_locale
</UL>

<P><STRONG><a name="[20f]"></a>__rt_lib_init_rand_1</STRONG> (Thumb, 0 bytes, Stack size unknown bytes, libinit2.o(.ARM.Collect$$libinit$$0000000E))

<P><STRONG><a name="[210]"></a>__rt_lib_init_user_alloc_1</STRONG> (Thumb, 0 bytes, Stack size unknown bytes, libinit2.o(.ARM.Collect$$libinit$$0000000C))

<P><STRONG><a name="[211]"></a>__rt_lib_init_lc_collate_1</STRONG> (Thumb, 0 bytes, Stack size unknown bytes, libinit2.o(.ARM.Collect$$libinit$$00000011))

<P><STRONG><a name="[77]"></a>__rt_lib_init_lc_ctype_2</STRONG> (Thumb, 0 bytes, Stack size unknown bytes, libinit2.o(.ARM.Collect$$libinit$$00000012))
<BR><BR>[Stack]<UL><LI>Max Depth = 8 + Unknown Stack Size
<LI>Call Chain = __rt_lib_init_lc_ctype_2 &rArr; _get_lc_ctype
</UL>
<BR>[Calls]<UL><LI><a href="#[40]">&gt;&gt;</a>&nbsp;&nbsp;&nbsp;_get_lc_ctype
</UL>

<P><STRONG><a name="[212]"></a>__rt_lib_init_alloca_1</STRONG> (Thumb, 0 bytes, Stack size unknown bytes, libinit2.o(.ARM.Collect$$libinit$$0000002E))

<P><STRONG><a name="[213]"></a>__rt_lib_init_argv_1</STRONG> (Thumb, 0 bytes, Stack size unknown bytes, libinit2.o(.ARM.Collect$$libinit$$0000002C))

<P><STRONG><a name="[214]"></a>__rt_lib_init_atexit_1</STRONG> (Thumb, 0 bytes, Stack size unknown bytes, libinit2.o(.ARM.Collect$$libinit$$0000001B))

<P><STRONG><a name="[215]"></a>__rt_lib_init_clock_1</STRONG> (Thumb, 0 bytes, Stack size unknown bytes, libinit2.o(.ARM.Collect$$libinit$$00000021))

<P><STRONG><a name="[216]"></a>__rt_lib_init_cpp_1</STRONG> (Thumb, 0 bytes, Stack size unknown bytes, libinit2.o(.ARM.Collect$$libinit$$00000032))

<P><STRONG><a name="[217]"></a>__rt_lib_init_exceptions_1</STRONG> (Thumb, 0 bytes, Stack size unknown bytes, libinit2.o(.ARM.Collect$$libinit$$00000030))

<P><STRONG><a name="[218]"></a>__rt_lib_init_fp_trap_1</STRONG> (Thumb, 0 bytes, Stack size unknown bytes, libinit2.o(.ARM.Collect$$libinit$$0000001F))

<P><STRONG><a name="[219]"></a>__rt_lib_init_getenv_1</STRONG> (Thumb, 0 bytes, Stack size unknown bytes, libinit2.o(.ARM.Collect$$libinit$$00000023))

<P><STRONG><a name="[21a]"></a>__rt_lib_init_lc_ctype_1</STRONG> (Thumb, 0 bytes, Stack size unknown bytes, libinit2.o(.ARM.Collect$$libinit$$00000013))

<P><STRONG><a name="[21b]"></a>__rt_lib_init_lc_monetary_1</STRONG> (Thumb, 0 bytes, Stack size unknown bytes, libinit2.o(.ARM.Collect$$libinit$$00000015))

<P><STRONG><a name="[21c]"></a>__rt_lib_init_lc_numeric_1</STRONG> (Thumb, 0 bytes, Stack size unknown bytes, libinit2.o(.ARM.Collect$$libinit$$00000017))

<P><STRONG><a name="[21d]"></a>__rt_lib_init_lc_time_1</STRONG> (Thumb, 0 bytes, Stack size unknown bytes, libinit2.o(.ARM.Collect$$libinit$$00000019))

<P><STRONG><a name="[21e]"></a>__rt_lib_init_return</STRONG> (Thumb, 0 bytes, Stack size unknown bytes, libinit2.o(.ARM.Collect$$libinit$$00000033))

<P><STRONG><a name="[21f]"></a>__rt_lib_init_signal_1</STRONG> (Thumb, 0 bytes, Stack size unknown bytes, libinit2.o(.ARM.Collect$$libinit$$0000001D))

<P><STRONG><a name="[220]"></a>__rt_lib_init_stdio_1</STRONG> (Thumb, 0 bytes, Stack size unknown bytes, libinit2.o(.ARM.Collect$$libinit$$00000025))

<P><STRONG><a name="[80]"></a>__rt_lib_shutdown</STRONG> (Thumb, 0 bytes, Stack size unknown bytes, libshutdown.o(.ARM.Collect$$libshutdown$$00000000))
<BR><BR>[Called By]<UL><LI><a href="#[7f]">&gt;&gt;</a>&nbsp;&nbsp;&nbsp;__rt_exit_ls
</UL>

<P><STRONG><a name="[221]"></a>__rt_lib_shutdown_cpp_1</STRONG> (Thumb, 0 bytes, Stack size unknown bytes, libshutdown2.o(.ARM.Collect$$libshutdown$$00000002))

<P><STRONG><a name="[222]"></a>__rt_lib_shutdown_fp_trap_1</STRONG> (Thumb, 0 bytes, Stack size unknown bytes, libshutdown2.o(.ARM.Collect$$libshutdown$$00000007))

<P><STRONG><a name="[223]"></a>__rt_lib_shutdown_heap_1</STRONG> (Thumb, 0 bytes, Stack size unknown bytes, libshutdown2.o(.ARM.Collect$$libshutdown$$0000000F))

<P><STRONG><a name="[224]"></a>__rt_lib_shutdown_return</STRONG> (Thumb, 0 bytes, Stack size unknown bytes, libshutdown2.o(.ARM.Collect$$libshutdown$$00000010))

<P><STRONG><a name="[225]"></a>__rt_lib_shutdown_signal_1</STRONG> (Thumb, 0 bytes, Stack size unknown bytes, libshutdown2.o(.ARM.Collect$$libshutdown$$0000000A))

<P><STRONG><a name="[226]"></a>__rt_lib_shutdown_stdio_1</STRONG> (Thumb, 0 bytes, Stack size unknown bytes, libshutdown2.o(.ARM.Collect$$libshutdown$$00000004))

<P><STRONG><a name="[227]"></a>__rt_lib_shutdown_user_alloc_1</STRONG> (Thumb, 0 bytes, Stack size unknown bytes, libshutdown2.o(.ARM.Collect$$libshutdown$$0000000C))

<P><STRONG><a name="[6d]"></a>__rt_entry</STRONG> (Thumb, 0 bytes, Stack size unknown bytes, __rtentry.o(.ARM.Collect$$rtentry$$00000000))
<BR><BR>[Called By]<UL><LI><a href="#[6b]">&gt;&gt;</a>&nbsp;&nbsp;&nbsp;__main
<LI><a href="#[6e]">&gt;&gt;</a>&nbsp;&nbsp;&nbsp;__scatterload_rt2
</UL>

<P><STRONG><a name="[228]"></a>__rt_entry_presh_1</STRONG> (Thumb, 0 bytes, Stack size unknown bytes, __rtentry2.o(.ARM.Collect$$rtentry$$00000002))

<P><STRONG><a name="[78]"></a>__rt_entry_sh</STRONG> (Thumb, 0 bytes, Stack size unknown bytes, __rtentry4.o(.ARM.Collect$$rtentry$$00000004))
<BR><BR>[Stack]<UL><LI>Max Depth = 8 + Unknown Stack Size
<LI>Call Chain = __rt_entry_sh &rArr; __user_setup_stackheap
</UL>
<BR>[Calls]<UL><LI><a href="#[79]">&gt;&gt;</a>&nbsp;&nbsp;&nbsp;__user_setup_stackheap
</UL>

<P><STRONG><a name="[7a]"></a>__rt_entry_li</STRONG> (Thumb, 0 bytes, Stack size unknown bytes, __rtentry2.o(.ARM.Collect$$rtentry$$0000000A))
<BR><BR>[Calls]<UL><LI><a href="#[7b]">&gt;&gt;</a>&nbsp;&nbsp;&nbsp;__rt_lib_init
</UL>

<P><STRONG><a name="[229]"></a>__rt_entry_postsh_1</STRONG> (Thumb, 0 bytes, Stack size unknown bytes, __rtentry2.o(.ARM.Collect$$rtentry$$00000009))

<P><STRONG><a name="[7c]"></a>__rt_entry_main</STRONG> (Thumb, 0 bytes, Stack size unknown bytes, __rtentry2.o(.ARM.Collect$$rtentry$$0000000D))
<BR><BR>[Stack]<UL><LI>Max Depth = 192 + Unknown Stack Size
<LI>Call Chain = __rt_entry_main &rArr; main &rArr; vTaskStartScheduler &rArr; xTaskGenericCreate &rArr; vPortFree &rArr; xTaskResumeAll &rArr; xTaskIncrementTick
</UL>
<BR>[Calls]<UL><LI><a href="#[7d]">&gt;&gt;</a>&nbsp;&nbsp;&nbsp;main
<LI><a href="#[7e]">&gt;&gt;</a>&nbsp;&nbsp;&nbsp;exit
</UL>

<P><STRONG><a name="[22a]"></a>__rt_entry_postli_1</STRONG> (Thumb, 0 bytes, Stack size unknown bytes, __rtentry2.o(.ARM.Collect$$rtentry$$0000000C))

<P><STRONG><a name="[a6]"></a>__rt_exit</STRONG> (Thumb, 0 bytes, Stack size unknown bytes, rtexit.o(.ARM.Collect$$rtexit$$00000000))
<BR><BR>[Called By]<UL><LI><a href="#[7e]">&gt;&gt;</a>&nbsp;&nbsp;&nbsp;exit
</UL>

<P><STRONG><a name="[7f]"></a>__rt_exit_ls</STRONG> (Thumb, 0 bytes, Stack size unknown bytes, rtexit2.o(.ARM.Collect$$rtexit$$00000003))
<BR><BR>[Calls]<UL><LI><a href="#[80]">&gt;&gt;</a>&nbsp;&nbsp;&nbsp;__rt_lib_shutdown
</UL>

<P><STRONG><a name="[22b]"></a>__rt_exit_prels_1</STRONG> (Thumb, 0 bytes, Stack size unknown bytes, rtexit2.o(.ARM.Collect$$rtexit$$00000002))

<P><STRONG><a name="[81]"></a>__rt_exit_exit</STRONG> (Thumb, 0 bytes, Stack size unknown bytes, rtexit2.o(.ARM.Collect$$rtexit$$00000004))
<BR><BR>[Calls]<UL><LI><a href="#[82]">&gt;&gt;</a>&nbsp;&nbsp;&nbsp;_sys_exit
</UL>

<P><STRONG><a name="[11]"></a>SVC_Handler</STRONG> (Thumb, 28 bytes, Stack size 0 bytes, port.o(.emb_text))
<BR>[Address Reference Count : 1]<UL><LI> keil_startup_lpc17xx_40xx.o(RESET)
</UL>
<P><STRONG><a name="[1fe]"></a>__asm___6_port_c_39a90d8d__prvStartFirstTask</STRONG> (Thumb, 16 bytes, Stack size 0 bytes, port.o(.emb_text))
<BR><BR>[Called By]<UL><LI><a href="#[1fc]">&gt;&gt;</a>&nbsp;&nbsp;&nbsp;xPortStartScheduler
</UL>

<P><STRONG><a name="[13]"></a>PendSV_Handler</STRONG> (Thumb, 56 bytes, Stack size 0 bytes, port.o(.emb_text))
<BR><BR>[Stack]<UL><LI>Max Depth = 144 + Unknown Stack Size
<LI>Call Chain = PendSV_Handler &rArr; vTaskSwitchContext &rArr; vApplicationStackOverflowHook &rArr; __2printf &rArr; _printf_char_file &rArr; _printf_char_common &rArr; __printf
</UL>
<BR>[Calls]<UL><LI><a href="#[83]">&gt;&gt;</a>&nbsp;&nbsp;&nbsp;vTaskSwitchContext
</UL>
<BR>[Address Reference Count : 1]<UL><LI> keil_startup_lpc17xx_40xx.o(RESET)
</UL>
<P><STRONG><a name="[f2]"></a>ulPortSetInterruptMask</STRONG> (Thumb, 14 bytes, Stack size 0 bytes, port.o(.emb_text))
<BR><BR>[Called By]<UL><LI><a href="#[5e]">&gt;&gt;</a>&nbsp;&nbsp;&nbsp;prvTaskExitError
<LI><a href="#[194]">&gt;&gt;</a>&nbsp;&nbsp;&nbsp;vTaskStartScheduler
<LI><a href="#[1f2]">&gt;&gt;</a>&nbsp;&nbsp;&nbsp;vApplicationStackOverflowHook
<LI><a href="#[ee]">&gt;&gt;</a>&nbsp;&nbsp;&nbsp;xQueueGenericSendFromISR
<LI><a href="#[1bf]">&gt;&gt;</a>&nbsp;&nbsp;&nbsp;vApplicationMallocFailedHook
<LI><a href="#[1b2]">&gt;&gt;</a>&nbsp;&nbsp;&nbsp;vPortEnterCritical
<LI><a href="#[14]">&gt;&gt;</a>&nbsp;&nbsp;&nbsp;SysTick_Handler
</UL>

<P><STRONG><a name="[f4]"></a>vPortClearInterruptMask</STRONG> (Thumb, 6 bytes, Stack size 0 bytes, port.o(.emb_text))
<BR><BR>[Called By]<UL><LI><a href="#[ee]">&gt;&gt;</a>&nbsp;&nbsp;&nbsp;xQueueGenericSendFromISR
<LI><a href="#[1b4]">&gt;&gt;</a>&nbsp;&nbsp;&nbsp;vPortExitCritical
<LI><a href="#[14]">&gt;&gt;</a>&nbsp;&nbsp;&nbsp;SysTick_Handler
</UL>

<P><STRONG><a name="[22c]"></a>vPortGetIPSR</STRONG> (Thumb, 6 bytes, Stack size 0 bytes, port.o(.emb_text), UNUSED)

<P><STRONG><a name="[a]"></a>Reset_Handler</STRONG> (Thumb, 8 bytes, Stack size 0 bytes, keil_startup_lpc17xx_40xx.o(.text))
<BR>[Address Reference Count : 1]<UL><LI> keil_startup_lpc17xx_40xx.o(RESET)
</UL>
<P><STRONG><a name="[22d]"></a>_maybe_terminate_alloc</STRONG> (Thumb, 0 bytes, Stack size 0 bytes, maybetermalloc1.o(.emb_text), UNUSED)

<P><STRONG><a name="[b]"></a>NMI_Handler</STRONG> (Thumb, 2 bytes, Stack size 0 bytes, keil_startup_lpc17xx_40xx.o(.text))
<BR><BR>[Calls]<UL><LI><a href="#[b]">&gt;&gt;</a>&nbsp;&nbsp;&nbsp;NMI_Handler
</UL>
<BR>[Called By]<UL><LI><a href="#[b]">&gt;&gt;</a>&nbsp;&nbsp;&nbsp;NMI_Handler
</UL>
<BR>[Address Reference Count : 1]<UL><LI> keil_startup_lpc17xx_40xx.o(RESET)
</UL>
<P><STRONG><a name="[c]"></a>HardFault_Handler</STRONG> (Thumb, 2 bytes, Stack size 0 bytes, keil_startup_lpc17xx_40xx.o(.text))
<BR><BR>[Calls]<UL><LI><a href="#[c]">&gt;&gt;</a>&nbsp;&nbsp;&nbsp;HardFault_Handler
</UL>
<BR>[Called By]<UL><LI><a href="#[c]">&gt;&gt;</a>&nbsp;&nbsp;&nbsp;HardFault_Handler
</UL>
<BR>[Address Reference Count : 1]<UL><LI> keil_startup_lpc17xx_40xx.o(RESET)
</UL>
<P><STRONG><a name="[d]"></a>MemManage_Handler</STRONG> (Thumb, 2 bytes, Stack size 0 bytes, keil_startup_lpc17xx_40xx.o(.text))
<BR><BR>[Calls]<UL><LI><a href="#[d]">&gt;&gt;</a>&nbsp;&nbsp;&nbsp;MemManage_Handler
</UL>
<BR>[Called By]<UL><LI><a href="#[d]">&gt;&gt;</a>&nbsp;&nbsp;&nbsp;MemManage_Handler
</UL>
<BR>[Address Reference Count : 1]<UL><LI> keil_startup_lpc17xx_40xx.o(RESET)
</UL>
<P><STRONG><a name="[e]"></a>BusFault_Handler</STRONG> (Thumb, 2 bytes, Stack size 0 bytes, keil_startup_lpc17xx_40xx.o(.text))
<BR><BR>[Calls]<UL><LI><a href="#[e]">&gt;&gt;</a>&nbsp;&nbsp;&nbsp;BusFault_Handler
</UL>
<BR>[Called By]<UL><LI><a href="#[e]">&gt;&gt;</a>&nbsp;&nbsp;&nbsp;BusFault_Handler
</UL>
<BR>[Address Reference Count : 1]<UL><LI> keil_startup_lpc17xx_40xx.o(RESET)
</UL>
<P><STRONG><a name="[f]"></a>UsageFault_Handler</STRONG> (Thumb, 2 bytes, Stack size 0 bytes, keil_startup_lpc17xx_40xx.o(.text))
<BR><BR>[Calls]<UL><LI><a href="#[f]">&gt;&gt;</a>&nbsp;&nbsp;&nbsp;UsageFault_Handler
</UL>
<BR>[Called By]<UL><LI><a href="#[f]">&gt;&gt;</a>&nbsp;&nbsp;&nbsp;UsageFault_Handler
</UL>
<BR>[Address Reference Count : 1]<UL><LI> keil_startup_lpc17xx_40xx.o(RESET)
</UL>
<P><STRONG><a name="[12]"></a>DebugMon_Handler</STRONG> (Thumb, 2 bytes, Stack size 0 bytes, keil_startup_lpc17xx_40xx.o(.text))
<BR><BR>[Calls]<UL><LI><a href="#[12]">&gt;&gt;</a>&nbsp;&nbsp;&nbsp;DebugMon_Handler
</UL>
<BR>[Called By]<UL><LI><a href="#[12]">&gt;&gt;</a>&nbsp;&nbsp;&nbsp;DebugMon_Handler
</UL>
<BR>[Address Reference Count : 1]<UL><LI> keil_startup_lpc17xx_40xx.o(RESET)
</UL>
<P><STRONG><a name="[10]"></a>UnHandled_Vector</STRONG> (Thumb, 2 bytes, Stack size 0 bytes, keil_startup_lpc17xx_40xx.o(.text))
<BR><BR>[Calls]<UL><LI><a href="#[10]">&gt;&gt;</a>&nbsp;&nbsp;&nbsp;UnHandled_Vector
</UL>
<BR>[Called By]<UL><LI><a href="#[10]">&gt;&gt;</a>&nbsp;&nbsp;&nbsp;UnHandled_Vector
</UL>
<BR>[Address Reference Count : 1]<UL><LI> keil_startup_lpc17xx_40xx.o(RESET)
</UL>
<P><STRONG><a name="[2b]"></a>ADC_IRQHandler</STRONG> (Thumb, 0 bytes, Stack size 0 bytes, keil_startup_lpc17xx_40xx.o(.text))
<BR><BR>[Calls]<UL><LI><a href="#[2b]">&gt;&gt;</a>&nbsp;&nbsp;&nbsp;ADC_IRQHandler
</UL>
<BR>[Called By]<UL><LI><a href="#[2b]">&gt;&gt;</a>&nbsp;&nbsp;&nbsp;ADC_IRQHandler
</UL>
<BR>[Address Reference Count : 1]<UL><LI> keil_startup_lpc17xx_40xx.o(RESET)
</UL>
<P><STRONG><a name="[2c]"></a>BOD_IRQHandler</STRONG> (Thumb, 0 bytes, Stack size 0 bytes, keil_startup_lpc17xx_40xx.o(.text))
<BR>[Address Reference Count : 1]<UL><LI> keil_startup_lpc17xx_40xx.o(RESET)
</UL>
<P><STRONG><a name="[37]"></a>CANActivity_IRQHandler</STRONG> (Thumb, 0 bytes, Stack size 0 bytes, keil_startup_lpc17xx_40xx.o(.text))
<BR>[Address Reference Count : 1]<UL><LI> keil_startup_lpc17xx_40xx.o(RESET)
</UL>
<P><STRONG><a name="[2e]"></a>CAN_IRQHandler</STRONG> (Thumb, 0 bytes, Stack size 0 bytes, keil_startup_lpc17xx_40xx.o(.text))
<BR>[Address Reference Count : 1]<UL><LI> keil_startup_lpc17xx_40xx.o(RESET)
</UL>
<P><STRONG><a name="[2f]"></a>DMA_IRQHandler</STRONG> (Thumb, 0 bytes, Stack size 0 bytes, keil_startup_lpc17xx_40xx.o(.text))
<BR>[Address Reference Count : 1]<UL><LI> keil_startup_lpc17xx_40xx.o(RESET)
</UL>
<P><STRONG><a name="[27]"></a>EINT0_IRQHandler</STRONG> (Thumb, 0 bytes, Stack size 0 bytes, keil_startup_lpc17xx_40xx.o(.text))
<BR>[Address Reference Count : 1]<UL><LI> keil_startup_lpc17xx_40xx.o(RESET)
</UL>
<P><STRONG><a name="[28]"></a>EINT1_IRQHandler</STRONG> (Thumb, 0 bytes, Stack size 0 bytes, keil_startup_lpc17xx_40xx.o(.text))
<BR>[Address Reference Count : 1]<UL><LI> keil_startup_lpc17xx_40xx.o(RESET)
</UL>
<P><STRONG><a name="[29]"></a>EINT2_IRQHandler</STRONG> (Thumb, 0 bytes, Stack size 0 bytes, keil_startup_lpc17xx_40xx.o(.text))
<BR>[Address Reference Count : 1]<UL><LI> keil_startup_lpc17xx_40xx.o(RESET)
</UL>
<P><STRONG><a name="[2a]"></a>EINT3_IRQHandler</STRONG> (Thumb, 0 bytes, Stack size 0 bytes, keil_startup_lpc17xx_40xx.o(.text))
<BR>[Address Reference Count : 1]<UL><LI> keil_startup_lpc17xx_40xx.o(RESET)
</UL>
<P><STRONG><a name="[20]"></a>I2C1_IRQHandler</STRONG> (Thumb, 0 bytes, Stack size 0 bytes, keil_startup_lpc17xx_40xx.o(.text))
<BR>[Address Reference Count : 1]<UL><LI> keil_startup_lpc17xx_40xx.o(RESET)
</UL>
<P><STRONG><a name="[21]"></a>I2C2_IRQHandler</STRONG> (Thumb, 0 bytes, Stack size 0 bytes, keil_startup_lpc17xx_40xx.o(.text))
<BR>[Address Reference Count : 1]<UL><LI> keil_startup_lpc17xx_40xx.o(RESET)
</UL>
<P><STRONG><a name="[30]"></a>I2S_IRQHandler</STRONG> (Thumb, 0 bytes, Stack size 0 bytes, keil_startup_lpc17xx_40xx.o(.text))
<BR>[Address Reference Count : 1]<UL><LI> keil_startup_lpc17xx_40xx.o(RESET)
</UL>
<P><STRONG><a name="[33]"></a>MCPWM_IRQHandler</STRONG> (Thumb, 0 bytes, Stack size 0 bytes, keil_startup_lpc17xx_40xx.o(.text))
<BR>[Address Reference Count : 1]<UL><LI> keil_startup_lpc17xx_40xx.o(RESET)
</UL>
<P><STRONG><a name="[25]"></a>PLL0_IRQHandler</STRONG> (Thumb, 0 bytes, Stack size 0 bytes, keil_startup_lpc17xx_40xx.o(.text))
<BR>[Address Reference Count : 1]<UL><LI> keil_startup_lpc17xx_40xx.o(RESET)
</UL>
<P><STRONG><a name="[35]"></a>PLL1_IRQHandler</STRONG> (Thumb, 0 bytes, Stack size 0 bytes, keil_startup_lpc17xx_40xx.o(.text))
<BR>[Address Reference Count : 1]<UL><LI> keil_startup_lpc17xx_40xx.o(RESET)
</UL>
<P><STRONG><a name="[1e]"></a>PWM1_IRQHandler</STRONG> (Thumb, 0 bytes, Stack size 0 bytes, keil_startup_lpc17xx_40xx.o(.text))
<BR>[Address Reference Count : 1]<UL><LI> keil_startup_lpc17xx_40xx.o(RESET)
</UL>
<P><STRONG><a name="[34]"></a>QEI_IRQHandler</STRONG> (Thumb, 0 bytes, Stack size 0 bytes, keil_startup_lpc17xx_40xx.o(.text))
<BR>[Address Reference Count : 1]<UL><LI> keil_startup_lpc17xx_40xx.o(RESET)
</UL>
<P><STRONG><a name="[32]"></a>RIT_IRQHandler</STRONG> (Thumb, 0 bytes, Stack size 0 bytes, keil_startup_lpc17xx_40xx.o(.text))
<BR>[Address Reference Count : 1]<UL><LI> keil_startup_lpc17xx_40xx.o(RESET)
</UL>
<P><STRONG><a name="[26]"></a>RTC_IRQHandler</STRONG> (Thumb, 0 bytes, Stack size 0 bytes, keil_startup_lpc17xx_40xx.o(.text))
<BR>[Address Reference Count : 1]<UL><LI> keil_startup_lpc17xx_40xx.o(RESET)
</UL>
<P><STRONG><a name="[22]"></a>SPI_IRQHandler</STRONG> (Thumb, 0 bytes, Stack size 0 bytes, keil_startup_lpc17xx_40xx.o(.text))
<BR>[Address Reference Count : 1]<UL><LI> keil_startup_lpc17xx_40xx.o(RESET)
</UL>
<P><STRONG><a name="[23]"></a>SSP0_IRQHandler</STRONG> (Thumb, 0 bytes, Stack size 0 bytes, keil_startup_lpc17xx_40xx.o(.text))
<BR>[Address Reference Count : 1]<UL><LI> keil_startup_lpc17xx_40xx.o(RESET)
</UL>
<P><STRONG><a name="[24]"></a>SSP1_IRQHandler</STRONG> (Thumb, 0 bytes, Stack size 0 bytes, keil_startup_lpc17xx_40xx.o(.text))
<BR>[Address Reference Count : 1]<UL><LI> keil_startup_lpc17xx_40xx.o(RESET)
</UL>
<P><STRONG><a name="[17]"></a>TIMER1_IRQHandler</STRONG> (Thumb, 0 bytes, Stack size 0 bytes, keil_startup_lpc17xx_40xx.o(.text))
<BR>[Address Reference Count : 1]<UL><LI> keil_startup_lpc17xx_40xx.o(RESET)
</UL>
<P><STRONG><a name="[18]"></a>TIMER2_IRQHandler</STRONG> (Thumb, 0 bytes, Stack size 0 bytes, keil_startup_lpc17xx_40xx.o(.text))
<BR>[Address Reference Count : 1]<UL><LI> keil_startup_lpc17xx_40xx.o(RESET)
</UL>
<P><STRONG><a name="[19]"></a>TIMER3_IRQHandler</STRONG> (Thumb, 0 bytes, Stack size 0 bytes, keil_startup_lpc17xx_40xx.o(.text))
<BR>[Address Reference Count : 1]<UL><LI> keil_startup_lpc17xx_40xx.o(RESET)
</UL>
<P><STRONG><a name="[1a]"></a>UART0_IRQHandler</STRONG> (Thumb, 0 bytes, Stack size 0 bytes, keil_startup_lpc17xx_40xx.o(.text))
<BR>[Address Reference Count : 1]<UL><LI> keil_startup_lpc17xx_40xx.o(RESET)
</UL>
<P><STRONG><a name="[1b]"></a>UART1_IRQHandler</STRONG> (Thumb, 0 bytes, Stack size 0 bytes, keil_startup_lpc17xx_40xx.o(.text))
<BR>[Address Reference Count : 1]<UL><LI> keil_startup_lpc17xx_40xx.o(RESET)
</UL>
<P><STRONG><a name="[1c]"></a>UART2_IRQHandler</STRONG> (Thumb, 0 bytes, Stack size 0 bytes, keil_startup_lpc17xx_40xx.o(.text))
<BR>[Address Reference Count : 1]<UL><LI> keil_startup_lpc17xx_40xx.o(RESET)
</UL>
<P><STRONG><a name="[1d]"></a>UART3_IRQHandler</STRONG> (Thumb, 0 bytes, Stack size 0 bytes, keil_startup_lpc17xx_40xx.o(.text))
<BR>[Address Reference Count : 1]<UL><LI> keil_startup_lpc17xx_40xx.o(RESET)
</UL>
<P><STRONG><a name="[36]"></a>USBActivity_IRQHandler</STRONG> (Thumb, 0 bytes, Stack size 0 bytes, keil_startup_lpc17xx_40xx.o(.text))
<BR>[Address Reference Count : 1]<UL><LI> keil_startup_lpc17xx_40xx.o(RESET)
</UL>
<P><STRONG><a name="[2d]"></a>USB_IRQHandler</STRONG> (Thumb, 0 bytes, Stack size 0 bytes, keil_startup_lpc17xx_40xx.o(.text))
<BR>[Address Reference Count : 1]<UL><LI> keil_startup_lpc17xx_40xx.o(RESET)
</UL>
<P><STRONG><a name="[15]"></a>WDT_IRQHandler</STRONG> (Thumb, 0 bytes, Stack size 0 bytes, keil_startup_lpc17xx_40xx.o(.text))
<BR>[Address Reference Count : 1]<UL><LI> keil_startup_lpc17xx_40xx.o(RESET)
</UL>
<P><STRONG><a name="[a5]"></a>__user_initial_stackheap</STRONG> (Thumb, 0 bytes, Stack size unknown bytes, keil_startup_lpc17xx_40xx.o(.text))
<BR><BR>[Called By]<UL><LI><a href="#[79]">&gt;&gt;</a>&nbsp;&nbsp;&nbsp;__user_setup_stackheap
</UL>

<P><STRONG><a name="[84]"></a>malloc</STRONG> (Thumb, 94 bytes, Stack size 16 bytes, h1_alloc.o(.text))
<BR><BR>[Stack]<UL><LI>Max Depth = 48<LI>Call Chain = malloc &rArr; __Heap_Full &rArr; __Heap_ProvideMemory &rArr; free
</UL>
<BR>[Calls]<UL><LI><a href="#[86]">&gt;&gt;</a>&nbsp;&nbsp;&nbsp;__Heap_Full
<LI><a href="#[85]">&gt;&gt;</a>&nbsp;&nbsp;&nbsp;__rt_heap_descriptor
</UL>
<BR>[Called By]<UL><LI><a href="#[140]">&gt;&gt;</a>&nbsp;&nbsp;&nbsp;netconn_recv
<LI><a href="#[66]">&gt;&gt;</a>&nbsp;&nbsp;&nbsp;tcpip_input
<LI><a href="#[1a7]">&gt;&gt;</a>&nbsp;&nbsp;&nbsp;tcpip_callback_with_block
<LI><a href="#[104]">&gt;&gt;</a>&nbsp;&nbsp;&nbsp;sys_timeout
<LI><a href="#[12b]">&gt;&gt;</a>&nbsp;&nbsp;&nbsp;pbuf_alloc
<LI><a href="#[1aa]">&gt;&gt;</a>&nbsp;&nbsp;&nbsp;udp_new
<LI><a href="#[1be]">&gt;&gt;</a>&nbsp;&nbsp;&nbsp;pvPortMalloc
<LI><a href="#[1a8]">&gt;&gt;</a>&nbsp;&nbsp;&nbsp;raw_new
<LI><a href="#[116]">&gt;&gt;</a>&nbsp;&nbsp;&nbsp;tcp_listen_with_backlog
<LI><a href="#[1e9]">&gt;&gt;</a>&nbsp;&nbsp;&nbsp;tcp_seg_copy
<LI><a href="#[1cc]">&gt;&gt;</a>&nbsp;&nbsp;&nbsp;tcp_alloc
<LI><a href="#[1d5]">&gt;&gt;</a>&nbsp;&nbsp;&nbsp;tcp_create_segment
<LI><a href="#[f9]">&gt;&gt;</a>&nbsp;&nbsp;&nbsp;netconn_alloc
<LI><a href="#[5d]">&gt;&gt;</a>&nbsp;&nbsp;&nbsp;recv_udp
<LI><a href="#[5c]">&gt;&gt;</a>&nbsp;&nbsp;&nbsp;recv_raw
<LI><a href="#[161]">&gt;&gt;</a>&nbsp;&nbsp;&nbsp;ip_reass
<LI><a href="#[15b]">&gt;&gt;</a>&nbsp;&nbsp;&nbsp;ip_frag
</UL>

<P><STRONG><a name="[87]"></a>free</STRONG> (Thumb, 78 bytes, Stack size 16 bytes, h1_free.o(.text))
<BR><BR>[Stack]<UL><LI>Max Depth = 16<LI>Call Chain = free
</UL>
<BR>[Calls]<UL><LI><a href="#[85]">&gt;&gt;</a>&nbsp;&nbsp;&nbsp;__rt_heap_descriptor
</UL>
<BR>[Called By]<UL><LI><a href="#[140]">&gt;&gt;</a>&nbsp;&nbsp;&nbsp;netconn_recv
<LI><a href="#[14a]">&gt;&gt;</a>&nbsp;&nbsp;&nbsp;netconn_new_with_proto_and_callback
<LI><a href="#[148]">&gt;&gt;</a>&nbsp;&nbsp;&nbsp;netbuf_delete
<LI><a href="#[135]">&gt;&gt;</a>&nbsp;&nbsp;&nbsp;fs_close
<LI><a href="#[66]">&gt;&gt;</a>&nbsp;&nbsp;&nbsp;tcpip_input
<LI><a href="#[1a7]">&gt;&gt;</a>&nbsp;&nbsp;&nbsp;tcpip_callback_with_block
<LI><a href="#[1c8]">&gt;&gt;</a>&nbsp;&nbsp;&nbsp;sys_untimeout
<LI><a href="#[1c7]">&gt;&gt;</a>&nbsp;&nbsp;&nbsp;sys_timeouts_mbox_fetch
<LI><a href="#[121]">&gt;&gt;</a>&nbsp;&nbsp;&nbsp;pbuf_free
<LI><a href="#[115]">&gt;&gt;</a>&nbsp;&nbsp;&nbsp;udp_remove
<LI><a href="#[1b5]">&gt;&gt;</a>&nbsp;&nbsp;&nbsp;vPortFree
<LI><a href="#[114]">&gt;&gt;</a>&nbsp;&nbsp;&nbsp;raw_remove
<LI><a href="#[1eb]">&gt;&gt;</a>&nbsp;&nbsp;&nbsp;tcp_slowtmr
<LI><a href="#[116]">&gt;&gt;</a>&nbsp;&nbsp;&nbsp;tcp_listen_with_backlog
<LI><a href="#[1d0]">&gt;&gt;</a>&nbsp;&nbsp;&nbsp;tcp_close_shutdown
<LI><a href="#[1c9]">&gt;&gt;</a>&nbsp;&nbsp;&nbsp;tcp_abandon
<LI><a href="#[164]">&gt;&gt;</a>&nbsp;&nbsp;&nbsp;tcp_input
<LI><a href="#[1d6]">&gt;&gt;</a>&nbsp;&nbsp;&nbsp;tcp_seg_free
<LI><a href="#[102]">&gt;&gt;</a>&nbsp;&nbsp;&nbsp;netconn_free
<LI><a href="#[f9]">&gt;&gt;</a>&nbsp;&nbsp;&nbsp;netconn_alloc
<LI><a href="#[63]">&gt;&gt;</a>&nbsp;&nbsp;&nbsp;tcpip_thread
<LI><a href="#[169]">&gt;&gt;</a>&nbsp;&nbsp;&nbsp;ip_reass_dequeue_datagram
<LI><a href="#[15f]">&gt;&gt;</a>&nbsp;&nbsp;&nbsp;ip_frag_free_pbuf_custom_ref
<LI><a href="#[95]">&gt;&gt;</a>&nbsp;&nbsp;&nbsp;__Heap_ProvideMemory
</UL>

<P><STRONG><a name="[88]"></a>__2printf</STRONG> (Thumb, 20 bytes, Stack size 24 bytes, noretval__2printf.o(.text))
<BR><BR>[Stack]<UL><LI>Max Depth = 128 + Unknown Stack Size
<LI>Call Chain = __2printf &rArr; _printf_char_file &rArr; _printf_char_common &rArr; __printf
</UL>
<BR>[Calls]<UL><LI><a href="#[89]">&gt;&gt;</a>&nbsp;&nbsp;&nbsp;_printf_char_file
</UL>
<BR>[Called By]<UL><LI><a href="#[64]">&gt;&gt;</a>&nbsp;&nbsp;&nbsp;tcpclient_thread
<LI><a href="#[131]">&gt;&gt;</a>&nbsp;&nbsp;&nbsp;ethdata_decode
<LI><a href="#[47]">&gt;&gt;</a>&nbsp;&nbsp;&nbsp;http_server_netconn_thread
<LI><a href="#[50]">&gt;&gt;</a>&nbsp;&nbsp;&nbsp;vSetupIFTask
<LI><a href="#[1f2]">&gt;&gt;</a>&nbsp;&nbsp;&nbsp;vApplicationStackOverflowHook
<LI><a href="#[16]">&gt;&gt;</a>&nbsp;&nbsp;&nbsp;TIMER0_IRQHandler
</UL>

<P><STRONG><a name="[8a]"></a>__printf</STRONG> (Thumb, 104 bytes, Stack size 24 bytes, __printf.o(.text))
<BR><BR>[Stack]<UL><LI>Max Depth = 24 + Unknown Stack Size
<LI>Call Chain = __printf
</UL>
<BR>[Calls]<UL><LI><a href="#[8b]">&gt;&gt;</a>&nbsp;&nbsp;&nbsp;_printf_percent
</UL>
<BR>[Called By]<UL><LI><a href="#[9c]">&gt;&gt;</a>&nbsp;&nbsp;&nbsp;_printf_char_common
</UL>

<P><STRONG><a name="[9a]"></a>_printf_str</STRONG> (Thumb, 82 bytes, Stack size 16 bytes, _printf_str.o(.text))
<BR><BR>[Stack]<UL><LI>Max Depth = 16<LI>Call Chain = _printf_str
</UL>
<BR>[Called By]<UL><LI><a href="#[99]">&gt;&gt;</a>&nbsp;&nbsp;&nbsp;_printf_cs_common
</UL>

<P><STRONG><a name="[70]"></a>_printf_int_dec</STRONG> (Thumb, 104 bytes, Stack size 24 bytes, _printf_dec.o(.text))
<BR><BR>[Stack]<UL><LI>Max Depth = 56<LI>Call Chain = _printf_int_dec &rArr; _printf_int_common
</UL>
<BR>[Calls]<UL><LI><a href="#[8c]">&gt;&gt;</a>&nbsp;&nbsp;&nbsp;_printf_int_common
</UL>
<BR>[Called By]<UL><LI><a href="#[6f]">&gt;&gt;</a>&nbsp;&nbsp;&nbsp;_printf_d
</UL>

<P><STRONG><a name="[8d]"></a>__0sscanf</STRONG> (Thumb, 52 bytes, Stack size 72 bytes, __0sscanf.o(.text))
<BR><BR>[Stack]<UL><LI>Max Depth = 224<LI>Call Chain = __0sscanf &rArr; __vfscanf_char &rArr; __vfscanf &rArr; _scanf_int
</UL>
<BR>[Calls]<UL><LI><a href="#[8e]">&gt;&gt;</a>&nbsp;&nbsp;&nbsp;__vfscanf_char
</UL>
<BR>[Called By]<UL><LI><a href="#[13f]">&gt;&gt;</a>&nbsp;&nbsp;&nbsp;http_server_netconn_serve
</UL>

<P><STRONG><a name="[8f]"></a>_scanf_int</STRONG> (Thumb, 332 bytes, Stack size 56 bytes, _scanf_int.o(.text))
<BR><BR>[Stack]<UL><LI>Max Depth = 56<LI>Call Chain = _scanf_int
</UL>
<BR>[Calls]<UL><LI><a href="#[90]">&gt;&gt;</a>&nbsp;&nbsp;&nbsp;_chval
</UL>
<BR>[Called By]<UL><LI><a href="#[9e]">&gt;&gt;</a>&nbsp;&nbsp;&nbsp;__vfscanf
</UL>

<P><STRONG><a name="[142]"></a>strchr</STRONG> (Thumb, 20 bytes, Stack size 0 bytes, strchr.o(.text))
<BR><BR>[Called By]<UL><LI><a href="#[13f]">&gt;&gt;</a>&nbsp;&nbsp;&nbsp;http_server_netconn_serve
</UL>

<P><STRONG><a name="[137]"></a>strstr</STRONG> (Thumb, 36 bytes, Stack size 12 bytes, strstr.o(.text))
<BR><BR>[Stack]<UL><LI>Max Depth = 12<LI>Call Chain = strstr
</UL>
<BR>[Called By]<UL><LI><a href="#[13f]">&gt;&gt;</a>&nbsp;&nbsp;&nbsp;http_server_netconn_serve
<LI><a href="#[f0]">&gt;&gt;</a>&nbsp;&nbsp;&nbsp;get_http_headers
</UL>

<P><STRONG><a name="[133]"></a>memcmp</STRONG> (Thumb, 88 bytes, Stack size 8 bytes, memcmp.o(.text))
<BR><BR>[Stack]<UL><LI>Max Depth = 8<LI>Call Chain = memcmp
</UL>
<BR>[Called By]<UL><LI><a href="#[132]">&gt;&gt;</a>&nbsp;&nbsp;&nbsp;ethernet_input
</UL>

<P><STRONG><a name="[13b]"></a>strcpy</STRONG> (Thumb, 72 bytes, Stack size 12 bytes, strcpy.o(.text))
<BR><BR>[Stack]<UL><LI>Max Depth = 12<LI>Call Chain = strcpy
</UL>
<BR>[Called By]<UL><LI><a href="#[f0]">&gt;&gt;</a>&nbsp;&nbsp;&nbsp;get_http_headers
</UL>

<P><STRONG><a name="[138]"></a>strrchr</STRONG> (Thumb, 22 bytes, Stack size 0 bytes, strrchr.o(.text))
<BR><BR>[Called By]<UL><LI><a href="#[f0]">&gt;&gt;</a>&nbsp;&nbsp;&nbsp;get_http_headers
</UL>

<P><STRONG><a name="[13a]"></a>strlen</STRONG> (Thumb, 62 bytes, Stack size 8 bytes, strlen.o(.text))
<BR><BR>[Stack]<UL><LI>Max Depth = 8<LI>Call Chain = strlen
</UL>
<BR>[Called By]<UL><LI><a href="#[13f]">&gt;&gt;</a>&nbsp;&nbsp;&nbsp;http_server_netconn_serve
<LI><a href="#[f0]">&gt;&gt;</a>&nbsp;&nbsp;&nbsp;get_http_headers
</UL>

<P><STRONG><a name="[143]"></a>strncmp</STRONG> (Thumb, 150 bytes, Stack size 16 bytes, strncmp.o(.text))
<BR><BR>[Stack]<UL><LI>Max Depth = 16<LI>Call Chain = strncmp
</UL>
<BR>[Called By]<UL><LI><a href="#[13f]">&gt;&gt;</a>&nbsp;&nbsp;&nbsp;http_server_netconn_serve
</UL>

<P><STRONG><a name="[13c]"></a>strcat</STRONG> (Thumb, 24 bytes, Stack size 0 bytes, strcat.o(.text))
<BR><BR>[Called By]<UL><LI><a href="#[f0]">&gt;&gt;</a>&nbsp;&nbsp;&nbsp;get_http_headers
</UL>

<P><STRONG><a name="[ec]"></a>__aeabi_memcpy</STRONG> (Thumb, 0 bytes, Stack size 0 bytes, rt_memcpy_v6.o(.text))
<BR><BR>[Called By]<UL><LI><a href="#[131]">&gt;&gt;</a>&nbsp;&nbsp;&nbsp;ethdata_decode
<LI><a href="#[12f]">&gt;&gt;</a>&nbsp;&nbsp;&nbsp;ethdata_broadcast
<LI><a href="#[ed]">&gt;&gt;</a>&nbsp;&nbsp;&nbsp;DataSave
<LI><a href="#[eb]">&gt;&gt;</a>&nbsp;&nbsp;&nbsp;DataLoad
<LI><a href="#[1b7]">&gt;&gt;</a>&nbsp;&nbsp;&nbsp;prvCopyDataToQueue
<LI><a href="#[1b6]">&gt;&gt;</a>&nbsp;&nbsp;&nbsp;prvCopyDataFromQueue
<LI><a href="#[12c]">&gt;&gt;</a>&nbsp;&nbsp;&nbsp;pbuf_copy
<LI><a href="#[1a5]">&gt;&gt;</a>&nbsp;&nbsp;&nbsp;pbuf_copy_partial
<LI><a href="#[18c]">&gt;&gt;</a>&nbsp;&nbsp;&nbsp;lwip_chksum_copy
<LI><a href="#[151]">&gt;&gt;</a>&nbsp;&nbsp;&nbsp;icmp_send_response
<LI><a href="#[161]">&gt;&gt;</a>&nbsp;&nbsp;&nbsp;ip_reass
<LI><a href="#[15b]">&gt;&gt;</a>&nbsp;&nbsp;&nbsp;ip_frag
<LI><a href="#[16a]">&gt;&gt;</a>&nbsp;&nbsp;&nbsp;ip_reass_free_complete_datagram
<LI><a href="#[4d]">&gt;&gt;</a>&nbsp;&nbsp;&nbsp;lpc_low_level_output
</UL>

<P><STRONG><a name="[91]"></a>__rt_memcpy</STRONG> (Thumb, 138 bytes, Stack size 0 bytes, rt_memcpy_v6.o(.text), UNUSED)
<BR><BR>[Calls]<UL><LI><a href="#[92]">&gt;&gt;</a>&nbsp;&nbsp;&nbsp;__aeabi_memcpy4
</UL>

<P><STRONG><a name="[22e]"></a>_memcpy_lastbytes</STRONG> (Thumb, 0 bytes, Stack size unknown bytes, rt_memcpy_v6.o(.text), UNUSED)

<P><STRONG><a name="[92]"></a>__aeabi_memcpy4</STRONG> (Thumb, 0 bytes, Stack size 8 bytes, rt_memcpy_w.o(.text))
<BR><BR>[Stack]<UL><LI>Max Depth = 8<LI>Call Chain = __aeabi_memcpy4
</UL>
<BR>[Called By]<UL><LI><a href="#[1e9]">&gt;&gt;</a>&nbsp;&nbsp;&nbsp;tcp_seg_copy
<LI><a href="#[91]">&gt;&gt;</a>&nbsp;&nbsp;&nbsp;__rt_memcpy
</UL>

<P><STRONG><a name="[22f]"></a>__aeabi_memcpy8</STRONG> (Thumb, 0 bytes, Stack size 8 bytes, rt_memcpy_w.o(.text), UNUSED)

<P><STRONG><a name="[230]"></a>__rt_memcpy_w</STRONG> (Thumb, 100 bytes, Stack size 8 bytes, rt_memcpy_w.o(.text), UNUSED)

<P><STRONG><a name="[231]"></a>_memcpy_lastbytes_aligned</STRONG> (Thumb, 0 bytes, Stack size unknown bytes, rt_memcpy_w.o(.text), UNUSED)

<P><STRONG><a name="[93]"></a>__aeabi_memset</STRONG> (Thumb, 16 bytes, Stack size 0 bytes, aeabi_memset.o(.text))
<BR><BR>[Calls]<UL><LI><a href="#[94]">&gt;&gt;</a>&nbsp;&nbsp;&nbsp;_memset
</UL>
<BR>[Called By]<UL><LI><a href="#[193]">&gt;&gt;</a>&nbsp;&nbsp;&nbsp;xTaskGenericCreate
</UL>

<P><STRONG><a name="[de]"></a>__aeabi_memclr4</STRONG> (Thumb, 0 bytes, Stack size 4 bytes, rt_memclr_w.o(.text))
<BR><BR>[Stack]<UL><LI>Max Depth = 4<LI>Call Chain = __aeabi_memclr4
</UL>
<BR>[Called By]<UL><LI><a href="#[e0]">&gt;&gt;</a>&nbsp;&nbsp;&nbsp;Chip_I2C_MasterSend
<LI><a href="#[dd]">&gt;&gt;</a>&nbsp;&nbsp;&nbsp;Chip_I2C_MasterRead
<LI><a href="#[50]">&gt;&gt;</a>&nbsp;&nbsp;&nbsp;vSetupIFTask
<LI><a href="#[1aa]">&gt;&gt;</a>&nbsp;&nbsp;&nbsp;udp_new
<LI><a href="#[1a8]">&gt;&gt;</a>&nbsp;&nbsp;&nbsp;raw_new
<LI><a href="#[1cc]">&gt;&gt;</a>&nbsp;&nbsp;&nbsp;tcp_alloc
<LI><a href="#[161]">&gt;&gt;</a>&nbsp;&nbsp;&nbsp;ip_reass
</UL>

<P><STRONG><a name="[232]"></a>__aeabi_memclr8</STRONG> (Thumb, 0 bytes, Stack size 4 bytes, rt_memclr_w.o(.text), UNUSED)

<P><STRONG><a name="[233]"></a>__rt_memclr_w</STRONG> (Thumb, 78 bytes, Stack size 4 bytes, rt_memclr_w.o(.text), UNUSED)

<P><STRONG><a name="[a0]"></a>_memset_w</STRONG> (Thumb, 0 bytes, Stack size unknown bytes, rt_memclr_w.o(.text), UNUSED)
<BR><BR>[Called By]<UL><LI><a href="#[9f]">&gt;&gt;</a>&nbsp;&nbsp;&nbsp;__rt_memclr
</UL>

<P><STRONG><a name="[139]"></a>strcmp</STRONG> (Thumb, 128 bytes, Stack size 0 bytes, strcmpv7m.o(.text))
<BR><BR>[Called By]<UL><LI><a href="#[f0]">&gt;&gt;</a>&nbsp;&nbsp;&nbsp;get_http_headers
<LI><a href="#[40]">&gt;&gt;</a>&nbsp;&nbsp;&nbsp;_get_lc_ctype
</UL>

<P><STRONG><a name="[234]"></a>__use_two_region_memory</STRONG> (Thumb, 2 bytes, Stack size 0 bytes, heapauxi.o(.text), UNUSED)

<P><STRONG><a name="[2]"></a>__rt_heap_escrow</STRONG> (Thumb, 2 bytes, Stack size 0 bytes, heapauxi.o(.text), UNUSED)

<P><STRONG><a name="[1]"></a>__rt_heap_expand</STRONG> (Thumb, 2 bytes, Stack size 0 bytes, heapauxi.o(.text), UNUSED)

<P><STRONG><a name="[85]"></a>__rt_heap_descriptor</STRONG> (Thumb, 8 bytes, Stack size 0 bytes, rt_heap_descriptor_intlibspace.o(.text))
<BR><BR>[Called By]<UL><LI><a href="#[74]">&gt;&gt;</a>&nbsp;&nbsp;&nbsp;_init_alloc
<LI><a href="#[87]">&gt;&gt;</a>&nbsp;&nbsp;&nbsp;free
<LI><a href="#[84]">&gt;&gt;</a>&nbsp;&nbsp;&nbsp;malloc
</UL>

<P><STRONG><a name="[235]"></a>__use_no_heap</STRONG> (Thumb, 2 bytes, Stack size 0 bytes, hguard.o(.text), UNUSED)

<P><STRONG><a name="[236]"></a>__heap$guard</STRONG> (Thumb, 2 bytes, Stack size 0 bytes, hguard.o(.text), UNUSED)

<P><STRONG><a name="[7]"></a>_terminate_user_alloc</STRONG> (Thumb, 2 bytes, Stack size 0 bytes, init_alloc.o(.text), UNUSED)

<P><STRONG><a name="[5]"></a>_init_user_alloc</STRONG> (Thumb, 2 bytes, Stack size 0 bytes, init_alloc.o(.text), UNUSED)

<P><STRONG><a name="[86]"></a>__Heap_Full</STRONG> (Thumb, 34 bytes, Stack size 16 bytes, init_alloc.o(.text))
<BR><BR>[Stack]<UL><LI>Max Depth = 32<LI>Call Chain = __Heap_Full &rArr; __Heap_ProvideMemory &rArr; free
</UL>
<BR>[Calls]<UL><LI><a href="#[95]">&gt;&gt;</a>&nbsp;&nbsp;&nbsp;__Heap_ProvideMemory
</UL>
<BR>[Called By]<UL><LI><a href="#[84]">&gt;&gt;</a>&nbsp;&nbsp;&nbsp;malloc
</UL>

<P><STRONG><a name="[96]"></a>__Heap_Broken</STRONG> (Thumb, 6 bytes, Stack size 0 bytes, init_alloc.o(.text), UNUSED)
<BR><BR>[Calls]<UL><LI><a href="#[97]">&gt;&gt;</a>&nbsp;&nbsp;&nbsp;__rt_SIGRTMEM
</UL>

<P><STRONG><a name="[74]"></a>_init_alloc</STRONG> (Thumb, 94 bytes, Stack size 24 bytes, init_alloc.o(.text))
<BR><BR>[Stack]<UL><LI>Max Depth = 64<LI>Call Chain = _init_alloc &rArr; __rt_SIGRTMEM &rArr; __rt_SIGRTMEM_inner &rArr; __default_signal_display &rArr; _ttywrch
</UL>
<BR>[Calls]<UL><LI><a href="#[97]">&gt;&gt;</a>&nbsp;&nbsp;&nbsp;__rt_SIGRTMEM
<LI><a href="#[95]">&gt;&gt;</a>&nbsp;&nbsp;&nbsp;__Heap_ProvideMemory
<LI><a href="#[98]">&gt;&gt;</a>&nbsp;&nbsp;&nbsp;__Heap_Initialize
<LI><a href="#[85]">&gt;&gt;</a>&nbsp;&nbsp;&nbsp;__rt_heap_descriptor
</UL>
<BR>[Called By]<UL><LI><a href="#[73]">&gt;&gt;</a>&nbsp;&nbsp;&nbsp;__rt_lib_init_heap_2
</UL>

<P><STRONG><a name="[98]"></a>__Heap_Initialize</STRONG> (Thumb, 10 bytes, Stack size 0 bytes, h1_init.o(.text))
<BR><BR>[Called By]<UL><LI><a href="#[74]">&gt;&gt;</a>&nbsp;&nbsp;&nbsp;_init_alloc
</UL>

<P><STRONG><a name="[3]"></a>__Heap_DescSize</STRONG> (Thumb, 4 bytes, Stack size 0 bytes, h1_init.o(.text), UNUSED)

<P><STRONG><a name="[8c]"></a>_printf_int_common</STRONG> (Thumb, 178 bytes, Stack size 32 bytes, _printf_intcommon.o(.text))
<BR><BR>[Stack]<UL><LI>Max Depth = 32<LI>Call Chain = _printf_int_common
</UL>
<BR>[Called By]<UL><LI><a href="#[70]">&gt;&gt;</a>&nbsp;&nbsp;&nbsp;_printf_int_dec
</UL>

<P><STRONG><a name="[99]"></a>_printf_cs_common</STRONG> (Thumb, 20 bytes, Stack size 8 bytes, _printf_char.o(.text))
<BR><BR>[Stack]<UL><LI>Max Depth = 24<LI>Call Chain = _printf_cs_common &rArr; _printf_str
</UL>
<BR>[Calls]<UL><LI><a href="#[9a]">&gt;&gt;</a>&nbsp;&nbsp;&nbsp;_printf_str
</UL>
<BR>[Called By]<UL><LI><a href="#[72]">&gt;&gt;</a>&nbsp;&nbsp;&nbsp;_printf_string
<LI><a href="#[9b]">&gt;&gt;</a>&nbsp;&nbsp;&nbsp;_printf_char
</UL>

<P><STRONG><a name="[9b]"></a>_printf_char</STRONG> (Thumb, 16 bytes, Stack size 0 bytes, _printf_char.o(.text), UNUSED)
<BR><BR>[Calls]<UL><LI><a href="#[99]">&gt;&gt;</a>&nbsp;&nbsp;&nbsp;_printf_cs_common
</UL>

<P><STRONG><a name="[72]"></a>_printf_string</STRONG> (Thumb, 8 bytes, Stack size 0 bytes, _printf_char.o(.text))
<BR><BR>[Stack]<UL><LI>Max Depth = 24<LI>Call Chain = _printf_string &rArr; _printf_cs_common &rArr; _printf_str
</UL>
<BR>[Calls]<UL><LI><a href="#[99]">&gt;&gt;</a>&nbsp;&nbsp;&nbsp;_printf_cs_common
</UL>
<BR>[Called By]<UL><LI><a href="#[71]">&gt;&gt;</a>&nbsp;&nbsp;&nbsp;_printf_s
</UL>

<P><STRONG><a name="[89]"></a>_printf_char_file</STRONG> (Thumb, 32 bytes, Stack size 16 bytes, _printf_char_file.o(.text))
<BR><BR>[Stack]<UL><LI>Max Depth = 104 + Unknown Stack Size
<LI>Call Chain = _printf_char_file &rArr; _printf_char_common &rArr; __printf
</UL>
<BR>[Calls]<UL><LI><a href="#[9c]">&gt;&gt;</a>&nbsp;&nbsp;&nbsp;_printf_char_common
<LI><a href="#[9d]">&gt;&gt;</a>&nbsp;&nbsp;&nbsp;ferror
</UL>
<BR>[Called By]<UL><LI><a href="#[88]">&gt;&gt;</a>&nbsp;&nbsp;&nbsp;__2printf
</UL>

<P><STRONG><a name="[90]"></a>_chval</STRONG> (Thumb, 28 bytes, Stack size 0 bytes, _chval.o(.text))
<BR><BR>[Called By]<UL><LI><a href="#[8f]">&gt;&gt;</a>&nbsp;&nbsp;&nbsp;_scanf_int
</UL>

<P><STRONG><a name="[8e]"></a>__vfscanf_char</STRONG> (Thumb, 24 bytes, Stack size 0 bytes, scanf_char.o(.text))
<BR><BR>[Stack]<UL><LI>Max Depth = 152<LI>Call Chain = __vfscanf_char &rArr; __vfscanf &rArr; _scanf_int
</UL>
<BR>[Calls]<UL><LI><a href="#[9e]">&gt;&gt;</a>&nbsp;&nbsp;&nbsp;__vfscanf
</UL>
<BR>[Called By]<UL><LI><a href="#[8d]">&gt;&gt;</a>&nbsp;&nbsp;&nbsp;__0sscanf
</UL>

<P><STRONG><a name="[3a]"></a>_sgetc</STRONG> (Thumb, 30 bytes, Stack size 0 bytes, _sgetc.o(.text))
<BR>[Address Reference Count : 1]<UL><LI> __0sscanf.o(.text)
</UL>
<P><STRONG><a name="[3b]"></a>_sbackspace</STRONG> (Thumb, 34 bytes, Stack size 0 bytes, _sgetc.o(.text))
<BR>[Address Reference Count : 1]<UL><LI> __0sscanf.o(.text)
</UL>
<P><STRONG><a name="[237]"></a>__aeabi_memclr</STRONG> (Thumb, 0 bytes, Stack size 0 bytes, rt_memclr.o(.text), UNUSED)

<P><STRONG><a name="[9f]"></a>__rt_memclr</STRONG> (Thumb, 68 bytes, Stack size 0 bytes, rt_memclr.o(.text), UNUSED)
<BR><BR>[Calls]<UL><LI><a href="#[a0]">&gt;&gt;</a>&nbsp;&nbsp;&nbsp;_memset_w
</UL>

<P><STRONG><a name="[94]"></a>_memset</STRONG> (Thumb, 0 bytes, Stack size unknown bytes, rt_memclr.o(.text))
<BR><BR>[Called By]<UL><LI><a href="#[93]">&gt;&gt;</a>&nbsp;&nbsp;&nbsp;__aeabi_memset
</UL>

<P><STRONG><a name="[238]"></a>__user_libspace</STRONG> (Thumb, 8 bytes, Stack size 0 bytes, libspace.o(.text), UNUSED)

<P><STRONG><a name="[a4]"></a>__user_perproc_libspace</STRONG> (Thumb, 0 bytes, Stack size 0 bytes, libspace.o(.text))
<BR><BR>[Called By]<UL><LI><a href="#[79]">&gt;&gt;</a>&nbsp;&nbsp;&nbsp;__user_setup_stackheap
</UL>

<P><STRONG><a name="[239]"></a>__user_perthread_libspace</STRONG> (Thumb, 0 bytes, Stack size 0 bytes, libspace.o(.text), UNUSED)

<P><STRONG><a name="[95]"></a>__Heap_ProvideMemory</STRONG> (Thumb, 52 bytes, Stack size 0 bytes, h1_extend.o(.text))
<BR><BR>[Stack]<UL><LI>Max Depth = 16<LI>Call Chain = __Heap_ProvideMemory &rArr; free
</UL>
<BR>[Calls]<UL><LI><a href="#[87]">&gt;&gt;</a>&nbsp;&nbsp;&nbsp;free
</UL>
<BR>[Called By]<UL><LI><a href="#[74]">&gt;&gt;</a>&nbsp;&nbsp;&nbsp;_init_alloc
<LI><a href="#[86]">&gt;&gt;</a>&nbsp;&nbsp;&nbsp;__Heap_Full
</UL>

<P><STRONG><a name="[3e]"></a>isspace</STRONG> (Thumb, 18 bytes, Stack size 8 bytes, isspace.o(.text))
<BR><BR>[Stack]<UL><LI>Max Depth = 16<LI>Call Chain = isspace &rArr; __rt_ctype_table
</UL>
<BR>[Calls]<UL><LI><a href="#[a1]">&gt;&gt;</a>&nbsp;&nbsp;&nbsp;__rt_ctype_table
</UL>
<BR>[Address Reference Count : 1]<UL><LI> scanf_char.o(.text)
</UL>
<P><STRONG><a name="[9c]"></a>_printf_char_common</STRONG> (Thumb, 32 bytes, Stack size 64 bytes, _printf_char_common.o(.text))
<BR><BR>[Stack]<UL><LI>Max Depth = 88 + Unknown Stack Size
<LI>Call Chain = _printf_char_common &rArr; __printf
</UL>
<BR>[Calls]<UL><LI><a href="#[8a]">&gt;&gt;</a>&nbsp;&nbsp;&nbsp;__printf
</UL>
<BR>[Called By]<UL><LI><a href="#[89]">&gt;&gt;</a>&nbsp;&nbsp;&nbsp;_printf_char_file
</UL>

<P><STRONG><a name="[9e]"></a>__vfscanf</STRONG> (Thumb, 878 bytes, Stack size 96 bytes, _scanf.o(.text))
<BR><BR>[Stack]<UL><LI>Max Depth = 152<LI>Call Chain = __vfscanf &rArr; _scanf_int
</UL>
<BR>[Calls]<UL><LI><a href="#[8f]">&gt;&gt;</a>&nbsp;&nbsp;&nbsp;_scanf_int
</UL>
<BR>[Called By]<UL><LI><a href="#[8e]">&gt;&gt;</a>&nbsp;&nbsp;&nbsp;__vfscanf_char
</UL>

<P><STRONG><a name="[97]"></a>__rt_SIGRTMEM</STRONG> (Thumb, 14 bytes, Stack size 8 bytes, defsig_rtmem_outer.o(.text))
<BR><BR>[Stack]<UL><LI>Max Depth = 40<LI>Call Chain = __rt_SIGRTMEM &rArr; __rt_SIGRTMEM_inner &rArr; __default_signal_display &rArr; _ttywrch
</UL>
<BR>[Calls]<UL><LI><a href="#[a2]">&gt;&gt;</a>&nbsp;&nbsp;&nbsp;__rt_SIGRTMEM_inner
<LI><a href="#[a3]">&gt;&gt;</a>&nbsp;&nbsp;&nbsp;__sig_exit
</UL>
<BR>[Called By]<UL><LI><a href="#[74]">&gt;&gt;</a>&nbsp;&nbsp;&nbsp;_init_alloc
<LI><a href="#[96]">&gt;&gt;</a>&nbsp;&nbsp;&nbsp;__Heap_Broken
</UL>

<P><STRONG><a name="[23a]"></a>__I$use$semihosting</STRONG> (Thumb, 0 bytes, Stack size 0 bytes, use_no_semi.o(.text), UNUSED)

<P><STRONG><a name="[23b]"></a>__use_no_semihosting_swi</STRONG> (Thumb, 2 bytes, Stack size 0 bytes, use_no_semi.o(.text), UNUSED)

<P><STRONG><a name="[23c]"></a>__semihosting_library_function</STRONG> (Thumb, 0 bytes, Stack size 8 bytes, indicate_semi.o(.text), UNUSED)

<P><STRONG><a name="[79]"></a>__user_setup_stackheap</STRONG> (Thumb, 74 bytes, Stack size 8 bytes, sys_stackheap_outer.o(.text))
<BR><BR>[Stack]<UL><LI>Max Depth = 8 + Unknown Stack Size
<LI>Call Chain = __user_setup_stackheap
</UL>
<BR>[Calls]<UL><LI><a href="#[a5]">&gt;&gt;</a>&nbsp;&nbsp;&nbsp;__user_initial_stackheap
<LI><a href="#[a4]">&gt;&gt;</a>&nbsp;&nbsp;&nbsp;__user_perproc_libspace
</UL>
<BR>[Called By]<UL><LI><a href="#[78]">&gt;&gt;</a>&nbsp;&nbsp;&nbsp;__rt_entry_sh
</UL>

<P><STRONG><a name="[a1]"></a>__rt_ctype_table</STRONG> (Thumb, 16 bytes, Stack size 8 bytes, rt_ctype_table.o(.text))
<BR><BR>[Stack]<UL><LI>Max Depth = 8<LI>Call Chain = __rt_ctype_table
</UL>
<BR>[Calls]<UL><LI><a href="#[76]">&gt;&gt;</a>&nbsp;&nbsp;&nbsp;__rt_locale
</UL>
<BR>[Called By]<UL><LI><a href="#[3e]">&gt;&gt;</a>&nbsp;&nbsp;&nbsp;isspace
</UL>

<P><STRONG><a name="[7e]"></a>exit</STRONG> (Thumb, 18 bytes, Stack size 8 bytes, exit.o(.text))
<BR><BR>[Stack]<UL><LI>Max Depth = 8 + Unknown Stack Size
<LI>Call Chain = exit
</UL>
<BR>[Calls]<UL><LI><a href="#[a6]">&gt;&gt;</a>&nbsp;&nbsp;&nbsp;__rt_exit
</UL>
<BR>[Called By]<UL><LI><a href="#[7c]">&gt;&gt;</a>&nbsp;&nbsp;&nbsp;__rt_entry_main
</UL>

<P><STRONG><a name="[a3]"></a>__sig_exit</STRONG> (Thumb, 10 bytes, Stack size 0 bytes, defsig_exit.o(.text))
<BR><BR>[Calls]<UL><LI><a href="#[82]">&gt;&gt;</a>&nbsp;&nbsp;&nbsp;_sys_exit
</UL>
<BR>[Called By]<UL><LI><a href="#[97]">&gt;&gt;</a>&nbsp;&nbsp;&nbsp;__rt_SIGRTMEM
</UL>

<P><STRONG><a name="[a2]"></a>__rt_SIGRTMEM_inner</STRONG> (Thumb, 22 bytes, Stack size 8 bytes, defsig_rtmem_inner.o(.text))
<BR><BR>[Stack]<UL><LI>Max Depth = 32<LI>Call Chain = __rt_SIGRTMEM_inner &rArr; __default_signal_display &rArr; _ttywrch
</UL>
<BR>[Calls]<UL><LI><a href="#[a7]">&gt;&gt;</a>&nbsp;&nbsp;&nbsp;__default_signal_display
</UL>
<BR>[Called By]<UL><LI><a href="#[97]">&gt;&gt;</a>&nbsp;&nbsp;&nbsp;__rt_SIGRTMEM
</UL>

<P><STRONG><a name="[76]"></a>__rt_locale</STRONG> (Thumb, 8 bytes, Stack size 0 bytes, rt_locale_intlibspace.o(.text))
<BR><BR>[Called By]<UL><LI><a href="#[a1]">&gt;&gt;</a>&nbsp;&nbsp;&nbsp;__rt_ctype_table
<LI><a href="#[75]">&gt;&gt;</a>&nbsp;&nbsp;&nbsp;__rt_lib_init_lc_common
</UL>

<P><STRONG><a name="[a7]"></a>__default_signal_display</STRONG> (Thumb, 50 bytes, Stack size 16 bytes, defsig_general.o(.text))
<BR><BR>[Stack]<UL><LI>Max Depth = 24<LI>Call Chain = __default_signal_display &rArr; _ttywrch
</UL>
<BR>[Calls]<UL><LI><a href="#[a8]">&gt;&gt;</a>&nbsp;&nbsp;&nbsp;_ttywrch
</UL>
<BR>[Called By]<UL><LI><a href="#[a2]">&gt;&gt;</a>&nbsp;&nbsp;&nbsp;__rt_SIGRTMEM_inner
</UL>

<P><STRONG><a name="[a8]"></a>_ttywrch</STRONG> (Thumb, 14 bytes, Stack size 8 bytes, sys_wrch.o(.text))
<BR><BR>[Stack]<UL><LI>Max Depth = 8<LI>Call Chain = _ttywrch
</UL>
<BR>[Called By]<UL><LI><a href="#[a7]">&gt;&gt;</a>&nbsp;&nbsp;&nbsp;__default_signal_display
</UL>

<P><STRONG><a name="[a9]"></a>Board_Debug_Init</STRONG> (Thumb, 34 bytes, Stack size 8 bytes, board.o(i.Board_Debug_Init))
<BR><BR>[Stack]<UL><LI>Max Depth = 44<LI>Call Chain = Board_Debug_Init &rArr; Chip_UART_SetBaud &rArr; Chip_Clock_GetPeripheralClockRate &rArr; Chip_Clock_GetSystemClockRate &rArr; Chip_Clock_GetMainClockRate &rArr; Chip_Clock_GetMainPLLOutClockRate
</UL>
<BR>[Calls]<UL><LI><a href="#[ac]">&gt;&gt;</a>&nbsp;&nbsp;&nbsp;Chip_UART_TXEnable
<LI><a href="#[ab]">&gt;&gt;</a>&nbsp;&nbsp;&nbsp;Chip_UART_SetBaud
<LI><a href="#[aa]">&gt;&gt;</a>&nbsp;&nbsp;&nbsp;Chip_UART_Init
</UL>
<BR>[Called By]<UL><LI><a href="#[b9]">&gt;&gt;</a>&nbsp;&nbsp;&nbsp;Board_Init
</UL>

<P><STRONG><a name="[176]"></a>Board_ENET_GetMacADDR</STRONG> (Thumb, 22 bytes, Stack size 12 bytes, board.o(i.Board_ENET_GetMacADDR))
<BR><BR>[Stack]<UL><LI>Max Depth = 12<LI>Call Chain = Board_ENET_GetMacADDR
</UL>
<BR>[Called By]<UL><LI><a href="#[67]">&gt;&gt;</a>&nbsp;&nbsp;&nbsp;lpc_enetif_init
</UL>

<P><STRONG><a name="[ad]"></a>Board_GPIOInput_DIROut</STRONG> (Thumb, 14 bytes, Stack size 0 bytes, board.o(i.Board_GPIOInput_DIROut))
<BR><BR>[Calls]<UL><LI><a href="#[ae]">&gt;&gt;</a>&nbsp;&nbsp;&nbsp;Chip_GPIO_SetPinDIRInput
</UL>
<BR>[Called By]<UL><LI><a href="#[f8]">&gt;&gt;</a>&nbsp;&nbsp;&nbsp;UserystemInit
</UL>

<P><STRONG><a name="[af]"></a>Board_GPIOInput_State</STRONG> (Thumb, 14 bytes, Stack size 0 bytes, board.o(i.Board_GPIOInput_State))
<BR><BR>[Calls]<UL><LI><a href="#[b0]">&gt;&gt;</a>&nbsp;&nbsp;&nbsp;Chip_GPIO_ReadPortBit
</UL>
<BR>[Called By]<UL><LI><a href="#[f6]">&gt;&gt;</a>&nbsp;&nbsp;&nbsp;SystemRunChk
</UL>

<P><STRONG><a name="[b1]"></a>Board_GPIOOutput_DIROut</STRONG> (Thumb, 14 bytes, Stack size 0 bytes, board.o(i.Board_GPIOOutput_DIROut))
<BR><BR>[Calls]<UL><LI><a href="#[b2]">&gt;&gt;</a>&nbsp;&nbsp;&nbsp;Chip_GPIO_SetPinDIROutput
</UL>
<BR>[Called By]<UL><LI><a href="#[f8]">&gt;&gt;</a>&nbsp;&nbsp;&nbsp;UserystemInit
</UL>

<P><STRONG><a name="[b3]"></a>Board_GPIOOutput_Set</STRONG> (Thumb, 18 bytes, Stack size 0 bytes, board.o(i.Board_GPIOOutput_Set))
<BR><BR>[Calls]<UL><LI><a href="#[b4]">&gt;&gt;</a>&nbsp;&nbsp;&nbsp;Chip_GPIO_WritePortBit
</UL>
<BR>[Called By]<UL><LI><a href="#[f6]">&gt;&gt;</a>&nbsp;&nbsp;&nbsp;SystemRunChk
<LI><a href="#[b9]">&gt;&gt;</a>&nbsp;&nbsp;&nbsp;Board_Init
<LI><a href="#[b6]">&gt;&gt;</a>&nbsp;&nbsp;&nbsp;Board_GPIOOutput_Toggle
</UL>

<P><STRONG><a name="[b5]"></a>Board_GPIOOutput_State</STRONG> (Thumb, 14 bytes, Stack size 0 bytes, board.o(i.Board_GPIOOutput_State))
<BR><BR>[Calls]<UL><LI><a href="#[b0]">&gt;&gt;</a>&nbsp;&nbsp;&nbsp;Chip_GPIO_ReadPortBit
</UL>
<BR>[Called By]<UL><LI><a href="#[b6]">&gt;&gt;</a>&nbsp;&nbsp;&nbsp;Board_GPIOOutput_Toggle
<LI><a href="#[16]">&gt;&gt;</a>&nbsp;&nbsp;&nbsp;TIMER0_IRQHandler
</UL>

<P><STRONG><a name="[b6]"></a>Board_GPIOOutput_Toggle</STRONG> (Thumb, 22 bytes, Stack size 8 bytes, board.o(i.Board_GPIOOutput_Toggle))
<BR><BR>[Stack]<UL><LI>Max Depth = 8<LI>Call Chain = Board_GPIOOutput_Toggle
</UL>
<BR>[Calls]<UL><LI><a href="#[b3]">&gt;&gt;</a>&nbsp;&nbsp;&nbsp;Board_GPIOOutput_Set
<LI><a href="#[b5]">&gt;&gt;</a>&nbsp;&nbsp;&nbsp;Board_GPIOOutput_State
</UL>
<BR>[Called By]<UL><LI><a href="#[52]">&gt;&gt;</a>&nbsp;&nbsp;&nbsp;vPowerFuncTask
</UL>

<P><STRONG><a name="[b7]"></a>Board_I2C_Init</STRONG> (Thumb, 40 bytes, Stack size 16 bytes, board.o(i.Board_I2C_Init))
<BR><BR>[Stack]<UL><LI>Max Depth = 32<LI>Call Chain = Board_I2C_Init &rArr; Chip_IOCON_PinMux
</UL>
<BR>[Calls]<UL><LI><a href="#[b8]">&gt;&gt;</a>&nbsp;&nbsp;&nbsp;Chip_IOCON_PinMux
</UL>
<BR>[Called By]<UL><LI><a href="#[b9]">&gt;&gt;</a>&nbsp;&nbsp;&nbsp;Board_Init
</UL>

<P><STRONG><a name="[b9]"></a>Board_Init</STRONG> (Thumb, 208 bytes, Stack size 16 bytes, board.o(i.Board_Init))
<BR><BR>[Stack]<UL><LI>Max Depth = 64<LI>Call Chain = Board_Init &rArr; Board_SPI_Init &rArr; Board_SSP1_Init &rArr; Chip_IOCON_PinMux
</UL>
<BR>[Calls]<UL><LI><a href="#[b3]">&gt;&gt;</a>&nbsp;&nbsp;&nbsp;Board_GPIOOutput_Set
<LI><a href="#[c3]">&gt;&gt;</a>&nbsp;&nbsp;&nbsp;Chip_TIMER_Reset
<LI><a href="#[ba]">&gt;&gt;</a>&nbsp;&nbsp;&nbsp;Chip_Clock_EnablePeriphClock
<LI><a href="#[be]">&gt;&gt;</a>&nbsp;&nbsp;&nbsp;Chip_I2C_SetClockRate
<LI><a href="#[bd]">&gt;&gt;</a>&nbsp;&nbsp;&nbsp;Chip_I2C_Init
<LI><a href="#[c1]">&gt;&gt;</a>&nbsp;&nbsp;&nbsp;Chip_Clock_SetPCLKDiv
<LI><a href="#[c2]">&gt;&gt;</a>&nbsp;&nbsp;&nbsp;Chip_Clock_GetSystemClockRate
<LI><a href="#[bf]">&gt;&gt;</a>&nbsp;&nbsp;&nbsp;i2c_set_mode
<LI><a href="#[c4]">&gt;&gt;</a>&nbsp;&nbsp;&nbsp;NVIC_EnableIRQ
<LI><a href="#[bb]">&gt;&gt;</a>&nbsp;&nbsp;&nbsp;Chip_GPIO_WriteDirBit
<LI><a href="#[c0]">&gt;&gt;</a>&nbsp;&nbsp;&nbsp;Chip_TIMER_Init
<LI><a href="#[bc]">&gt;&gt;</a>&nbsp;&nbsp;&nbsp;Board_SPI_Init
<LI><a href="#[b7]">&gt;&gt;</a>&nbsp;&nbsp;&nbsp;Board_I2C_Init
<LI><a href="#[a9]">&gt;&gt;</a>&nbsp;&nbsp;&nbsp;Board_Debug_Init
</UL>
<BR>[Called By]<UL><LI><a href="#[7d]">&gt;&gt;</a>&nbsp;&nbsp;&nbsp;main
</UL>

<P><STRONG><a name="[c5]"></a>Board_SPI_DeassertSSEL</STRONG> (Thumb, 12 bytes, Stack size 0 bytes, board.o(i.Board_SPI_DeassertSSEL))
<BR><BR>[Calls]<UL><LI><a href="#[b4]">&gt;&gt;</a>&nbsp;&nbsp;&nbsp;Chip_GPIO_WritePortBit
</UL>
<BR>[Called By]<UL><LI><a href="#[bc]">&gt;&gt;</a>&nbsp;&nbsp;&nbsp;Board_SPI_Init
</UL>

<P><STRONG><a name="[bc]"></a>Board_SPI_Init</STRONG> (Thumb, 60 bytes, Stack size 16 bytes, board.o(i.Board_SPI_Init))
<BR><BR>[Stack]<UL><LI>Max Depth = 48<LI>Call Chain = Board_SPI_Init &rArr; Board_SSP1_Init &rArr; Chip_IOCON_PinMux
</UL>
<BR>[Calls]<UL><LI><a href="#[b8]">&gt;&gt;</a>&nbsp;&nbsp;&nbsp;Chip_IOCON_PinMux
<LI><a href="#[bb]">&gt;&gt;</a>&nbsp;&nbsp;&nbsp;Chip_GPIO_WriteDirBit
<LI><a href="#[c6]">&gt;&gt;</a>&nbsp;&nbsp;&nbsp;Board_SSP1_Init
<LI><a href="#[c5]">&gt;&gt;</a>&nbsp;&nbsp;&nbsp;Board_SPI_DeassertSSEL
</UL>
<BR>[Called By]<UL><LI><a href="#[b9]">&gt;&gt;</a>&nbsp;&nbsp;&nbsp;Board_Init
</UL>

<P><STRONG><a name="[c6]"></a>Board_SSP1_Init</STRONG> (Thumb, 64 bytes, Stack size 16 bytes, board.o(i.Board_SSP1_Init))
<BR><BR>[Stack]<UL><LI>Max Depth = 32<LI>Call Chain = Board_SSP1_Init &rArr; Chip_IOCON_PinMux
</UL>
<BR>[Calls]<UL><LI><a href="#[b8]">&gt;&gt;</a>&nbsp;&nbsp;&nbsp;Chip_IOCON_PinMux
</UL>
<BR>[Called By]<UL><LI><a href="#[bc]">&gt;&gt;</a>&nbsp;&nbsp;&nbsp;Board_SPI_Init
</UL>

<P><STRONG><a name="[c7]"></a>Board_SetupClocking</STRONG> (Thumb, 22 bytes, Stack size 8 bytes, board_sysinit.o(i.Board_SetupClocking))
<BR><BR>[Stack]<UL><LI>Max Depth = 16<LI>Call Chain = Board_SetupClocking &rArr; Chip_SetupXtalClocking
</UL>
<BR>[Calls]<UL><LI><a href="#[c8]">&gt;&gt;</a>&nbsp;&nbsp;&nbsp;Chip_SetupXtalClocking
</UL>
<BR>[Called By]<UL><LI><a href="#[cb]">&gt;&gt;</a>&nbsp;&nbsp;&nbsp;Board_SystemInit
</UL>

<P><STRONG><a name="[c9]"></a>Board_SetupMuxing</STRONG> (Thumb, 10 bytes, Stack size 0 bytes, board_sysinit.o(i.Board_SetupMuxing))
<BR><BR>[Stack]<UL><LI>Max Depth = 48<LI>Call Chain = Board_SetupMuxing &rArr; Chip_IOCON_SetPinMuxing &rArr; Chip_IOCON_PinMuxSet &rArr; Chip_IOCON_PinMux
</UL>
<BR>[Calls]<UL><LI><a href="#[ca]">&gt;&gt;</a>&nbsp;&nbsp;&nbsp;Chip_IOCON_SetPinMuxing
</UL>
<BR>[Called By]<UL><LI><a href="#[cb]">&gt;&gt;</a>&nbsp;&nbsp;&nbsp;Board_SystemInit
</UL>

<P><STRONG><a name="[cb]"></a>Board_SystemInit</STRONG> (Thumb, 14 bytes, Stack size 8 bytes, board_sysinit.o(i.Board_SystemInit))
<BR><BR>[Stack]<UL><LI>Max Depth = 56<LI>Call Chain = Board_SystemInit &rArr; Board_SetupMuxing &rArr; Chip_IOCON_SetPinMuxing &rArr; Chip_IOCON_PinMuxSet &rArr; Chip_IOCON_PinMux
</UL>
<BR>[Calls]<UL><LI><a href="#[c9]">&gt;&gt;</a>&nbsp;&nbsp;&nbsp;Board_SetupMuxing
<LI><a href="#[c7]">&gt;&gt;</a>&nbsp;&nbsp;&nbsp;Board_SetupClocking
</UL>
<BR>[Called By]<UL><LI><a href="#[38]">&gt;&gt;</a>&nbsp;&nbsp;&nbsp;SystemInit
</UL>

<P><STRONG><a name="[cd]"></a>Board_UARTPutChar</STRONG> (Thumb, 12 bytes, Stack size 0 bytes, board.o(i.Board_UARTPutChar))
<BR><BR>[Called By]<UL><LI><a href="#[cc]">&gt;&gt;</a>&nbsp;&nbsp;&nbsp;Board_UARTPutSTR
<LI><a href="#[3c]">&gt;&gt;</a>&nbsp;&nbsp;&nbsp;fputc
</UL>

<P><STRONG><a name="[cc]"></a>Board_UARTPutSTR</STRONG> (Thumb, 20 bytes, Stack size 4 bytes, board.o(i.Board_UARTPutSTR))
<BR><BR>[Stack]<UL><LI>Max Depth = 4<LI>Call Chain = Board_UARTPutSTR
</UL>
<BR>[Calls]<UL><LI><a href="#[cd]">&gt;&gt;</a>&nbsp;&nbsp;&nbsp;Board_UARTPutChar
</UL>
<BR>[Called By]<UL><LI><a href="#[50]">&gt;&gt;</a>&nbsp;&nbsp;&nbsp;vSetupIFTask
<LI><a href="#[1bf]">&gt;&gt;</a>&nbsp;&nbsp;&nbsp;vApplicationMallocFailedHook
</UL>

<P><STRONG><a name="[ce]"></a>Chip_Clock_DisablePLL</STRONG> (Thumb, 18 bytes, Stack size 0 bytes, clock_17xx_40xx.o(i.Chip_Clock_DisablePLL))
<BR><BR>[Calls]<UL><LI><a href="#[cf]">&gt;&gt;</a>&nbsp;&nbsp;&nbsp;Chip_Clock_FeedPLL
</UL>
<BR>[Called By]<UL><LI><a href="#[c8]">&gt;&gt;</a>&nbsp;&nbsp;&nbsp;Chip_SetupXtalClocking
</UL>

<P><STRONG><a name="[d0]"></a>Chip_Clock_EnablePLL</STRONG> (Thumb, 18 bytes, Stack size 0 bytes, clock_17xx_40xx.o(i.Chip_Clock_EnablePLL))
<BR><BR>[Calls]<UL><LI><a href="#[cf]">&gt;&gt;</a>&nbsp;&nbsp;&nbsp;Chip_Clock_FeedPLL
</UL>
<BR>[Called By]<UL><LI><a href="#[c8]">&gt;&gt;</a>&nbsp;&nbsp;&nbsp;Chip_SetupXtalClocking
</UL>

<P><STRONG><a name="[ba]"></a>Chip_Clock_EnablePeriphClock</STRONG> (Thumb, 16 bytes, Stack size 0 bytes, clock_17xx_40xx.o(i.Chip_Clock_EnablePeriphClock))
<BR><BR>[Called By]<UL><LI><a href="#[b9]">&gt;&gt;</a>&nbsp;&nbsp;&nbsp;Board_Init
<LI><a href="#[da]">&gt;&gt;</a>&nbsp;&nbsp;&nbsp;Chip_ENET_Init
<LI><a href="#[bd]">&gt;&gt;</a>&nbsp;&nbsp;&nbsp;Chip_I2C_Init
<LI><a href="#[aa]">&gt;&gt;</a>&nbsp;&nbsp;&nbsp;Chip_UART_Init
<LI><a href="#[c0]">&gt;&gt;</a>&nbsp;&nbsp;&nbsp;Chip_TIMER_Init
</UL>

<P><STRONG><a name="[d7]"></a>Chip_Clock_GetCPUClockDiv</STRONG> (Thumb, 12 bytes, Stack size 0 bytes, clock_17xx_40xx.o(i.Chip_Clock_GetCPUClockDiv))
<BR><BR>[Called By]<UL><LI><a href="#[c2]">&gt;&gt;</a>&nbsp;&nbsp;&nbsp;Chip_Clock_GetSystemClockRate
</UL>

<P><STRONG><a name="[d2]"></a>Chip_Clock_GetCPUClockSource</STRONG> (Thumb, 18 bytes, Stack size 0 bytes, clock_17xx_40xx.o(i.Chip_Clock_GetCPUClockSource))
<BR><BR>[Called By]<UL><LI><a href="#[d1]">&gt;&gt;</a>&nbsp;&nbsp;&nbsp;Chip_Clock_GetMainClockRate
</UL>

<P><STRONG><a name="[d1]"></a>Chip_Clock_GetMainClockRate</STRONG> (Thumb, 32 bytes, Stack size 4 bytes, clock_17xx_40xx.o(i.Chip_Clock_GetMainClockRate))
<BR><BR>[Stack]<UL><LI>Max Depth = 8<LI>Call Chain = Chip_Clock_GetMainClockRate &rArr; Chip_Clock_GetMainPLLOutClockRate
</UL>
<BR>[Calls]<UL><LI><a href="#[d4]">&gt;&gt;</a>&nbsp;&nbsp;&nbsp;Chip_Clock_GetSYSCLKRate
<LI><a href="#[d3]">&gt;&gt;</a>&nbsp;&nbsp;&nbsp;Chip_Clock_GetMainPLLOutClockRate
<LI><a href="#[d2]">&gt;&gt;</a>&nbsp;&nbsp;&nbsp;Chip_Clock_GetCPUClockSource
</UL>
<BR>[Called By]<UL><LI><a href="#[c2]">&gt;&gt;</a>&nbsp;&nbsp;&nbsp;Chip_Clock_GetSystemClockRate
</UL>

<P><STRONG><a name="[d3]"></a>Chip_Clock_GetMainPLLOutClockRate</STRONG> (Thumb, 50 bytes, Stack size 4 bytes, clock_17xx_40xx.o(i.Chip_Clock_GetMainPLLOutClockRate))
<BR><BR>[Stack]<UL><LI>Max Depth = 4<LI>Call Chain = Chip_Clock_GetMainPLLOutClockRate
</UL>
<BR>[Calls]<UL><LI><a href="#[d4]">&gt;&gt;</a>&nbsp;&nbsp;&nbsp;Chip_Clock_GetSYSCLKRate
</UL>
<BR>[Called By]<UL><LI><a href="#[d1]">&gt;&gt;</a>&nbsp;&nbsp;&nbsp;Chip_Clock_GetMainClockRate
</UL>

<P><STRONG><a name="[d6]"></a>Chip_Clock_GetPCLKDiv</STRONG> (Thumb, 60 bytes, Stack size 0 bytes, clock_17xx_40xx.o(i.Chip_Clock_GetPCLKDiv))
<BR><BR>[Called By]<UL><LI><a href="#[d5]">&gt;&gt;</a>&nbsp;&nbsp;&nbsp;Chip_Clock_GetPeripheralClockRate
</UL>

<P><STRONG><a name="[d5]"></a>Chip_Clock_GetPeripheralClockRate</STRONG> (Thumb, 22 bytes, Stack size 8 bytes, clock_17xx_40xx.o(i.Chip_Clock_GetPeripheralClockRate))
<BR><BR>[Stack]<UL><LI>Max Depth = 20<LI>Call Chain = Chip_Clock_GetPeripheralClockRate &rArr; Chip_Clock_GetSystemClockRate &rArr; Chip_Clock_GetMainClockRate &rArr; Chip_Clock_GetMainPLLOutClockRate
</UL>
<BR>[Calls]<UL><LI><a href="#[c2]">&gt;&gt;</a>&nbsp;&nbsp;&nbsp;Chip_Clock_GetSystemClockRate
<LI><a href="#[d6]">&gt;&gt;</a>&nbsp;&nbsp;&nbsp;Chip_Clock_GetPCLKDiv
</UL>
<BR>[Called By]<UL><LI><a href="#[e2]">&gt;&gt;</a>&nbsp;&nbsp;&nbsp;getClkRate
<LI><a href="#[ab]">&gt;&gt;</a>&nbsp;&nbsp;&nbsp;Chip_UART_SetBaud
</UL>

<P><STRONG><a name="[d4]"></a>Chip_Clock_GetSYSCLKRate</STRONG> (Thumb, 38 bytes, Stack size 0 bytes, clock_17xx_40xx.o(i.Chip_Clock_GetSYSCLKRate))
<BR><BR>[Called By]<UL><LI><a href="#[d3]">&gt;&gt;</a>&nbsp;&nbsp;&nbsp;Chip_Clock_GetMainPLLOutClockRate
<LI><a href="#[d1]">&gt;&gt;</a>&nbsp;&nbsp;&nbsp;Chip_Clock_GetMainClockRate
</UL>

<P><STRONG><a name="[c2]"></a>Chip_Clock_GetSystemClockRate</STRONG> (Thumb, 18 bytes, Stack size 4 bytes, clock_17xx_40xx.o(i.Chip_Clock_GetSystemClockRate))
<BR><BR>[Stack]<UL><LI>Max Depth = 12<LI>Call Chain = Chip_Clock_GetSystemClockRate &rArr; Chip_Clock_GetMainClockRate &rArr; Chip_Clock_GetMainPLLOutClockRate
</UL>
<BR>[Calls]<UL><LI><a href="#[d1]">&gt;&gt;</a>&nbsp;&nbsp;&nbsp;Chip_Clock_GetMainClockRate
<LI><a href="#[d7]">&gt;&gt;</a>&nbsp;&nbsp;&nbsp;Chip_Clock_GetCPUClockDiv
</UL>
<BR>[Called By]<UL><LI><a href="#[f5]">&gt;&gt;</a>&nbsp;&nbsp;&nbsp;SystemCoreClockUpdate
<LI><a href="#[b9]">&gt;&gt;</a>&nbsp;&nbsp;&nbsp;Board_Init
<LI><a href="#[d5]">&gt;&gt;</a>&nbsp;&nbsp;&nbsp;Chip_Clock_GetPeripheralClockRate
<LI><a href="#[d9]">&gt;&gt;</a>&nbsp;&nbsp;&nbsp;Chip_ENET_FindMIIDiv
</UL>

<P><STRONG><a name="[e7]"></a>Chip_Clock_SetCPUClockDiv</STRONG> (Thumb, 8 bytes, Stack size 0 bytes, clock_17xx_40xx.o(i.Chip_Clock_SetCPUClockDiv))
<BR><BR>[Called By]<UL><LI><a href="#[c8]">&gt;&gt;</a>&nbsp;&nbsp;&nbsp;Chip_SetupXtalClocking
</UL>

<P><STRONG><a name="[c1]"></a>Chip_Clock_SetPCLKDiv</STRONG> (Thumb, 34 bytes, Stack size 8 bytes, clock_17xx_40xx.o(i.Chip_Clock_SetPCLKDiv))
<BR><BR>[Stack]<UL><LI>Max Depth = 8<LI>Call Chain = Chip_Clock_SetPCLKDiv
</UL>
<BR>[Called By]<UL><LI><a href="#[b9]">&gt;&gt;</a>&nbsp;&nbsp;&nbsp;Board_Init
</UL>

<P><STRONG><a name="[d8]"></a>Chip_Clock_SetupPLL</STRONG> (Thumb, 32 bytes, Stack size 0 bytes, clock_17xx_40xx.o(i.Chip_Clock_SetupPLL))
<BR><BR>[Calls]<UL><LI><a href="#[cf]">&gt;&gt;</a>&nbsp;&nbsp;&nbsp;Chip_Clock_FeedPLL
</UL>
<BR>[Called By]<UL><LI><a href="#[c8]">&gt;&gt;</a>&nbsp;&nbsp;&nbsp;Chip_SetupXtalClocking
</UL>

<P><STRONG><a name="[d9]"></a>Chip_ENET_FindMIIDiv</STRONG> (Thumb, 36 bytes, Stack size 16 bytes, enet_17xx_40xx.o(i.Chip_ENET_FindMIIDiv))
<BR><BR>[Stack]<UL><LI>Max Depth = 28<LI>Call Chain = Chip_ENET_FindMIIDiv &rArr; Chip_Clock_GetSystemClockRate &rArr; Chip_Clock_GetMainClockRate &rArr; Chip_Clock_GetMainPLLOutClockRate
</UL>
<BR>[Calls]<UL><LI><a href="#[c2]">&gt;&gt;</a>&nbsp;&nbsp;&nbsp;Chip_Clock_GetSystemClockRate
</UL>
<BR>[Called By]<UL><LI><a href="#[16d]">&gt;&gt;</a>&nbsp;&nbsp;&nbsp;low_level_init
</UL>

<P><STRONG><a name="[188]"></a>Chip_ENET_GetFillDescNum</STRONG> (Thumb, 26 bytes, Stack size 0 bytes, enet_17xx_40xx.o(i.Chip_ENET_GetFillDescNum))
<BR><BR>[Called By]<UL><LI><a href="#[181]">&gt;&gt;</a>&nbsp;&nbsp;&nbsp;lpc_tx_ready
</UL>

<P><STRONG><a name="[17e]"></a>Chip_ENET_IncRXConsumeIndex</STRONG> (Thumb, 24 bytes, Stack size 0 bytes, enet_17xx_40xx.o(i.Chip_ENET_IncRXConsumeIndex))
<BR><BR>[Called By]<UL><LI><a href="#[17b]">&gt;&gt;</a>&nbsp;&nbsp;&nbsp;lpc_low_level_input
</UL>

<P><STRONG><a name="[183]"></a>Chip_ENET_IncTXProduceIndex</STRONG> (Thumb, 24 bytes, Stack size 0 bytes, enet_17xx_40xx.o(i.Chip_ENET_IncTXProduceIndex))
<BR><BR>[Called By]<UL><LI><a href="#[4d]">&gt;&gt;</a>&nbsp;&nbsp;&nbsp;lpc_low_level_output
</UL>

<P><STRONG><a name="[da]"></a>Chip_ENET_Init</STRONG> (Thumb, 114 bytes, Stack size 16 bytes, enet_17xx_40xx.o(i.Chip_ENET_Init))
<BR><BR>[Stack]<UL><LI>Max Depth = 16<LI>Call Chain = Chip_ENET_Init
</UL>
<BR>[Calls]<UL><LI><a href="#[ba]">&gt;&gt;</a>&nbsp;&nbsp;&nbsp;Chip_Clock_EnablePeriphClock
</UL>
<BR>[Called By]<UL><LI><a href="#[16d]">&gt;&gt;</a>&nbsp;&nbsp;&nbsp;low_level_init
</UL>

<P><STRONG><a name="[187]"></a>Chip_ENET_InitRxDescriptors</STRONG> (Thumb, 22 bytes, Stack size 0 bytes, enet_17xx_40xx.o(i.Chip_ENET_InitRxDescriptors))
<BR><BR>[Called By]<UL><LI><a href="#[171]">&gt;&gt;</a>&nbsp;&nbsp;&nbsp;lpc_rx_setup
</UL>

<P><STRONG><a name="[18b]"></a>Chip_ENET_InitTxDescriptors</STRONG> (Thumb, 22 bytes, Stack size 0 bytes, enet_17xx_40xx.o(i.Chip_ENET_InitTxDescriptors))
<BR><BR>[Called By]<UL><LI><a href="#[170]">&gt;&gt;</a>&nbsp;&nbsp;&nbsp;lpc_tx_setup
</UL>

<P><STRONG><a name="[174]"></a>Chip_ENET_ReadMIIData</STRONG> (Thumb, 10 bytes, Stack size 0 bytes, enet_17xx_40xx.o(i.Chip_ENET_ReadMIIData))
<BR><BR>[Called By]<UL><LI><a href="#[172]">&gt;&gt;</a>&nbsp;&nbsp;&nbsp;lpcPHYStsPoll
<LI><a href="#[16f]">&gt;&gt;</a>&nbsp;&nbsp;&nbsp;lpc_phy_init
</UL>

[...]
<LI><a href="#[fa]">&gt;&gt;</a>&nbsp;&nbsp;&nbsp;setup_tcp
</UL>
<BR>[Called By]<UL><LI><a href="#[58]">&gt;&gt;</a>&nbsp;&nbsp;&nbsp;do_newconn
</UL>

<P><STRONG><a name="[43]"></a>poll_tcp</STRONG> (Thumb, 92 bytes, Stack size 8 bytes, api_msg.o(i.poll_tcp))
<BR><BR>[Stack]<UL><LI>Max Depth = 536<LI>Call Chain = poll_tcp &rArr; do_close_internal &rArr; tcp_shutdown &rArr; tcp_close_shutdown &rArr; tcp_pcb_remove &rArr; tcp_output &rArr; tcp_send_empty_ack &rArr; ip_output &rArr; ip_output_if &rArr; ip_frag &rArr; pbuf_alloc &rArr; pbuf_pool_is_empty &rArr; tcpip_callback_with_block &rArr; sys_mbox_post &rArr; xQueueGenericSend &rArr; xTaskResumeAll &rArr; xTaskIncrementTick
</UL>
<BR>[Calls]<UL><LI><a href="#[105]">&gt;&gt;</a>&nbsp;&nbsp;&nbsp;assert_loop
<LI><a href="#[11a]">&gt;&gt;</a>&nbsp;&nbsp;&nbsp;do_writemore
<LI><a href="#[10b]">&gt;&gt;</a>&nbsp;&nbsp;&nbsp;do_close_internal
</UL>
<BR>[Address Reference Count : 2]<UL><LI> api_msg.o(i.do_close_internal)
<LI> api_msg.o(i.setup_tcp)
</UL>
<P><STRONG><a name="[5c]"></a>recv_raw</STRONG> (Thumb, 112 bytes, Stack size 24 bytes, api_msg.o(i.recv_raw))
<BR><BR>[Stack]<UL><LI>Max Depth = 240<LI>Call Chain = recv_raw &rArr; pbuf_alloc &rArr; pbuf_pool_is_empty &rArr; tcpip_callback_with_block &rArr; sys_mbox_post &rArr; xQueueGenericSend &rArr; xTaskResumeAll &rArr; xTaskIncrementTick
</UL>
<BR>[Calls]<UL><LI><a href="#[148]">&gt;&gt;</a>&nbsp;&nbsp;&nbsp;netbuf_delete
<LI><a href="#[121]">&gt;&gt;</a>&nbsp;&nbsp;&nbsp;pbuf_free
<LI><a href="#[12b]">&gt;&gt;</a>&nbsp;&nbsp;&nbsp;pbuf_alloc
<LI><a href="#[12c]">&gt;&gt;</a>&nbsp;&nbsp;&nbsp;pbuf_copy
<LI><a href="#[fb]">&gt;&gt;</a>&nbsp;&nbsp;&nbsp;sys_mbox_trypost
<LI><a href="#[84]">&gt;&gt;</a>&nbsp;&nbsp;&nbsp;malloc
</UL>
<BR>[Address Reference Count : 1]<UL><LI> api_msg.o(i.pcb_new)
</UL>
<P><STRONG><a name="[5f]"></a>recv_tcp</STRONG> (Thumb, 128 bytes, Stack size 24 bytes, api_msg.o(i.recv_tcp))
<BR><BR>[Stack]<UL><LI>Max Depth = 480<LI>Call Chain = recv_tcp &rArr; tcp_recved &rArr; tcp_output &rArr; tcp_send_empty_ack &rArr; ip_output &rArr; ip_output_if &rArr; ip_frag &rArr; pbuf_alloc &rArr; pbuf_pool_is_empty &rArr; tcpip_callback_with_block &rArr; sys_mbox_post &rArr; xQueueGenericSend &rArr; xTaskResumeAll &rArr; xTaskIncrementTick
</UL>
<BR>[Calls]<UL><LI><a href="#[105]">&gt;&gt;</a>&nbsp;&nbsp;&nbsp;assert_loop
<LI><a href="#[121]">&gt;&gt;</a>&nbsp;&nbsp;&nbsp;pbuf_free
<LI><a href="#[113]">&gt;&gt;</a>&nbsp;&nbsp;&nbsp;sys_arch_unprotect
<LI><a href="#[112]">&gt;&gt;</a>&nbsp;&nbsp;&nbsp;sys_arch_protect
<LI><a href="#[119]">&gt;&gt;</a>&nbsp;&nbsp;&nbsp;tcp_recved
<LI><a href="#[fb]">&gt;&gt;</a>&nbsp;&nbsp;&nbsp;sys_mbox_trypost
</UL>
<BR>[Address Reference Count : 1]<UL><LI> api_msg.o(i.setup_tcp)
</UL>
<P><STRONG><a name="[5d]"></a>recv_udp</STRONG> (Thumb, 130 bytes, Stack size 24 bytes, api_msg.o(i.recv_udp))
<BR><BR>[Stack]<UL><LI>Max Depth = 152<LI>Call Chain = recv_udp &rArr; sys_mbox_trypost &rArr; xQueueGenericSend &rArr; xTaskResumeAll &rArr; xTaskIncrementTick
</UL>
<BR>[Calls]<UL><LI><a href="#[148]">&gt;&gt;</a>&nbsp;&nbsp;&nbsp;netbuf_delete
<LI><a href="#[105]">&gt;&gt;</a>&nbsp;&nbsp;&nbsp;assert_loop
<LI><a href="#[121]">&gt;&gt;</a>&nbsp;&nbsp;&nbsp;pbuf_free
<LI><a href="#[fb]">&gt;&gt;</a>&nbsp;&nbsp;&nbsp;sys_mbox_trypost
<LI><a href="#[84]">&gt;&gt;</a>&nbsp;&nbsp;&nbsp;malloc
</UL>
<BR>[Address Reference Count : 1]<UL><LI> api_msg.o(i.pcb_new)
</UL>
<P><STRONG><a name="[42]"></a>sent_tcp</STRONG> (Thumb, 92 bytes, Stack size 16 bytes, api_msg.o(i.sent_tcp))
<BR><BR>[Stack]<UL><LI>Max Depth = 544<LI>Call Chain = sent_tcp &rArr; do_close_internal &rArr; tcp_shutdown &rArr; tcp_close_shutdown &rArr; tcp_pcb_remove &rArr; tcp_output &rArr; tcp_send_empty_ack &rArr; ip_output &rArr; ip_output_if &rArr; ip_frag &rArr; pbuf_alloc &rArr; pbuf_pool_is_empty &rArr; tcpip_callback_with_block &rArr; sys_mbox_post &rArr; xQueueGenericSend &rArr; xTaskResumeAll &rArr; xTaskIncrementTick
</UL>
<BR>[Calls]<UL><LI><a href="#[105]">&gt;&gt;</a>&nbsp;&nbsp;&nbsp;assert_loop
<LI><a href="#[11a]">&gt;&gt;</a>&nbsp;&nbsp;&nbsp;do_writemore
<LI><a href="#[10b]">&gt;&gt;</a>&nbsp;&nbsp;&nbsp;do_close_internal
</UL>
<BR>[Address Reference Count : 2]<UL><LI> api_msg.o(i.do_close_internal)
<LI> api_msg.o(i.setup_tcp)
</UL>
<P><STRONG><a name="[fa]"></a>setup_tcp</STRONG> (Thumb, 50 bytes, Stack size 8 bytes, api_msg.o(i.setup_tcp))
<BR><BR>[Stack]<UL><LI>Max Depth = 24<LI>Call Chain = setup_tcp &rArr; tcp_sent
</UL>
<BR>[Calls]<UL><LI><a href="#[fe]">&gt;&gt;</a>&nbsp;&nbsp;&nbsp;tcp_sent
<LI><a href="#[fd]">&gt;&gt;</a>&nbsp;&nbsp;&nbsp;tcp_recv
<LI><a href="#[ff]">&gt;&gt;</a>&nbsp;&nbsp;&nbsp;tcp_poll
<LI><a href="#[100]">&gt;&gt;</a>&nbsp;&nbsp;&nbsp;tcp_err
<LI><a href="#[fc]">&gt;&gt;</a>&nbsp;&nbsp;&nbsp;tcp_arg
</UL>
<BR>[Called By]<UL><LI><a href="#[55]">&gt;&gt;</a>&nbsp;&nbsp;&nbsp;do_connect
<LI><a href="#[118]">&gt;&gt;</a>&nbsp;&nbsp;&nbsp;pcb_new
<LI><a href="#[45]">&gt;&gt;</a>&nbsp;&nbsp;&nbsp;do_connected
<LI><a href="#[46]">&gt;&gt;</a>&nbsp;&nbsp;&nbsp;accept_function
</UL>

<P><STRONG><a name="[199]"></a>netconn_close_shutdown</STRONG> (Thumb, 62 bytes, Stack size 40 bytes, api_lib.o(i.netconn_close_shutdown))
<BR><BR>[Stack]<UL><LI>Max Depth = 208<LI>Call Chain = netconn_close_shutdown &rArr; tcpip_apimsg &rArr; sys_arch_sem_wait &rArr; xQueueGenericReceive &rArr; xTaskResumeAll &rArr; xTaskIncrementTick
</UL>
<BR>[Calls]<UL><LI><a href="#[105]">&gt;&gt;</a>&nbsp;&nbsp;&nbsp;assert_loop
<LI><a href="#[113]">&gt;&gt;</a>&nbsp;&nbsp;&nbsp;sys_arch_unprotect
<LI><a href="#[112]">&gt;&gt;</a>&nbsp;&nbsp;&nbsp;sys_arch_protect
<LI><a href="#[198]">&gt;&gt;</a>&nbsp;&nbsp;&nbsp;tcpip_apimsg
</UL>
<BR>[Called By]<UL><LI><a href="#[147]">&gt;&gt;</a>&nbsp;&nbsp;&nbsp;netconn_close
</UL>

<P><STRONG><a name="[19d]"></a>netconn_recv_data</STRONG> (Thumb, 212 bytes, Stack size 48 bytes, api_lib.o(i.netconn_recv_data))
<BR><BR>[Stack]<UL><LI>Max Depth = 216<LI>Call Chain = netconn_recv_data &rArr; tcpip_apimsg &rArr; sys_arch_sem_wait &rArr; xQueueGenericReceive &rArr; xTaskResumeAll &rArr; xTaskIncrementTick
</UL>
<BR>[Calls]<UL><LI><a href="#[105]">&gt;&gt;</a>&nbsp;&nbsp;&nbsp;assert_loop
<LI><a href="#[196]">&gt;&gt;</a>&nbsp;&nbsp;&nbsp;sys_arch_mbox_fetch
<LI><a href="#[113]">&gt;&gt;</a>&nbsp;&nbsp;&nbsp;sys_arch_unprotect
<LI><a href="#[112]">&gt;&gt;</a>&nbsp;&nbsp;&nbsp;sys_arch_protect
<LI><a href="#[198]">&gt;&gt;</a>&nbsp;&nbsp;&nbsp;tcpip_apimsg
</UL>
<BR>[Called By]<UL><LI><a href="#[140]">&gt;&gt;</a>&nbsp;&nbsp;&nbsp;netconn_recv
</UL>

<P><STRONG><a name="[17c]"></a>Chip_ENET_IsRxEmpty</STRONG> (Thumb, 20 bytes, Stack size 0 bytes, lpc17xx_40xx_emac.o(i.Chip_ENET_IsRxEmpty))
<BR><BR>[Called By]<UL><LI><a href="#[4e]">&gt;&gt;</a>&nbsp;&nbsp;&nbsp;vPacketReceiveTask
<LI><a href="#[17b]">&gt;&gt;</a>&nbsp;&nbsp;&nbsp;lpc_low_level_input
</UL>

<P><STRONG><a name="[16d]"></a>low_level_init</STRONG> (Thumb, 172 bytes, Stack size 24 bytes, lpc17xx_40xx_emac.o(i.low_level_init))
<BR><BR>[Stack]<UL><LI>Max Depth = 272<LI>Call Chain = low_level_init &rArr; lpc_rx_setup &rArr; lpc_rx_queue &rArr; pbuf_alloc &rArr; pbuf_pool_is_empty &rArr; tcpip_callback_with_block &rArr; sys_mbox_post &rArr; xQueueGenericSend &rArr; xTaskResumeAll &rArr; xTaskIncrementTick
</UL>
<BR>[Calls]<UL><LI><a href="#[16f]">&gt;&gt;</a>&nbsp;&nbsp;&nbsp;lpc_phy_init
<LI><a href="#[16e]">&gt;&gt;</a>&nbsp;&nbsp;&nbsp;Chip_ENET_SetupMII
<LI><a href="#[da]">&gt;&gt;</a>&nbsp;&nbsp;&nbsp;Chip_ENET_Init
<LI><a href="#[d9]">&gt;&gt;</a>&nbsp;&nbsp;&nbsp;Chip_ENET_FindMIIDiv
<LI><a href="#[170]">&gt;&gt;</a>&nbsp;&nbsp;&nbsp;lpc_tx_setup
<LI><a href="#[171]">&gt;&gt;</a>&nbsp;&nbsp;&nbsp;lpc_rx_setup
</UL>
<BR>[Called By]<UL><LI><a href="#[67]">&gt;&gt;</a>&nbsp;&nbsp;&nbsp;lpc_enetif_init
</UL>

<P><STRONG><a name="[4c]"></a>lpc_etharp_output</STRONG> (Thumb, 18 bytes, Stack size 0 bytes, lpc17xx_40xx_emac.o(i.lpc_etharp_output))
<BR><BR>[Stack]<UL><LI>Max Depth = 368<LI>Call Chain = lpc_etharp_output &rArr; etharp_output &rArr; etharp_query &rArr; etharp_request &rArr; etharp_raw &rArr; pbuf_alloc &rArr; pbuf_pool_is_empty &rArr; tcpip_callback_with_block &rArr; sys_mbox_post &rArr; xQueueGenericSend &rArr; xTaskResumeAll &rArr; xTaskIncrementTick
</UL>
<BR>[Calls]<UL><LI><a href="#[124]">&gt;&gt;</a>&nbsp;&nbsp;&nbsp;etharp_output
</UL>
<BR>[Address Reference Count : 1]<UL><LI> lpc17xx_40xx_emac.o(i.lpc_enetif_init)
</UL>
<P><STRONG><a name="[17b]"></a>lpc_low_level_input</STRONG> (Thumb, 220 bytes, Stack size 24 bytes, lpc17xx_40xx_emac.o(i.lpc_low_level_input))
<BR><BR>[Stack]<UL><LI>Max Depth = 272<LI>Call Chain = lpc_low_level_input &rArr; lpc_rx_setup &rArr; lpc_rx_queue &rArr; pbuf_alloc &rArr; pbuf_pool_is_empty &rArr; tcpip_callback_with_block &rArr; sys_mbox_post &rArr; xQueueGenericSend &rArr; xTaskResumeAll &rArr; xTaskIncrementTick
</UL>
<BR>[Calls]<UL><LI><a href="#[121]">&gt;&gt;</a>&nbsp;&nbsp;&nbsp;pbuf_free
<LI><a href="#[17e]">&gt;&gt;</a>&nbsp;&nbsp;&nbsp;Chip_ENET_IncRXConsumeIndex
<LI><a href="#[17d]">&gt;&gt;</a>&nbsp;&nbsp;&nbsp;lpc_rx_queue
<LI><a href="#[17f]">&gt;&gt;</a>&nbsp;&nbsp;&nbsp;lpc_rxqueue_pbuf
<LI><a href="#[171]">&gt;&gt;</a>&nbsp;&nbsp;&nbsp;lpc_rx_setup
<LI><a href="#[17c]">&gt;&gt;</a>&nbsp;&nbsp;&nbsp;Chip_ENET_IsRxEmpty
</UL>
<BR>[Called By]<UL><LI><a href="#[17a]">&gt;&gt;</a>&nbsp;&nbsp;&nbsp;lpc_enetif_input
</UL>

<P><STRONG><a name="[4d]"></a>lpc_low_level_output</STRONG> (Thumb, 304 bytes, Stack size 40 bytes, lpc17xx_40xx_emac.o(i.lpc_low_level_output))
<BR><BR>[Stack]<UL><LI>Max Depth = 256<LI>Call Chain = lpc_low_level_output &rArr; pbuf_alloc &rArr; pbuf_pool_is_empty &rArr; tcpip_callback_with_block &rArr; sys_mbox_post &rArr; xQueueGenericSend &rArr; xTaskResumeAll &rArr; xTaskIncrementTick
</UL>
<BR>[Calls]<UL><LI><a href="#[105]">&gt;&gt;</a>&nbsp;&nbsp;&nbsp;assert_loop
<LI><a href="#[12b]">&gt;&gt;</a>&nbsp;&nbsp;&nbsp;pbuf_alloc
<LI><a href="#[180]">&gt;&gt;</a>&nbsp;&nbsp;&nbsp;xQueueGenericReceive
<LI><a href="#[12d]">&gt;&gt;</a>&nbsp;&nbsp;&nbsp;pbuf_ref
<LI><a href="#[166]">&gt;&gt;</a>&nbsp;&nbsp;&nbsp;pbuf_clen
<LI><a href="#[183]">&gt;&gt;</a>&nbsp;&nbsp;&nbsp;Chip_ENET_IncTXProduceIndex
<LI><a href="#[181]">&gt;&gt;</a>&nbsp;&nbsp;&nbsp;lpc_tx_ready
<LI><a href="#[184]">&gt;&gt;</a>&nbsp;&nbsp;&nbsp;sys_mutex_unlock
<LI><a href="#[182]">&gt;&gt;</a>&nbsp;&nbsp;&nbsp;sys_mutex_lock
<LI><a href="#[ec]">&gt;&gt;</a>&nbsp;&nbsp;&nbsp;__aeabi_memcpy
</UL>
<BR>[Address Reference Count : 1]<UL><LI> lpc17xx_40xx_emac.o(i.lpc_enetif_init)
</UL>
<P><STRONG><a name="[171]"></a>lpc_rx_setup</STRONG> (Thumb, 42 bytes, Stack size 8 bytes, lpc17xx_40xx_emac.o(i.lpc_rx_setup))
<BR><BR>[Stack]<UL><LI>Max Depth = 248<LI>Call Chain = lpc_rx_setup &rArr; lpc_rx_queue &rArr; pbuf_alloc &rArr; pbuf_pool_is_empty &rArr; tcpip_callback_with_block &rArr; sys_mbox_post &rArr; xQueueGenericSend &rArr; xTaskResumeAll &rArr; xTaskIncrementTick
</UL>
<BR>[Calls]<UL><LI><a href="#[187]">&gt;&gt;</a>&nbsp;&nbsp;&nbsp;Chip_ENET_InitRxDescriptors
<LI><a href="#[17d]">&gt;&gt;</a>&nbsp;&nbsp;&nbsp;lpc_rx_queue
</UL>
<BR>[Called By]<UL><LI><a href="#[17b]">&gt;&gt;</a>&nbsp;&nbsp;&nbsp;lpc_low_level_input
<LI><a href="#[16d]">&gt;&gt;</a>&nbsp;&nbsp;&nbsp;low_level_init
</UL>

<P><STRONG><a name="[17f]"></a>lpc_rxqueue_pbuf</STRONG> (Thumb, 66 bytes, Stack size 8 bytes, lpc17xx_40xx_emac.o(i.lpc_rxqueue_pbuf))
<BR><BR>[Stack]<UL><LI>Max Depth = 8<LI>Call Chain = lpc_rxqueue_pbuf
</UL>
<BR>[Called By]<UL><LI><a href="#[17d]">&gt;&gt;</a>&nbsp;&nbsp;&nbsp;lpc_rx_queue
<LI><a href="#[17b]">&gt;&gt;</a>&nbsp;&nbsp;&nbsp;lpc_low_level_input
</UL>

<P><STRONG><a name="[170]"></a>lpc_tx_setup</STRONG> (Thumb, 56 bytes, Stack size 16 bytes, lpc17xx_40xx_emac.o(i.lpc_tx_setup))
<BR><BR>[Stack]<UL><LI>Max Depth = 16<LI>Call Chain = lpc_tx_setup
</UL>
<BR>[Calls]<UL><LI><a href="#[18b]">&gt;&gt;</a>&nbsp;&nbsp;&nbsp;Chip_ENET_InitTxDescriptors
</UL>
<BR>[Called By]<UL><LI><a href="#[4f]">&gt;&gt;</a>&nbsp;&nbsp;&nbsp;vTransmitCleanupTask
<LI><a href="#[16d]">&gt;&gt;</a>&nbsp;&nbsp;&nbsp;low_level_init
</UL>

<P><STRONG><a name="[4e]"></a>vPacketReceiveTask</STRONG> (Thumb, 38 bytes, Stack size 0 bytes, lpc17xx_40xx_emac.o(i.vPacketReceiveTask))
<BR><BR>[Stack]<UL><LI>Max Depth = 288<LI>Call Chain = vPacketReceiveTask &rArr; lpc_enetif_input &rArr; lpc_low_level_input &rArr; lpc_rx_setup &rArr; lpc_rx_queue &rArr; pbuf_alloc &rArr; pbuf_pool_is_empty &rArr; tcpip_callback_with_block &rArr; sys_mbox_post &rArr; xQueueGenericSend &rArr; xTaskResumeAll &rArr; xTaskIncrementTick
</UL>
<BR>[Calls]<UL><LI><a href="#[1c1]">&gt;&gt;</a>&nbsp;&nbsp;&nbsp;sys_arch_sem_wait
<LI><a href="#[17a]">&gt;&gt;</a>&nbsp;&nbsp;&nbsp;lpc_enetif_input
<LI><a href="#[17c]">&gt;&gt;</a>&nbsp;&nbsp;&nbsp;Chip_ENET_IsRxEmpty
</UL>
<BR>[Address Reference Count : 1]<UL><LI> lpc17xx_40xx_emac.o(i.lpc_enetif_init)
</UL>
<P><STRONG><a name="[4f]"></a>vTransmitCleanupTask</STRONG> (Thumb, 104 bytes, Stack size 0 bytes, lpc17xx_40xx_emac.o(i.vTransmitCleanupTask))
<BR><BR>[Stack]<UL><LI>Max Depth = 152<LI>Call Chain = vTransmitCleanupTask &rArr; lpc_tx_reclaim &rArr; sys_mutex_lock &rArr; xQueueGenericReceive &rArr; xTaskResumeAll &rArr; xTaskIncrementTick
</UL>
<BR>[Calls]<UL><LI><a href="#[121]">&gt;&gt;</a>&nbsp;&nbsp;&nbsp;pbuf_free
<LI><a href="#[1c1]">&gt;&gt;</a>&nbsp;&nbsp;&nbsp;sys_arch_sem_wait
<LI><a href="#[189]">&gt;&gt;</a>&nbsp;&nbsp;&nbsp;lpc_tx_reclaim
<LI><a href="#[170]">&gt;&gt;</a>&nbsp;&nbsp;&nbsp;lpc_tx_setup
<LI><a href="#[184]">&gt;&gt;</a>&nbsp;&nbsp;&nbsp;sys_mutex_unlock
<LI><a href="#[182]">&gt;&gt;</a>&nbsp;&nbsp;&nbsp;sys_mutex_lock
</UL>
<BR>[Address Reference Count : 1]<UL><LI> lpc17xx_40xx_emac.o(i.lpc_enetif_init)
</UL>
<P><STRONG><a name="[cf]"></a>Chip_Clock_FeedPLL</STRONG> (Thumb, 18 bytes, Stack size 0 bytes, clock_17xx_40xx.o(i.Chip_Clock_FeedPLL))
<BR><BR>[Called By]<UL><LI><a href="#[d8]">&gt;&gt;</a>&nbsp;&nbsp;&nbsp;Chip_Clock_SetupPLL
<LI><a href="#[d0]">&gt;&gt;</a>&nbsp;&nbsp;&nbsp;Chip_Clock_EnablePLL
<LI><a href="#[ce]">&gt;&gt;</a>&nbsp;&nbsp;&nbsp;Chip_Clock_DisablePLL
</UL>

<P><STRONG><a name="[e2]"></a>getClkRate</STRONG> (Thumb, 8 bytes, Stack size 0 bytes, i2c_17xx_40xx.o(i.getClkRate))
<BR><BR>[Stack]<UL><LI>Max Depth = 20<LI>Call Chain = getClkRate &rArr; Chip_Clock_GetPeripheralClockRate &rArr; Chip_Clock_GetSystemClockRate &rArr; Chip_Clock_GetMainClockRate &rArr; Chip_Clock_GetMainPLLOutClockRate
</UL>
<BR>[Calls]<UL><LI><a href="#[d5]">&gt;&gt;</a>&nbsp;&nbsp;&nbsp;Chip_Clock_GetPeripheralClockRate
</UL>
<BR>[Called By]<UL><LI><a href="#[be]">&gt;&gt;</a>&nbsp;&nbsp;&nbsp;Chip_I2C_SetClockRate
</UL>

<P><STRONG><a name="[16c]"></a>isSlaveAddrMatching</STRONG> (Thumb, 20 bytes, Stack size 0 bytes, i2c_17xx_40xx.o(i.isSlaveAddrMatching))
<BR><BR>[Called By]<UL><LI><a href="#[136]">&gt;&gt;</a>&nbsp;&nbsp;&nbsp;lookupSlaveIndex
</UL>

<P><STRONG><a name="[136]"></a>lookupSlaveIndex</STRONG> (Thumb, 90 bytes, Stack size 16 bytes, i2c_17xx_40xx.o(i.lookupSlaveIndex))
<BR><BR>[Stack]<UL><LI>Max Depth = 16<LI>Call Chain = lookupSlaveIndex
</UL>
<BR>[Calls]<UL><LI><a href="#[16c]">&gt;&gt;</a>&nbsp;&nbsp;&nbsp;isSlaveAddrMatching
</UL>
<BR>[Called By]<UL><LI><a href="#[e4]">&gt;&gt;</a>&nbsp;&nbsp;&nbsp;getSlaveIndex
</UL>

<P><STRONG><a name="[e8]"></a>Chip_Timer_GetClockIndex</STRONG> (Thumb, 34 bytes, Stack size 0 bytes, timer_17xx_40xx.o(i.Chip_Timer_GetClockIndex))
<BR><BR>[Called By]<UL><LI><a href="#[c0]">&gt;&gt;</a>&nbsp;&nbsp;&nbsp;Chip_TIMER_Init
</UL>

<P><STRONG><a name="[ea]"></a>Chip_UART_GetClkIndex</STRONG> (Thumb, 34 bytes, Stack size 0 bytes, uart_17xx_40xx.o(i.Chip_UART_GetClkIndex))
<BR><BR>[Called By]<UL><LI><a href="#[ab]">&gt;&gt;</a>&nbsp;&nbsp;&nbsp;Chip_UART_SetBaud
</UL>

<P><STRONG><a name="[e9]"></a>Chip_UART_GetClockIndex</STRONG> (Thumb, 34 bytes, Stack size 0 bytes, uart_17xx_40xx.o(i.Chip_UART_GetClockIndex))
<BR><BR>[Called By]<UL><LI><a href="#[aa]">&gt;&gt;</a>&nbsp;&nbsp;&nbsp;Chip_UART_Init
</UL>

<P><STRONG><a name="[b0]"></a>Chip_GPIO_ReadPortBit</STRONG> (Thumb, 16 bytes, Stack size 0 bytes, board.o(i.Chip_GPIO_ReadPortBit))
<BR><BR>[Called By]<UL><LI><a href="#[af]">&gt;&gt;</a>&nbsp;&nbsp;&nbsp;Board_GPIOInput_State
<LI><a href="#[b5]">&gt;&gt;</a>&nbsp;&nbsp;&nbsp;Board_GPIOOutput_State
</UL>

<P><STRONG><a name="[ae]"></a>Chip_GPIO_SetPinDIRInput</STRONG> (Thumb, 16 bytes, Stack size 0 bytes, board.o(i.Chip_GPIO_SetPinDIRInput))
<BR><BR>[Called By]<UL><LI><a href="#[ad]">&gt;&gt;</a>&nbsp;&nbsp;&nbsp;Board_GPIOInput_DIROut
<LI><a href="#[bb]">&gt;&gt;</a>&nbsp;&nbsp;&nbsp;Chip_GPIO_WriteDirBit
</UL>

<P><STRONG><a name="[b2]"></a>Chip_GPIO_SetPinDIROutput</STRONG> (Thumb, 16 bytes, Stack size 0 bytes, board.o(i.Chip_GPIO_SetPinDIROutput))
<BR><BR>[Called By]<UL><LI><a href="#[b1]">&gt;&gt;</a>&nbsp;&nbsp;&nbsp;Board_GPIOOutput_DIROut
<LI><a href="#[bb]">&gt;&gt;</a>&nbsp;&nbsp;&nbsp;Chip_GPIO_WriteDirBit
</UL>

<P><STRONG><a name="[bb]"></a>Chip_GPIO_WriteDirBit</STRONG> (Thumb, 10 bytes, Stack size 0 bytes, board.o(i.Chip_GPIO_WriteDirBit))
<BR><BR>[Calls]<UL><LI><a href="#[b2]">&gt;&gt;</a>&nbsp;&nbsp;&nbsp;Chip_GPIO_SetPinDIROutput
<LI><a href="#[ae]">&gt;&gt;</a>&nbsp;&nbsp;&nbsp;Chip_GPIO_SetPinDIRInput
</UL>
<BR>[Called By]<UL><LI><a href="#[b9]">&gt;&gt;</a>&nbsp;&nbsp;&nbsp;Board_Init
<LI><a href="#[bc]">&gt;&gt;</a>&nbsp;&nbsp;&nbsp;Board_SPI_Init
</UL>

<P><STRONG><a name="[b4]"></a>Chip_GPIO_WritePortBit</STRONG> (Thumb, 28 bytes, Stack size 0 bytes, board.o(i.Chip_GPIO_WritePortBit))
<BR><BR>[Called By]<UL><LI><a href="#[b3]">&gt;&gt;</a>&nbsp;&nbsp;&nbsp;Board_GPIOOutput_Set
<LI><a href="#[c5]">&gt;&gt;</a>&nbsp;&nbsp;&nbsp;Board_SPI_DeassertSSEL
</UL>

<P><STRONG><a name="[f7]"></a>NVIC_DisableIRQ</STRONG> (Thumb, 22 bytes, Stack size 0 bytes, board.o(i.NVIC_DisableIRQ))
<BR><BR>[Called By]<UL><LI><a href="#[bf]">&gt;&gt;</a>&nbsp;&nbsp;&nbsp;i2c_set_mode
<LI><a href="#[16]">&gt;&gt;</a>&nbsp;&nbsp;&nbsp;TIMER0_IRQHandler
</UL>

<P><STRONG><a name="[c4]"></a>NVIC_EnableIRQ</STRONG> (Thumb, 22 bytes, Stack size 0 bytes, board.o(i.NVIC_EnableIRQ))
<BR><BR>[Called By]<UL><LI><a href="#[b9]">&gt;&gt;</a>&nbsp;&nbsp;&nbsp;Board_Init
<LI><a href="#[bf]">&gt;&gt;</a>&nbsp;&nbsp;&nbsp;i2c_set_mode
</UL>

<P><STRONG><a name="[bf]"></a>i2c_set_mode</STRONG> (Thumb, 72 bytes, Stack size 8 bytes, board.o(i.i2c_set_mode))
<BR><BR>[Stack]<UL><LI>Max Depth = 8<LI>Call Chain = i2c_set_mode
</UL>
<BR>[Calls]<UL><LI><a href="#[14f]">&gt;&gt;</a>&nbsp;&nbsp;&nbsp;Chip_I2C_SetMasterEventHandler
<LI><a href="#[c4]">&gt;&gt;</a>&nbsp;&nbsp;&nbsp;NVIC_EnableIRQ
<LI><a href="#[f7]">&gt;&gt;</a>&nbsp;&nbsp;&nbsp;NVIC_DisableIRQ
</UL>
<BR>[Called By]<UL><LI><a href="#[b9]">&gt;&gt;</a>&nbsp;&nbsp;&nbsp;Board_Init
</UL>

<P><STRONG><a name="[185]"></a>lpc_mii_write</STRONG> (Thumb, 54 bytes, Stack size 24 bytes, lpc_phy_ip101gr.o(i.lpc_mii_write))
<BR><BR>[Stack]<UL><LI>Max Depth = 24<LI>Call Chain = lpc_mii_write
</UL>
<BR>[Calls]<UL><LI><a href="#[186]">&gt;&gt;</a>&nbsp;&nbsp;&nbsp;Chip_ENET_StartMIIWrite
</UL>
<BR>[Called By]<UL><LI><a href="#[16f]">&gt;&gt;</a>&nbsp;&nbsp;&nbsp;lpc_phy_init
</UL>

<P><STRONG><a name="[175]"></a>smsc_update_phy_sts</STRONG> (Thumb, 94 bytes, Stack size 0 bytes, lpc_phy_ip101gr.o(i.smsc_update_phy_sts))
<BR><BR>[Called By]<UL><LI><a href="#[172]">&gt;&gt;</a>&nbsp;&nbsp;&nbsp;lpcPHYStsPoll
</UL>

<P><STRONG><a name="[3d]"></a>_scanf_char_input</STRONG> (Thumb, 12 bytes, Stack size 0 bytes, scanf_char.o(.text))
<BR>[Address Reference Count : 1]<UL><LI> scanf_char.o(.text)
</UL>
<P><STRONG><a name="[3f]"></a>_printf_input_char</STRONG> (Thumb, 10 bytes, Stack size 0 bytes, _printf_char_common.o(.text))
<BR>[Address Reference Count : 1]<UL><LI> _printf_char_common.o(.text)
</UL><P>
<H3>
Undefined Global Symbols
</H3><HR></body></html>
