<html>
<body>
<pre>
<h1>µVision Build Log</h1>
<h2>Tool Versions:</h2>
IDE-Version: ¦ÌVision V5.24.2.0
Copyright (C) 2017 ARM Ltd and ARM Germany GmbH. All rights reserved.
License Information: Irving Mok, Microsoft, LIC=JDAPE-PD4GM-PI6J3-T3MJ2-8KHDN-E6BA1
 
Tool Versions:
Toolchain:       MDK-ARM Professional  Version: 5.24.1
Toolchain Path:  C:\Keil_v5\ARM\ARMCC\Bin
C Compiler:      Armcc.exe V5.06 update 5 (build 528)
Assembler:       Armasm.exe V5.06 update 5 (build 528)
Linker/Locator:  ArmLink.exe V5.06 update 5 (build 528)
Library Manager: ArmAr.exe V5.06 update 5 (build 528)
Hex Converter:   FromElf.exe V5.06 update 5 (build 528)
CPU DLL:         SARMCM3.DLL V5.24.1
Dialog DLL:      DARMP1.DLL V1.27.0.0
Target DLL:      UL2CM3.DLL V1.160.3.0
Dialog DLL:      TARMP1.DLL V1.26.0.0
 
<h2>Project:</h2>
C:\AP\GitHub\pmac\applications\lpc17xx_40xx\keil_uvision_projects\nxp_lpcxpresso_1769\lwip\lwip_tcpecho_freertos\lwip_tcpecho_freertos.uvproj
Project File Date:  04/08/2018

<h2>Output:</h2>
*** Using Compiler 'V5.06 update 5 (build 528)', folder: 'C:\Keil_v5\ARM\ARMCC\Bin'
Build target 'iflash_nxp_lpcxpresso_1769'
compiling sysinit.c...
compiling tcpecho.c...
compiling lwip_tcpecho_freertos.c...
..\..\..\..\examples\lwip\lwip_tcpecho_freertos\lwip_tcpecho_freertos.c(77): warning:  #223-D: function "Board_LED_Set" declared implicitly
  	Board_LED_Set(0, false);
..\..\..\..\examples\lwip\lwip_tcpecho_freertos\lwip_tcpecho_freertos.c(144): warning:  #223-D: function "Board_LED_Set" declared implicitly
  				Board_LED_Set(0, true);
..\..\..\..\examples\lwip\lwip_tcpecho_freertos\lwip_tcpecho_freertos.c(167): warning:  #223-D: function "Board_LED_Set" declared implicitly
  				Board_LED_Set(0, false);
..\..\..\..\examples\lwip\lwip_tcpecho_freertos\lwip_tcpecho_freertos.c: 3 warnings, 0 errors
assembling keil_startup_lpc17xx_40xx.s...
compiling port.c...
compiling heap_3.c...
compiling croutine.c...
compiling queue.c...
compiling list.c...
compiling udp.c...
compiling tasks.c...
compiling FreeRTOSCommonHooks.c...
compiling tcp_out.c...
compiling timers.c...
compiling tcp_in.c...
compiling tcp.c...
compiling raw.c...
compiling stats.c...
compiling sys.c...
compiling netif.c...
compiling mem.c...
compiling memp.c...
compiling pbuf.c...
compiling dns.c...
compiling init.c...
compiling def.c...
compiling ip_addr.c...
compiling ip_frag.c...
compiling dhcp.c...
compiling ip.c...
compiling inet.c...
compiling inet_chksum.c...
compiling autoip.c...
compiling igmp.c...
compiling icmp.c...
compiling etharp.c...
compiling sockets.c...
compiling netifapi.c...
compiling tcpip.c...
compiling netdb.c...
compiling err.c...
compiling api_lib.c...
compiling api_msg.c...
compiling lpc_debug.c...
compiling lpc17xx_40xx_systick_arch.c...
compiling netbuf.c...
compiling sys_arch_freertos.c...
..\..\..\..\..\..\software\lwip\lpclwip\arch\sys_arch_freertos.c(89): warning:  #550-D: variable "ulMessagesWaiting"  was set but never used
  unsigned long ulMessagesWaiting;
..\..\..\..\..\..\software\lwip\lpclwip\arch\sys_arch_freertos.c: 1 warning, 0 errors
compiling lpc17xx_40xx_emac.c...
linking...
Program Size: Code=36984 RO-data=620 RW-data=240 ZI-data=29576  
After Build - User command #1: C:\Keil_v5\\ARM\BIN\ELFDWT.EXE .\keil_output\iflash_nxp_lpcxpresso_1769\lwip_tcpecho_freertos_iflash_nxp_lpcxpresso_1769.axf BASEADDRESS(0x00000000)
ELFDWT - Signature Creator V1.2.0.0
COPYRIGHT Copyright (C) 2014-2016, ARM Ldt. and  ARM Germany GmbH
*** Updated Signature over Range[32] (0x00000000 - 0x00000018): @0x0000001C = 0xDFF81EFE
*** Processing completed, no Errors.
After Build - User command #2: fromelf --bin -o "C:\AP\GitHub\pmac\applications\lpc17xx_40xx\keil_uvision_projects\nxp_lpcxpresso_1769\lwip\lwip_tcpecho_freertos\keil_output\iflash_nxp_lpcxpresso_1769\lwip_tcpecho_freertos_iflash_nxp_lpcxpresso_1769.bin" "C:\AP\GitHub\pmac\applications\lpc17xx_40xx\keil_uvision_projects\nxp_lpcxpresso_1769\lwip\lwip_tcpecho_freertos\keil_output\iflash_nxp_lpcxpresso_1769\lwip_tcpecho_freertos_iflash_nxp_lpcxpresso_1769.axf"
Warning: Q9931W: Your license for feature Keil will expire in 4 days
Finished: 0 information, 1 warning and 0 error messages.
".\keil_output\iflash_nxp_lpcxpresso_1769\lwip_tcpecho_freertos_iflash_nxp_lpcxpresso_1769.axf" - 0 Error(s), 4 Warning(s).
Build Time Elapsed:  00:00:12
</pre>
</body>
</html>
