Component: ARM Compiler 5.06 update 5 (build 528) Tool: armlink [4d35e2]

==============================================================================

Section Cross References

    tcpecho.o(i.tcpecho_init) refers to sys_arch_freertos.o(i.sys_thread_new) for sys_thread_new
    tcpecho.o(i.tcpecho_init) refers to tcpecho.o(i.tcpecho_thread) for tcpecho_thread
    tcpecho.o(i.tcpecho_thread) refers to api_lib.o(i.netconn_new_with_proto_and_callback) for netconn_new_with_proto_and_callback
    tcpecho.o(i.tcpecho_thread) refers to api_lib.o(i.netconn_bind) for netconn_bind
    tcpecho.o(i.tcpecho_thread) refers to api_lib.o(i.netconn_listen_with_backlog) for netconn_listen_with_backlog
    tcpecho.o(i.tcpecho_thread) refers to api_lib.o(i.netconn_accept) for netconn_accept
    tcpecho.o(i.tcpecho_thread) refers to netbuf.o(i.netbuf_data) for netbuf_data
    tcpecho.o(i.tcpecho_thread) refers to api_lib.o(i.netconn_write_partly) for netconn_write_partly
    tcpecho.o(i.tcpecho_thread) refers to netbuf.o(i.netbuf_next) for netbuf_next
    tcpecho.o(i.tcpecho_thread) refers to netbuf.o(i.netbuf_delete) for netbuf_delete
    tcpecho.o(i.tcpecho_thread) refers to api_lib.o(i.netconn_recv) for netconn_recv
    tcpecho.o(i.tcpecho_thread) refers to api_lib.o(i.netconn_close) for netconn_close
    tcpecho.o(i.tcpecho_thread) refers to api_lib.o(i.netconn_delete) for netconn_delete
    lwip_tcpecho_freertos.o(i.main) refers to chip_17xx_40xx.o(i.SystemCoreClockUpdate) for SystemCoreClockUpdate
    lwip_tcpecho_freertos.o(i.main) refers to board.o(i.Board_Init) for Board_Init
    lwip_tcpecho_freertos.o(i.main) refers to board.o(i.Board_LED_Set) for Board_LED_Set
    lwip_tcpecho_freertos.o(i.main) refers to tasks.o(i.xTaskGenericCreate) for xTaskGenericCreate
    lwip_tcpecho_freertos.o(i.main) refers to tasks.o(i.vTaskStartScheduler) for vTaskStartScheduler
    lwip_tcpecho_freertos.o(i.main) refers to lwip_tcpecho_freertos.o(i.vSetupIFTask) for vSetupIFTask
    lwip_tcpecho_freertos.o(i.msDelay) refers to tasks.o(i.vTaskDelay) for vTaskDelay
    lwip_tcpecho_freertos.o(i.vSetupIFTask) refers to _printf_percent.o(.ARM.Collect$$_printf_percent$$00000000) for _printf_percent
    lwip_tcpecho_freertos.o(i.vSetupIFTask) refers to _printf_d.o(.ARM.Collect$$_printf_percent$$00000009) for _printf_d
    lwip_tcpecho_freertos.o(i.vSetupIFTask) refers to _printf_dec.o(.text) for _printf_int_dec
    lwip_tcpecho_freertos.o(i.vSetupIFTask) refers to _printf_s.o(.ARM.Collect$$_printf_percent$$00000014) for _printf_s
    lwip_tcpecho_freertos.o(i.vSetupIFTask) refers to _printf_str.o(.text) for _printf_str
    lwip_tcpecho_freertos.o(i.vSetupIFTask) refers to tcpip.o(i.tcpip_init) for tcpip_init
    lwip_tcpecho_freertos.o(i.vSetupIFTask) refers to lwip_tcpecho_freertos.o(i.msDelay) for msDelay
    lwip_tcpecho_freertos.o(i.vSetupIFTask) refers to netif.o(i.netif_add) for netif_add
    lwip_tcpecho_freertos.o(i.vSetupIFTask) refers to lpc_debug.o(i.assert_loop) for assert_loop
    lwip_tcpecho_freertos.o(i.vSetupIFTask) refers to netif.o(i.netif_set_default) for netif_set_default
    lwip_tcpecho_freertos.o(i.vSetupIFTask) refers to netif.o(i.netif_set_up) for netif_set_up
    lwip_tcpecho_freertos.o(i.vSetupIFTask) refers to dhcp.o(i.dhcp_start) for dhcp_start
    lwip_tcpecho_freertos.o(i.vSetupIFTask) refers to tcpecho.o(i.tcpecho_init) for tcpecho_init
    lwip_tcpecho_freertos.o(i.vSetupIFTask) refers to lpc_phy_smsc87x0.o(i.lpcPHYStsPoll) for lpcPHYStsPoll
    lwip_tcpecho_freertos.o(i.vSetupIFTask) refers to board.o(i.Board_LED_Set) for Board_LED_Set
    lwip_tcpecho_freertos.o(i.vSetupIFTask) refers to enet_17xx_40xx.o(i.Chip_ENET_SetFullDuplex) for Chip_ENET_SetFullDuplex
    lwip_tcpecho_freertos.o(i.vSetupIFTask) refers to enet_17xx_40xx.o(i.Chip_ENET_SetHalfDuplex) for Chip_ENET_SetHalfDuplex
    lwip_tcpecho_freertos.o(i.vSetupIFTask) refers to tcpip.o(i.tcpip_callback_with_block) for tcpip_callback_with_block
    lwip_tcpecho_freertos.o(i.vSetupIFTask) refers to noretval__2printf.o(.text) for __2printf
    lwip_tcpecho_freertos.o(i.vSetupIFTask) refers to tasks.o(i.vTaskDelay) for vTaskDelay
    lwip_tcpecho_freertos.o(i.vSetupIFTask) refers to ip_addr.o(i.ipaddr_ntoa_r) for ipaddr_ntoa_r
    lwip_tcpecho_freertos.o(i.vSetupIFTask) refers to lwip_tcpecho_freertos.o(i.tcpip_init_done_signal) for tcpip_init_done_signal
    lwip_tcpecho_freertos.o(i.vSetupIFTask) refers to tcpip.o(i.tcpip_input) for tcpip_input
    lwip_tcpecho_freertos.o(i.vSetupIFTask) refers to lpc17xx_40xx_emac.o(i.lpc_enetif_init) for lpc_enetif_init
    lwip_tcpecho_freertos.o(i.vSetupIFTask) refers to lwip_tcpecho_freertos.o(.bss) for .bss
    lwip_tcpecho_freertos.o(i.vSetupIFTask) refers to lwip_tcpecho_freertos.o(.data) for .data
    lwip_tcpecho_freertos.o(i.vSetupIFTask) refers to netif.o(i.netif_set_link_up) for netif_set_link_up
    lwip_tcpecho_freertos.o(i.vSetupIFTask) refers to netif.o(i.netif_set_link_down) for netif_set_link_down
[...]
    Board_UARTPutSTR                         0x00000a69   Thumb Code    20  board.o(i.Board_UARTPutSTR)
    Chip_Clock_DisablePLL                    0x00000a7d   Thumb Code    18  clock_17xx_40xx.o(i.Chip_Clock_DisablePLL)
    Chip_Clock_EnablePLL                     0x00000a95   Thumb Code    18  clock_17xx_40xx.o(i.Chip_Clock_EnablePLL)
    Chip_Clock_EnablePeriphClock             0x00000aad   Thumb Code    16  clock_17xx_40xx.o(i.Chip_Clock_EnablePeriphClock)
    Chip_Clock_GetCPUClockDiv                0x00000ad9   Thumb Code    12  clock_17xx_40xx.o(i.Chip_Clock_GetCPUClockDiv)
    Chip_Clock_GetCPUClockSource             0x00000ae9   Thumb Code    18  clock_17xx_40xx.o(i.Chip_Clock_GetCPUClockSource)
    Chip_Clock_GetMainClockRate              0x00000b01   Thumb Code    32  clock_17xx_40xx.o(i.Chip_Clock_GetMainClockRate)
    Chip_Clock_GetMainPLLOutClockRate        0x00000b21   Thumb Code    50  clock_17xx_40xx.o(i.Chip_Clock_GetMainPLLOutClockRate)
    Chip_Clock_GetPCLKDiv                    0x00000b59   Thumb Code    60  clock_17xx_40xx.o(i.Chip_Clock_GetPCLKDiv)
    Chip_Clock_GetPeripheralClockRate        0x00000b99   Thumb Code    22  clock_17xx_40xx.o(i.Chip_Clock_GetPeripheralClockRate)
    Chip_Clock_GetSYSCLKRate                 0x00000bb1   Thumb Code    38  clock_17xx_40xx.o(i.Chip_Clock_GetSYSCLKRate)
    Chip_Clock_GetSystemClockRate            0x00000be9   Thumb Code    18  clock_17xx_40xx.o(i.Chip_Clock_GetSystemClockRate)
    Chip_Clock_SetCPUClockDiv                0x00000bfd   Thumb Code     8  clock_17xx_40xx.o(i.Chip_Clock_SetCPUClockDiv)
    Chip_Clock_SetupPLL                      0x00000c09   Thumb Code    32  clock_17xx_40xx.o(i.Chip_Clock_SetupPLL)
    Chip_ENET_FindMIIDiv                     0x00000c2d   Thumb Code    36  enet_17xx_40xx.o(i.Chip_ENET_FindMIIDiv)
    Chip_ENET_GetFillDescNum                 0x00000c55   Thumb Code    26  enet_17xx_40xx.o(i.Chip_ENET_GetFillDescNum)
    Chip_ENET_IncRXConsumeIndex              0x00000c6f   Thumb Code    24  enet_17xx_40xx.o(i.Chip_ENET_IncRXConsumeIndex)
    Chip_ENET_IncTXProduceIndex              0x00000c87   Thumb Code    24  enet_17xx_40xx.o(i.Chip_ENET_IncTXProduceIndex)
    Chip_ENET_Init                           0x00000c9f   Thumb Code   114  enet_17xx_40xx.o(i.Chip_ENET_Init)
    Chip_ENET_InitRxDescriptors              0x00000d11   Thumb Code    22  enet_17xx_40xx.o(i.Chip_ENET_InitRxDescriptors)
    Chip_ENET_InitTxDescriptors              0x00000d27   Thumb Code    22  enet_17xx_40xx.o(i.Chip_ENET_InitTxDescriptors)
    Chip_ENET_ReadMIIData                    0x00000d51   Thumb Code    10  enet_17xx_40xx.o(i.Chip_ENET_ReadMIIData)
    Chip_ENET_SetFullDuplex                  0x00000d5b   Thumb Code    26  enet_17xx_40xx.o(i.Chip_ENET_SetFullDuplex)
    Chip_ENET_SetHalfDuplex                  0x00000d75   Thumb Code    26  enet_17xx_40xx.o(i.Chip_ENET_SetHalfDuplex)
    Chip_ENET_SetupMII                       0x00000d91   Thumb Code    32  enet_17xx_40xx.o(i.Chip_ENET_SetupMII)
    Chip_ENET_StartMIIRead                   0x00000db5   Thumb Code    18  enet_17xx_40xx.o(i.Chip_ENET_StartMIIRead)
    Chip_ENET_StartMIIWrite                  0x00000dcd   Thumb Code    20  enet_17xx_40xx.o(i.Chip_ENET_StartMIIWrite)
    Chip_IOCON_PinMux                        0x00000e27   Thumb Code    50  iocon_17xx_40xx.o(i.Chip_IOCON_PinMux)
    Chip_IOCON_PinMuxSet                     0x00000e59   Thumb Code    16  iocon_17xx_40xx.o(i.Chip_IOCON_PinMuxSet)
    Chip_IOCON_SetPinMuxing                  0x00000e69   Thumb Code    40  iocon_17xx_40xx.o(i.Chip_IOCON_SetPinMuxing)
    Chip_SetupXtalClocking                   0x00000e91   Thumb Code   136  sysinit_17xx_40xx.o(i.Chip_SetupXtalClocking)
    Chip_UART_Init                           0x00000f7d   Thumb Code    52  uart_17xx_40xx.o(i.Chip_UART_Init)
    Chip_UART_SetBaud                        0x00000fb5   Thumb Code    58  uart_17xx_40xx.o(i.Chip_UART_SetBaud)
    Chip_UART_TXEnable                       0x00000fef   Thumb Code     6  uart_17xx_40xx.o(i.Chip_UART_TXEnable)
    ETH_IRQHandler                           0x00000ff5   Thumb Code    80  lpc17xx_40xx_emac.o(i.ETH_IRQHandler)
    SysTick_Handler                          0x0000104d   Thumb Code    30  port.o(i.SysTick_Handler)
    SystemCoreClockUpdate                    0x00001071   Thumb Code    12  chip_17xx_40xx.o(i.SystemCoreClockUpdate)
    SystemInit                               0x00001081   Thumb Code    10  sysinit.o(i.SystemInit)
    _sys_exit                                0x00001095   Thumb Code     4  board.o(i._sys_exit)
    assert_loop                              0x00001149   Thumb Code     2  lpc_debug.o(i.assert_loop)
    dhcp_arp_reply                           0x0000114b   Thumb Code    32  dhcp.o(i.dhcp_arp_reply)
    dhcp_coarse_tmr                          0x00001261   Thumb Code    90  dhcp.o(i.dhcp_coarse_tmr)
    dhcp_fine_tmr                            0x0000156d   Thumb Code    46  dhcp.o(i.dhcp_fine_tmr)
    dhcp_network_changed                     0x000015fd   Thumb Code    70  dhcp.o(i.dhcp_network_changed)
    dhcp_release                             0x00001c0d   Thumb Code   158  dhcp.o(i.dhcp_release)
    dhcp_renew                               0x00001cb1   Thumb Code   138  dhcp.o(i.dhcp_renew)
    dhcp_start                               0x00001e3d   Thumb Code   172  dhcp.o(i.dhcp_start)
    dhcp_stop                                0x00001ef1   Thumb Code    62  dhcp.o(i.dhcp_stop)
    do_bind                                  0x00001ff1   Thumb Code    78  api_msg.o(i.do_bind)
    do_close                                 0x0000203f   Thumb Code   112  api_msg.o(i.do_close)
    do_delconn                               0x000021d5   Thumb Code   166  api_msg.o(i.do_delconn)
    do_listen                                0x0000227d   Thumb Code   154  api_msg.o(i.do_listen)
    do_newconn                               0x0000231d   Thumb Code    32  api_msg.o(i.do_newconn)
    do_recv                                  0x0000233d   Thumb Code    66  api_msg.o(i.do_recv)
    do_write                                 0x0000237f   Thumb Code    98  api_msg.o(i.do_write)
    etharp_cleanup_netif                     0x000026b1   Thumb Code    42  etharp.o(i.etharp_cleanup_netif)
    etharp_output                            0x00002831   Thumb Code   262  etharp.o(i.etharp_output)
    etharp_query                             0x00002991   Thumb Code   258  etharp.o(i.etharp_query)
    etharp_request                           0x00002b5d   Thumb Code    32  etharp.o(i.etharp_request)
    etharp_tmr                               0x00002bbd   Thumb Code    68  etharp.o(i.etharp_tmr)
    ethernet_input                           0x00002c8d   Thumb Code   144  etharp.o(i.ethernet_input)
    ferror                                   0x00002d21   Thumb Code     6  board.o(i.ferror)
    fputc                                    0x00002d27   Thumb Code    12  board.o(i.fputc)
    icmp_dest_unreach                        0x00002d33   Thumb Code     8  icmp.o(i.icmp_dest_unreach)
    icmp_input                               0x00002d3d   Thumb Code   272  icmp.o(i.icmp_input)
    icmp_time_exceeded                       0x00002ec3   Thumb Code     8  icmp.o(i.icmp_time_exceeded)
    inet_chksum                              0x00002ecb   Thumb Code    12  inet_chksum.o(i.inet_chksum)
    inet_chksum_pbuf                         0x00002ed7   Thumb Code    72  inet_chksum.o(i.inet_chksum_pbuf)
    inet_chksum_pseudo                       0x00002f1f   Thumb Code   134  inet_chksum.o(i.inet_chksum_pseudo)
    inet_chksum_pseudo_partial               0x00002fa5   Thumb Code   164  inet_chksum.o(i.inet_chksum_pseudo_partial)
    ip4_addr_isbroadcast                     0x00003049   Thumb Code    46  ip_addr.o(i.ip4_addr_isbroadcast)
    ip_frag                                  0x00003079   Thumb Code   364  ip_frag.o(i.ip_frag)
    ip_input                                 0x00003201   Thumb Code   372  ip.o(i.ip_input)
    ip_output                                0x0000337d   Thumb Code    62  ip.o(i.ip_output)
    ip_output_if                             0x000033bd   Thumb Code   230  ip.o(i.ip_output_if)
    ip_reass                                 0x000034a9   Thumb Code   394  ip_frag.o(i.ip_reass)
    ip_reass_tmr                             0x000038b9   Thumb Code    40  ip_frag.o(i.ip_reass_tmr)
    ip_route                                 0x000038e5   Thumb Code    54  ip.o(i.ip_route)
    ipaddr_ntoa_r                            0x00003925   Thumb Code   120  ip_addr.o(i.ipaddr_ntoa_r)
    lpcPHYStsPoll                            0x00003a6d   Thumb Code   106  lpc_phy_smsc87x0.o(i.lpcPHYStsPoll)
    lpc_enetif_init                          0x00003add   Thumb Code   192  lpc17xx_40xx_emac.o(i.lpc_enetif_init)
    lpc_enetif_input                         0x00003bd9   Thumb Code    58  lpc17xx_40xx_emac.o(i.lpc_enetif_input)
    lpc_phy_init                             0x00003e2d   Thumb Code   134  lpc_phy_smsc87x0.o(i.lpc_phy_init)
    lpc_rx_queue                             0x00003eb9   Thumb Code    64  lpc17xx_40xx_emac.o(i.lpc_rx_queue)
    lpc_tx_ready                             0x00003f65   Thumb Code    30  lpc17xx_40xx_emac.o(i.lpc_tx_ready)
    lpc_tx_reclaim                           0x00003f85   Thumb Code   108  lpc17xx_40xx_emac.o(i.lpc_tx_reclaim)
    lwip_chksum_copy                         0x00004029   Thumb Code    22  inet_chksum.o(i.lwip_chksum_copy)
    lwip_htonl                               0x0000403f   Thumb Code     4  def.o(i.lwip_htonl)
    lwip_htons                               0x00004043   Thumb Code     4  def.o(i.lwip_htons)
    lwip_init                                0x00004047   Thumb Code    26  init.o(i.lwip_init)
    lwip_ntohl                               0x00004061   Thumb Code     4  def.o(i.lwip_ntohl)
    lwip_ntohs                               0x00004065   Thumb Code     4  def.o(i.lwip_ntohs)
    main                                     0x000040a9   Thumb Code    52  lwip_tcpecho_freertos.o(i.main)
    msDelay                                  0x000040ed   Thumb Code    14  lwip_tcpecho_freertos.o(i.msDelay)
    netbuf_data                              0x000040fb   Thumb Code    44  netbuf.o(i.netbuf_data)
    netbuf_delete                            0x00004127   Thumb Code    32  netbuf.o(i.netbuf_delete)
    netbuf_next                              0x00004147   Thumb Code    36  netbuf.o(i.netbuf_next)
    netconn_accept                           0x0000416b   Thumb Code   100  api_lib.o(i.netconn_accept)
    netconn_alloc                            0x000041d1   Thumb Code   108  api_msg.o(i.netconn_alloc)
    netconn_bind                             0x00004241   Thumb Code    64  api_lib.o(i.netconn_bind)
    netconn_close                            0x00004285   Thumb Code     6  api_lib.o(i.netconn_close)
    netconn_delete                           0x000042d1   Thumb Code    32  api_lib.o(i.netconn_delete)
    netconn_free                             0x00004383   Thumb Code    50  api_msg.o(i.netconn_free)
    netconn_listen_with_backlog              0x000043b5   Thumb Code    58  api_lib.o(i.netconn_listen_with_backlog)
    netconn_new_with_proto_and_callback      0x000043f5   Thumb Code    98  api_lib.o(i.netconn_new_with_proto_and_callback)
    netconn_recv                             0x0000445d   Thumb Code   144  api_lib.o(i.netconn_recv)
    netconn_write_partly                     0x000045b5   Thumb Code   140  api_lib.o(i.netconn_write_partly)
    netif_add                                0x00004645   Thumb Code    88  netif.o(i.netif_add)
    netif_init                               0x000046a1   Thumb Code     2  netif.o(i.netif_init)
    netif_set_addr                           0x000046a3   Thumb Code    32  netif.o(i.netif_set_addr)
    netif_set_default                        0x000046c5   Thumb Code     6  netif.o(i.netif_set_default)
    netif_set_down                           0x000046d1   Thumb Code    26  netif.o(i.netif_set_down)
    netif_set_gw                             0x000046eb   Thumb Code     8  netif.o(i.netif_set_gw)
    netif_set_ipaddr                         0x000046f5   Thumb Code    96  netif.o(i.netif_set_ipaddr)
    netif_set_link_down                      0x0000475d   Thumb Code    18  netif.o(i.netif_set_link_down)
    netif_set_link_up                        0x0000476f   Thumb Code    56  netif.o(i.netif_set_link_up)
    netif_set_netmask                        0x000047a7   Thumb Code     8  netif.o(i.netif_set_netmask)
    netif_set_up                             0x000047af   Thumb Code    32  netif.o(i.netif_set_up)
    pbuf_alloc                               0x000047d1   Thumb Code   390  pbuf.o(i.pbuf_alloc)
    pbuf_alloced_custom                      0x0000495d   Thumb Code    88  pbuf.o(i.pbuf_alloced_custom)
    pbuf_cat                                 0x000049b5   Thumb Code    64  pbuf.o(i.pbuf_cat)
    pbuf_chain                               0x000049f5   Thumb Code    18  pbuf.o(i.pbuf_chain)
    pbuf_clen                                0x00004a07   Thumb Code    18  pbuf.o(i.pbuf_clen)
    pbuf_copy                                0x00004a19   Thumb Code   182  pbuf.o(i.pbuf_copy)
    pbuf_copy_partial                        0x00004acf   Thumb Code   106  pbuf.o(i.pbuf_copy_partial)
    pbuf_free                                0x00004b39   Thumb Code   116  pbuf.o(i.pbuf_free)
    pbuf_header                              0x00004be1   Thumb Code   110  pbuf.o(i.pbuf_header)
    pbuf_realloc                             0x00004c91   Thumb Code   116  pbuf.o(i.pbuf_realloc)
    pbuf_ref                                 0x00004d05   Thumb Code    26  pbuf.o(i.pbuf_ref)
    pvPortMalloc                             0x00004f87   Thumb Code    30  heap_3.o(i.pvPortMalloc)
    pxPortInitialiseStack                    0x00004fa5   Thumb Code    28  port.o(i.pxPortInitialiseStack)
    sys_arch_mbox_fetch                      0x000051cd   Thumb Code    92  sys_arch_freertos.o(i.sys_arch_mbox_fetch)
    sys_arch_mbox_tryfetch                   0x00005229   Thumb Code    30  sys_arch_freertos.o(i.sys_arch_mbox_tryfetch)
    sys_arch_protect                         0x00005247   Thumb Code    10  sys_arch_freertos.o(i.sys_arch_protect)
    sys_arch_sem_wait                        0x00005251   Thumb Code    78  sys_arch_freertos.o(i.sys_arch_sem_wait)
    sys_arch_unprotect                       0x0000529f   Thumb Code     4  sys_arch_freertos.o(i.sys_arch_unprotect)
    sys_init                                 0x000052a3   Thumb Code     2  sys_arch_freertos.o(i.sys_init)
    sys_mbox_free                            0x000052a5   Thumb Code    20  sys_arch_freertos.o(i.sys_mbox_free)
    sys_mbox_new                             0x000052b9   Thumb Code    30  sys_arch_freertos.o(i.sys_mbox_new)
    sys_mbox_post                            0x000052d7   Thumb Code    26  sys_arch_freertos.o(i.sys_mbox_post)
    sys_mbox_trypost                         0x000052f1   Thumb Code    28  sys_arch_freertos.o(i.sys_mbox_trypost)
    sys_mutex_lock                           0x0000530d   Thumb Code    26  sys_arch_freertos.o(i.sys_mutex_lock)
    sys_mutex_new                            0x00005327   Thumb Code    24  sys_arch_freertos.o(i.sys_mutex_new)
    sys_mutex_unlock                         0x0000533f   Thumb Code    12  sys_arch_freertos.o(i.sys_mutex_unlock)
    sys_sem_free                             0x0000534b   Thumb Code     6  sys_arch_freertos.o(i.sys_sem_free)
    sys_sem_new                              0x00005351   Thumb Code    56  sys_arch_freertos.o(i.sys_sem_new)
    sys_sem_signal                           0x00005389   Thumb Code    12  sys_arch_freertos.o(i.sys_sem_signal)
    sys_thread_new                           0x00005395   Thumb Code    48  sys_arch_freertos.o(i.sys_thread_new)
    sys_timeout                              0x000053c5   Thumb Code    96  timers.o(i.sys_timeout)
    sys_timeouts_init                        0x0000542d   Thumb Code    54  timers.o(i.sys_timeouts_init)
    sys_timeouts_mbox_fetch                  0x00005475   Thumb Code    90  timers.o(i.sys_timeouts_mbox_fetch)
    sys_untimeout                            0x000054d5   Thumb Code    66  timers.o(i.sys_untimeout)
    tcp_abandon                              0x0000551d   Thumb Code   152  tcp.o(i.tcp_abandon)
    tcp_abort                                0x000055b9   Thumb Code     6  tcp.o(i.tcp_abort)
    tcp_accept                               0x000055bf   Thumb Code     4  tcp.o(i.tcp_accept)
    tcp_alloc                                0x000055c9   Thumb Code   238  tcp.o(i.tcp_alloc)
    tcp_arg                                  0x000056c9   Thumb Code     4  tcp.o(i.tcp_arg)
    tcp_bind                                 0x000056cd   Thumb Code   126  tcp.o(i.tcp_bind)
    tcp_close                                0x00005755   Thumb Code    20  tcp.o(i.tcp_close)
    tcp_eff_send_mss                         0x00005945   Thumb Code    32  tcp.o(i.tcp_eff_send_mss)
    tcp_enqueue_flags                        0x00005965   Thumb Code   234  tcp_out.o(i.tcp_enqueue_flags)
    tcp_err                                  0x00005a4f   Thumb Code    22  tcp.o(i.tcp_err)
    tcp_fasttmr                              0x00005a65   Thumb Code    90  tcp.o(i.tcp_fasttmr)
    tcp_init                                 0x00005ac5   Thumb Code     2  tcp.o(i.tcp_init)
    tcp_input                                0x00005ac9   Thumb Code   866  tcp_in.o(i.tcp_input)
    tcp_keepalive                            0x00005e49   Thumb Code    80  tcp_out.o(i.tcp_keepalive)
    tcp_listen_with_backlog                  0x00005f7d   Thumb Code   130  tcp.o(i.tcp_listen_with_backlog)
    tcp_new                                  0x0000600d   Thumb Code     6  tcp.o(i.tcp_new)
    tcp_next_iss                             0x00006071   Thumb Code    12  tcp.o(i.tcp_next_iss)
    tcp_output                               0x000060f9   Thumb Code   412  tcp_out.o(i.tcp_output)
    tcp_pcb_purge                            0x000064f5   Thumb Code    66  tcp.o(i.tcp_pcb_purge)
    tcp_pcb_remove                           0x00006539   Thumb Code   112  tcp.o(i.tcp_pcb_remove)
    tcp_poll                                 0x000065ad   Thumb Code    28  tcp.o(i.tcp_poll)
    tcp_process_refused_data                 0x0000691d   Thumb Code   106  tcp.o(i.tcp_process_refused_data)
    tcp_recv                                 0x00007155   Thumb Code    22  tcp.o(i.tcp_recv)
    tcp_recv_null                            0x0000716b   Thumb Code    36  tcp.o(i.tcp_recv_null)
    tcp_recved                               0x0000718f   Thumb Code    84  tcp.o(i.tcp_recved)
    tcp_rexmit                               0x000071e3   Thumb Code    82  tcp_out.o(i.tcp_rexmit)
    tcp_rexmit_fast                          0x00007235   Thumb Code    88  tcp_out.o(i.tcp_rexmit_fast)
    tcp_rexmit_rto                           0x0000728d   Thumb Code    46  tcp_out.o(i.tcp_rexmit_rto)
    tcp_rst                                  0x000072bb   Thumb Code   146  tcp_out.o(i.tcp_rst)
    tcp_seg_copy                             0x0000736d   Thumb Code    38  tcp.o(i.tcp_seg_copy)
    tcp_seg_free                             0x00007399   Thumb Code    26  tcp.o(i.tcp_seg_free)
    tcp_segs_free                            0x000073b3   Thumb Code    18  tcp.o(i.tcp_segs_free)
    tcp_send_empty_ack                       0x000073c5   Thumb Code    92  tcp_out.o(i.tcp_send_empty_ack)
    tcp_send_fin                             0x00007421   Thumb Code    68  tcp_out.o(i.tcp_send_fin)
    tcp_sent                                 0x00007465   Thumb Code    20  tcp.o(i.tcp_sent)
    tcp_shutdown                             0x00007479   Thumb Code    78  tcp.o(i.tcp_shutdown)
    tcp_slowtmr                              0x000074c9   Thumb Code   694  tcp.o(i.tcp_slowtmr)
    tcp_timer_needed                         0x00007791   Thumb Code    36  timers.o(i.tcp_timer_needed)
    tcp_tmr                                  0x00007831   Thumb Code    28  tcp.o(i.tcp_tmr)
    tcp_update_rcv_ann_wnd                   0x00007851   Thumb Code    66  tcp.o(i.tcp_update_rcv_ann_wnd)
    tcp_write                                0x00007893   Thumb Code  1018  tcp_out.o(i.tcp_write)
    tcp_zero_window_probe                    0x00007ce5   Thumb Code   160  tcp_out.o(i.tcp_zero_window_probe)
    tcpecho_init                             0x00007d85   Thumb Code    20  tcpecho.o(i.tcpecho_init)
    tcpip_apimsg                             0x00007e21   Thumb Code    54  tcpip.o(i.tcpip_apimsg)
    tcpip_callback_with_block                0x00007e5d   Thumb Code    90  tcpip.o(i.tcpip_callback_with_block)
    tcpip_init                               0x00007ec1   Thumb Code    50  tcpip.o(i.tcpip_init)
    tcpip_input                              0x00007f15   Thumb Code    70  tcpip.o(i.tcpip_input)
    udp_bind                                 0x0000801d   Thumb Code   172  udp.o(i.udp_bind)
    udp_connect                              0x000080cd   Thumb Code    70  udp.o(i.udp_connect)
    udp_init                                 0x00008119   Thumb Code     2  udp.o(i.udp_init)
    udp_input                                0x0000811d   Thumb Code   414  udp.o(i.udp_input)
    udp_new                                  0x000082c9   Thumb Code    28  udp.o(i.udp_new)
    udp_recv                                 0x000082e9   Thumb Code     6  udp.o(i.udp_recv)
    udp_remove                               0x000082f1   Thumb Code    36  udp.o(i.udp_remove)
    udp_sendto_if                            0x00008319   Thumb Code    18  udp.o(i.udp_sendto_if)
    udp_sendto_if_chksum                     0x0000832b   Thumb Code   288  udp.o(i.udp_sendto_if_chksum)
    uxListRemove                             0x0000844b   Thumb Code    36  list.o(i.uxListRemove)
    uxQueueMessagesWaiting                   0x0000846f   Thumb Code    18  queue.o(i.uxQueueMessagesWaiting)
    vApplicationIdleHook                     0x00008481   Thumb Code     4  freertoscommonhooks.o(i.vApplicationIdleHook)
    vApplicationMallocFailedHook             0x00008485   Thumb Code    12  freertoscommonhooks.o(i.vApplicationMallocFailedHook)
    vApplicationStackOverflowHook            0x000084b9   Thumb Code    12  freertoscommonhooks.o(i.vApplicationStackOverflowHook)
    vListInitialise                          0x000084f5   Thumb Code    22  list.o(i.vListInitialise)
    vListInitialiseItem                      0x0000850b   Thumb Code     6  list.o(i.vListInitialiseItem)
    vListInsert                              0x00008511   Thumb Code    48  list.o(i.vListInsert)
    vListInsertEnd                           0x00008541   Thumb Code    24  list.o(i.vListInsertEnd)
    vPortEnterCritical                       0x00008581   Thumb Code    24  port.o(i.vPortEnterCritical)
    vPortExitCritical                        0x0000859d   Thumb Code    16  port.o(i.vPortExitCritical)
    vPortFree                                0x000085b1   Thumb Code    26  heap_3.o(i.vPortFree)
    vPortSetupTimerInterrupt                 0x000085cd   Thumb Code    26  port.o(i.vPortSetupTimerInterrupt)
    vPortYield                               0x000085ed   Thumb Code    18  port.o(i.vPortYield)
    vQueueDelete                             0x00008605   Thumb Code    24  queue.o(i.vQueueDelete)
    vQueueUnregisterQueue                    0x0000861d   Thumb Code    30  queue.o(i.vQueueUnregisterQueue)
    vTaskDelay                               0x000087e5   Thumb Code    48  tasks.o(i.vTaskDelay)
    vTaskMissedYield                         0x00008819   Thumb Code     8  tasks.o(i.vTaskMissedYield)
    vTaskPlaceOnEventList                    0x00008825   Thumb Code    52  tasks.o(i.vTaskPlaceOnEventList)
    vTaskPriorityDisinherit                  0x00008861   Thumb Code    64  tasks.o(i.vTaskPriorityDisinherit)
    vTaskPriorityInherit                     0x000088a9   Thumb Code    92  tasks.o(i.vTaskPriorityInherit)
    vTaskSetTimeOutState                     0x0000890d   Thumb Code    12  tasks.o(i.vTaskSetTimeOutState)
    vTaskStartScheduler                      0x0000891d   Thumb Code    50  tasks.o(i.vTaskStartScheduler)
    vTaskSuspendAll                          0x00008961   Thumb Code    10  tasks.o(i.vTaskSuspendAll)
    vTaskSwitchContext                       0x00008971   Thumb Code    96  tasks.o(i.vTaskSwitchContext)
    xPortStartScheduler                      0x00008a45   Thumb Code    38  port.o(i.xPortStartScheduler)
    xQueueCreateCountingSemaphore            0x00008a75   Thumb Code    20  queue.o(i.xQueueCreateCountingSemaphore)
    xQueueCreateMutex                        0x00008a89   Thumb Code    74  queue.o(i.xQueueCreateMutex)
    xQueueGenericCreate                      0x00008ad3   Thumb Code    72  queue.o(i.xQueueGenericCreate)
    xQueueGenericReceive                     0x00008b1b   Thumb Code   258  queue.o(i.xQueueGenericReceive)
    xQueueGenericReset                       0x00008c1d   Thumb Code    96  queue.o(i.xQueueGenericReset)
    xQueueGenericSend                        0x00008c7d   Thumb Code   214  queue.o(i.xQueueGenericSend)
    xQueueGenericSendFromISR                 0x00008d53   Thumb Code    98  queue.o(i.xQueueGenericSendFromISR)
    xTaskCheckForTimeOut                     0x00008db5   Thumb Code    66  tasks.o(i.xTaskCheckForTimeOut)
    xTaskGenericCreate                       0x00008dfd   Thumb Code   352  tasks.o(i.xTaskGenericCreate)
    xTaskGetCurrentTaskHandle                0x00008f65   Thumb Code     6  tasks.o(i.xTaskGetCurrentTaskHandle)
    xTaskGetTickCount                        0x00008f71   Thumb Code    18  tasks.o(i.xTaskGetTickCount)
    xTaskIncrementTick                       0x00008f89   Thumb Code   188  tasks.o(i.xTaskIncrementTick)
    xTaskRemoveFromEventList                 0x0000904d   Thumb Code    82  tasks.o(i.xTaskRemoveFromEventList)
    xTaskResumeAll                           0x000090a9   Thumb Code   148  tasks.o(i.xTaskResumeAll)
    tcp_persist_backoff                      0x00009144   Data           7  tcp.o(.constdata)
    tcp_state_str                            0x0000914c   Data          44  tcp.o(.constdata)
    tcp_backoff                              0x00009178   Data          13  tcp.o(.constdata)
    tcp_pcb_lists                            0x00009188   Data          16  tcp.o(.constdata)
    memp_sizes                               0x00009198   Data          26  memp.o(.constdata)
    ip_addr_any                              0x000091b4   Data           4  ip_addr.o(.constdata)
    ip_addr_broadcast                        0x000091b8   Data           4  ip_addr.o(.constdata)
    ethbroadcast                             0x000091bc   Data           6  etharp.o(.constdata)
    ethzero                                  0x000091c2   Data           6  etharp.o(.constdata)
    OscRateIn                                0x000091c8   Data           4  board.o(.constdata)
    RTCOscRateIn                             0x000091cc   Data           4  board.o(.constdata)
    Region$$Table$$Base                      0x000092b4   Number         0  anon$$obj.o(Region$$Table)
    Region$$Table$$Limit                     0x000092e4   Number         0  anon$$obj.o(Region$$Table)
    pxCurrentTCB                             0x2007c008   Data           4  tasks.o(.data)
    udp_pcbs                                 0x2007c044   Data           4  udp.o(.data)
    tcp_input_pcb                            0x2007c068   Data           4  tcp_in.o(.data)
    tcp_active_pcbs_changed                  0x2007c06c   Data           1  tcp.o(.data)
    tcp_ticks                                0x2007c078   Data           4  tcp.o(.data)
    tcp_bound_pcbs                           0x2007c07c   Data           4  tcp.o(.data)
    tcp_listen_pcbs                          0x2007c080   Data           4  tcp.o(.data)
    tcp_active_pcbs                          0x2007c084   Data           4  tcp.o(.data)
    tcp_tw_pcbs                              0x2007c088   Data           4  tcp.o(.data)
    tcp_tmp_pcb                              0x2007c08c   Data           4  tcp.o(.data)
    pbuf_free_ooseq_pending                  0x2007c090   Data           1  pbuf.o(.data)
    netif_list                               0x2007c098   Data           4  netif.o(.data)
    netif_default                            0x2007c09c   Data           4  netif.o(.data)
    current_netif                            0x2007c0b0   Data           4  ip.o(.data)
    current_header                           0x2007c0b4   Data           4  ip.o(.data)
    current_iphdr_src                        0x2007c0b8   Data           4  ip.o(.data)
    current_iphdr_dest                       0x2007c0bc   Data           4  ip.o(.data)
    __stdout                                 0x2007c0e4   Data           4  board.o(.data)
    SystemCoreClock                          0x2007c0ec   Data           4  chip_17xx_40xx.o(.data)
    xQueueRegistry                           0x2007c138   Data          80  queue.o(.bss)
    dhcp_rx_options_val                      0x2007c264   Data          40  dhcp.o(.bss)
    dhcp_rx_options_given                    0x2007c28c   Data          10  dhcp.o(.bss)
    lpc_enetdata                             0x2007c360   Data         180  lpc17xx_40xx_emac.o(.bss)
    __libspace_start                         0x2007c414   Data          96  libspace.o(.bss)
    __temporary_stack_top$libspace           0x2007c474   Data           0  libspace.o(.bss)



==============================================================================

Memory Map of the image

  Image Entry point : 0x000000cd

  Load Region LR_IROM1 (Base: 0x00000000, Size: 0x000093d4, Max: 0x00080000, ABSOLUTE)

    Execution Region ER_IROM1 (Exec base: 0x00000000, Load base: 0x00000000, Size: 0x000092e4, Max: 0x00080000, ABSOLUTE)

    Exec Addr    Load Addr    Size         Type   Attr      Idx    E Section Name        Object

    0x00000000   0x00000000   0x000000cc   Data   RO          416    RESET               keil_startup_lpc17xx_40xx.o
    0x000000cc   0x000000cc   0x00000008   Code   RO         4793  * !!!main             c_w.l(__main.o)
    0x000000d4   0x000000d4   0x00000034   Code   RO         5015    !!!scatter          c_w.l(__scatter.o)
    0x00000108   0x00000108   0x0000001a   Code   RO         5017    !!handler_copy      c_w.l(__scatter_copy.o)
    0x00000122   0x00000122   0x00000002   PAD
    0x00000124   0x00000124   0x0000001c   Code   RO         5019    !!handler_zi        c_w.l(__scatter_zi.o)
    0x00000140   0x00000140   0x00000000   Code   RO         4778    .ARM.Collect$$_printf_percent$$00000000  c_w.l(_printf_percent.o)
    0x00000140   0x00000140   0x00000006   Code   RO         4777    .ARM.Collect$$_printf_percent$$00000009  c_w.l(_printf_d.o)
    0x00000146   0x00000146   0x00000006   Code   RO         4776    .ARM.Collect$$_printf_percent$$00000014  c_w.l(_printf_s.o)
    0x0000014c   0x0000014c   0x00000004   Code   RO         4833    .ARM.Collect$$_printf_percent$$00000017  c_w.l(_printf_percent_end.o)
    0x00000150   0x00000150   0x00000002   Code   RO         4956    .ARM.Collect$$libinit$$00000000  c_w.l(libinit.o)
    0x00000152   0x00000152   0x00000000   Code   RO         4839    .ARM.Collect$$libinit$$00000002  c_w.l(libinit2.o)
    0x00000152   0x00000152   0x00000000   Code   RO         4841    .ARM.Collect$$libinit$$00000004  c_w.l(libinit2.o)
    0x00000152   0x00000152   0x00000008   Code   RO         4842    .ARM.Collect$$libinit$$00000005  c_w.l(libinit2.o)
    0x0000015a   0x0000015a   0x00000000   Code   RO         4844    .ARM.Collect$$libinit$$0000000A  c_w.l(libinit2.o)
    0x0000015a   0x0000015a   0x00000000   Code   RO         4846    .ARM.Collect$$libinit$$0000000C  c_w.l(libinit2.o)
    0x0000015a   0x0000015a   0x00000000   Code   RO         4848    .ARM.Collect$$libinit$$0000000E  c_w.l(libinit2.o)
    0x0000015a   0x0000015a   0x00000000   Code   RO         4851    .ARM.Collect$$libinit$$00000011  c_w.l(libinit2.o)
    0x0000015a   0x0000015a   0x00000000   Code   RO         4853    .ARM.Collect$$libinit$$00000013  c_w.l(libinit2.o)
    0x0000015a   0x0000015a   0x00000000   Code   RO         4855    .ARM.Collect$$libinit$$00000015  c_w.l(libinit2.o)
    0x0000015a   0x0000015a   0x00000000   Code   RO         4857    .ARM.Collect$$libinit$$00000017  c_w.l(libinit2.o)
    0x0000015a   0x0000015a   0x00000000   Code   RO         4859    .ARM.Collect$$libinit$$00000019  c_w.l(libinit2.o)
    0x0000015a   0x0000015a   0x00000000   Code   RO         4861    .ARM.Collect$$libinit$$0000001B  c_w.l(libinit2.o)
    0x0000015a   0x0000015a   0x00000000   Code   RO         4863    .ARM.Collect$$libinit$$0000001D  c_w.l(libinit2.o)
    0x0000015a   0x0000015a   0x00000000   Code   RO         4865    .ARM.Collect$$libinit$$0000001F  c_w.l(libinit2.o)
    0x0000015a   0x0000015a   0x00000000   Code   RO         4867    .ARM.Collect$$libinit$$00000021  c_w.l(libinit2.o)
    0x0000015a   0x0000015a   0x00000000   Code   RO         4869    .ARM.Collect$$libinit$$00000023  c_w.l(libinit2.o)
    0x0000015a   0x0000015a   0x00000000   Code   RO         4871    .ARM.Collect$$libinit$$00000025  c_w.l(libinit2.o)
    0x0000015a   0x0000015a   0x00000000   Code   RO         4875    .ARM.Collect$$libinit$$0000002C  c_w.l(libinit2.o)
    0x0000015a   0x0000015a   0x00000000   Code   RO         4877    .ARM.Collect$$libinit$$0000002E  c_w.l(libinit2.o)
    0x0000015a   0x0000015a   0x00000000   Code   RO         4879    .ARM.Collect$$libinit$$00000030  c_w.l(libinit2.o)
    0x0000015a   0x0000015a   0x00000000   Code   RO         4881    .ARM.Collect$$libinit$$00000032  c_w.l(libinit2.o)
    0x0000015a   0x0000015a   0x00000002   Code   RO         4882    .ARM.Collect$$libinit$$00000033  c_w.l(libinit2.o)
    0x0000015c   0x0000015c   0x00000002   Code   RO         5012    .ARM.Collect$$libshutdown$$00000000  c_w.l(libshutdown.o)
    0x0000015e   0x0000015e   0x00000000   Code   RO         4970    .ARM.Collect$$libshutdown$$00000002  c_w.l(libshutdown2.o)
    0x0000015e   0x0000015e   0x00000000   Code   RO         4972    .ARM.Collect$$libshutdown$$00000004  c_w.l(libshutdown2.o)
    0x0000015e   0x0000015e   0x00000000   Code   RO         4975    .ARM.Collect$$libshutdown$$00000007  c_w.l(libshutdown2.o)
    0x0000015e   0x0000015e   0x00000000   Code   RO         4978    .ARM.Collect$$libshutdown$$0000000A  c_w.l(libshutdown2.o)
    0x0000015e   0x0000015e   0x00000000   Code   RO         4980    .ARM.Collect$$libshutdown$$0000000C  c_w.l(libshutdown2.o)
    0x0000015e   0x0000015e   0x00000000   Code   RO         4983    .ARM.Collect$$libshutdown$$0000000F  c_w.l(libshutdown2.o)
    0x0000015e   0x0000015e   0x00000002   Code   RO         4984    .ARM.Collect$$libshutdown$$00000010  c_w.l(libshutdown2.o)
    0x00000160   0x00000160   0x00000000   Code   RO         4797    .ARM.Collect$$rtentry$$00000000  c_w.l(__rtentry.o)
    0x00000160   0x00000160   0x00000000   Code   RO         4889    .ARM.Collect$$rtentry$$00000002  c_w.l(__rtentry2.o)
    0x00000160   0x00000160   0x00000006   Code   RO         4901    .ARM.Collect$$rtentry$$00000004  c_w.l(__rtentry4.o)
    0x00000166   0x00000166   0x00000000   Code   RO         4891    .ARM.Collect$$rtentry$$00000009  c_w.l(__rtentry2.o)
    0x00000166   0x00000166   0x00000004   Code   RO         4892    .ARM.Collect$$rtentry$$0000000A  c_w.l(__rtentry2.o)
    0x0000016a   0x0000016a   0x00000000   Code   RO         4894    .ARM.Collect$$rtentry$$0000000C  c_w.l(__rtentry2.o)
    0x0000016a   0x0000016a   0x00000008   Code   RO         4895    .ARM.Collect$$rtentry$$0000000D  c_w.l(__rtentry2.o)
    0x00000172   0x00000172   0x00000002   Code   RO         4957    .ARM.Collect$$rtexit$$00000000  c_w.l(rtexit.o)
    0x00000174   0x00000174   0x00000000   Code   RO         4988    .ARM.Collect$$rtexit$$00000002  c_w.l(rtexit2.o)
    0x00000174   0x00000174   0x00000004   Code   RO         4989    .ARM.Collect$$rtexit$$00000003  c_w.l(rtexit2.o)
    0x00000178   0x00000178   0x00000006   Code   RO         4990    .ARM.Collect$$rtexit$$00000004  c_w.l(rtexit2.o)
    0x0000017e   0x0000017e   0x00000002   PAD
    0x00000180   0x00000180   0x0000008a   Code   RO          423    .emb_text           port.o
    0x0000020a   0x0000020a   0x00000002   PAD
    0x0000020c   0x0000020c   0x00000000   Code   RO         4907    .emb_text           c_w.l(maybetermalloc1.o)
    0x0000020c   0x0000020c   0x00000044   Code   RO          417    .text               keil_startup_lpc17xx_40xx.o
    0x00000250   0x00000250   0x0000005e   Code   RO         4686    .text               c_w.l(h1_alloc.o)
    0x000002ae   0x000002ae   0x0000004e   Code   RO         4688    .text               c_w.l(h1_free.o)
    0x000002fc   0x000002fc   0x00000018   Code   RO         4748    .text               c_w.l(noretval__2printf.o)
    0x00000314   0x00000314   0x00000068   Code   RO         4750    .text               c_w.l(__printf.o)
    0x0000037c   0x0000037c   0x00000052   Code   RO         4752    .text               c_w.l(_printf_str.o)
    0x000003ce   0x000003ce   0x00000002   PAD
    0x000003d0   0x000003d0   0x00000078   Code   RO         4754    .text               c_w.l(_printf_dec.o)
    0x00000448   0x00000448   0x00000058   Code   RO         4779    .text               c_w.l(memcmp.o)
    0x000004a0   0x000004a0   0x0000003e   Code   RO         4781    .text               c_w.l(strlen.o)
    0x000004de   0x000004de   0x0000008a   Code   RO         4783    .text               c_w.l(rt_memcpy_v6.o)
    0x00000568   0x00000568   0x00000064   Code   RO         4785    .text               c_w.l(rt_memcpy_w.o)
    0x000005cc   0x000005cc   0x00000010   Code   RO         4787    .text               c_w.l(aeabi_memset.o)
    0x000005dc   0x000005dc   0x0000004e   Code   RO         4789    .text               c_w.l(rt_memclr_w.o)
    0x0000062a   0x0000062a   0x00000006   Code   RO         4791    .text               c_w.l(heapauxi.o)
    0x00000630   0x00000630   0x00000008   Code   RO         4805    .text               c_w.l(rt_heap_descriptor_intlibspace.o)
    0x00000638   0x00000638   0x00000004   Code   RO         4807    .text               c_w.l(hguard.o)
    0x0000063c   0x0000063c   0x0000008a   Code   RO         4809    .text               c_w.l(init_alloc.o)
    0x000006c6   0x000006c6   0x0000000e   Code   RO         4813    .text               c_w.l(h1_init.o)
    0x000006d4   0x000006d4   0x000000b2   Code   RO         4827    .text               c_w.l(_printf_intcommon.o)
    0x00000786   0x00000786   0x0000002c   Code   RO         4829    .text               c_w.l(_printf_char.o)
    0x000007b2   0x000007b2   0x00000002   PAD
    0x000007b4   0x000007b4   0x00000024   Code   RO         4831    .text               c_w.l(_printf_char_file.o)
    0x000007d8   0x000007d8   0x00000044   Code   RO         4834    .text               c_w.l(rt_memclr.o)
    0x0000081c   0x0000081c   0x00000008   Code   RO         4885    .text               c_w.l(libspace.o)
    0x00000824   0x00000824   0x00000034   Code   RO         4909    .text               c_w.l(h1_extend.o)
    0x00000858   0x00000858   0x00000030   Code   RO         4913    .text               c_w.l(_printf_char_common.o)
    0x00000888   0x00000888   0x0000000e   Code   RO         4915    .text               c_w.l(defsig_rtmem_outer.o)
    0x00000896   0x00000896   0x00000002   Code   RO         4926    .text               c_w.l(use_no_semi.o)
    0x00000898   0x00000898   0x00000000   Code   RO         4928    .text               c_w.l(indicate_semi.o)
    0x00000898   0x00000898   0x0000004a   Code   RO         4929    .text               c_w.l(sys_stackheap_outer.o)
    0x000008e2   0x000008e2   0x00000012   Code   RO         4937    .text               c_w.l(exit.o)
    0x000008f4   0x000008f4   0x0000000a   Code   RO         4939    .text               c_w.l(defsig_exit.o)
    0x000008fe   0x000008fe   0x00000002   PAD
    0x00000900   0x00000900   0x00000050   Code   RO         4945    .text               c_w.l(defsig_rtmem_inner.o)
    0x00000950   0x00000950   0x00000032   Code   RO         4965    .text               c_w.l(defsig_general.o)
    0x00000982   0x00000982   0x0000000e   Code   RO         4985    .text               c_w.l(sys_wrch.o)
    0x00000990   0x00000990   0x00000028   Code   RO         3680    i.Board_Debug_Init  board_nxp_lpcxpresso_1769.lib(board.o)
    0x000009b8   0x000009b8   0x00000020   Code   RO         3681    i.Board_ENET_GetMacADDR  board_nxp_lpcxpresso_1769.lib(board.o)
    0x000009d8   0x000009d8   0x00000028   Code   RO         3683    i.Board_Init        board_nxp_lpcxpresso_1769.lib(board.o)
    0x00000a00   0x00000a00   0x00000018   Code   RO         3685    i.Board_LED_Set     board_nxp_lpcxpresso_1769.lib(board.o)
    0x00000a18   0x00000a18   0x0000001c   Code   RO         3916    i.Board_SetupClocking  board_nxp_lpcxpresso_1769.lib(board_sysinit.o)
    0x00000a34   0x00000a34   0x00000014   Code   RO         3917    i.Board_SetupMuxing  board_nxp_lpcxpresso_1769.lib(board_sysinit.o)
    0x00000a48   0x00000a48   0x0000000e   Code   RO         3918    i.Board_SystemInit  board_nxp_lpcxpresso_1769.lib(board_sysinit.o)
    0x00000a56   0x00000a56   0x00000002   PAD
    0x00000a58   0x00000a58   0x00000010   Code   RO         3693    i.Board_UARTPutChar  board_nxp_lpcxpresso_1769.lib(board.o)
    0x00000a68   0x00000a68   0x00000014   Code   RO         3694    i.Board_UARTPutSTR  board_nxp_lpcxpresso_1769.lib(board.o)
    0x00000a7c   0x00000a7c   0x00000018   Code   RO         4208    i.Chip_Clock_DisablePLL  chip_175x_6x_lib.lib(clock_17xx_40xx.o)
    0x00000a94   0x00000a94   0x00000018   Code   RO         4210    i.Chip_Clock_EnablePLL  chip_175x_6x_lib.lib(clock_17xx_40xx.o)
    0x00000aac   0x00000aac   0x00000014   Code   RO         4211    i.Chip_Clock_EnablePeriphClock  chip_175x_6x_lib.lib(clock_17xx_40xx.o)
    0x00000ac0   0x00000ac0   0x00000018   Code   RO         4212    i.Chip_Clock_FeedPLL  chip_175x_6x_lib.lib(clock_17xx_40xx.o)
    0x00000ad8   0x00000ad8   0x00000010   Code   RO         4213    i.Chip_Clock_GetCPUClockDiv  chip_175x_6x_lib.lib(clock_17xx_40xx.o)
    0x00000ae8   0x00000ae8   0x00000018   Code   RO         4214    i.Chip_Clock_GetCPUClockSource  chip_175x_6x_lib.lib(clock_17xx_40xx.o)
    0x00000b00   0x00000b00   0x00000020   Code   RO         4215    i.Chip_Clock_GetMainClockRate  chip_175x_6x_lib.lib(clock_17xx_40xx.o)
    0x00000b20   0x00000b20   0x00000038   Code   RO         4216    i.Chip_Clock_GetMainPLLOutClockRate  chip_175x_6x_lib.lib(clock_17xx_40xx.o)
    0x00000b58   0x00000b58   0x00000040   Code   RO         4217    i.Chip_Clock_GetPCLKDiv  chip_175x_6x_lib.lib(clock_17xx_40xx.o)
    0x00000b98   0x00000b98   0x00000016   Code   RO         4218    i.Chip_Clock_GetPeripheralClockRate  chip_175x_6x_lib.lib(clock_17xx_40xx.o)
    0x00000bae   0x00000bae   0x00000002   PAD
    0x00000bb0   0x00000bb0   0x00000038   Code   RO         4219    i.Chip_Clock_GetSYSCLKRate  chip_175x_6x_lib.lib(clock_17xx_40xx.o)
    0x00000be8   0x00000be8   0x00000012   Code   RO         4220    i.Chip_Clock_GetSystemClockRate  chip_175x_6x_lib.lib(clock_17xx_40xx.o)
    0x00000bfa   0x00000bfa   0x00000002   PAD
    0x00000bfc   0x00000bfc   0x0000000c   Code   RO         4226    i.Chip_Clock_SetCPUClockDiv  chip_175x_6x_lib.lib(clock_17xx_40xx.o)
    0x00000c08   0x00000c08   0x00000024   Code   RO         4230    i.Chip_Clock_SetupPLL  chip_175x_6x_lib.lib(clock_17xx_40xx.o)
    0x00000c2c   0x00000c2c   0x00000028   Code   RO         3956    i.Chip_ENET_FindMIIDiv  chip_175x_6x_lib.lib(enet_17xx_40xx.o)
    0x00000c54   0x00000c54   0x0000001a   Code   RO         3958    i.Chip_ENET_GetFillDescNum  chip_175x_6x_lib.lib(enet_17xx_40xx.o)
    0x00000c6e   0x00000c6e   0x00000018   Code   RO         3959    i.Chip_ENET_IncRXConsumeIndex  chip_175x_6x_lib.lib(enet_17xx_40xx.o)
    0x00000c86   0x00000c86   0x00000018   Code   RO         3960    i.Chip_ENET_IncTXProduceIndex  chip_175x_6x_lib.lib(enet_17xx_40xx.o)
    0x00000c9e   0x00000c9e   0x00000072   Code   RO         3961    i.Chip_ENET_Init    chip_175x_6x_lib.lib(enet_17xx_40xx.o)
    0x00000d10   0x00000d10   0x00000016   Code   RO         3962    i.Chip_ENET_InitRxDescriptors  chip_175x_6x_lib.lib(enet_17xx_40xx.o)
    0x00000d26   0x00000d26   0x00000016   Code   RO         3963    i.Chip_ENET_InitTxDescriptors  chip_175x_6x_lib.lib(enet_17xx_40xx.o)
    0x00000d3c   0x00000d3c   0x00000014   Code   RO         3309    i.Chip_ENET_IsRxEmpty  lpc17xx_40xx_emac.o
    0x00000d50   0x00000d50   0x0000000a   Code   RO         3964    i.Chip_ENET_ReadMIIData  chip_175x_6x_lib.lib(enet_17xx_40xx.o)
    0x00000d5a   0x00000d5a   0x0000001a   Code   RO         3965    i.Chip_ENET_SetFullDuplex  chip_175x_6x_lib.lib(enet_17xx_40xx.o)
    0x00000d74   0x00000d74   0x0000001a   Code   RO         3966    i.Chip_ENET_SetHalfDuplex  chip_175x_6x_lib.lib(enet_17xx_40xx.o)
    0x00000d8e   0x00000d8e   0x00000002   PAD
    0x00000d90   0x00000d90   0x00000024   Code   RO         3967    i.Chip_ENET_SetupMII  chip_175x_6x_lib.lib(enet_17xx_40xx.o)
    0x00000db4   0x00000db4   0x00000018   Code   RO         3968    i.Chip_ENET_StartMIIRead  chip_175x_6x_lib.lib(enet_17xx_40xx.o)
    0x00000dcc   0x00000dcc   0x00000018   Code   RO         3969    i.Chip_ENET_StartMIIWrite  chip_175x_6x_lib.lib(enet_17xx_40xx.o)
    0x00000de4   0x00000de4   0x00000010   Code   RO         3699    i.Chip_GPIO_SetPinDIRInput  board_nxp_lpcxpresso_1769.lib(board.o)
    0x00000df4   0x00000df4   0x00000016   Code   RO         3700    i.Chip_GPIO_WriteDirBit  board_nxp_lpcxpresso_1769.lib(board.o)
    0x00000e0a   0x00000e0a   0x0000001c   Code   RO         3701    i.Chip_GPIO_WritePortBit  board_nxp_lpcxpresso_1769.lib(board.o)
    0x00000e26   0x00000e26   0x00000032   Code   RO         4424    i.Chip_IOCON_PinMux  chip_175x_6x_lib.lib(iocon_17xx_40xx.o)
    0x00000e58   0x00000e58   0x00000010   Code   RO         4425    i.Chip_IOCON_PinMuxSet  chip_175x_6x_lib.lib(iocon_17xx_40xx.o)
    0x00000e68   0x00000e68   0x00000028   Code   RO         4426    i.Chip_IOCON_SetPinMuxing  chip_175x_6x_lib.lib(iocon_17xx_40xx.o)
    0x00000e90   0x00000e90   0x0000008c   Code   RO         4593    i.Chip_SetupXtalClocking  chip_175x_6x_lib.lib(sysinit_17xx_40xx.o)
    0x00000f1c   0x00000f1c   0x00000030   Code   RO         4460    i.Chip_UART_GetClkIndex  chip_175x_6x_lib.lib(uart_17xx_40xx.o)
    0x00000f4c   0x00000f4c   0x00000030   Code   RO         4461    i.Chip_UART_GetClockIndex  chip_175x_6x_lib.lib(uart_17xx_40xx.o)
    0x00000f7c   0x00000f7c   0x00000038   Code   RO         4463    i.Chip_UART_Init    chip_175x_6x_lib.lib(uart_17xx_40xx.o)
    0x00000fb4   0x00000fb4   0x0000003a   Code   RO         4471    i.Chip_UART_SetBaud  chip_175x_6x_lib.lib(uart_17xx_40xx.o)
    0x00000fee   0x00000fee   0x00000006   Code   RO         4474    i.Chip_UART_TXEnable  chip_175x_6x_lib.lib(uart_17xx_40xx.o)
    0x00000ff4   0x00000ff4   0x00000058   Code   RO         3310    i.ETH_IRQHandler    lpc17xx_40xx_emac.o
    0x0000104c   0x0000104c   0x00000024   Code   RO          424    i.SysTick_Handler   port.o
    0x00001070   0x00001070   0x00000010   Code   RO         4170    i.SystemCoreClockUpdate  chip_175x_6x_lib.lib(chip_17xx_40xx.o)
    0x00001080   0x00001080   0x00000014   Code   RO          366    i.SystemInit        sysinit.o
    0x00001094   0x00001094   0x00000004   Code   RO         3705    i._sys_exit         board_nxp_lpcxpresso_1769.lib(board.o)
    0x00001098   0x00001098   0x00000092   Code   RO         2812    i.accept_function   api_msg.o
    0x0000112a   0x0000112a   0x00000002   PAD
    0x0000112c   0x0000112c   0x0000001c   Code   RO         1198    i.arp_timer         timers.o
    0x00001148   0x00001148   0x00000002   Code   RO         3289    i.assert_loop       lpc_debug.o
    0x0000114a   0x0000114a   0x00000020   Code   RO         2106    i.dhcp_arp_reply    dhcp.o
    0x0000116a   0x0000116a   0x000000c6   Code   RO         2107    i.dhcp_bind         dhcp.o
    0x00001230   0x00001230   0x00000030   Code   RO         2108    i.dhcp_check        dhcp.o
    0x00001260   0x00001260   0x00000060   Code   RO         2110    i.dhcp_coarse_tmr   dhcp.o
    0x000012c0   0x000012c0   0x00000148   Code   RO         2111    i.dhcp_create_msg   dhcp.o
    0x00001408   0x00001408   0x00000078   Code   RO         2112    i.dhcp_decline      dhcp.o
    0x00001480   0x00001480   0x00000030   Code   RO         2113    i.dhcp_delete_msg   dhcp.o
    0x000014b0   0x000014b0   0x000000bc   Code   RO         2114    i.dhcp_discover     dhcp.o
    0x0000156c   0x0000156c   0x00000034   Code   RO         2115    i.dhcp_fine_tmr     dhcp.o
    0x000015a0   0x000015a0   0x0000005c   Code   RO         2116    i.dhcp_handle_ack   dhcp.o
    0x000015fc   0x000015fc   0x00000046   Code   RO         2118    i.dhcp_network_changed  dhcp.o
    0x00001642   0x00001642   0x00000034   Code   RO         2119    i.dhcp_option       dhcp.o
    0x00001676   0x00001676   0x00000020   Code   RO         2120    i.dhcp_option_byte  dhcp.o
    0x00001696   0x00001696   0x00000002   PAD
    0x00001698   0x00001698   0x00000050   Code   RO         2121    i.dhcp_option_hostname  dhcp.o
    0x000016e8   0x000016e8   0x00000052   Code   RO         2122    i.dhcp_option_long  dhcp.o
    0x0000173a   0x0000173a   0x00000032   Code   RO         2123    i.dhcp_option_short  dhcp.o
    0x0000176c   0x0000176c   0x0000004a   Code   RO         2124    i.dhcp_option_trailer  dhcp.o
    0x000017b6   0x000017b6   0x00000002   PAD
    0x000017b8   0x000017b8   0x0000020c   Code   RO         2125    i.dhcp_parse_reply  dhcp.o
    0x000019c4   0x000019c4   0x0000008c   Code   RO         2126    i.dhcp_rebind       dhcp.o
    0x00001a50   0x00001a50   0x000000a0   Code   RO         2127    i.dhcp_reboot       dhcp.o
    0x00001af0   0x00001af0   0x0000011c   Code   RO         2128    i.dhcp_recv         dhcp.o
    0x00001c0c   0x00001c0c   0x000000a4   Code   RO         2129    i.dhcp_release      dhcp.o
    0x00001cb0   0x00001cb0   0x0000008a   Code   RO         2130    i.dhcp_renew        dhcp.o
    0x00001d3a   0x00001d3a   0x00000002   PAD
    0x00001d3c   0x00001d3c   0x000000f0   Code   RO         2131    i.dhcp_select       dhcp.o
    0x00001e2c   0x00001e2c   0x00000010   Code   RO         2132    i.dhcp_set_state    dhcp.o
    0x00001e3c   0x00001e3c   0x000000b4   Code   RO         2134    i.dhcp_start        dhcp.o
    0x00001ef0   0x00001ef0   0x0000003e   Code   RO         2135    i.dhcp_stop         dhcp.o
    0x00001f2e   0x00001f2e   0x00000088   Code   RO         2136    i.dhcp_timeout      dhcp.o
    0x00001fb6   0x00001fb6   0x00000002   PAD
    0x00001fb8   0x00001fb8   0x0000001c   Code   RO         1199    i.dhcp_timer_coarse  timers.o
    0x00001fd4   0x00001fd4   0x0000001c   Code   RO         1200    i.dhcp_timer_fine   timers.o
    0x00001ff0   0x00001ff0   0x0000004e   Code   RO         2813    i.do_bind           api_msg.o
    0x0000203e   0x0000203e   0x00000070   Code   RO         2814    i.do_close          api_msg.o
    0x000020ae   0x000020ae   0x00000002   PAD
    0x000020b0   0x000020b0   0x00000124   Code   RO         2815    i.do_close_internal  api_msg.o
    0x000021d4   0x000021d4   0x000000a6   Code   RO         2818    i.do_delconn        api_msg.o
    0x0000227a   0x0000227a   0x00000002   PAD
    0x0000227c   0x0000227c   0x000000a0   Code   RO         2821    i.do_listen         api_msg.o
    0x0000231c   0x0000231c   0x00000020   Code   RO         2822    i.do_newconn        api_msg.o
    0x0000233c   0x0000233c   0x00000042   Code   RO         2823    i.do_recv           api_msg.o
    0x0000237e   0x0000237e   0x00000062   Code   RO         2825    i.do_write          api_msg.o
    0x000023e0   0x000023e0   0x00000144   Code   RO         2826    i.do_writemore      api_msg.o
    0x00002524   0x00002524   0x000000a8   Code   RO         2827    i.err_tcp           api_msg.o
    0x000025cc   0x000025cc   0x000000e2   Code   RO         2583    i.etharp_arp_input  etharp.o
    0x000026ae   0x000026ae   0x00000002   PAD
    0x000026b0   0x000026b0   0x00000030   Code   RO         2584    i.etharp_cleanup_netif  etharp.o
    0x000026e0   0x000026e0   0x0000012c   Code   RO         2586    i.etharp_find_entry  etharp.o
    0x0000280c   0x0000280c   0x00000024   Code   RO         2587    i.etharp_free_entry  etharp.o
    0x00002830   0x00002830   0x00000114   Code   RO         2588    i.etharp_output     etharp.o
    0x00002944   0x00002944   0x0000004c   Code   RO         2589    i.etharp_output_to_arp_index  etharp.o
    0x00002990   0x00002990   0x0000010c   Code   RO         2590    i.etharp_query      etharp.o
    0x00002a9c   0x00002a9c   0x000000be   Code   RO         2591    i.etharp_raw        etharp.o
    0x00002b5a   0x00002b5a   0x00000002   PAD
    0x00002b5c   0x00002b5c   0x00000024   Code   RO         2592    i.etharp_request    etharp.o
    0x00002b80   0x00002b80   0x0000003c   Code   RO         2593    i.etharp_send_ip    etharp.o
    0x00002bbc   0x00002bbc   0x00000048   Code   RO         2594    i.etharp_tmr        etharp.o
    0x00002c04   0x00002c04   0x00000088   Code   RO         2595    i.etharp_update_arp_entry  etharp.o
    0x00002c8c   0x00002c8c   0x00000094   Code   RO         2596    i.ethernet_input    etharp.o
    0x00002d20   0x00002d20   0x00000006   Code   RO         3707    i.ferror            board_nxp_lpcxpresso_1769.lib(board.o)
    0x00002d26   0x00002d26   0x0000000c   Code   RO         3709    i.fputc             board_nxp_lpcxpresso_1769.lib(board.o)
    0x00002d32   0x00002d32   0x00000008   Code   RO         2548    i.icmp_dest_unreach  icmp.o
    0x00002d3a   0x00002d3a   0x00000002   PAD
    0x00002d3c   0x00002d3c   0x00000118   Code   RO         2549    i.icmp_input        icmp.o
    0x00002e54   0x00002e54   0x0000006e   Code   RO         2550    i.icmp_send_response  icmp.o
    0x00002ec2   0x00002ec2   0x00000008   Code   RO         2551    i.icmp_time_exceeded  icmp.o
    0x00002eca   0x00002eca   0x0000000c   Code   RO         2492    i.inet_chksum       inet_chksum.o
    0x00002ed6   0x00002ed6   0x00000048   Code   RO         2493    i.inet_chksum_pbuf  inet_chksum.o
    0x00002f1e   0x00002f1e   0x00000086   Code   RO         2494    i.inet_chksum_pseudo  inet_chksum.o
    0x00002fa4   0x00002fa4   0x000000a4   Code   RO         2495    i.inet_chksum_pseudo_partial  inet_chksum.o
    0x00003048   0x00003048   0x0000002e   Code   RO         2385    i.ip4_addr_isbroadcast  ip_addr.o
    0x00003076   0x00003076   0x00000002   PAD
    0x00003078   0x00003078   0x00000174   Code   RO         2323    i.ip_frag           ip_frag.o
    0x000031ec   0x000031ec   0x00000014   Code   RO         2324    i.ip_frag_free_pbuf_custom_ref  ip_frag.o
    0x00003200   0x00003200   0x0000017c   Code   RO         2439    i.ip_input          ip.o
    0x0000337c   0x0000337c   0x0000003e   Code   RO         2440    i.ip_output         ip.o
    0x000033ba   0x000033ba   0x00000002   PAD
    0x000033bc   0x000033bc   0x000000ec   Code   RO         2441    i.ip_output_if      ip.o
    0x000034a8   0x000034a8   0x00000194   Code   RO         2325    i.ip_reass          ip_frag.o
    0x0000363c   0x0000363c   0x00000124   Code   RO         2326    i.ip_reass_chain_frag_into_datagram_and_validate  ip_frag.o
    0x00003760   0x00003760   0x0000002c   Code   RO         2327    i.ip_reass_dequeue_datagram  ip_frag.o
    0x0000378c   0x0000378c   0x000000a4   Code   RO         2328    i.ip_reass_free_complete_datagram  ip_frag.o
    0x00003830   0x00003830   0x0000006c   Code   RO         2329    i.ip_reass_remove_oldest_datagram  ip_frag.o
    0x0000389c   0x0000389c   0x0000001c   Code   RO         1201    i.ip_reass_timer    timers.o
    0x000038b8   0x000038b8   0x0000002c   Code   RO         2330    i.ip_reass_tmr      ip_frag.o
    0x000038e4   0x000038e4   0x00000040   Code   RO         2442    i.ip_route          ip.o
    0x00003924   0x00003924   0x00000078   Code   RO         2390    i.ipaddr_ntoa_r     ip_addr.o
    0x0000399c   0x0000399c   0x0000001c   Code   RO         2331    i.ipfrag_free_pbuf_custom  ip_frag.o
    0x000039b8   0x000039b8   0x000000b4   Code   RO         3311    i.low_level_init    lpc17xx_40xx_emac.o
    0x00003a6c   0x00003a6c   0x00000070   Code   RO         3508    i.lpcPHYStsPoll     board_nxp_lpcxpresso_1769.lib(lpc_phy_smsc87x0.o)
    0x00003adc   0x00003adc   0x000000fc   Code   RO         3314    i.lpc_enetif_init   lpc17xx_40xx_emac.o
    0x00003bd8   0x00003bd8   0x0000003a   Code   RO         3315    i.lpc_enetif_input  lpc17xx_40xx_emac.o
    0x00003c12   0x00003c12   0x00000012   Code   RO         3316    i.lpc_etharp_output  lpc17xx_40xx_emac.o
    0x00003c24   0x00003c24   0x000000dc   Code   RO         3317    i.lpc_low_level_input  lpc17xx_40xx_emac.o
    0x00003d00   0x00003d00   0x000000f0   Code   RO         3318    i.lpc_low_level_output  lpc17xx_40xx_emac.o
    0x00003df0   0x00003df0   0x0000003c   Code   RO         3509    i.lpc_mii_write     board_nxp_lpcxpresso_1769.lib(lpc_phy_smsc87x0.o)
    0x00003e2c   0x00003e2c   0x0000008c   Code   RO         3510    i.lpc_phy_init      board_nxp_lpcxpresso_1769.lib(lpc_phy_smsc87x0.o)
    0x00003eb8   0x00003eb8   0x00000040   Code   RO         3319    i.lpc_rx_queue      lpc17xx_40xx_emac.o
    0x00003ef8   0x00003ef8   0x0000002a   Code   RO         3320    i.lpc_rx_setup      lpc17xx_40xx_emac.o
    0x00003f22   0x00003f22   0x00000042   Code   RO         3321    i.lpc_rxqueue_pbuf  lpc17xx_40xx_emac.o
    0x00003f64   0x00003f64   0x0000001e   Code   RO         3322    i.lpc_tx_ready      lpc17xx_40xx_emac.o
    0x00003f82   0x00003f82   0x00000002   PAD
    0x00003f84   0x00003f84   0x0000006c   Code   RO         3323    i.lpc_tx_reclaim    lpc17xx_40xx_emac.o
    0x00003ff0   0x00003ff0   0x00000038   Code   RO         3324    i.lpc_tx_setup      lpc17xx_40xx_emac.o
    0x00004028   0x00004028   0x00000016   Code   RO         2496    i.lwip_chksum_copy  inet_chksum.o
    0x0000403e   0x0000403e   0x00000004   Code   RO         2293    i.lwip_htonl        def.o
    0x00004042   0x00004042   0x00000004   Code   RO         2294    i.lwip_htons        def.o
    0x00004046   0x00004046   0x0000001a   Code   RO         2076    i.lwip_init         init.o
    0x00004060   0x00004060   0x00000004   Code   RO         2295    i.lwip_ntohl        def.o
    0x00004064   0x00004064   0x00000004   Code   RO         2296    i.lwip_ntohs        def.o
    0x00004068   0x00004068   0x0000003e   Code   RO         2497    i.lwip_standard_chksum  inet_chksum.o
    0x000040a6   0x000040a6   0x00000002   PAD
    0x000040a8   0x000040a8   0x00000044   Code   RO          244    i.main              lwip_tcpecho_freertos.o
    0x000040ec   0x000040ec   0x0000000e   Code   RO          245    i.msDelay           lwip_tcpecho_freertos.o
    0x000040fa   0x000040fa   0x0000002c   Code   RO         3445    i.netbuf_data       netbuf.o
    0x00004126   0x00004126   0x00000020   Code   RO         3446    i.netbuf_delete     netbuf.o
    0x00004146   0x00004146   0x00000024   Code   RO         3450    i.netbuf_next       netbuf.o
    0x0000416a   0x0000416a   0x00000064   Code   RO         2987    i.netconn_accept    api_lib.o
    0x000041ce   0x000041ce   0x00000002   PAD
    0x000041d0   0x000041d0   0x00000070   Code   RO         2828    i.netconn_alloc     api_msg.o
    0x00004240   0x00004240   0x00000044   Code   RO         2988    i.netconn_bind      api_lib.o
    0x00004284   0x00004284   0x00000006   Code   RO         2989    i.netconn_close     api_lib.o
    0x0000428a   0x0000428a   0x00000002   PAD
    0x0000428c   0x0000428c   0x00000044   Code   RO         2990    i.netconn_close_shutdown  api_lib.o
    0x000042d0   0x000042d0   0x00000024   Code   RO         2992    i.netconn_delete    api_lib.o
    0x000042f4   0x000042f4   0x0000008e   Code   RO         2829    i.netconn_drain     api_msg.o
    0x00004382   0x00004382   0x00000032   Code   RO         2830    i.netconn_free      api_msg.o
    0x000043b4   0x000043b4   0x00000040   Code   RO         2995    i.netconn_listen_with_backlog  api_lib.o
    0x000043f4   0x000043f4   0x00000068   Code   RO         2996    i.netconn_new_with_proto_and_callback  api_lib.o
    0x0000445c   0x0000445c   0x00000094   Code   RO         2997    i.netconn_recv      api_lib.o
    0x000044f0   0x000044f0   0x000000c4   Code   RO         2998    i.netconn_recv_data  api_lib.o
    0x000045b4   0x000045b4   0x00000090   Code   RO         3004    i.netconn_write_partly  api_lib.o
    0x00004644   0x00004644   0x0000005c   Code   RO         1917    i.netif_add         netif.o
    0x000046a0   0x000046a0   0x00000002   Code   RO         1919    i.netif_init        netif.o
    0x000046a2   0x000046a2   0x00000020   Code   RO         1921    i.netif_set_addr    netif.o
    0x000046c2   0x000046c2   0x00000002   PAD
    0x000046c4   0x000046c4   0x0000000c   Code   RO         1922    i.netif_set_default  netif.o
    0x000046d0   0x000046d0   0x0000001a   Code   RO         1923    i.netif_set_down    netif.o
    0x000046ea   0x000046ea   0x00000008   Code   RO         1924    i.netif_set_gw      netif.o
    0x000046f2   0x000046f2   0x00000002   PAD
    0x000046f4   0x000046f4   0x00000068   Code   RO         1925    i.netif_set_ipaddr  netif.o
    0x0000475c   0x0000475c   0x00000012   Code   RO         1926    i.netif_set_link_down  netif.o
    0x0000476e   0x0000476e   0x00000038   Code   RO         1927    i.netif_set_link_up  netif.o
    0x000047a6   0x000047a6   0x00000008   Code   RO         1928    i.netif_set_netmask  netif.o
    0x000047ae   0x000047ae   0x00000020   Code   RO         1929    i.netif_set_up      netif.o
    0x000047ce   0x000047ce   0x00000002   PAD
    0x000047d0   0x000047d0   0x0000018c   Code   RO         1750    i.pbuf_alloc        pbuf.o
    0x0000495c   0x0000495c   0x00000058   Code   RO         1751    i.pbuf_alloced_custom  pbuf.o
    0x000049b4   0x000049b4   0x00000040   Code   RO         1752    i.pbuf_cat          pbuf.o
    0x000049f4   0x000049f4   0x00000012   Code   RO         1753    i.pbuf_chain        pbuf.o
    0x00004a06   0x00004a06   0x00000012   Code   RO         1754    i.pbuf_clen         pbuf.o
    0x00004a18   0x00004a18   0x000000b6   Code   RO         1756    i.pbuf_copy         pbuf.o
    0x00004ace   0x00004ace   0x0000006a   Code   RO         1757    i.pbuf_copy_partial  pbuf.o
    0x00004b38   0x00004b38   0x00000074   Code   RO         1760    i.pbuf_free         pbuf.o
    0x00004bac   0x00004bac   0x00000034   Code   RO         1761    i.pbuf_free_ooseq_callback  pbuf.o
    0x00004be0   0x00004be0   0x0000006e   Code   RO         1763    i.pbuf_header       pbuf.o
    0x00004c4e   0x00004c4e   0x00000002   PAD
    0x00004c50   0x00004c50   0x00000040   Code   RO         1766    i.pbuf_pool_is_empty  pbuf.o
    0x00004c90   0x00004c90   0x00000074   Code   RO         1767    i.pbuf_realloc      pbuf.o
    0x00004d04   0x00004d04   0x0000001a   Code   RO         1768    i.pbuf_ref          pbuf.o
    0x00004d1e   0x00004d1e   0x00000002   PAD
    0x00004d20   0x00004d20   0x00000070   Code   RO         2831    i.pcb_new           api_msg.o
    0x00004d90   0x00004d90   0x00000058   Code   RO         2832    i.poll_tcp          api_msg.o
    0x00004de8   0x00004de8   0x00000034   Code   RO          793    i.prvAddCurrentTaskToDelayedList  tasks.o
    0x00004e1c   0x00004e1c   0x00000054   Code   RO          794    i.prvCheckTasksWaitingTermination  tasks.o
    0x00004e70   0x00004e70   0x00000028   Code   RO          582    i.prvCopyDataFromQueue  queue.o
    0x00004e98   0x00004e98   0x00000068   Code   RO          583    i.prvCopyDataToQueue  queue.o
    0x00004f00   0x00004f00   0x0000001c   Code   RO          795    i.prvIdleTask       tasks.o
    0x00004f1c   0x00004f1c   0x00000006   Code   RO          425    i.prvTaskExitError  port.o
    0x00004f22   0x00004f22   0x00000064   Code   RO          584    i.prvUnlockQueue    queue.o
    0x00004f86   0x00004f86   0x0000001e   Code   RO          506    i.pvPortMalloc      heap_3.o
    0x00004fa4   0x00004fa4   0x00000020   Code   RO          426    i.pxPortInitialiseStack  port.o
    0x00004fc4   0x00004fc4   0x00000080   Code   RO         2833    i.recv_tcp          api_msg.o
    0x00005044   0x00005044   0x00000088   Code   RO         2834    i.recv_udp          api_msg.o
    0x000050cc   0x000050cc   0x00000058   Code   RO         2835    i.sent_tcp          api_msg.o
    0x00005124   0x00005124   0x00000044   Code   RO         2836    i.setup_tcp         api_msg.o
    0x00005168   0x00005168   0x00000064   Code   RO         3511    i.smsc_update_phy_sts  board_nxp_lpcxpresso_1769.lib(lpc_phy_smsc87x0.o)
    0x000051cc   0x000051cc   0x0000005c   Code   RO         3141    i.sys_arch_mbox_fetch  sys_arch_freertos.o
    0x00005228   0x00005228   0x0000001e   Code   RO         3142    i.sys_arch_mbox_tryfetch  sys_arch_freertos.o
    0x00005246   0x00005246   0x0000000a   Code   RO         3143    i.sys_arch_protect  sys_arch_freertos.o
    0x00005250   0x00005250   0x0000004e   Code   RO         3144    i.sys_arch_sem_wait  sys_arch_freertos.o
    0x0000529e   0x0000529e   0x00000004   Code   RO         3145    i.sys_arch_unprotect  sys_arch_freertos.o
    0x000052a2   0x000052a2   0x00000002   Code   RO         3147    i.sys_init          sys_arch_freertos.o
    0x000052a4   0x000052a4   0x00000014   Code   RO         3148    i.sys_mbox_free     sys_arch_freertos.o
    0x000052b8   0x000052b8   0x0000001e   Code   RO         3149    i.sys_mbox_new      sys_arch_freertos.o
    0x000052d6   0x000052d6   0x0000001a   Code   RO         3150    i.sys_mbox_post     sys_arch_freertos.o
    0x000052f0   0x000052f0   0x0000001c   Code   RO         3151    i.sys_mbox_trypost  sys_arch_freertos.o
    0x0000530c   0x0000530c   0x0000001a   Code   RO         3153    i.sys_mutex_lock    sys_arch_freertos.o
    0x00005326   0x00005326   0x00000018   Code   RO         3154    i.sys_mutex_new     sys_arch_freertos.o
    0x0000533e   0x0000533e   0x0000000c   Code   RO         3155    i.sys_mutex_unlock  sys_arch_freertos.o
    0x0000534a   0x0000534a   0x00000006   Code   RO         3157    i.sys_sem_free      sys_arch_freertos.o
    0x00005350   0x00005350   0x00000038   Code   RO         3158    i.sys_sem_new       sys_arch_freertos.o
    0x00005388   0x00005388   0x0000000c   Code   RO         3159    i.sys_sem_signal    sys_arch_freertos.o
    0x00005394   0x00005394   0x00000030   Code   RO         3160    i.sys_thread_new    sys_arch_freertos.o
    0x000053c4   0x000053c4   0x00000068   Code   RO         1202    i.sys_timeout       timers.o
    0x0000542c   0x0000542c   0x00000048   Code   RO         1203    i.sys_timeouts_init  timers.o
    0x00005474   0x00005474   0x00000060   Code   RO         1204    i.sys_timeouts_mbox_fetch  timers.o
    0x000054d4   0x000054d4   0x00000048   Code   RO         1205    i.sys_untimeout     timers.o
    0x0000551c   0x0000551c   0x0000009c   Code   RO         1486    i.tcp_abandon       tcp.o
    0x000055b8   0x000055b8   0x00000006   Code   RO         1487    i.tcp_abort         tcp.o
    0x000055be   0x000055be   0x00000004   Code   RO         1488    i.tcp_accept        tcp.o
    0x000055c2   0x000055c2   0x00000006   Code   RO         1489    i.tcp_accept_null   tcp.o
    0x000055c8   0x000055c8   0x00000100   Code   RO         1490    i.tcp_alloc         tcp.o
    0x000056c8   0x000056c8   0x00000004   Code   RO         1491    i.tcp_arg           tcp.o
    0x000056cc   0x000056cc   0x00000088   Code   RO         1492    i.tcp_bind          tcp.o
    0x00005754   0x00005754   0x00000014   Code   RO         1493    i.tcp_close         tcp.o
    0x00005768   0x00005768   0x00000128   Code   RO         1494    i.tcp_close_shutdown  tcp.o
    0x00005890   0x00005890   0x000000b4   Code   RO         1320    i.tcp_create_segment  tcp_out.o
    0x00005944   0x00005944   0x00000020   Code   RO         1497    i.tcp_eff_send_mss  tcp.o
    0x00005964   0x00005964   0x000000ea   Code   RO         1321    i.tcp_enqueue_flags  tcp_out.o
    0x00005a4e   0x00005a4e   0x00000016   Code   RO         1498    i.tcp_err           tcp.o
    0x00005a64   0x00005a64   0x00000060   Code   RO         1499    i.tcp_fasttmr       tcp.o
    0x00005ac4   0x00005ac4   0x00000002   Code   RO         1500    i.tcp_init          tcp.o
    0x00005ac6   0x00005ac6   0x00000002   PAD
    0x00005ac8   0x00005ac8   0x00000380   Code   RO         1433    i.tcp_input         tcp_in.o
    0x00005e48   0x00005e48   0x00000050   Code   RO         1322    i.tcp_keepalive     tcp_out.o
    0x00005e98   0x00005e98   0x000000e4   Code   RO         1434    i.tcp_listen_input  tcp_in.o
    0x00005f7c   0x00005f7c   0x00000090   Code   RO         1501    i.tcp_listen_with_backlog  tcp.o
    0x0000600c   0x0000600c   0x00000006   Code   RO         1502    i.tcp_new           tcp.o
    0x00006012   0x00006012   0x00000002   PAD
    0x00006014   0x00006014   0x0000005c   Code   RO         1503    i.tcp_new_port      tcp.o
    0x00006070   0x00006070   0x00000010   Code   RO         1504    i.tcp_next_iss      tcp.o
    0x00006080   0x00006080   0x00000078   Code   RO         1435    i.tcp_oos_insert_segment  tcp_in.o
    0x000060f8   0x000060f8   0x000001a0   Code   RO         1323    i.tcp_output        tcp_out.o
    0x00006298   0x00006298   0x00000078   Code   RO         1324    i.tcp_output_alloc_header  tcp_out.o
    0x00006310   0x00006310   0x00000108   Code   RO         1325    i.tcp_output_segment  tcp_out.o
    0x00006418   0x00006418   0x00000080   Code   RO         1436    i.tcp_parseopt      tcp_in.o
    0x00006498   0x00006498   0x0000005c   Code   RO         1326    i.tcp_pbuf_prealloc  tcp_out.o
    0x000064f4   0x000064f4   0x00000042   Code   RO         1505    i.tcp_pcb_purge     tcp.o
    0x00006536   0x00006536   0x00000002   PAD
    0x00006538   0x00006538   0x00000074   Code   RO         1506    i.tcp_pcb_remove    tcp.o
    0x000065ac   0x000065ac   0x0000001c   Code   RO         1507    i.tcp_poll          tcp.o
    0x000065c8   0x000065c8   0x00000354   Code   RO         1437    i.tcp_process       tcp_in.o
    0x0000691c   0x0000691c   0x0000006a   Code   RO         1508    i.tcp_process_refused_data  tcp.o
    0x00006986   0x00006986   0x00000002   PAD
    0x00006988   0x00006988   0x000007cc   Code   RO         1438    i.tcp_receive       tcp_in.o
    0x00007154   0x00007154   0x00000016   Code   RO         1509    i.tcp_recv          tcp.o
    0x0000716a   0x0000716a   0x00000024   Code   RO         1510    i.tcp_recv_null     tcp.o
    0x0000718e   0x0000718e   0x00000054   Code   RO         1511    i.tcp_recved        tcp.o
    0x000071e2   0x000071e2   0x00000052   Code   RO         1327    i.tcp_rexmit        tcp_out.o
    0x00007234   0x00007234   0x00000058   Code   RO         1328    i.tcp_rexmit_fast   tcp_out.o
    0x0000728c   0x0000728c   0x0000002e   Code   RO         1329    i.tcp_rexmit_rto    tcp_out.o
    0x000072ba   0x000072ba   0x00000092   Code   RO         1330    i.tcp_rst           tcp_out.o
    0x0000734c   0x0000734c   0x0000001e   Code   RO         1331    i.tcp_seg_add_chksum  tcp_out.o
    0x0000736a   0x0000736a   0x00000002   PAD
    0x0000736c   0x0000736c   0x0000002c   Code   RO         1512    i.tcp_seg_copy      tcp.o
    0x00007398   0x00007398   0x0000001a   Code   RO         1513    i.tcp_seg_free      tcp.o
    0x000073b2   0x000073b2   0x00000012   Code   RO         1514    i.tcp_segs_free     tcp.o
    0x000073c4   0x000073c4   0x0000005c   Code   RO         1332    i.tcp_send_empty_ack  tcp_out.o
    0x00007420   0x00007420   0x00000044   Code   RO         1333    i.tcp_send_fin      tcp_out.o
    0x00007464   0x00007464   0x00000014   Code   RO         1515    i.tcp_sent          tcp.o
    0x00007478   0x00007478   0x0000004e   Code   RO         1517    i.tcp_shutdown      tcp.o
    0x000074c6   0x000074c6   0x00000002   PAD
    0x000074c8   0x000074c8   0x000002c8   Code   RO         1518    i.tcp_slowtmr       tcp.o
    0x00007790   0x00007790   0x00000034   Code   RO         1206    i.tcp_timer_needed  timers.o
    0x000077c4   0x000077c4   0x0000006c   Code   RO         1439    i.tcp_timewait_input  tcp_in.o
    0x00007830   0x00007830   0x00000020   Code   RO         1519    i.tcp_tmr           tcp.o
    0x00007850   0x00007850   0x00000042   Code   RO         1520    i.tcp_update_rcv_ann_wnd  tcp.o
    0x00007892   0x00007892   0x000003fa   Code   RO         1334    i.tcp_write         tcp_out.o
    0x00007c8c   0x00007c8c   0x00000058   Code   RO         1335    i.tcp_write_checks  tcp_out.o
    0x00007ce4   0x00007ce4   0x000000a0   Code   RO         1336    i.tcp_zero_window_probe  tcp_out.o
    0x00007d84   0x00007d84   0x00000028   Code   RO            3    i.tcpecho_init      tcpecho.o
    0x00007dac   0x00007dac   0x00000072   Code   RO            4    i.tcpecho_thread    tcpecho.o
    0x00007e1e   0x00007e1e   0x00000002   PAD
    0x00007e20   0x00007e20   0x0000003c   Code   RO         2687    i.tcpip_apimsg      tcpip.o
    0x00007e5c   0x00007e5c   0x00000064   Code   RO         2688    i.tcpip_callback_with_block  tcpip.o
    0x00007ec0   0x00007ec0   0x0000004c   Code   RO         2691    i.tcpip_init        tcpip.o
    0x00007f0c   0x00007f0c   0x00000006   Code   RO          246    i.tcpip_init_done_signal  lwip_tcpecho_freertos.o
    0x00007f12   0x00007f12   0x00000002   PAD
    0x00007f14   0x00007f14   0x00000050   Code   RO         2692    i.tcpip_input       tcpip.o
    0x00007f64   0x00007f64   0x00000038   Code   RO         1207    i.tcpip_tcp_timer   timers.o
    0x00007f9c   0x00007f9c   0x00000080   Code   RO         2693    i.tcpip_thread      tcpip.o
    0x0000801c   0x0000801c   0x000000b0   Code   RO         1071    i.udp_bind          udp.o
    0x000080cc   0x000080cc   0x0000004c   Code   RO         1072    i.udp_connect       udp.o
    0x00008118   0x00008118   0x00000002   Code   RO         1074    i.udp_init          udp.o
    0x0000811a   0x0000811a   0x00000002   PAD
    0x0000811c   0x0000811c   0x000001ac   Code   RO         1075    i.udp_input         udp.o
    0x000082c8   0x000082c8   0x00000020   Code   RO         1076    i.udp_new           udp.o
    0x000082e8   0x000082e8   0x00000006   Code   RO         1077    i.udp_recv          udp.o
    0x000082ee   0x000082ee   0x00000002   PAD
    0x000082f0   0x000082f0   0x00000028   Code   RO         1078    i.udp_remove        udp.o
    0x00008318   0x00008318   0x00000012   Code   RO         1083    i.udp_sendto_if     udp.o
    0x0000832a   0x0000832a   0x00000120   Code   RO         1084    i.udp_sendto_if_chksum  udp.o
    0x0000844a   0x0000844a   0x00000024   Code   RO          749    i.uxListRemove      list.o
    0x0000846e   0x0000846e   0x00000012   Code   RO          587    i.uxQueueMessagesWaiting  queue.o
    0x00008480   0x00008480   0x00000004   Code   RO         1027    i.vApplicationIdleHook  freertoscommonhooks.o
    0x00008484   0x00008484   0x00000034   Code   RO         1028    i.vApplicationMallocFailedHook  freertoscommonhooks.o
    0x000084b8   0x000084b8   0x0000003c   Code   RO         1029    i.vApplicationStackOverflowHook  freertoscommonhooks.o
    0x000084f4   0x000084f4   0x00000016   Code   RO          750    i.vListInitialise   list.o
    0x0000850a   0x0000850a   0x00000006   Code   RO          751    i.vListInitialiseItem  list.o
    0x00008510   0x00008510   0x00000030   Code   RO          752    i.vListInsert       list.o
    0x00008540   0x00008540   0x00000018   Code   RO          753    i.vListInsertEnd    list.o
    0x00008558   0x00008558   0x00000026   Code   RO         3325    i.vPacketReceiveTask  lpc17xx_40xx_emac.o
    0x0000857e   0x0000857e   0x00000002   PAD
    0x00008580   0x00008580   0x0000001c   Code   RO          428    i.vPortEnterCritical  port.o
    0x0000859c   0x0000859c   0x00000014   Code   RO          429    i.vPortExitCritical  port.o
    0x000085b0   0x000085b0   0x0000001a   Code   RO          507    i.vPortFree         heap_3.o
    0x000085ca   0x000085ca   0x00000002   PAD
    0x000085cc   0x000085cc   0x00000020   Code   RO          430    i.vPortSetupTimerInterrupt  port.o
    0x000085ec   0x000085ec   0x00000018   Code   RO          431    i.vPortYield        port.o
    0x00008604   0x00008604   0x00000018   Code   RO          591    i.vQueueDelete      queue.o
    0x0000861c   0x0000861c   0x00000024   Code   RO          593    i.vQueueUnregisterQueue  queue.o
    0x00008640   0x00008640   0x000001a4   Code   RO          247    i.vSetupIFTask      lwip_tcpecho_freertos.o
    0x000087e4   0x000087e4   0x00000034   Code   RO          803    i.vTaskDelay        tasks.o
    0x00008818   0x00008818   0x0000000c   Code   RO          807    i.vTaskMissedYield  tasks.o
    0x00008824   0x00008824   0x0000003c   Code   RO          808    i.vTaskPlaceOnEventList  tasks.o
    0x00008860   0x00008860   0x00000048   Code   RO          809    i.vTaskPriorityDisinherit  tasks.o
    0x000088a8   0x000088a8   0x00000064   Code   RO          810    i.vTaskPriorityInherit  tasks.o
    0x0000890c   0x0000890c   0x00000010   Code   RO          814    i.vTaskSetTimeOutState  tasks.o
    0x0000891c   0x0000891c   0x00000044   Code   RO          815    i.vTaskStartScheduler  tasks.o
    0x00008960   0x00008960   0x00000010   Code   RO          817    i.vTaskSuspendAll   tasks.o
    0x00008970   0x00008970   0x00000068   Code   RO          818    i.vTaskSwitchContext  tasks.o
    0x000089d8   0x000089d8   0x0000006c   Code   RO         3326    i.vTransmitCleanupTask  lpc17xx_40xx_emac.o
    0x00008a44   0x00008a44   0x00000030   Code   RO          432    i.xPortStartScheduler  port.o
    0x00008a74   0x00008a74   0x00000014   Code   RO          594    i.xQueueCreateCountingSemaphore  queue.o
    0x00008a88   0x00008a88   0x0000004a   Code   RO          595    i.xQueueCreateMutex  queue.o
    0x00008ad2   0x00008ad2   0x00000048   Code   RO          596    i.xQueueGenericCreate  queue.o
    0x00008b1a   0x00008b1a   0x00000102   Code   RO          597    i.xQueueGenericReceive  queue.o
    0x00008c1c   0x00008c1c   0x00000060   Code   RO          598    i.xQueueGenericReset  queue.o
    0x00008c7c   0x00008c7c   0x000000d6   Code   RO          599    i.xQueueGenericSend  queue.o
    0x00008d52   0x00008d52   0x00000062   Code   RO          600    i.xQueueGenericSendFromISR  queue.o
    0x00008db4   0x00008db4   0x00000048   Code   RO          819    i.xTaskCheckForTimeOut  tasks.o
    0x00008dfc   0x00008dfc   0x00000168   Code   RO          820    i.xTaskGenericCreate  tasks.o
    0x00008f64   0x00008f64   0x0000000c   Code   RO          821    i.xTaskGetCurrentTaskHandle  tasks.o
    0x00008f70   0x00008f70   0x00000018   Code   RO          822    i.xTaskGetTickCount  tasks.o
    0x00008f88   0x00008f88   0x000000c4   Code   RO          824    i.xTaskIncrementTick  tasks.o
    0x0000904c   0x0000904c   0x0000005c   Code   RO          826    i.xTaskRemoveFromEventList  tasks.o
    0x000090a8   0x000090a8   0x0000009c   Code   RO          827    i.xTaskResumeAll    tasks.o
    0x00009144   0x00009144   0x00000054   Data   RO         1521    .constdata          tcp.o
    0x00009198   0x00009198   0x0000001a   Data   RO         2019    .constdata          memp.o
    0x000091b2   0x000091b2   0x00000002   PAD
    0x000091b4   0x000091b4   0x00000004   Data   RO         2392    .constdata          ip_addr.o
    0x000091b8   0x000091b8   0x00000004   Data   RO         2393    .constdata          ip_addr.o
    0x000091bc   0x000091bc   0x0000000c   Data   RO         2598    .constdata          etharp.o
    0x000091c8   0x000091c8   0x00000004   Data   RO         3710    .constdata          board_nxp_lpcxpresso_1769.lib(board.o)
    0x000091cc   0x000091cc   0x00000004   Data   RO         3711    .constdata          board_nxp_lpcxpresso_1769.lib(board.o)
    0x000091d0   0x000091d0   0x0000005c   Data   RO         3919    .constdata          board_nxp_lpcxpresso_1769.lib(board_sysinit.o)
    0x0000922c   0x0000922c   0x0000000f   Data   RO         3970    .constdata          chip_175x_6x_lib.lib(enet_17xx_40xx.o)
    0x0000923b   0x0000923b   0x00000001   PAD
    0x0000923c   0x0000923c   0x00000075   Data   RO         1522    .conststring        tcp.o
    0x000092b1   0x000092b1   0x00000003   PAD
    0x000092b4   0x000092b4   0x00000030   Data   RO         5013    Region$$Table       anon$$obj.o


    Execution Region RW_IRAM1 (Exec base: 0x10000000, Load base: 0x000092e4, Size: 0x00006000, Max: 0x00008000, ABSOLUTE)

    Exec Addr    Load Addr    Size         Type   Attr      Idx    E Section Name        Object

    0x10000000        -       0x00006000   Zero   RW          415    HEAP                keil_startup_lpc17xx_40xx.o


    Execution Region RW_IRAM2 (Exec base: 0x2007c000, Load base: 0x000092e4, Size: 0x00001478, Max: 0x00008000, ABSOLUTE)

    Exec Addr    Load Addr    Size         Type   Attr      Idx    E Section Name        Object

    0x2007c000   0x000092e4   0x00000004   Data   RW          249    .data               lwip_tcpecho_freertos.o
    0x2007c004   0x000092e8   0x00000004   Data   RW          433    .data               port.o
    0x2007c008   0x000092ec   0x00000038   Data   RW          830    .data               tasks.o
    0x2007c040   0x00009324   0x00000008   Data   RW         1085    .data               udp.o
    0x2007c048   0x0000932c   0x00000008   Data   RW         1208    .data               timers.o
    0x2007c050   0x00009334   0x0000001c   Data   RW         1441    .data               tcp_in.o
    0x2007c06c   0x00009350   0x00000024   Data   RW         1523    .data               tcp.o
    0x2007c090   0x00009374   0x00000001   Data   RW         1771    .data               pbuf.o
    0x2007c091   0x00009375   0x00000003   PAD
    0x2007c094   0x00009378   0x0000000c   Data   RW         1930    .data               netif.o
    0x2007c0a0   0x00009384   0x00000004   Data   RW         2138    .data               dhcp.o
    0x2007c0a4   0x00009388   0x00000008   Data   RW         2332    .data               ip_frag.o
    0x2007c0ac   0x00009390   0x00000014   Data   RW         2443    .data               ip.o
    0x2007c0c0   0x000093a4   0x00000001   Data   RW         2599    .data               etharp.o
    0x2007c0c1   0x000093a5   0x00000003   PAD
    0x2007c0c4   0x000093a8   0x0000000c   Data   RW         2697    .data               tcpip.o
    0x2007c0d0   0x000093b4   0x00000014   Data   RW         3512    .data               board_nxp_lpcxpresso_1769.lib(lpc_phy_smsc87x0.o)
    0x2007c0e4   0x000093c8   0x00000004   Data   RW         3713    .data               board_nxp_lpcxpresso_1769.lib(board.o)
    0x2007c0e8   0x000093cc   0x00000004   Data   RW         3971    .data               chip_175x_6x_lib.lib(enet_17xx_40xx.o)
    0x2007c0ec   0x000093d0   0x00000004   Data   RW         4171    .data               chip_175x_6x_lib.lib(chip_17xx_40xx.o)
    0x2007c0f0        -       0x00000048   Zero   RW          248    .bss                lwip_tcpecho_freertos.o
    0x2007c138        -       0x00000050   Zero   RW          607    .bss                queue.o
    0x2007c188        -       0x000000c8   Zero   RW          829    .bss                tasks.o
    0x2007c250        -       0x00000014   Zero   RW         1440    .bss                tcp_in.o
    0x2007c264        -       0x00000032   Zero   RW         2137    .bss                dhcp.o
    0x2007c296   0x000093d4   0x00000002   PAD
    0x2007c298        -       0x000000c8   Zero   RW         2597    .bss                etharp.o
    0x2007c360        -       0x000000b4   Zero   RW         3327    .bss                lpc17xx_40xx_emac.o
    0x2007c414        -       0x00000060   Zero   RW         4886    .bss                c_w.l(libspace.o)
    0x2007c474   0x000093d4   0x00000004   PAD
    0x2007c478        -       0x00001000   Zero   RW          414    STACK               keil_startup_lpc17xx_40xx.o


==============================================================================

Image component sizes


      Code (inc. data)   RO Data    RW Data    ZI Data      Debug   Object Name

       934         40          0          0          0      18698   api_lib.o
      2566         52          0          0          0      27886   api_msg.o
        16          0          0          0          0       2824   def.o
      3686         80          0          4         50      30322   dhcp.o
      1872         60         12          1        200      17867   etharp.o
       116         88          0          0          0       1870   freertoscommonhooks.o
        56          0          0          0          0       1439   heap_3.o
       406          8          0          0          0       3938   icmp.o
       466          0          0          0          0       5902   inet_chksum.o
        26          0          0          0          0        584   init.o
       742         24          0         20          0      14623   ip.o
       166          0          8          0          0       8970   ip_addr.o
      1476         40          0          8          0      11500   ip_frag.o
        68         28        204          0      28672        992   keil_startup_lpc17xx_40xx.o
       136          0          0          0          0       3830   list.o
      1588         90          0          0        180      27123   lpc17xx_40xx_emac.o
         2          0          0          0          0        538   lpc_debug.o
       508        136          0          4         72      60113   lwip_tcpecho_freertos.o
         0          0         26          0          0       2568   memp.o
       112          0          0          0          0       3936   netbuf.o
       390         18          0         12          0      15028   netif.o
      1356         26          0          1          0      22282   pbuf.o
       364         52          0          4          0       8345   port.o
      1154          6          0          0         80      13662   queue.o
       504          0          0          0          0      13079   sys_arch_freertos.o
        20         10          0          0          0        533   sysinit.o
      1576        136          0         56        200      18932   tasks.o
      2748        110        201         36          0      37931   tcp.o
      4328        136          0         28         20      19023   tcp_in.o
      3204         14          0          0          0      23818   tcp_out.o
       154         20          0          0          0      34099   tcpecho.o
       444         64          0         12          0      15001   tcpip.o
       564         94          0          8          0      17748   timers.o
      1066         32          0          8          0      21111   udp.o

    ----------------------------------------------------------------------
     32882       1364        504        208      29476     506115   Object Totals
         0          0         48          0          0          0   (incl. Generated)
        68          0          5          6          2          0   (incl. Padding)

    ----------------------------------------------------------------------

      Code (inc. data)   RO Data    RW Data    ZI Data      Debug   Library Member Name

       260         32          8          4          0      19901   board.o
        62         16         92          0          0       4203   board_sysinit.o
       412         24          0         20          0      20491   lpc_phy_smsc87x0.o
         8          0          0          0          0         68   __main.o
       104          0          0          0          0         84   __printf.o
         0          0          0          0          0          0   __rtentry.o
        12          0          0          0          0          0   __rtentry2.o
         6          0          0          0          0          0   __rtentry4.o
        52          8          0          0          0          0   __scatter.o
        26          0          0          0          0          0   __scatter_copy.o
        28          0          0          0          0          0   __scatter_zi.o
        44          0          0          0          0        108   _printf_char.o
        48          6          0          0          0         96   _printf_char_common.o
        36          4          0          0          0         80   _printf_char_file.o
         6          0          0          0          0          0   _printf_d.o
       120         16          0          0          0         92   _printf_dec.o
       178          0          0          0          0         88   _printf_intcommon.o
         0          0          0          0          0          0   _printf_percent.o
         4          0          0          0          0          0   _printf_percent_end.o
         6          0          0          0          0          0   _printf_s.o
        82          0          0          0          0         80   _printf_str.o
        16          0          0          0          0         68   aeabi_memset.o
        10          0          0          0          0         68   defsig_exit.o
        50          0          0          0          0         88   defsig_general.o
        80         58          0          0          0         76   defsig_rtmem_inner.o
        14          0          0          0          0         80   defsig_rtmem_outer.o
        18          0          0          0          0         80   exit.o
        94          0          0          0          0         80   h1_alloc.o
        52          0          0          0          0         68   h1_extend.o
        78          0          0          0          0         80   h1_free.o
        14          0          0          0          0         84   h1_init.o
         6          0          0          0          0        152   heapauxi.o
         4          0          0          0          0        136   hguard.o
         0          0          0          0          0          0   indicate_semi.o
       138          0          0          0          0        168   init_alloc.o
         2          0          0          0          0          0   libinit.o
        10          0          0          0          0          0   libinit2.o
         2          0          0          0          0          0   libshutdown.o
         2          0          0          0          0          0   libshutdown2.o
         8          4          0          0         96         68   libspace.o
         0          0          0          0          0          0   maybetermalloc1.o
        88          0          0          0          0         76   memcmp.o
        24          4          0          0          0         84   noretval__2printf.o
         8          4          0          0          0         68   rt_heap_descriptor_intlibspace.o
        68          0          0          0          0         68   rt_memclr.o
        78          0          0          0          0         80   rt_memclr_w.o
       138          0          0          0          0         68   rt_memcpy_v6.o
       100          0          0          0          0         80   rt_memcpy_w.o
         2          0          0          0          0          0   rtexit.o
        10          0          0          0          0          0   rtexit2.o
        62          0          0          0          0         76   strlen.o
        74          0          0          0          0         80   sys_stackheap_outer.o
        14          0          0          0          0         76   sys_wrch.o
         2          0          0          0          0         68   use_no_semi.o
        16          4          0          4          0        726   chip_17xx_40xx.o
       428         68          0          0          0      12511   clock_17xx_40xx.o
       418         18         15          4          0      26255   enet_17xx_40xx.o
         0          0          0          0          0       4124   i2s_17xx_40xx.o
       106          0          0          0          0       2325   iocon_17xx_40xx.o
       140          4          0          0          0       4957   sysinit_17xx_40xx.o
       216         32          0          0          0      10904   uart_17xx_40xx.o

    ----------------------------------------------------------------------
      4102        302        116         32        100     109213   Library Totals
        18          0          1          0          4          0   (incl. Padding)

    ----------------------------------------------------------------------

      Code (inc. data)   RO Data    RW Data    ZI Data      Debug   Library Name

       734         72        100         24          0      44595   board_nxp_lpcxpresso_1769.lib
      2026        104          0          0         96       2816   c_w.l
      1324        126         15          8          0      61802   chip_175x_6x_lib.lib

    ----------------------------------------------------------------------
      4102        302        116         32        100     109213   Library Totals

    ----------------------------------------------------------------------

==============================================================================


      Code (inc. data)   RO Data    RW Data    ZI Data      Debug   

     36984       1666        620        240      29576     595564   Grand Totals
     36984       1666        620        240      29576     595564   ELF Image Totals
     36984       1666        620        240          0          0   ROM Totals

==============================================================================

    Total RO  Size (Code + RO Data)                37604 (  36.72kB)
    Total RW  Size (RW Data + ZI Data)             29816 (  29.12kB)
    Total ROM Size (Code + RO Data + RW Data)      37844 (  36.96kB)

==============================================================================

